 trackgen

 Timestamp is 58a5b35c (Thu Feb 16 17:12:44 2017)

 Preferred load address is 00400000

 Start         Length     Name                   Class
 0001:00000000 0006d644H .text                   CODE
 0001:0006d650 00001854H .text$x                 CODE
 0001:0006eeb0 0000070aH .text$yc                CODE
 0001:0006f5c0 000000ceH .text$yd                CODE
 0002:00000000 000002d8H .idata$5                DATA
 0002:000002d8 00000004H .CRT$XCA                DATA
 0002:000002dc 00000044H .CRT$XCU                DATA
 0002:00000320 00000004H .CRT$XCZ                DATA
 0002:00000324 00000004H .CRT$XIA                DATA
 0002:00000328 00000014H .CRT$XIC                DATA
 0002:0000033c 00000004H .CRT$XIY                DATA
 0002:00000340 00000004H .CRT$XIZ                DATA
 0002:00000344 00000004H .CRT$XPA                DATA
 0002:00000348 00000004H .CRT$XPX                DATA
 0002:0000034c 00000004H .CRT$XPXA               DATA
 0002:00000350 00000004H .CRT$XPZ                DATA
 0002:00000354 00000004H .CRT$XTA                DATA
 0002:00000358 00000004H .CRT$XTZ                DATA
 0002:00000360 000121a8H .rdata                  DATA
 0002:00012508 00000fe8H .rdata$r                DATA
 0002:000134f0 000001a0H .rdata$sxdata           DATA
 0002:00013690 00000004H .rtc$IAA                DATA
 0002:00013694 00000004H .rtc$IZZ                DATA
 0002:00013698 00000004H .rtc$TAA                DATA
 0002:0001369c 00000004H .rtc$TZZ                DATA
 0002:000136a0 000022d4H .xdata$x                DATA
 0002:00015974 0000008cH .idata$2                DATA
 0002:00015a00 00000014H .idata$3                DATA
 0002:00015a14 000002d8H .idata$4                DATA
 0002:00015cec 00000c74H .idata$6                DATA
 0002:00016960 00000000H .edata                  DATA
 0003:00000000 00003c50H .data                   DATA
 0003:00003c60 0090abc4H .bss                    DATA

  Address         Publics by Value              Rva+Base       Lib:Object

 0000:00000000       __except_list              00000000     <absolute>
 0000:00000068       ___safe_se_handler_count   00000068     <absolute>
 0000:00000000       ___ImageBase               00400000     <linker-defined>
 0001:00000000       ??1ssgLoaderWriterMesh@@QAE@XZ 00401000 f   ssg_vs2008_32:ssgLoaderWriterStuff.obj
 0001:00000010       ?Ac3dOpen@@YAPAU_iobuf@@PADH@Z 00401010 f   ac3d.obj
 0001:00000070       ?Ac3dGroup@@YAHPAU_iobuf@@PBDH@Z 00401070 f   ac3d.obj
 0001:000000b0       ?Ac3dClose@@YAXPAU_iobuf@@@Z 004010b0 f   ac3d.obj
 0001:000000c0       ?area@@YANPAUnod@@00@Z     004010c0 f   easymesh.obj
 0001:000000f0       ?dist@@YANPAUnod@@0@Z      004010f0 f   easymesh.obj
 0001:00000110       ?in_elem@@YAHPAUnod@@@Z    00401110 f   easymesh.obj
 0001:000001e0       ?circles@@YAXH@Z           004011e0 f   easymesh.obj
 0001:000003f0       ?spacing@@YAXHH@Z          004013f0 f   easymesh.obj
 0001:000004d0       ?swap_side@@YAXH@Z         004014d0 f   easymesh.obj
 0001:00000940       ?erase@@YAXXZ              00401940 f   easymesh.obj
 0001:00000b30       ?diamond@@YAXXZ            00401b30 f   easymesh.obj
 0001:00000c90       ?classify@@YAXXZ           00401c90 f   easymesh.obj
 0001:00000ee0       ?neighbours@@YAXXZ         00401ee0 f   easymesh.obj
 0001:00000f40       ?materials@@YAXXZ          00401f40 f   easymesh.obj
 0001:000010a0       ?relax@@YAXXZ              004020a0 f   easymesh.obj
 0001:000011c0       ?smooth@@YAHXZ             004021c0 f   easymesh.obj
 0001:00001540       ?renum@@YAXXZ              00402540 f   easymesh.obj
 0001:000020e0       ?bowyer@@YAXHH@Z           004030e0 f   easymesh.obj
 0001:000021a0       ?insert_node@@YAHNNNHHHHHH@Z 004031a0 f   easymesh.obj
 0001:000026c0       ?new_node@@YAXXZ           004036c0 f   easymesh.obj
 0001:000029b0       ?load@@YAHXZ               004039b0 f   easymesh.obj
 0001:00004d70       ?GenerateTerrain@@YAXPAUtTrack@@PAXPADPAU_iobuf@@H@Z 00405d70 f   easymesh.obj
 0001:000050a0       ??0ssgSimpleList@@QAE@HHPAD@Z 004060a0 f i elevation.obj
 0001:00005140       ??1ssgSimpleList@@UAE@XZ   00406140 f i elevation.obj
 0001:000051b0       ??0ssgTextureArray@@QAE@H@Z 004061b0 f i elevation.obj
 0001:00005230       ??0ssgSimpleStateArray@@QAE@H@Z 00406230 f i elevation.obj
 0001:000052b0       ??0ssgLoaderOptions@@QAE@XZ 004062b0 f i elevation.obj
 0001:00005310       ??1ssgLoaderOptions@@UAE@XZ 00406310 f i elevation.obj
 0001:000053a0       ?createBranch@ssgLoaderOptions@@UBEPAVssgBranch@@PAD@Z 004063a0 f i elevation.obj
 0001:000053c0       ?createState@ssgLoaderOptions@@UBEPAVssgState@@PAD@Z 004063c0 f i elevation.obj
 0001:000053e0       ?createSimpleState@ssgLoaderOptions@@UBEPAVssgSimpleState@@PAD@Z 004063e0 f i elevation.obj
 0001:00005410       ?endLoad@ssgLoaderOptions@@UAEXXZ 00406410 f i elevation.obj
 0001:00005430       ??_GssgLoaderOptions@@UAEPAXI@Z 00406430 f i elevation.obj
 0001:00005430       ??_GssgLoaderOptionsEx@@UAEPAXI@Z 00406430 f i elevation.obj
 0001:00005430       ??_EssgLoaderOptions@@UAEPAXI@Z 00406430 f i elevation.obj
 0001:00005430       ??_GmyLoaderOptions@@UAEPAXI@Z 00406430 f i objects.obj
 0001:00005430       ??_EssgLoaderOptionsEx@@UAEPAXI@Z 00406430 f i elevation.obj
 0001:00005430       ??_EmyLoaderOptions@@UAEPAXI@Z 00406430 f i objects.obj
 0001:00005450       ?makeModelPath@myLoaderOptions@@UBEXPADPBD@Z 00406450 f i objects.obj
 0001:00005450       ?makeModelPath@ssgLoaderOptionsEx@@UBEXPADPBD@Z 00406450 f i elevation.obj
 0001:00005470       ?LoadElevation@@YAXPAUtTrack@@PAXPAD@Z 00406470 f   elevation.obj
 0001:000055e0       ?GetElevation@@YAMMMM@Z    004065e0 f   elevation.obj
 0001:00005650       ?SaveElevation@@YAXPAUtTrack@@PAXPAD2H@Z 00406650 f   elevation.obj
 0001:00005b70       ??_EssgIndexArray@@UAEPAXI@Z 00406b70 f i ssg_vs2008_32:ssgSimpleList.obj
 0001:00005b70       ??_GssgSimpleList@@UAEPAXI@Z 00406b70 f i elevation.obj
 0001:00005b70       ??_EssgTransformArray@@UAEPAXI@Z 00406b70 f i ssg_vs2008_32:ssg.obj
 0001:00005b70       ??_GssgSimpleStateArray@@UAEPAXI@Z 00406b70 f i elevation.obj
 0001:00005b70       ??_GssgTexCoordArray@@UAEPAXI@Z 00406b70 f i ssg_vs2008_32:ssgSimpleList.obj
 0001:00005b70       ??_EssgTextureArray@@UAEPAXI@Z 00406b70 f i elevation.obj
 0001:00005b70       ??_GssgInterleavedArray@@UAEPAXI@Z 00406b70 f i ssg_vs2008_32:ssg.obj
 0001:00005b70       ??_EssgListOfNodes@@UAEPAXI@Z 00406b70 f i ssg_vs2008_32:ssgLoadIV.obj
 0001:00005b70       ??_EssgListOfLists@@UAEPAXI@Z 00406b70 f i ssg_vs2008_32:ssgLoaderWriterStuff.obj
 0001:00005b70       ??_EssgVertexArray@@UAEPAXI@Z 00406b70 f i ssg_vs2008_32:ssgSimpleList.obj
 0001:00005b70       ??_GssgColourArray@@UAEPAXI@Z 00406b70 f i ssg_vs2008_32:ssgSimpleList.obj
 0001:00005b70       ??_EssgInterleavedArray@@UAEPAXI@Z 00406b70 f i ssg_vs2008_32:ssg.obj
 0001:00005b70       ??_EssgSimpleList@@UAEPAXI@Z 00406b70 f i elevation.obj
 0001:00005b70       ??_GdxfVertArray@@UAEPAXI@Z 00406b70 f i ssg_vs2008_32:ssgLoadDXF.obj
 0001:00005b70       ??_GssgTransformArray@@UAEPAXI@Z 00406b70 f i ssg_vs2008_32:ssg.obj
 0001:00005b70       ??_EssgColourArray@@UAEPAXI@Z 00406b70 f i ssg_vs2008_32:ssgSimpleList.obj
 0001:00005b70       ??_EssgNormalArray@@UAEPAXI@Z 00406b70 f i ssg_vs2008_32:ssgSimpleList.obj
 0001:00005b70       ??_EdxfVertArray@@UAEPAXI@Z 00406b70 f i ssg_vs2008_32:ssgLoadDXF.obj
 0001:00005b70       ??_EssgSimpleStateList@@UAEPAXI@Z 00406b70 f i ssg_vs2008_32:ssgLoadX.obj
 0001:00005b70       ??_EssgTexCoordArray@@UAEPAXI@Z 00406b70 f i ssg_vs2008_32:ssgSimpleList.obj
 0001:00005b70       ??_GssgNormalArray@@UAEPAXI@Z 00406b70 f i ssg_vs2008_32:ssgSimpleList.obj
 0001:00005b70       ??_GssgListOfLists@@UAEPAXI@Z 00406b70 f i ssg_vs2008_32:ssgLoaderWriterStuff.obj
 0001:00005b70       ??_EssgSimpleStateArray@@UAEPAXI@Z 00406b70 f i elevation.obj
 0001:00005b70       ??_GssgTextureArray@@UAEPAXI@Z 00406b70 f i elevation.obj
 0001:00005b70       ??_GssgSimpleStateList@@UAEPAXI@Z 00406b70 f i ssg_vs2008_32:ssgLoadX.obj
 0001:00005b70       ??_GssgVertexArray@@UAEPAXI@Z 00406b70 f i ssg_vs2008_32:ssgSimpleList.obj
 0001:00005b70       ??_GssgListOfNodes@@UAEPAXI@Z 00406b70 f i ssg_vs2008_32:ssgLoadIV.obj
 0001:00005b70       ??_GssgIndexArray@@UAEPAXI@Z 00406b70 f i ssg_vs2008_32:ssgSimpleList.obj
 0001:00005b90       ?usage@@YAXXZ              00406b90 f   maintrackgen.obj
 0001:00005d50       ?init_args@@YAXHPAPAD@Z    00406d50 f   maintrackgen.obj
 0001:000065f0       _main                      004075f0 f   maintrackgen.obj
 0001:00006630       ?sgMakeRotMat4@@YAXQAY03MMMM@Z 00407630 f i objects.obj
 0001:00006670       ?getKid@ssgBranch@@QAEPAVssgEntity@@H@Z 00407670 f i objects.obj
 0001:00006690       ?GetObjectsNb@@YAHPAX@Z    00407690 f   objects.obj
 0001:00006740       ?makeTexturePath@myLoaderOptions@@UBEXPADPBD@Z 00407740 f i objects.obj
 0001:00006740       ?makeTexturePath@ssgLoaderOptionsEx@@UBEXPADPBD@Z 00407740 f i elevation.obj
 0001:00006760       ??1ssgLoaderOptionsEx@@UAE@XZ 00407760 f i elevation.obj
 0001:00006760       ??1myLoaderOptions@@UAE@XZ 00407760 f i objects.obj
 0001:00007390       ?GenerateObjects@@YAXPAUtTrack@@PAX1PAU_iobuf@@PAD@Z 00408390 f   objects.obj
 0001:00007800       ?getTexureOffset@@YANN@Z   00408800 f   raceline.obj
 0001:00008170       ?generateRaceLine@@YAXPAUtTrack@@NN@Z 00409170 f   raceline.obj
 0001:000082a0       ?LoadRelief@@YAXPAXPAD@Z   004092a0 f   relief.obj
 0001:000083f0       ?CountRelief@@YAXHPAH0@Z   004093f0 f   relief.obj
 0001:00008670       ?GenRelief@@YAXH@Z         00409670 f   relief.obj
 0001:00008880       ?newTextureId@@YAIXZ       00409880 f   track.obj
 0001:00008890       ?setTexture@@YAXPAPAUtexElt@@0AAIPBD22@Z 00409890 f   track.obj
 0001:00008a00       ?newDispList@@YAXHHHAAHPBDHPAPAUdispElt@@PAUtexElt@@@Z 00409a00 f   track.obj
 0001:00008b10       ?checkDispList@@YAXPAUtTrack@@PAXPBD2HMHHPAPAUtexElt@@3PAPAUdispElt@@AAI5AAH66AAM7@Z 00409b10 f   track.obj
 0001:00008df0       ?checkDispList2@@YAXPBD0HHHPAPAUtexElt@@1PAPAUdispElt@@AAI3AAH@Z 00409df0 f   track.obj
 0001:00008ea0       ?checkDispList3@@YAXPBD0HHHPAPAUtexElt@@1PAPAUdispElt@@AAI3AAH@Z 00409ea0 f   track.obj
 0001:00008f10       ?setPoint@@YAXPAUtexElt@@MMMMMAAI@Z 00409f10 f   track.obj
 0001:00008f80       ?pitCapCCW@@YAXPAUtexElt@@AAIMMMABUt3Dd@@@Z 00409f80 f   track.obj
 0001:00009160       ?pitCapCW@@YAXPAUtexElt@@AAIMMMABUt3Dd@@@Z 0040a160 f   track.obj
 0001:00009340       ?InitScene@@YAHPAUtTrack@@PAXHH@Z 0040a340 f   track.obj
 0001:00013420       ?CalculateTrack@@YAXPAUtTrack@@PAX@Z 00414420 f   track.obj
 0001:00013470       ?GenerateTrack@@YAXPAUtTrack@@PAXPADPAU_iobuf@@HH@Z 00414470 f   track.obj
 0001:00013520       ?sgMakeIdentMat4@@YAXQAY03M@Z 00414520 f i util.obj
 0001:00013560       ?GetFilename@@YAHPBD0PADH@Z 00414560 f   util.obj
 0001:00013690       ?getHOT@@YAMPAVssgRoot@@MM@Z 00414690 f   util.obj
 0001:000145c0       ?WindowsSpecInit@@YAXXZ    004155c0 f   windowsspec.obj
 0001:00014684       ?GfImgReadPng@@YAPAEPBDPAH1M@Z 00415684 f   client:client.dll
 0001:0001468a       ?GfImgWritePng@@YAHPAEPBDHH@Z 0041568a f   client:client.dll
 0001:00014690       _ssggraph                  00415690 f   client:client.dll
 0001:00014696       ?RtTrackGetWidth@@YAMPAUtrackSeg@@M@Z 00415696 f   robottools:robottools.dll
 0001:0001469c       ?RtTrackHeightL@@YAMPAUtTrkLocPos@@@Z 0041569c f   robottools:robottools.dll
 0001:000146a2       ?RtTrackLocal2Global@@YAXPAUtTrkLocPos@@PAM1H@Z 004156a2 f   robottools:robottools.dll
 0001:000146a8       ?RtTrackHeightG@@YAMPAUtrackSeg@@MM@Z 004156a8 f   robottools:robottools.dll
 0001:000146ae       ?RtTrackSideNormalG@@YAXPAUtrackSeg@@MMHPAUt3Dd@@@Z 004156ae f   robottools:robottools.dll
 0001:000146c0       ?sgAbs@@YAMM@Z             004156c0 f i sg_vs2008_32:sg.obj
 0001:000146e0       ?sgSubVec3@@YAXQAMQBM1@Z   004156e0 f i sg_vs2008_32:sg.obj
 0001:00014710       ?sgScalarProductVec3@@YAMQBM0@Z 00415710 f i sg_vs2008_32:sg.obj
 0001:00014740       ?sgDistanceVec3@@YAMQBM0@Z 00415740 f i sg_vs2008_32:sg.obj
 0001:000147b0       ?sgLengthVec3@@YAMQBM@Z    004157b0 f i sg_vs2008_32:sg.obj
 0001:000147f0       ?sgNormaliseVec3@@YAXQAM@Z 004157f0 f i sg_vs2008_32:sg.obj
 0001:00014850       ?sgNormaliseVec3@@YAXQAMQBM@Z 00415850 f i sg_vs2008_32:sg.obj
 0001:000148b0       ?sgCopyMat4@@YAXQAY03MQAY03$$CBM@Z 004158b0 f i sg_vs2008_32:sg.obj
 0001:00014920       ?sgVectorProductVec3@@YAXQAMQBM1@Z 00415920 f   sg_vs2008_32:sg.obj
 0001:00014960       ?sgMakeRotMat4@@YAXQAY03MMQBM@Z 00415960 f   sg_vs2008_32:sg.obj
 0001:00014a70       ?extend@sgBox@@QAEXQBM@Z   00415a70 f   sg_vs2008_32:sg.obj
 0001:00014b50       ?extend@sgSphere@@QAEXQBM@Z 00415b50 f   sg_vs2008_32:sg.obj
 0001:00014c00       ?extend@sgSphere@@QAEXPBVsgBox@@@Z 00415c00 f   sg_vs2008_32:sg.obj
 0001:00014d80       ?extend@sgSphere@@QAEXPBV1@@Z 00415d80 f   sg_vs2008_32:sg.obj
 0001:00014e60       ?update@sgFrustum@@AAEXXZ  00415e60 f   sg_vs2008_32:sg.obj
 0001:00015280       ?contains@sgFrustum@@QBEHPBVsgSphere@@@Z 00416280 f   sg_vs2008_32:sg.obj
 0001:00015420       ?sgMakeCoordMat4@@YAXQAY03MMMMMMM@Z 00416420 f   sg_vs2008_32:sg.obj
 0001:00015610       ?sgMakeTransMat4@@YAXQAY03MQBM@Z 00416610 f   sg_vs2008_32:sg.obj
 0001:00015660       ?sgMakeTransMat4@@YAXQAY03MMMM@Z 00416660 f   sg_vs2008_32:sg.obj
 0001:000156b0       ?sgMakeNormal@@YAXQAMQBM11@Z 004166b0 f   sg_vs2008_32:sg.obj
 0001:00015720       ?sgMultMat4@@YAXQAY03MQAY03$$CBM1@Z 00416720 f   sg_vs2008_32:sg.obj
 0001:000157d0       ?sgXformVec3@@YAXQAMQBMQAY03$$CBM@Z 004167d0 f   sg_vs2008_32:sg.obj
 0001:00015850       ?sgXformPnt3@@YAXQAMQBMQAY03$$CBM@Z 00416850 f   sg_vs2008_32:sg.obj
 0001:000158e0       ?sgClassifyMat4@@YAHQAY03$$CBM@Z 004168e0 f   sg_vs2008_32:sg.obj
 0001:00015c10       ?sgPreMultMat4@@YAXQAY03MQAY03$$CBM@Z 00416c10 f   sg_vs2008_32:sg.obj
 0001:00015c40       ?sgPostMultMat4@@YAXQAY03MQAY03$$CBM@Z 00416c40 f   sg_vs2008_32:sg.obj
 0001:00015c70       ??2ssgBase@@SAPAXI@Z       00416c70 f   ssg_vs2008_32:ssgBase.obj
 0001:00015c80       ??3ssgBase@@SAXPAX@Z       00416c80 f   ssg_vs2008_32:ssgBase.obj
 0001:00015c90       ?clone@ssgBase@@UAEPAV1@H@Z 00416c90 f   ssg_vs2008_32:ssgBase.obj
 0001:00015cb0       ??0ssgBase@@QAE@XZ         00416cb0 f   ssg_vs2008_32:ssgBase.obj
 0001:00015ce0       ??1ssgBase@@UAE@XZ         00416ce0 f   ssg_vs2008_32:ssgBase.obj
 0001:00015d10       ?setName@ssgBase@@QAEXPBD@Z 00416d10 f   ssg_vs2008_32:ssgBase.obj
 0001:00015d40       ?zeroSpareRecursive@ssgBase@@UAEXXZ 00416d40 f   ssg_vs2008_32:ssgBase.obj
 0001:00015d50       ?zeroSpare@ssgBase@@UAEXXZ 00416d50 f   ssg_vs2008_32:ssgBase.obj
 0001:00015d60       ?incSpare@ssgBase@@UAEXXZ  00416d60 f   ssg_vs2008_32:ssgBase.obj
 0001:00015d70       ?setSpare@ssgBase@@UAEXH@Z 00416d70 f   ssg_vs2008_32:ssgBase.obj
 0001:00015d80       ?getSpare@ssgBase@@UAEHXZ  00416d80 f   ssg_vs2008_32:ssgBase.obj
 0001:00015d90       ?print@ssgBase@@UAEXPAU_iobuf@@PADH@Z 00416d90 f   ssg_vs2008_32:ssgBase.obj
 0001:00015e30       ?load@ssgBase@@UAEHPAU_iobuf@@@Z 00416e30 f   ssg_vs2008_32:ssgBase.obj
 0001:00015e60       ?save@ssgBase@@UAEHPAU_iobuf@@@Z 00416e60 f   ssg_vs2008_32:ssgBase.obj
 0001:00015e80       ?copy_from@ssgBase@@MAEXPAV1@H@Z 00416e80 f   ssg_vs2008_32:ssgBase.obj
 0001:00015ef0       ??_EssgBase@@UAEPAXI@Z     00416ef0 f i ssg_vs2008_32:ssgBase.obj
 0001:00015ef0       ??_GssgBase@@UAEPAXI@Z     00416ef0 f i ssg_vs2008_32:ssgBase.obj
 0001:00015f10       ??0ssgVertexArray@@QAE@HPAY02M@Z 00416f10 f i ssg_vs2008_32:ssgSimpleList.obj
 0001:00015f40       ??0ssgNormalArray@@QAE@HPAY02M@Z 00416f40 f i ssg_vs2008_32:ssgSimpleList.obj
 0001:00015f70       ??0ssgTexCoordArray@@QAE@HPAY01M@Z 00416f70 f i ssg_vs2008_32:ssgSimpleList.obj
 0001:00015fa0       ??0ssgColourArray@@QAE@HPAY03M@Z 00416fa0 f i ssg_vs2008_32:ssgSimpleList.obj
 0001:00015fd0       ?get@ssgIndexArray@@QAEPAFI@Z 00416fd0 f i ssg_vs2008_32:ssgSimpleList.obj
 0001:00015fd0       ?get@ssgVertexArray@@QAEPAMI@Z 00416fd0 f i ssg_vs2008_32:ssgSimpleList.obj
 0001:00015fd0       ?get@ssgTexCoordArray@@QAEPAMI@Z 00416fd0 f i ssg_vs2008_32:ssgSimpleList.obj
 0001:00015fd0       ?get@dxfVertArray@@QAEPAVdxfVert@@I@Z 00416fd0 f i ssg_vs2008_32:ssgLoadDXF.obj
 0001:00015ff0       ??1ssgTextureArray@@UAE@XZ 00416ff0 f i elevation.obj
 0001:00015ff0       ??1ssgTransformArray@@UAE@XZ 00416ff0 f i ssg_vs2008_32:ssg.obj
 0001:00015ff0       ??1ssgIndexArray@@UAE@XZ   00416ff0 f i ssg_vs2008_32:ssgSimpleList.obj
 0001:00015ff0       ??1ssgSimpleStateArray@@UAE@XZ 00416ff0 f i elevation.obj
 0001:00016000       ?copy_from@ssgSimpleList@@MAEXPAV1@H@Z 00417000 f   ssg_vs2008_32:ssgSimpleList.obj
 0001:00016070       ?clone@ssgSimpleList@@UAEPAVssgBase@@H@Z 00417070 f   ssg_vs2008_32:ssgSimpleList.obj
 0001:00016100       ?clone@ssgNormalArray@@UAEPAVssgBase@@H@Z 00417100 f   ssg_vs2008_32:ssgSimpleList.obj
 0001:000161c0       ?clone@ssgVertexArray@@UAEPAVssgBase@@H@Z 004171c0 f   ssg_vs2008_32:ssgSimpleList.obj
 0001:00016280       ?clone@ssgTexCoordArray@@UAEPAVssgBase@@H@Z 00417280 f   ssg_vs2008_32:ssgSimpleList.obj
 0001:00016340       ?clone@ssgColourArray@@UAEPAVssgBase@@H@Z 00417340 f   ssg_vs2008_32:ssgSimpleList.obj
 0001:00016400       ?clone@ssgIndexArray@@UAEPAVssgBase@@H@Z 00417400 f   ssg_vs2008_32:ssgSimpleList.obj
 0001:000164c0       ?print@ssgSimpleList@@UAEXPAU_iobuf@@PADH@Z 004174c0 f   ssg_vs2008_32:ssgSimpleList.obj
 0001:00016510       ?load@ssgSimpleList@@UAEHPAU_iobuf@@@Z 00417510 f   ssg_vs2008_32:ssgSimpleList.obj
 0001:00016570       ?save@ssgSimpleList@@UAEHPAU_iobuf@@@Z 00417570 f   ssg_vs2008_32:ssgSimpleList.obj
 0001:000165b0       ?print@ssgVertexArray@@UAEXPAU_iobuf@@PADH@Z 004175b0 f   ssg_vs2008_32:ssgSimpleList.obj
 0001:00016650       ?print@ssgNormalArray@@UAEXPAU_iobuf@@PADH@Z 00417650 f   ssg_vs2008_32:ssgSimpleList.obj
 0001:000166f0       ?print@ssgIndexArray@@UAEXPAU_iobuf@@PADH@Z 004176f0 f   ssg_vs2008_32:ssgSimpleList.obj
 0001:00016750       ?print@ssgTexCoordArray@@UAEXPAU_iobuf@@PADH@Z 00417750 f   ssg_vs2008_32:ssgSimpleList.obj
 0001:000167d0       ?print@ssgColourArray@@UAEXPAU_iobuf@@PADH@Z 004177d0 f   ssg_vs2008_32:ssgSimpleList.obj
 0001:000168a0       ?ssgGetFrameCounter@@YAHXZ 004178a0 f   ssg_vs2008_32:ssg.obj
 0001:000168b0       ?ssgDeRefDelete@@YAXPAVssgBase@@@Z 004178b0 f   ssg_vs2008_32:ssg.obj
 0001:000168d0       ?ssgInit@@YAXXZ            004178d0 f   ssg_vs2008_32:ssg.obj
 0001:00016da0       ?getTypeName@ssgAxisTransform@@UAEPBDXZ 00417da0 f   ssg_vs2008_32:ssg.obj
 0001:00016db0       ?getTypeName@ssgBase@@UAEPBDXZ 00417db0 f   ssg_vs2008_32:ssg.obj
 0001:00016dc0       ?getTypeName@ssgTexture@@UAEPBDXZ 00417dc0 f   ssg_vs2008_32:ssg.obj
 0001:00016dd0       ?getTypeName@ssgState@@UAEPBDXZ 00417dd0 f   ssg_vs2008_32:ssg.obj
 0001:00016de0       ?getTypeName@ssgSimpleState@@UAEPBDXZ 00417de0 f   ssg_vs2008_32:ssg.obj
 0001:00016df0       ?getTypeName@ssgStateSelector@@UAEPBDXZ 00417df0 f   ssg_vs2008_32:ssg.obj
 0001:00016e00       ?getTypeName@ssgEntity@@UAEPBDXZ 00417e00 f   ssg_vs2008_32:ssg.obj
 0001:00016e10       ?getTypeName@ssgLeaf@@UAEPBDXZ 00417e10 f   ssg_vs2008_32:ssg.obj
 0001:00016e20       ?getTypeName@ssgVTable@@UAEPBDXZ 00417e20 f   ssg_vs2008_32:ssg.obj
 0001:00016e30       ?getTypeName@ssgVtxTable@@UAEPBDXZ 00417e30 f   ssg_vs2008_32:ssg.obj
 0001:00016e40       ?getTypeName@ssgVtxArray@@UAEPBDXZ 00417e40 f   ssg_vs2008_32:ssg.obj
 0001:00016e50       ?getTypeName@ssgBranch@@UAEPBDXZ 00417e50 f   ssg_vs2008_32:ssg.obj
 0001:00016e60       ?getTypeName@ssgSelector@@UAEPBDXZ 00417e60 f   ssg_vs2008_32:ssg.obj
 0001:00016e70       ?getTypeName@ssgRangeSelector@@UAEPBDXZ 00417e70 f   ssg_vs2008_32:ssg.obj
 0001:00016e80       ?getTypeName@ssgTimedSelector@@UAEPBDXZ 00417e80 f   ssg_vs2008_32:ssg.obj
 0001:00016e90       ?getTypeName@ssgBaseTransform@@UAEPBDXZ 00417e90 f   ssg_vs2008_32:ssg.obj
 0001:00016ea0       ?getTypeName@ssgTransform@@UAEPBDXZ 00417ea0 f   ssg_vs2008_32:ssg.obj
 0001:00016eb0       ?getTypeName@ssgTexTrans@@UAEPBDXZ 00417eb0 f   ssg_vs2008_32:ssg.obj
 0001:00016ec0       ?getTypeName@ssgCutout@@UAEPBDXZ 00417ec0 f   ssg_vs2008_32:ssg.obj
 0001:00016ed0       ?getTypeName@ssgRoot@@UAEPBDXZ 00417ed0 f   ssg_vs2008_32:ssg.obj
 0001:00016ee0       ?getTypeName@ssgSimpleList@@UAEPBDXZ 00417ee0 f   ssg_vs2008_32:ssg.obj
 0001:00016ef0       ?getTypeName@ssgColourArray@@UAEPBDXZ 00417ef0 f   ssg_vs2008_32:ssg.obj
 0001:00016f00       ?getTypeName@ssgIndexArray@@UAEPBDXZ 00417f00 f   ssg_vs2008_32:ssg.obj
 0001:00016f10       ?getTypeName@ssgTransformArray@@UAEPBDXZ 00417f10 f   ssg_vs2008_32:ssg.obj
 0001:00016f20       ?getTypeName@ssgTexCoordArray@@UAEPBDXZ 00417f20 f   ssg_vs2008_32:ssg.obj
 0001:00016f30       ?getTypeName@ssgVertexArray@@UAEPBDXZ 00417f30 f   ssg_vs2008_32:ssg.obj
 0001:00016f40       ?getTypeName@ssgNormalArray@@UAEPBDXZ 00417f40 f   ssg_vs2008_32:ssg.obj
 0001:00016f50       ?getTypeName@ssgInterleavedArray@@UAEPBDXZ 00417f50 f   ssg_vs2008_32:ssg.obj
 0001:00017c30       ?ssgCreateOfType@@YAPAVssgBase@@H@Z 00418c30 f   ssg_vs2008_32:ssg.obj
 0001:00017d40       ?ssgIsExtensionSupported@@YA_NPAD@Z 00418d40 f   ssg_vs2008_32:ssg.obj
 0001:00017d60       ?make_path@ssgLoaderOptions@@IBEPADPADPBD1@Z 00418d60 f   ssg_vs2008_32:ssgLoad.obj
 0001:00017e30       ?makeModelPath@ssgLoaderOptions@@UBEXPADPBD@Z 00418e30 f   ssg_vs2008_32:ssgLoad.obj
 0001:00017e50       ?makeTexturePath@ssgLoaderOptions@@UBEXPADPBD@Z 00418e50 f   ssg_vs2008_32:ssgLoad.obj
 0001:00017ec0       ?createLeaf@ssgLoaderOptions@@UAEPAVssgLeaf@@PAV2@PBD@Z 00418ec0 f   ssg_vs2008_32:ssgLoad.obj
 0001:00017f10       ?createTexture@ssgLoaderOptions@@UAEPAVssgTexture@@PADHHH@Z 00418f10 f   ssg_vs2008_32:ssgLoad.obj
 0001:00017fe0       ?createTransform@ssgLoaderOptions@@UBEPAVssgTransform@@PAV2@PAVssgTransformArray@@@Z 00418fe0 f   ssg_vs2008_32:ssgLoad.obj
 0001:00018010       ?createSelector@ssgLoaderOptions@@UBEPAVssgSelector@@PAV2@@Z 00419010 f   ssg_vs2008_32:ssgLoad.obj
 0001:00018020       ?setModelDir@ssgLoaderOptions@@QAEXPBD@Z 00419020 f   ssg_vs2008_32:ssgLoad.obj
 0001:00018040       ?setTextureDir@ssgLoaderOptions@@QAEXPBD@Z 00419040 f   ssg_vs2008_32:ssgLoad.obj
 0001:00018090       ?ssgAddModelFormat@@YAXPBDP6APAVssgEntity@@0PBVssgLoaderOptions@@@ZP6AH0PAV1@@Z@Z 00419090 f   ssg_vs2008_32:ssgLoad.obj
 0001:00018130       ?ssgLoad@@YAPAVssgEntity@@PBDPBVssgLoaderOptions@@@Z 00419130 f   ssg_vs2008_32:ssgLoad.obj
 0001:000181f0       ?sgEqualVec3@@YAHQBM0@Z    004191f0 f i ssg_vs2008_32:ssgSimpleState.obj
 0001:00018230       ?sgEqualVec4@@YAHQBM0@Z    00419230 f i ssg_vs2008_32:ssgSimpleState.obj
 0001:00018280       ?sizeChk@ssgSimpleList@@IAEXI@Z 00419280 f i ssg_vs2008_32:ssgSimpleState.obj
 0001:00018300       ?removeAll@ssgSimpleList@@QAEXXZ 00419300 f i ssg_vs2008_32:ssgSimpleState.obj
 0001:00018330       ?setShadeModel@ssgSimpleState@@UAEXI@Z 00419330 f i ssg_vs2008_32:ssgSimpleState.obj
 0001:00018350       ?copy_from@ssgSimpleState@@UAEXPAV1@H@Z 00419350 f   ssg_vs2008_32:ssgSimpleState.obj
 0001:00018450       ?_ssgForceLineState@@YAXXZ 00419450 f   ssg_vs2008_32:ssgSimpleState.obj
 0001:00018490       ??0ssgSimpleState@@QAE@XZ  00419490 f   ssg_vs2008_32:ssgSimpleState.obj
 0001:000184c0       ?isTranslucent@ssgState@@UAEHXZ 004194c0 f i ssg_vs2008_32:ssgSimpleState.obj
 0001:000184d0       ?setTranslucent@ssgState@@UAEXXZ 004194d0 f i ssg_vs2008_32:ssgSimpleState.obj
 0001:000184e0       ?setOpaque@ssgState@@UAEXXZ 004194e0 f i ssg_vs2008_32:ssgSimpleState.obj
 0001:000184f0       ?care_about@ssgSimpleState@@UAEXH@Z 004194f0 f i ssg_vs2008_32:ssgSimpleState.obj
 0001:00018510       ?dont_care_about@ssgSimpleState@@UAEXH@Z 00419510 f i ssg_vs2008_32:ssgSimpleState.obj
 0001:00018530       ?getCareAbout@ssgSimpleState@@UAEHH@Z 00419530 f i ssg_vs2008_32:ssgSimpleState.obj
 0001:00018550       ?set@ssgSimpleState@@UAEXIH@Z 00419550 f i ssg_vs2008_32:ssgSimpleState.obj
 0001:00018580       ?getTextureHandle@ssgSimpleState@@UAEIXZ 00419580 f i ssg_vs2008_32:ssgSimpleState.obj
 0001:00018590       ?getTextureFilename@ssgSimpleState@@UAEPADXZ 00419590 f i ssg_vs2008_32:ssgSimpleState.obj
 0001:000185a0       ?getTexture@ssgSimpleState@@UAEPAVssgTexture@@XZ 004195a0 f i ssg_vs2008_32:ssgSimpleState.obj
 0001:000185b0       ?setTexture@ssgSimpleState@@UAEXPAVssgTexture@@@Z 004195b0 f i ssg_vs2008_32:ssgSimpleState.obj
 0001:000185f0       ?setTexture@ssgSimpleState@@UAEXPBDHHH@Z 004195f0 f i ssg_vs2008_32:ssgSimpleState.obj
 0001:00018670       ?setTexture@ssgSimpleState@@UAEXI@Z 00419670 f i ssg_vs2008_32:ssgSimpleState.obj
 0001:00018700       ?setTextureFilename@ssgSimpleState@@UAEXPBD@Z 00419700 f i ssg_vs2008_32:ssgSimpleState.obj
 0001:000187a0       ?getColourMaterial@ssgSimpleState@@UAEIXZ 004197a0 f i ssg_vs2008_32:ssgSimpleState.obj
 0001:000187b0       ?setColourMaterial@ssgSimpleState@@UAEXI@Z 004197b0 f i ssg_vs2008_32:ssgSimpleState.obj
 0001:000187d0       ?setMaterial@ssgSimpleState@@UAEXIMMMM@Z 004197d0 f i ssg_vs2008_32:ssgSimpleState.obj
 0001:00018810       ?setMaterial@ssgSimpleState@@UAEXIQAM@Z 00419810 f i ssg_vs2008_32:ssgSimpleState.obj
 0001:00018920       ?getMaterial@ssgSimpleState@@UAEPAMI@Z 00419920 f i ssg_vs2008_32:ssgSimpleState.obj
 0001:00018960       ?getShininess@ssgSimpleState@@UAEMXZ 00419960 f i ssg_vs2008_32:ssgSimpleState.obj
 0001:00018970       ?setShininess@ssgSimpleState@@UAEXM@Z 00419970 f i ssg_vs2008_32:ssgSimpleState.obj
 0001:00018990       ?setAlphaClamp@ssgSimpleState@@UAEXM@Z 00419990 f i ssg_vs2008_32:ssgSimpleState.obj
 0001:000189b0       ??1ssgSimpleState@@UAE@XZ  004199b0 f   ssg_vs2008_32:ssgSimpleState.obj
 0001:00018a10       ?apply@ssgSimpleState@@UAEXXZ 00419a10 f   ssg_vs2008_32:ssgSimpleState.obj
 0001:00018dd0       ?force@ssgSimpleState@@UAEXXZ 00419dd0 f   ssg_vs2008_32:ssgSimpleState.obj
 0001:00019070       ?isEnabled@ssgSimpleState@@UAEHI@Z 0041a070 f   ssg_vs2008_32:ssgSimpleState.obj
 0001:000190e0       ?disable@ssgSimpleState@@UAEXI@Z 0041a0e0 f   ssg_vs2008_32:ssgSimpleState.obj
 0001:000191a0       ?enable@ssgSimpleState@@UAEXI@Z 0041a1a0 f   ssg_vs2008_32:ssgSimpleState.obj
 0001:00019260       ?load@ssgSimpleState@@UAEHPAU_iobuf@@@Z 0041a260 f   ssg_vs2008_32:ssgSimpleState.obj
 0001:00019310       ?save@ssgSimpleState@@UAEHPAU_iobuf@@@Z 0041a310 f   ssg_vs2008_32:ssgSimpleState.obj
 0001:00019440       ?print@ssgSimpleState@@UAEXPAU_iobuf@@PADH@Z 0041a440 f   ssg_vs2008_32:ssgSimpleState.obj
 0001:00019640       ?findIndex@ssgSimpleStateArray@@QAEHPAVssgSimpleState@@@Z 0041a640 f   ssg_vs2008_32:ssgSimpleState.obj
 0001:00019680       ?add@ssgTextureArray@@QAEXPAVssgTexture@@@Z 0041a680 f   ssg_vs2008_32:ssgTexture.obj
 0001:00019680       ?add@ssgSimpleStateArray@@QAEXPAVssgSimpleState@@@Z 0041a680 f   ssg_vs2008_32:ssgSimpleState.obj
 0001:000196c0       ?findMatch@ssgSimpleStateArray@@QAEPAVssgSimpleState@@PAV2@@Z 0041a6c0 f   ssg_vs2008_32:ssgSimpleState.obj
 0001:00019950       ?clone@ssgSimpleState@@UAEPAVssgBase@@H@Z 0041a950 f   ssg_vs2008_32:ssgSimpleState.obj
 0001:000199c0       ??0ssgSimpleState@@QAE@H@Z 0041a9c0 f   ssg_vs2008_32:ssgSimpleState.obj
 0001:00019a70       ??_EssgSimpleState@@UAEPAXI@Z 0041aa70 f i ssg_vs2008_32:ssgSimpleState.obj
 0001:00019a70       ??_GssgSimpleState@@UAEPAXI@Z 0041aa70 f i ssg_vs2008_32:ssgSimpleState.obj
 0001:00019a90       ?collect_recursive@ssgSimpleStateArray@@AAEXPAVssgEntity@@@Z 0041aa90 f   ssg_vs2008_32:ssgSimpleState.obj
 0001:00019b20       ?collect@ssgSimpleStateArray@@QAEXPAVssgEntity@@@Z 0041ab20 f   ssg_vs2008_32:ssgSimpleState.obj
 0001:00019b40       ?setDefaultGlParams@ssgTexture@@IAEXHHH@Z 0041ab40 f   ssg_vs2008_32:ssgTexture.obj
 0001:00019be0       ??0ssgTexture@@QAE@XZ      0041abe0 f   ssg_vs2008_32:ssgTexture.obj
 0001:00019c20       ?free_handle@ssgTexture@@IAEXXZ 0041ac20 f   ssg_vs2008_32:ssgTexture.obj
 0001:00019c50       ?setHandle@ssgTexture@@QAEXI@Z 0041ac50 f   ssg_vs2008_32:ssgTexture.obj
 0001:00019c70       ?print@ssgTexture@@UAEXPAU_iobuf@@PADH@Z 0041ac70 f   ssg_vs2008_32:ssgTexture.obj
 0001:00019ca0       ?save@ssgTexture@@UAEHPAU_iobuf@@@Z 0041aca0 f   ssg_vs2008_32:ssgTexture.obj
 0001:00019ce0       ?removeAll@ssgTextureArray@@QAEXXZ 0041ace0 f   ssg_vs2008_32:ssgTexture.obj
 0001:00019ce0       ?removeAll@ssgSimpleStateArray@@QAEXXZ 0041ace0 f   ssg_vs2008_32:ssgSimpleState.obj
 0001:00019d40       ?findByFilename@ssgTextureArray@@QAEPAVssgTexture@@PBD@Z 0041ad40 f   ssg_vs2008_32:ssgTexture.obj
 0001:00019da0       ?clone@ssgTexture@@UAEPAVssgBase@@H@Z 0041ada0 f   ssg_vs2008_32:ssgTexture.obj
 0001:00019e10       ??1ssgTexture@@UAE@XZ      0041ae10 f   ssg_vs2008_32:ssgTexture.obj
 0001:00019e80       ?alloc_handle@ssgTexture@@IAEXXZ 0041ae80 f   ssg_vs2008_32:ssgTexture.obj
 0001:00019eb0       ?load@ssgTexture@@UAEHPAU_iobuf@@@Z 0041aeb0 f   ssg_vs2008_32:ssgTexture.obj
 0001:00019f40       ?copy_from@ssgTexture@@MAEXPAV1@H@Z 0041af40 f   ssg_vs2008_32:ssgTexture.obj
 0001:00019fd0       ??_EssgTexture@@UAEPAXI@Z  0041afd0 f i ssg_vs2008_32:ssgTexture.obj
 0001:00019fd0       ??_GssgTexture@@UAEPAXI@Z  0041afd0 f i ssg_vs2008_32:ssgTexture.obj
 0001:00019ff0       ??0ssgTexture@@QAE@PBDHHH@Z 0041aff0 f   ssg_vs2008_32:ssgTexture.obj
 0001:0001a0c0       ?add@ssgIndexArray@@QAEXF@Z 0041b0c0 f i ssg_vs2008_32:ssgLoadAC.obj
 0001:0001c180       ?ssgLoadAC@@YAPAVssgEntity@@PBDPBVssgLoaderOptions@@@Z 0041d180 f   ssg_vs2008_32:ssgLoadAC.obj
 0001:0001c3e0       ?ssgLoadAC3D@@YAPAVssgEntity@@PBDPBVssgLoaderOptions@@@Z 0041d3e0 f   ssg_vs2008_32:ssgLoadAC.obj
 0001:0001c470       ?getIndex@ssgVtxArray@@QAEPAFH@Z 0041d470 f i ssg_vs2008_32:ssgBranch.obj
 0001:0001c4b0       ??0ssgBranch@@QAE@XZ       0041d4b0 f   ssg_vs2008_32:ssgBranch.obj
 0001:0001c510       ?getNumKids@ssgBranch@@UAEHXZ 0041d510 f i ssg_vs2008_32:ssgBranch.obj
 0001:0001c520       ?zeroSpareRecursive@ssgBranch@@UAEXXZ 0041d520 f   ssg_vs2008_32:ssgBranch.obj
 0001:0001c570       ?recalcBSphere@ssgBranch@@UAEXXZ 0041d570 f   ssg_vs2008_32:ssgBranch.obj
 0001:0001c5f0       ?addKid@ssgBranch@@QAEXPAVssgEntity@@@Z 0041d5f0 f   ssg_vs2008_32:ssgBranch.obj
 0001:0001c620       ?removeKid@ssgBranch@@QAEXH@Z 0041d620 f   ssg_vs2008_32:ssgBranch.obj
 0001:0001c680       ?removeKid@ssgBranch@@QAEXPAVssgEntity@@@Z 0041d680 f   ssg_vs2008_32:ssgBranch.obj
 0001:0001c6a0       ?removeAllKids@ssgBranch@@QAEXXZ 0041d6a0 f   ssg_vs2008_32:ssgBranch.obj
 0001:0001c6d0       ?replaceKid@ssgBranch@@QAEXHPAVssgEntity@@@Z 0041d6d0 f   ssg_vs2008_32:ssgBranch.obj
 0001:0001c750       ?replaceKid@ssgBranch@@QAEXPAVssgEntity@@0@Z 0041d750 f   ssg_vs2008_32:ssgBranch.obj
 0001:0001c780       ?print@ssgBranch@@UAEXPAU_iobuf@@PADH@Z 0041d780 f   ssg_vs2008_32:ssgBranch.obj
 0001:0001c880       ?getStats@ssgBranch@@UAEXPAH000@Z 0041d880 f   ssg_vs2008_32:ssgBranch.obj
 0001:0001c940       ?getByName@ssgBranch@@UAEPAVssgEntity@@PAD@Z 0041d940 f   ssg_vs2008_32:ssgBranch.obj
 0001:0001c9d0       ?getByPath@ssgBranch@@UAEPAVssgEntity@@PAD@Z 0041d9d0 f   ssg_vs2008_32:ssgBranch.obj
 0001:0001cac0       ?cull@ssgBranch@@UAEXPAVsgFrustum@@QAY03MH@Z 0041dac0 f   ssg_vs2008_32:ssgBranch.obj
 0001:0001cb50       ?hot@ssgBranch@@UAEXQAMQAY03MH@Z 0041db50 f   ssg_vs2008_32:ssgBranch.obj
 0001:0001cbf0       ?los@ssgBranch@@UAEXQAMQAY03MH@Z 0041dbf0 f   ssg_vs2008_32:ssgBranch.obj
 0001:0001cc90       ?isect@ssgBranch@@UAEXPAVsgSphere@@QAY03MH@Z 0041dc90 f   ssg_vs2008_32:ssgBranch.obj
 0001:0001cd30       ?load@ssgBranch@@UAEHPAU_iobuf@@@Z 0041dd30 f   ssg_vs2008_32:ssgBranch.obj
 0001:0001cda0       ?save@ssgBranch@@UAEHPAU_iobuf@@@Z 0041dda0 f   ssg_vs2008_32:ssgBranch.obj
 0001:0001ce30       ?copy_from@ssgBranch@@MAEXPAV1@H@Z 0041de30 f   ssg_vs2008_32:ssgBranch.obj
 0001:0001cea0       ?clone@ssgBranch@@UAEPAVssgBase@@H@Z 0041dea0 f   ssg_vs2008_32:ssgBranch.obj
 0001:0001cf10       ??1ssgBranch@@UAE@XZ       0041df10 f   ssg_vs2008_32:ssgBranch.obj
 0001:0001cf70       ??_EssgBranch@@UAEPAXI@Z   0041df70 f i ssg_vs2008_32:ssgBranch.obj
 0001:0001cf70       ??_GssgBranch@@UAEPAXI@Z   0041df70 f i ssg_vs2008_32:ssgBranch.obj
 0001:0001cf90       ?copy_from@ssgInvisible@@MAEXPAV1@H@Z 0041df90 f   ssg_vs2008_32:ssgInvisible.obj
 0001:0001cf90       ?copy_from@ssgRoot@@MAEXPAV1@H@Z 0041df90 f   ssg_vs2008_32:ssgRoot.obj
 0001:0001cfa0       ??0ssgRoot@@QAE@XZ         0041dfa0 f   ssg_vs2008_32:ssgRoot.obj
 0001:0001cfc0       ??1ssgRoot@@UAE@XZ         0041dfc0 f   ssg_vs2008_32:ssgRoot.obj
 0001:0001cfd0       ?load@ssgRoot@@UAEHPAU_iobuf@@@Z 0041dfd0 f   ssg_vs2008_32:ssgRoot.obj
 0001:0001cfd0       ?load@ssgInvisible@@UAEHPAU_iobuf@@@Z 0041dfd0 f   ssg_vs2008_32:ssgInvisible.obj
 0001:0001cfe0       ?save@ssgRoot@@UAEHPAU_iobuf@@@Z 0041dfe0 f   ssg_vs2008_32:ssgRoot.obj
 0001:0001cfe0       ?save@ssgInvisible@@UAEHPAU_iobuf@@@Z 0041dfe0 f   ssg_vs2008_32:ssgInvisible.obj
 0001:0001cff0       ?clone@ssgRoot@@UAEPAVssgBase@@H@Z 0041dff0 f   ssg_vs2008_32:ssgRoot.obj
 0001:0001d060       ??_GssgRoot@@UAEPAXI@Z     0041e060 f i ssg_vs2008_32:ssgRoot.obj
 0001:0001d060       ??_EssgRoot@@UAEPAXI@Z     0041e060 f i ssg_vs2008_32:ssgRoot.obj
 0001:0001d080       ?sgCompareFloat@@YAHMMM@Z  0041e080 f i ssg_vs2008_32:ssgOptimiser.obj
 0001:0001d0c0       ?sgCompareVec2@@YAHQBM0M@Z 0041e0c0 f i ssg_vs2008_32:ssgOptimiser.obj
 0001:0001d150       ?sgCompareVec3@@YAHQBM0M@Z 0041e150 f i ssg_vs2008_32:ssgOptimiser.obj
 0001:0001d480       ?flatten@@YAXPAVssgBranch@@PAVssgEntity@@QAY03M@Z 0041e480 f   ssg_vs2008_32:ssgOptimiser.obj
 0001:0001d720       ?ssgFlatten@@YAXPAVssgEntity@@@Z 0041e720 f   ssg_vs2008_32:ssgOptimiser.obj
 0001:0001d810       ?_ssgPushPath@@YAXPAVssgEntity@@@Z 0041e810 f   ssg_vs2008_32:ssgIsect.obj
 0001:0001d830       ?_ssgPopPath@@YAXXZ        0041e830 f   ssg_vs2008_32:ssgIsect.obj
 0001:0001d840       ?_ssgAddHit@@YAXPAVssgLeaf@@HQAY03MQAM@Z 0041e840 f   ssg_vs2008_32:ssgIsect.obj
 0001:0001d8e0       ?ssgHOT@@YAHPAVssgBranch@@QAMQAY03MPAPAVssgHit@@@Z 0041e8e0 f   ssg_vs2008_32:ssgIsect.obj
 0001:0001d930       ?_ssgReadError@@YAHXZ      0041e930 f   ssg_vs2008_32:ssgIO.obj
 0001:0001d940       ?_ssgWriteError@@YAHXZ     0041e940 f   ssg_vs2008_32:ssgIO.obj
 0001:0001d950       ?_ssgReadUInt@@YAXPAU_iobuf@@PAI@Z 0041e950 f   ssg_vs2008_32:ssgIO.obj
 0001:0001d950       ?_ssgReadFloat@@YAXPAU_iobuf@@PAM@Z 0041e950 f   ssg_vs2008_32:ssgIO.obj
 0001:0001d950       ?_ssgReadInt@@YAXPAU_iobuf@@PAH@Z 0041e950 f   ssg_vs2008_32:ssgIO.obj
 0001:0001d980       ?_ssgWriteUInt@@YAXPAU_iobuf@@I@Z 0041e980 f   ssg_vs2008_32:ssgIO.obj
 0001:0001d980       ?_ssgWriteInt@@YAXPAU_iobuf@@H@Z 0041e980 f   ssg_vs2008_32:ssgIO.obj
 0001:0001d980       ?_ssgWriteFloat@@YAXPAU_iobuf@@M@Z 0041e980 f   ssg_vs2008_32:ssgIO.obj
 0001:0001d9b0       ?_ssgReadFloat@@YAXPAU_iobuf@@IPAM@Z 0041e9b0 f   ssg_vs2008_32:ssgIO.obj
 0001:0001d9e0       ?_ssgWriteFloat@@YAXPAU_iobuf@@IPBM@Z 0041e9e0 f   ssg_vs2008_32:ssgIO.obj
 0001:0001da10       ?_ssgReadBytes@@YAXPAU_iobuf@@IPAX@Z 0041ea10 f   ssg_vs2008_32:ssgIO.obj
 0001:0001da40       ?_ssgWriteBytes@@YAXPAU_iobuf@@IPBX@Z 0041ea40 f   ssg_vs2008_32:ssgIO.obj
 0001:0001da70       ?_ssgReadUShort@@YAXPAU_iobuf@@IPAG@Z 0041ea70 f   ssg_vs2008_32:ssgIO.obj
 0001:0001daa0       ?_ssgWriteUShort@@YAXPAU_iobuf@@IPBG@Z 0041eaa0 f   ssg_vs2008_32:ssgIO.obj
 0001:0001dad0       ?_ssgReadString@@YAXPAU_iobuf@@PAPAD@Z 0041ead0 f   ssg_vs2008_32:ssgIO.obj
 0001:0001db50       ?_ssgWriteString@@YAXPAU_iobuf@@PBD@Z 0041eb50 f   ssg_vs2008_32:ssgIO.obj
 0001:0001db80       ?_ssgReadVec3@@YAXPAU_iobuf@@QAM@Z 0041eb80 f   ssg_vs2008_32:ssgIO.obj
 0001:0001dba0       ?_ssgWriteVec3@@YAXPAU_iobuf@@QBM@Z 0041eba0 f   ssg_vs2008_32:ssgIO.obj
 0001:0001dbc0       ?_ssgReadVec4@@YAXPAU_iobuf@@QAM@Z 0041ebc0 f   ssg_vs2008_32:ssgIO.obj
 0001:0001dbe0       ?_ssgWriteVec4@@YAXPAU_iobuf@@QBM@Z 0041ebe0 f   ssg_vs2008_32:ssgIO.obj
 0001:0001dc00       ?_ssgReadMat4@@YAXPAU_iobuf@@QAY03M@Z 0041ec00 f   ssg_vs2008_32:ssgIO.obj
 0001:0001dc20       ?_ssgWriteMat4@@YAXPAU_iobuf@@QAY03$$CBM@Z 0041ec20 f   ssg_vs2008_32:ssgIO.obj
 0001:0001dc40       ?setFOV@sgFrustum@@QAEXMM@Z 0041ec40 f i ssg_vs2008_32:ssgContext.obj
 0001:0001dcb0       ?makeCurrent@ssgContext@@QAEXXZ 0041ecb0 f   ssg_vs2008_32:ssgContext.obj
 0001:0001dcc0       ??0ssgContext@@QAE@XZ      0041ecc0 f   ssg_vs2008_32:ssgContext.obj
 0001:0001df20       ??0ObjLoader@@QAE@PBVssgLoaderOptions@@@Z 0041ef20 f   ssg_vs2008_32:ssgLoadXPlaneObj.obj
 0001:0001df50       ?get_state@ObjLoader@@AAEPAVssgState@@PBD@Z 0041ef50 f   ssg_vs2008_32:ssgLoadXPlaneObj.obj
 0001:0001e120       ?fgets@ObjLoader@@AAEPADPADHPAU_iobuf@@@Z 0041f120 f   ssg_vs2008_32:ssgLoadXPlaneObj.obj
 0001:0001e190       ?getline@ObjLoader@@AAEPADPADIPAU_iobuf@@@Z 0041f190 f   ssg_vs2008_32:ssgLoadXPlaneObj.obj
 0001:0001e200       ?getTextureName@ObjLoader@@AAEPADPBDPADI@Z 0041f200 f   ssg_vs2008_32:ssgLoadXPlaneObj.obj
 0001:0001e290       ?load@ObjLoader@@QAEPAVssgEntity@@PBD@Z 0041f290 f   ssg_vs2008_32:ssgLoadXPlaneObj.obj
 0001:0001ece0       ?ssgLoadXPlaneOBJ@@YAPAVssgEntity@@PBDPBVssgLoaderOptions@@@Z 0041fce0 f   ssg_vs2008_32:ssgLoadXPlaneObj.obj
 0001:0001ed10       ?ssgLoadMDLTexture@@YA_NPBDPAUssgTextureInfo@@@Z 0041fd10 f   ssg_vs2008_32:ssgLoadMDL_BGLTexture.obj
 0001:0001eea0       ?makeConsistant@ssgSGIHeader@@QAEXXZ 0041fea0 f   ssg_vs2008_32:ssgLoadSGI.obj
 0001:0001ef70       ?swab_short@ssgSGIHeader@@IAEXPAG@Z 0041ff70 f   ssg_vs2008_32:ssgLoadSGI.obj
 0001:0001efa0       ?swab_int@ssgSGIHeader@@IAEXPAI@Z 0041ffa0 f   ssg_vs2008_32:ssgLoadSGI.obj
 0001:0001efe0       ?swab_int_array@ssgSGIHeader@@IAEXPAHH@Z 0041ffe0 f   ssg_vs2008_32:ssgLoadSGI.obj
 0001:0001f040       ?readByte@ssgSGIHeader@@IAEEXZ 00420040 f   ssg_vs2008_32:ssgLoadSGI.obj
 0001:0001f060       ?readShort@ssgSGIHeader@@IAEGXZ 00420060 f   ssg_vs2008_32:ssgLoadSGI.obj
 0001:0001f090       ?readInt@ssgSGIHeader@@IAEIXZ 00420090 f   ssg_vs2008_32:ssgLoadSGI.obj
 0001:0001f0c0       ?getRow@ssgSGIHeader@@QAEXPAEHH@Z 004200c0 f   ssg_vs2008_32:ssgLoadSGI.obj
 0001:0001f1c0       ??1ssgSGIHeader@@QAE@XZ    004201c0 f   ssg_vs2008_32:ssgLoadSGI.obj
 0001:0001f210       ?readHeader@ssgSGIHeader@@QAEXXZ 00420210 f   ssg_vs2008_32:ssgLoadSGI.obj
 0001:0001f390       ?openFile@ssgSGIHeader@@QAE_NPBD@Z 00420390 f   ssg_vs2008_32:ssgLoadSGI.obj
 0001:0001f4f0       ??0ssgSGIHeader@@QAE@PBDPAUssgTextureInfo@@@Z 004204f0 f   ssg_vs2008_32:ssgLoadSGI.obj
 0001:0001f830       ?ssgLoadSGI@@YA_NPBDPAUssgTextureInfo@@@Z 00420830 f   ssg_vs2008_32:ssgLoadSGI.obj
 0001:0001f990       ?ReadFileIntoBuffer@@YAHPBDAAPAE1AAK@Z 00420990 f   ssg_vs2008_32:ssgLoadPCX.obj
 0001:0001fa20       ?ssgLoadPCX@@YA_NPBDPAUssgTextureInfo@@@Z 00420a20 f   ssg_vs2008_32:ssgLoadPCX.obj
 0001:0001fe20       ?ssgLoadBMP@@YA_NPBDPAUssgTextureInfo@@@Z 00420e20 f   ssg_vs2008_32:ssgLoadBMP.obj
 0001:00020340       ?ssgMakeMipMaps@@YA_NPAEHHH_N@Z 00421340 f   ssg_vs2008_32:ssgLoadTexture.obj
 0001:00020850       ?ssgAddTextureFormat@@YAXPBDP6A_N0PAUssgTextureInfo@@@Z@Z 00421850 f   ssg_vs2008_32:ssgLoadTexture.obj
 0001:00020930       ?ssgConvertTexture@@YA_NPADPBD@Z 00421930 f   ssg_vs2008_32:ssgLoadTexture.obj
 0001:00020a50       ?ssgLoadTexture@@YA_NPBDPAUssgTextureInfo@@@Z 00421a50 f   ssg_vs2008_32:ssgLoadTexture.obj
 0001:00020b90       ?ssgLoadTGA@@YA_NPBDPAUssgTextureInfo@@@Z 00421b90 f   ssg_vs2008_32:ssgLoadTGA.obj
 0001:00021210       ?ulEndianReadLittle16@@YAGPAU_iobuf@@@Z 00422210 f i ssg_vs2008_32:ssgLoadMDL.obj
 0001:00021230       ?ulEndianReadLittle32@@YAIPAU_iobuf@@@Z 00422230 f i ssg_vs2008_32:ssgLoadMDL.obj
 0001:00021250       ?ulEndianReadLittleFloat@@YAMPAU_iobuf@@@Z 00422250 f i ssg_vs2008_32:ssgLoadMDL.obj
 0001:00022a30       ?ParseBGL@@YAXPAU_iobuf@@@Z 00423a30 f   ssg_vs2008_32:ssgLoadMDL.obj
 0001:00024340       ?FindBGLBeginRIFF@@YAXPAU_iobuf@@@Z 00425340 f   ssg_vs2008_32:ssgLoadMDL.obj
 0001:00024470       ?FindBGLBeginOldVersion@@YAXPAU_iobuf@@@Z 00425470 f   ssg_vs2008_32:ssgLoadMDL.obj
 0001:000244e0       ?ssgLoadMDL@@YAPAVssgEntity@@PBDPBVssgLoaderOptions@@@Z 004254e0 f   ssg_vs2008_32:ssgLoadMDL.obj
 0001:00024af0       ?AscLinePreProcessor@@YAXPAD@Z 00425af0 f   ssg_vs2008_32:ssgLoadASC.obj
 0001:00024b40       ?set_sName@MeshStatusType@@QAEXPAD@Z 00425b40 f   ssg_vs2008_32:ssgLoadASC.obj
 0001:00024b90       ?CheckIndex@@YAXAAHH@Z     00425b90 f   ssg_vs2008_32:ssgLoadASC.obj
 0001:00025440       ?SetOrGetMaterial@@YAHPAD@Z 00426440 f   ssg_vs2008_32:ssgLoadASC.obj
 0001:00025b70       ?CheckWhetherMeshHasEnded@@YAXXZ 00426b70 f   ssg_vs2008_32:ssgLoadASC.obj
 0001:00025ea0       ?ssgLoadASC@@YAPAVssgEntity@@PBDPBVssgLoaderOptions@@@Z 00426ea0 f   ssg_vs2008_32:ssgLoadASC.obj
 0001:00026510       ?ssgSaveASC@@YAHPAU_iobuf@@PAVssgEntity@@@Z 00427510 f   ssg_vs2008_32:ssgSaveASC.obj
 0001:00026570       ?ssgSaveASC@@YAHPBDPAVssgEntity@@@Z 00427570 f   ssg_vs2008_32:ssgSaveASC.obj
 0001:000265c0       ?select@ssgSelector@@QAEXI@Z 004275c0 f i ssg_vs2008_32:ssgLoadIV.obj
 0001:00026600       ??0ssgListOfNodes@@QAE@H@Z 00427600 f i ssg_vs2008_32:ssgLoadIV.obj
 0001:00026680       ?clone@ssgListOfNodes@@UAEPAVssgBase@@H@Z 00427680 f i ssg_vs2008_32:ssgLoadIV.obj
 0001:00026680       ?clone@ssgListOfLists@@UAEPAVssgBase@@H@Z 00427680 f i ssg_vs2008_32:ssgLoaderWriterStuff.obj
 0001:00026680       ?clone@ssgSimpleStateList@@UAEPAVssgBase@@H@Z 00427680 f i ssg_vs2008_32:ssgLoadX.obj
 0001:00026690       ??0_nodeIndex@@QAE@XZ      00427690 f i ssg_vs2008_32:ssgLoadIV.obj
 0001:00026700       ??1_nodeIndex@@QAE@XZ      00427700 f i ssg_vs2008_32:ssgLoadIV.obj
 0001:00026740       ?insert@_nodeIndex@@QAEXPAVssgBase@@@Z 00427740 f i ssg_vs2008_32:ssgLoadIV.obj
 0001:00026ee0       ?ssgLoadIV@@YAPAVssgEntity@@PBDPBVssgLoaderOptions@@@Z 00427ee0 f   ssg_vs2008_32:ssgLoadIV.obj
 0001:00027bd0       ?ssgSaveIV@@YAHPBDPAVssgEntity@@@Z 00428bd0 f   ssg_vs2008_32:ssgSaveIV.obj
 0001:00027c30       ?extract@_nodeIndex@@QAEPAVssgBase@@PAD@Z 00428c30 f i ssg_vs2008_32:ssgLoadVRML1.obj
 0001:00027ca0       ?parseVec@@YA_NPAMH@Z      00428ca0 f   ssg_vs2008_32:ssgLoadVRML1.obj
 0001:00027cf0       ?parseIndexArray@@YAPAVssgIndexArray@@PAV_traversalState@@@Z 00428cf0 f   ssg_vs2008_32:ssgLoadVRML1.obj
 0001:00027f80       ?vrml1_parseCoordinate3@@YA_NPAVssgBranch@@PAV_traversalState@@PAD@Z 00428f80 f   ssg_vs2008_32:ssgLoadVRML1.obj
 0001:000281f0       ?vrml1_parseTextureCoordinate2@@YA_NPAVssgBranch@@PAV_traversalState@@PAD@Z 004291f0 f   ssg_vs2008_32:ssgLoadVRML1.obj
 0001:000286f0       ?vrml1_parseShapeHints@@YA_NPAVssgBranch@@PAV_traversalState@@PAD@Z 004296f0 f   ssg_vs2008_32:ssgLoadVRML1.obj
 0001:000288d0       ?vrml1_parseUseDirective@@YA_NPAVssgBranch@@PAV_traversalState@@PAD2@Z 004298d0 f   ssg_vs2008_32:ssgLoadVRML1.obj
 0001:00028920       ?parseUnidentified@@YA_NXZ 00429920 f   ssg_vs2008_32:ssgLoadVRML1.obj
 0001:000289c0       ?vrml1_parseCoordIndex@@YA_NPAVssgLoaderWriterMesh@@PAV_traversalState@@@Z 004299c0 f   ssg_vs2008_32:ssgLoadVRML1.obj
 0001:00028b10       ?vrml1_parseTextureCoordIndex@@YA_NPAVssgLoaderWriterMesh@@PAV_traversalState@@@Z 00429b10 f   ssg_vs2008_32:ssgLoadVRML1.obj
 0001:00028e80       ?mergeTransformNodes@@YAXPAVssgTransform@@00@Z 00429e80 f   ssg_vs2008_32:ssgLoadVRML1.obj
 0001:000299e0       ?applyTransform@@YAXPAVssgTransform@@PAV_traversalState@@@Z 0042a9e0 f   ssg_vs2008_32:ssgLoadVRML1.obj
 0001:00029a90       ?ssgLoadVRML1@@YAPAVssgEntity@@PBDPBVssgLoaderOptions@@@Z 0042aa90 f   ssg_vs2008_32:ssgLoadVRML1.obj
 0001:00029c90       ?vrml1_parseMatrixTransform@@YA_NPAVssgBranch@@PAV_traversalState@@PAD@Z 0042ac90 f   ssg_vs2008_32:ssgLoadVRML1.obj
 0001:00029da0       ?vrml1_parseScale@@YA_NPAVssgBranch@@PAV_traversalState@@PAD@Z 0042ada0 f   ssg_vs2008_32:ssgLoadVRML1.obj
 0001:00029ed0       ?vrml1_parseRotation@@YA_NPAVssgBranch@@PAV_traversalState@@PAD@Z 0042aed0 f   ssg_vs2008_32:ssgLoadVRML1.obj
 0001:0002a010       ?vrml1_parseTranslation@@YA_NPAVssgBranch@@PAV_traversalState@@PAD@Z 0042b010 f   ssg_vs2008_32:ssgLoadVRML1.obj
 0001:0002a590       ?ssgSaveVRML1@@YAHPBDPAVssgEntity@@@Z 0042b590 f   ssg_vs2008_32:ssgSaveVRML1.obj
 0001:0002af10       ?ssgSaveQHI@@YAHPBDPAVssgEntity@@@Z 0042bf10 f   ssg_vs2008_32:ssgSaveQHI.obj
 0001:0002bd10       ?ssgLoadATG@@YAPAVssgEntity@@PBDPBVssgLoaderOptions@@@Z 0042cd10 f   ssg_vs2008_32:ssgLoadATG.obj
 0001:0002beb0       ?ssgSaveATG@@YAHPBDPAVssgEntity@@@Z 0042ceb0 f   ssg_vs2008_32:ssgSaveATG.obj
 0001:0002cfd0       ?ssgLoadOFF@@YAPAVssgEntity@@PBDPBVssgLoaderOptions@@@Z 0042dfd0 f   ssg_vs2008_32:ssgLoadOFF.obj
 0001:0002d0b0       ?ssgSaveOFF@@YAHPBDPAVssgEntity@@@Z 0042e0b0 f   ssg_vs2008_32:ssgSaveOFF.obj
 0001:0002d3f0       ?ssgLoadM@@YAPAVssgEntity@@PBDPBVssgLoaderOptions@@@Z 0042e3f0 f   ssg_vs2008_32:ssgLoadM.obj
 0001:0002dc20       ?ssgSaveM@@YAHPBDPAVssgEntity@@@Z 0042ec20 f   ssg_vs2008_32:ssgSaveM.obj
 0001:0002df60       ?ssgLoadStrip@@YAPAVssgEntity@@PBDPBVssgLoaderOptions@@@Z 0042ef60 f   ssg_vs2008_32:ssgLoadStrip.obj
 0001:0002e650       ?setRanges@ssgRangeSelector@@QAEXPAMI@Z 0042f650 f i ssg_vs2008_32:ssgLoadFLT.obj
 0001:0002e680       ?compute_loop_time@ssgTimedSelector@@IAEXXZ 0042f680 f i ssg_vs2008_32:ssgLoadFLT.obj
 0001:0002e6c0       ?get_time@ssgTimedSelector@@IBENXZ 0042f6c0 f i ssg_vs2008_32:ssgLoadFLT.obj
 0001:0002e6f0       ?setDuration@ssgTimedSelector@@QAEXMHW4ssgAnimTimeMode@@@Z 0042f6f0 f i ssg_vs2008_32:ssgLoadFLT.obj
 0001:0002e840       ?get32u@@YAIPBX@Z          0042f840 f i ssg_vs2008_32:ssgLoadFLT.obj
 0001:0002ec10       ??1fltState@@QAE@XZ        0042fc10 f i ssg_vs2008_32:ssgLoadFLT.obj
 0001:00033b20       ?ssgLoadFLT@@YAPAVssgEntity@@PBDPBVssgLoaderOptions@@@Z 00434b20 f   ssg_vs2008_32:ssgLoadFLT.obj
 0001:00034b50       ?ssgSaveFLT@@YAHPBDPAVssgEntity@@@Z 00435b50 f   ssg_vs2008_32:ssgSaveFLT.obj
 0001:00034cc0       ??0ssgSimpleStateList@@QAE@H@Z 00435cc0 f i ssg_vs2008_32:ssgLoadX.obj
 0001:000361a0       ?ssgLoadX@@YAPAVssgEntity@@PBDPBVssgLoaderOptions@@@Z 004371a0 f   ssg_vs2008_32:ssgLoadX.obj
 0001:000362a0       ?ssgSaveX@@YAHPBDPAVssgEntity@@@Z 004372a0 f   ssg_vs2008_32:ssgSaveX.obj
 0001:000362c0       ?selectStep@ssgSelector@@QAEXI@Z 004372c0 f i ssg_vs2008_32:ssgLoadMD2.obj
 0001:00036b50       ?ssgLoadMD2@@YAPAVssgEntity@@PBDPBVssgLoaderOptions@@@Z 00437b50 f   ssg_vs2008_32:ssgLoadMD2.obj
 0001:00036c70       ?ssgLoadTRI@@YAPAVssgEntity@@PBDPBVssgLoaderOptions@@@Z 00437c70 f   ssg_vs2008_32:ssgLoadTRI.obj
 0001:000370c0       ?ssgSaveTRI@@YAHPBDPAVssgEntity@@@Z 004380c0 f   ssg_vs2008_32:ssgSaveTRI.obj
 0001:00038430       ?ssgLoadOBJ@@YAPAVssgEntity@@PBDPBVssgLoaderOptions@@@Z 00439430 f   ssg_vs2008_32:ssgLoadOBJ.obj
 0001:000388c0       ?ssgSaveOBJ@@YAHPBDPAVssgEntity@@@Z 004398c0 f   ssg_vs2008_32:ssgSaveOBJ.obj
 0001:00038970       ?sgScaleVec4@@YAXQAMM@Z    00439970 f i ssg_vs2008_32:ssgLoadDXF.obj
 0001:000389a0       ?add@ssgNormalArray@@QAEXQAM@Z 004399a0 f i ssg_vs2008_32:ssgLoadAC.obj
 0001:000389a0       ?add@ssgSimpleStateList@@QAEXPAPAVssgSimpleState@@@Z 004399a0 f i ssg_vs2008_32:ssgLoadX.obj
 0001:000389a0       ?add@ssgTexCoordArray@@QAEXQAM@Z 004399a0 f i ssg_vs2008_32:ssgLoadAC.obj
 0001:000389a0       ?add@ssgVertexArray@@QAEXQAM@Z 004399a0 f i ssg_vs2008_32:ssgLoadAC.obj
 0001:000389a0       ?add@dxfVertArray@@QAEXPBVdxfVert@@@Z 004399a0 f i ssg_vs2008_32:ssgLoadDXF.obj
 0001:000389d0       ?isEqual@dxfVert@@QAEHPAV1@@Z 004399d0 f   ssg_vs2008_32:ssgLoadDXF.obj
 0001:00039ea0       ?ssgLoadDXF@@YAPAVssgEntity@@PBDPBVssgLoaderOptions@@@Z 0043aea0 f   ssg_vs2008_32:ssgLoadDXF.obj
 0001:0003a4a0       ?ssgSaveDXF@@YAHPBDPAVssgEntity@@@Z 0043b4a0 f   ssg_vs2008_32:ssgSaveDXF.obj
 0001:0003b360       ?ssgLoadDOF@@YAPAVssgEntity@@PBDPBVssgLoaderOptions@@@Z 0043c360 f   ssg_vs2008_32:ssgLoadDOF.obj
 0001:0003b520       ?sgSubVec3@@YAXQAMQBM@Z    0043c520 f i ssg_vs2008_32:ssgLoadASE.obj
 0001:0003b550       ?setNum@ssgSimpleList@@QAEXI@Z 0043c550 f i ssg_vs2008_32:ssgLoadASE.obj
 0001:0003b590       ??0aseMesh@@QAE@XZ         0043c590 f   ssg_vs2008_32:ssgLoadASE.obj
 0001:0003b5b0       ??1aseMesh@@QAE@XZ         0043c5b0 f   ssg_vs2008_32:ssgLoadASE.obj
 0001:0003b5e0       ??0aseObject@@QAE@W4Type@0@@Z 0043c5e0 f   ssg_vs2008_32:ssgLoadASE.obj
 0001:0003e270       ??1aseObject@@QAE@XZ       0043f270 f   ssg_vs2008_32:ssgLoadASE.obj
 0001:0003f190       ?ssgLoadASE@@YAPAVssgEntity@@PBDPBVssgLoaderOptions@@@Z 00440190 f   ssg_vs2008_32:ssgLoadASE.obj
 0001:0003fca0       ?ssgSaveASE@@YAHPAU_iobuf@@PAVssgEntity@@@Z 00440ca0 f   ssg_vs2008_32:ssgSaveASE.obj
 0001:0003fda0       ?ssgSaveASE@@YAHPBDPAVssgEntity@@@Z 00440da0 f   ssg_vs2008_32:ssgSaveASE.obj
 0001:00040280       ?ssgSaveAC@@YAHPBDPAVssgEntity@@@Z 00441280 f   ssg_vs2008_32:ssgSaveAC.obj
 0001:000420e0       ?ssgLoad3ds@@YAPAVssgEntity@@PBDPBVssgLoaderOptions@@@Z 004430e0 f   ssg_vs2008_32:ssgLoad3ds.obj
 0001:00042700       ?size@_ssgSave3dsData@@QAEIXZ 00443700 f i ssg_vs2008_32:ssgSave3ds.obj
 0001:00042720       ?write@_ssgSave3dsData@@QAEXXZ 00443720 f i ssg_vs2008_32:ssgSave3ds.obj
 0001:00042750       ??_G_ssgSave3dsData@@QAEPAXI@Z 00443750 f i ssg_vs2008_32:ssgSave3ds.obj
 0001:00042790       ??1_ssgSave3dsChunk@@QAE@XZ 00443790 f i ssg_vs2008_32:ssgSave3ds.obj
 0001:000427f0       ?addKid@_ssgSave3dsChunk@@QAEXPAV1@@Z 004437f0 f i ssg_vs2008_32:ssgSave3ds.obj
 0001:00042810       ?size@_ssgSave3dsChunk@@QAEIXZ 00443810 f i ssg_vs2008_32:ssgSave3ds.obj
 0001:00042860       ?write@_ssgSave3dsChunk@@QAEXXZ 00443860 f i ssg_vs2008_32:ssgSave3ds.obj
 0001:00043940       ?ssgSave3ds@@YAHPBDPAVssgEntity@@@Z 00444940 f   ssg_vs2008_32:ssgSave3ds.obj
 0001:00043ac0       ??0_ssgBaseList@@QAE@XZ    00444ac0 f i ssg_vs2008_32:ssgLoadSSG.obj
 0001:00043b30       ??_E_ssgBaseList@@UAEPAXI@Z 00444b30 f i ssg_vs2008_32:ssgLoadSSG.obj
 0001:00043b30       ??_G_ssgBaseList@@UAEPAXI@Z 00444b30 f i ssg_vs2008_32:ssgLoadSSG.obj
 0001:00043b60       ?_ssgLoadObject@@YAHPAU_iobuf@@PAPAVssgBase@@H@Z 00444b60 f   ssg_vs2008_32:ssgLoadSSG.obj
 0001:00043ce0       ?_ssgSaveObject@@YAHPAU_iobuf@@PAVssgBase@@@Z 00444ce0 f   ssg_vs2008_32:ssgLoadSSG.obj
 0001:00043da0       ?ssgLoadSSG@@YAPAVssgEntity@@PBDPBVssgLoaderOptions@@@Z 00444da0 f   ssg_vs2008_32:ssgLoadSSG.obj
 0001:00043fe0       ?ssgSaveSSG@@YAHPBDPAVssgEntity@@@Z 00444fe0 f   ssg_vs2008_32:ssgLoadSSG.obj
 0001:00044100       ?_ssgSetTweenState@@YAXMH@Z 00445100 f   ssg_vs2008_32:ssgDList.obj
 0001:00044150       ?_ssgPopMatrix@@YAXXZ      00445150 f   ssg_vs2008_32:ssgDList.obj
 0001:000441a0       ?_ssgLoadTexMatrix@@YAXQAY03M@Z 004451a0 f   ssg_vs2008_32:ssgDList.obj
 0001:00044220       ?_ssgUnloadTexMatrix@@YAXXZ 00445220 f   ssg_vs2008_32:ssgDList.obj
 0001:00044280       ?_ssgLoadMatrix@@YAXQAY03M@Z 00445280 f   ssg_vs2008_32:ssgDList.obj
 0001:000442f0       ?_ssgDrawLeaf@@YAXPAVssgLeaf@@@Z 004452f0 f   ssg_vs2008_32:ssgDList.obj
 0001:00044330       ?_ssgPushMatrix@@YAXQAY03M@Z 00445330 f   ssg_vs2008_32:ssgDList.obj
 0001:000443a0       ?preApply@ssgState@@IAEXXZ 004453a0 f   ssg_vs2008_32:ssgState.obj
 0001:000443d0       ?preDraw@ssgState@@IAEXXZ  004453d0 f   ssg_vs2008_32:ssgState.obj
 0001:000443f0       ?copy_from@ssgState@@UAEXPAV1@H@Z 004453f0 f   ssg_vs2008_32:ssgState.obj
 0001:00044440       ??0ssgState@@QAE@XZ        00445440 f   ssg_vs2008_32:ssgState.obj
 0001:00044470       ??1ssgState@@UAE@XZ        00445470 f   ssg_vs2008_32:ssgState.obj
 0001:00044490       ?print@ssgState@@UAEXPAU_iobuf@@PADH@Z 00445490 f   ssg_vs2008_32:ssgState.obj
 0001:000444f0       ?load@ssgState@@UAEHPAU_iobuf@@@Z 004454f0 f   ssg_vs2008_32:ssgState.obj
 0001:00044530       ?save@ssgState@@UAEHPAU_iobuf@@@Z 00445530 f   ssg_vs2008_32:ssgState.obj
 0001:00044560       ??_EssgState@@UAEPAXI@Z    00445560 f i ssg_vs2008_32:ssgState.obj
 0001:00044560       ??_GssgState@@UAEPAXI@Z    00445560 f i ssg_vs2008_32:ssgState.obj
 0001:00044580       ?copy_from@ssgVTable@@MAEXPAV1@H@Z 00445580 f   ssg_vs2008_32:ssgVTable.obj
 0001:00044670       ??1ssgVTable@@UAE@XZ       00445670 f   ssg_vs2008_32:ssgVTable.obj
 0001:00044680       ?getCallback@ssgLeaf@@UAEP6AHPAVssgEntity@@@ZH@Z 00445680 f i ssg_vs2008_32:ssgVTable.obj
 0001:000446a0       ?setCallback@ssgLeaf@@UAEXHP6AHPAVssgEntity@@@Z@Z 004456a0 f i ssg_vs2008_32:ssgVTable.obj
 0001:000446c0       ?setPrimitiveType@ssgLeaf@@UAEXI@Z 004456c0 f i ssg_vs2008_32:ssgVTable.obj
 0001:000446d0       ?getPrimitiveType@ssgLeaf@@UAEIXZ 004456d0 f i ssg_vs2008_32:ssgVTable.obj
 0001:000446e0       ?getNumVertices@ssgVTable@@UAEHXZ 004456e0 f i ssg_vs2008_32:ssgVTable.obj
 0001:000446f0       ?getNumColours@ssgVTable@@UAEHXZ 004456f0 f i ssg_vs2008_32:ssgVTable.obj
 0001:00044700       ?getNumTexCoords@ssgVTable@@UAEHXZ 00445700 f i ssg_vs2008_32:ssgVTable.obj
 0001:00044710       ?getVertex@ssgVTable@@UAEPAMH@Z 00445710 f i ssg_vs2008_32:ssgVTable.obj
 0001:00044760       ?getColour@ssgVTable@@UAEPAMH@Z 00445760 f i ssg_vs2008_32:ssgVTable.obj
 0001:000447a0       ?getNormal@ssgVTable@@UAEPAMH@Z 004457a0 f i ssg_vs2008_32:ssgVTable.obj
 0001:000447f0       ?getTexCoord@ssgVTable@@UAEPAMH@Z 004457f0 f i ssg_vs2008_32:ssgVTable.obj
 0001:00044840       ?getTriangle@ssgVTable@@UAEXHPAF00@Z 00445840 f   ssg_vs2008_32:ssgVTable.obj
 0001:00044900       ?getNumTriangles@ssgVTable@@UAEHXZ 00445900 f   ssg_vs2008_32:ssgVTable.obj
 0001:000449a0       ?transform@ssgVTable@@UAEXQAY03$$CBM@Z 004459a0 f   ssg_vs2008_32:ssgVTable.obj
 0001:00044a20       ?recalcBSphere@ssgVTable@@UAEXXZ 00445a20 f   ssg_vs2008_32:ssgVTable.obj
 0001:00044ad0       ?draw@ssgVTable@@UAEXXZ    00445ad0 f   ssg_vs2008_32:ssgVTable.obj
 0001:00044b40       ?drawHighlight@ssgVTable@@UAEXQAMH@Z 00445b40 f   ssg_vs2008_32:ssgVTable.obj
 0001:00044b50       ?drawHighlight@ssgVTable@@UAEXQAM@Z 00445b50 f   ssg_vs2008_32:ssgVTable.obj
 0001:00044b60       ?pick@ssgVTable@@UAEXH@Z   00445b60 f   ssg_vs2008_32:ssgVTable.obj
 0001:00044cd0       ?draw_geometry@ssgVTable@@MAEXXZ 00445cd0 f   ssg_vs2008_32:ssgVTable.obj
 0001:00044f00       ?hot_triangles@ssgVtxTable@@UAEXQAMQAY03MH@Z 00445f00 f   ssg_vs2008_32:ssgVtxTable.obj
 0001:00044f00       ?hot_triangles@ssgVTable@@UAEXQAMQAY03MH@Z 00445f00 f   ssg_vs2008_32:ssgVTable.obj
 0001:00045350       ?print@ssgVTable@@UAEXPAU_iobuf@@PADH@Z 00446350 f   ssg_vs2008_32:ssgVTable.obj
 0001:00045360       ?load@ssgVTable@@UAEHPAU_iobuf@@@Z 00446360 f   ssg_vs2008_32:ssgVTable.obj
 0001:000456c0       ?save@ssgVTable@@UAEHPAU_iobuf@@@Z 004466c0 f   ssg_vs2008_32:ssgVTable.obj
 0001:000458d0       ??0ssgVTable@@QAE@XZ       004468d0 f   ssg_vs2008_32:ssgVTable.obj
 0001:00045960       ??_GssgVTable@@UAEPAXI@Z   00446960 f i ssg_vs2008_32:ssgVTable.obj
 0001:00045960       ??_EssgVTable@@UAEPAXI@Z   00446960 f i ssg_vs2008_32:ssgVTable.obj
 0001:00045980       ?clone@ssgVTable@@UAEPAVssgBase@@H@Z 00446980 f   ssg_vs2008_32:ssgVTable.obj
 0001:000459f0       ?setVertices@ssgVtxTable@@UAEXPAVssgVertexArray@@@Z 004469f0 f   ssg_vs2008_32:ssgVtxTable.obj
 0001:00045a20       ?setNormals@ssgVtxTable@@UAEXPAVssgNormalArray@@@Z 00446a20 f   ssg_vs2008_32:ssgVtxTable.obj
 0001:00045a50       ?setTexCoords@ssgVtxTable@@UAEXPAVssgTexCoordArray@@@Z 00446a50 f   ssg_vs2008_32:ssgVtxTable.obj
 0001:00045a80       ?setColours@ssgVtxTable@@UAEXPAVssgColourArray@@@Z 00446a80 f   ssg_vs2008_32:ssgVtxTable.obj
 0001:00045ab0       ??1ssgVtxTable@@UAE@XZ     00446ab0 f   ssg_vs2008_32:ssgVtxTable.obj
 0001:00045b30       ?getNumVertices@ssgVtxTable@@UAEHXZ 00446b30 f i ssg_vs2008_32:ssgVtxTable.obj
 0001:00045b40       ?getNumNormals@ssgVtxTable@@UAEHXZ 00446b40 f i ssg_vs2008_32:ssgVtxTable.obj
 0001:00045b50       ?getNumColours@ssgVtxTable@@UAEHXZ 00446b50 f i ssg_vs2008_32:ssgVtxTable.obj
 0001:00045b60       ?getNumTexCoords@ssgVtxTable@@UAEHXZ 00446b60 f i ssg_vs2008_32:ssgVtxTable.obj
 0001:00045b70       ?getVertex@ssgVtxTable@@UAEPAMH@Z 00446b70 f i ssg_vs2008_32:ssgVtxTable.obj
 0001:00045bc0       ?getNormal@ssgVtxTable@@UAEPAMH@Z 00446bc0 f i ssg_vs2008_32:ssgVtxTable.obj
 0001:00045c10       ?getTexCoord@ssgVtxTable@@UAEPAMH@Z 00446c10 f i ssg_vs2008_32:ssgVtxTable.obj
 0001:00045c60       ?getColour@ssgVtxTable@@UAEPAMH@Z 00446c60 f i ssg_vs2008_32:ssgVtxTable.obj
 0001:00045cb0       ?getTriangle@ssgVtxTable@@UAEXHPAF00@Z 00446cb0 f   ssg_vs2008_32:ssgVtxTable.obj
 0001:00045d90       ?getNumTriangles@ssgVtxTable@@UAEHXZ 00446d90 f   ssg_vs2008_32:ssgVtxTable.obj
 0001:00045e40       ?getNumLines@ssgVtxTable@@UAEHXZ 00446e40 f   ssg_vs2008_32:ssgVtxTable.obj
 0001:00045e40       ?getNumLines@ssgVTable@@UAEHXZ 00446e40 f   ssg_vs2008_32:ssgVTable.obj
 0001:00045eb0       ?getLine@ssgVTable@@UAEXHPAF0@Z 00446eb0 f   ssg_vs2008_32:ssgVTable.obj
 0001:00045eb0       ?getLine@ssgVtxTable@@UAEXHPAF0@Z 00446eb0 f   ssg_vs2008_32:ssgVtxTable.obj
 0001:00045f50       ?transform@ssgVtxTable@@UAEXQAY03$$CBM@Z 00446f50 f   ssg_vs2008_32:ssgVtxTable.obj
 0001:00046210       ?recalcBSphere@ssgVtxTable@@UAEXXZ 00447210 f   ssg_vs2008_32:ssgVtxTable.obj
 0001:000462a0       ?drawHighlight@ssgVtxTable@@UAEXQAM@Z 004472a0 f   ssg_vs2008_32:ssgVtxTable.obj
 0001:00046330       ?drawHighlight@ssgVtxTable@@UAEXQAMH@Z 00447330 f   ssg_vs2008_32:ssgVtxTable.obj
 0001:00046490       ?draw@ssgVtxTable@@UAEXXZ  00447490 f   ssg_vs2008_32:ssgVtxTable.obj
 0001:00046500       ?pick@ssgVtxTable@@UAEXH@Z 00447500 f   ssg_vs2008_32:ssgVtxTable.obj
 0001:000465b0       ?draw_geometry@ssgVtxTable@@MAEXXZ 004475b0 f   ssg_vs2008_32:ssgVtxTable.obj
 0001:00046740       ?los_triangles@ssgVtxTable@@UAEXQAMQAY03MH@Z 00447740 f   ssg_vs2008_32:ssgVtxTable.obj
 0001:00046740       ?los_triangles@ssgVTable@@UAEXQAMQAY03MH@Z 00447740 f   ssg_vs2008_32:ssgVTable.obj
 0001:00046a60       ?isect_triangles@ssgVTable@@UAEXPAVsgSphere@@QAY03MH@Z 00447a60 f   ssg_vs2008_32:ssgVTable.obj
 0001:00046a60       ?isect_triangles@ssgVtxTable@@UAEXPAVsgSphere@@QAY03MH@Z 00447a60 f   ssg_vs2008_32:ssgVtxTable.obj
 0001:00046ec0       ?print@ssgVtxTable@@UAEXPAU_iobuf@@PADH@Z 00447ec0 f   ssg_vs2008_32:ssgVtxTable.obj
 0001:00046fd0       ?load@ssgVtxTable@@UAEHPAU_iobuf@@@Z 00447fd0 f   ssg_vs2008_32:ssgVtxTable.obj
 0001:000470f0       ?save@ssgVtxTable@@UAEHPAU_iobuf@@@Z 004480f0 f   ssg_vs2008_32:ssgVtxTable.obj
 0001:00047190       ??0ssgVtxTable@@QAE@XZ     00448190 f   ssg_vs2008_32:ssgVtxTable.obj
 0001:000471f0       ??_EssgVtxTable@@UAEPAXI@Z 004481f0 f i ssg_vs2008_32:ssgVtxTable.obj
 0001:000471f0       ??_GssgVtxTable@@UAEPAXI@Z 004481f0 f i ssg_vs2008_32:ssgVtxTable.obj
 0001:00047210       ??0ssgVtxTable@@QAE@IPAVssgVertexArray@@PAVssgNormalArray@@PAVssgTexCoordArray@@PAVssgColourArray@@@Z 00448210 f   ssg_vs2008_32:ssgVtxTable.obj
 0001:00047490       ?clone@ssgVtxTable@@UAEPAVssgBase@@H@Z 00448490 f   ssg_vs2008_32:ssgVtxTable.obj
 0001:00047500       ?copy_from@ssgVtxArray@@MAEXPAV1@H@Z 00448500 f   ssg_vs2008_32:ssgVtxArray.obj
 0001:00047560       ??0ssgVtxArray@@QAE@XZ     00448560 f   ssg_vs2008_32:ssgVtxArray.obj
 0001:00047590       ??0ssgVtxArray@@QAE@IPAVssgVertexArray@@PAVssgNormalArray@@PAVssgTexCoordArray@@PAVssgColourArray@@PAVssgIndexArray@@@Z 00448590 f   ssg_vs2008_32:ssgVtxArray.obj
 0001:00047680       ??1ssgVtxArray@@UAE@XZ     00448680 f   ssg_vs2008_32:ssgVtxArray.obj
 0001:000476e0       ?drawHighlight@ssgVtxArray@@UAEXQAM@Z 004486e0 f   ssg_vs2008_32:ssgVtxArray.obj
 0001:000477a0       ?drawHighlight@ssgVtxArray@@UAEXQAMH@Z 004487a0 f   ssg_vs2008_32:ssgVtxArray.obj
 0001:00047920       ?pick@ssgVtxArray@@UAEXH@Z 00448920 f   ssg_vs2008_32:ssgVtxArray.obj
 0001:00047a10       ?removeUnusedVertices@ssgVtxArray@@QAEXXZ 00448a10 f   ssg_vs2008_32:ssgVtxArray.obj
 0001:00047f50       ?draw_geometry@ssgVtxArray@@MAEXXZ 00448f50 f   ssg_vs2008_32:ssgVtxArray.obj
 0001:000480f0       ?getTriangle@ssgVtxArray@@UAEXHPAF00@Z 004490f0 f   ssg_vs2008_32:ssgVtxArray.obj
 0001:000481a0       ?getNumTriangles@ssgVtxArray@@UAEHXZ 004491a0 f   ssg_vs2008_32:ssgVtxArray.obj
 0001:00048240       ?getNumLines@ssgVtxArray@@UAEHXZ 00449240 f   ssg_vs2008_32:ssgVtxArray.obj
 0001:000482b0       ?getLine@ssgVtxArray@@UAEXHPAF0@Z 004492b0 f   ssg_vs2008_32:ssgVtxArray.obj
 0001:00048410       ?print@ssgVtxArray@@UAEXPAU_iobuf@@PADH@Z 00449410 f   ssg_vs2008_32:ssgVtxArray.obj
 0001:00048470       ?load@ssgVtxArray@@UAEHPAU_iobuf@@@Z 00449470 f   ssg_vs2008_32:ssgVtxArray.obj
 0001:000484c0       ?save@ssgVtxArray@@UAEHPAU_iobuf@@@Z 004494c0 f   ssg_vs2008_32:ssgVtxArray.obj
 0001:00048500       ?clone@ssgVtxArray@@UAEPAVssgBase@@H@Z 00449500 f   ssg_vs2008_32:ssgVtxArray.obj
 0001:00048570       ??_EssgVtxArray@@UAEPAXI@Z 00449570 f i ssg_vs2008_32:ssgVtxArray.obj
 0001:00048570       ??_GssgVtxArray@@UAEPAXI@Z 00449570 f i ssg_vs2008_32:ssgVtxArray.obj
 0001:00048590       ?getTypeName@ssgTween@@UAEPBDXZ 00449590 f   ssg_vs2008_32:ssgTween.obj
 0001:000485a0       ?_ssgGetCurrentTweenMode@@YAHXZ 004495a0 f   ssg_vs2008_32:ssgTween.obj
 0001:000485b0       ?_ssgGetCurrentTweenState@@YAMXZ 004495b0 f   ssg_vs2008_32:ssgTween.obj
 0001:000485c0       ?_ssgSetRealCurrentTweenSettings@@YAXMH@Z 004495c0 f   ssg_vs2008_32:ssgTween.obj
 0001:000485e0       ?copy_from@ssgTween@@EAEXPAV1@H@Z 004495e0 f   ssg_vs2008_32:ssgTween.obj
 0001:000485e0       ?copy_from@ssgVtxTable@@MAEXPAV1@H@Z 004495e0 f   ssg_vs2008_32:ssgVtxTable.obj
 0001:000486d0       ?init@ssgTween@@AAEXXZ     004496d0 f   ssg_vs2008_32:ssgTween.obj
 0001:00048a10       ??0ssgTween@@QAE@XZ        00449a10 f   ssg_vs2008_32:ssgTween.obj
 0001:00048a60       ?setBank@ssgTween@@QAEXH@Z 00449a60 f   ssg_vs2008_32:ssgTween.obj
 0001:00048b00       ?setVertices@ssgTween@@UAEXPAVssgVertexArray@@@Z 00449b00 f   ssg_vs2008_32:ssgTween.obj
 0001:00048b40       ?setNormals@ssgTween@@UAEXPAVssgNormalArray@@@Z 00449b40 f   ssg_vs2008_32:ssgTween.obj
 0001:00048b80       ?setTexCoords@ssgTween@@UAEXPAVssgTexCoordArray@@@Z 00449b80 f   ssg_vs2008_32:ssgTween.obj
 0001:00048bc0       ?setColours@ssgTween@@UAEXPAVssgColourArray@@@Z 00449bc0 f   ssg_vs2008_32:ssgTween.obj
 0001:00048c00       ??1ssgTween@@UAE@XZ        00449c00 f   ssg_vs2008_32:ssgTween.obj
 0001:00048da0       ?recalcBSphere@ssgTween@@UAEXXZ 00449da0 f   ssg_vs2008_32:ssgTween.obj
 0001:00048e60       ?draw@ssgTween@@UAEXXZ     00449e60 f   ssg_vs2008_32:ssgTween.obj
 0001:00049b50       ?transform@ssgTween@@UAEXQAY03$$CBM@Z 0044ab50 f   ssg_vs2008_32:ssgTween.obj
 0001:00049c00       ?save@ssgTween@@UAEHPAU_iobuf@@@Z 0044ac00 f   ssg_vs2008_32:ssgTween.obj
 0001:00049cd0       ?print@ssgTween@@UAEXPAU_iobuf@@PADH@Z 0044acd0 f   ssg_vs2008_32:ssgTween.obj
 0001:00049d60       ?_ssgSetCurrentTweenSettings@@YAXMH@Z 0044ad60 f   ssg_vs2008_32:ssgTween.obj
 0001:00049d90       ?clone@ssgTween@@UAEPAVssgBase@@H@Z 0044ad90 f   ssg_vs2008_32:ssgTween.obj
 0001:00049e00       ??_EssgTween@@UAEPAXI@Z    0044ae00 f i ssg_vs2008_32:ssgTween.obj
 0001:00049e00       ??_GssgTween@@UAEPAXI@Z    0044ae00 f i ssg_vs2008_32:ssgTween.obj
 0001:00049e20       ?newBank@ssgTween@@QAEHPAVssgVertexArray@@PAVssgNormalArray@@PAVssgTexCoordArray@@PAVssgColourArray@@@Z 0044ae20 f   ssg_vs2008_32:ssgTween.obj
 0001:00049f40       ?load@ssgTween@@UAEHPAU_iobuf@@@Z 0044af40 f   ssg_vs2008_32:ssgTween.obj
 0001:0004a080       ??0ssgTransform@@QAE@XZ    0044b080 f   ssg_vs2008_32:ssgTransform.obj
 0001:0004a0a0       ??1ssgTransform@@UAE@XZ    0044b0a0 f   ssg_vs2008_32:ssgTransform.obj
 0001:0004a0b0       ?recalcBSphere@ssgTransform@@UAEXXZ 0044b0b0 f   ssg_vs2008_32:ssgTransform.obj
 0001:0004a0e0       ?cull@ssgTransform@@UAEXPAVsgFrustum@@QAY03MH@Z 0044b0e0 f   ssg_vs2008_32:ssgTransform.obj
 0001:0004a1c0       ?hot@ssgTransform@@UAEXQAMQAY03MH@Z 0044b1c0 f   ssg_vs2008_32:ssgTransform.obj
 0001:0004a280       ?los@ssgTransform@@UAEXQAMQAY03MH@Z 0044b280 f   ssg_vs2008_32:ssgTransform.obj
 0001:0004a340       ?isect@ssgTransform@@UAEXPAVsgSphere@@QAY03MH@Z 0044b340 f   ssg_vs2008_32:ssgTransform.obj
 0001:0004a400       ?setTransform@ssgTransform@@UAEXQAM@Z 0044b400 f   ssg_vs2008_32:ssgTransform.obj
 0001:0004a430       ?setTransform@ssgTransform@@UAEXPAUsgCoord@@@Z 0044b430 f   ssg_vs2008_32:ssgTransform.obj
 0001:0004a490       ?setTransform@ssgTransform@@UAEXPAUsgCoord@@MMM@Z 0044b490 f   ssg_vs2008_32:ssgTransform.obj
 0001:0004a560       ?getNetTransform@ssgTransform@@UAEXQAY03M@Z 0044b560 f   ssg_vs2008_32:ssgTransform.obj
 0001:0004a5b0       ?getLastNetTransform@ssgTransform@@UAEXQAY03M@Z 0044b5b0 f   ssg_vs2008_32:ssgTransform.obj
 0001:0004a650       ?clone@ssgTransform@@UAEPAVssgBase@@H@Z 0044b650 f   ssg_vs2008_32:ssgTransform.obj
 0001:0004a6c0       ??_EssgTransform@@UAEPAXI@Z 0044b6c0 f i ssg_vs2008_32:ssgTransform.obj
 0001:0004a6c0       ??_GssgTransform@@UAEPAXI@Z 0044b6c0 f i ssg_vs2008_32:ssgTransform.obj
 0001:0004a6e0       ?setTransform@ssgTransform@@UAEXQAY03M@Z 0044b6e0 f   ssg_vs2008_32:ssgTransform.obj
 0001:0004a7d0       ?copy_from@ssgTransform@@MAEXPAV1@H@Z 0044b7d0 f   ssg_vs2008_32:ssgTransform.obj
 0001:0004a7d0       ?copy_from@ssgTexTrans@@MAEXPAV1@H@Z 0044b7d0 f   ssg_vs2008_32:ssgTexTrans.obj
 0001:0004a7e0       ??0ssgTexTrans@@QAE@XZ     0044b7e0 f   ssg_vs2008_32:ssgTexTrans.obj
 0001:0004a800       ??1ssgTexTrans@@UAE@XZ     0044b800 f   ssg_vs2008_32:ssgTexTrans.obj
 0001:0004a810       ?setTransform@ssgTexTrans@@UAEXQAM@Z 0044b810 f   ssg_vs2008_32:ssgTexTrans.obj
 0001:0004a830       ?setTransform@ssgTexTrans@@UAEXPAUsgCoord@@MMM@Z 0044b830 f   ssg_vs2008_32:ssgTexTrans.obj
 0001:0004a8e0       ?setTransform@ssgTexTrans@@UAEXPAUsgCoord@@@Z 0044b8e0 f   ssg_vs2008_32:ssgTexTrans.obj
 0001:0004a920       ?setTransform@ssgTexTrans@@UAEXQAY03M@Z 0044b920 f   ssg_vs2008_32:ssgTexTrans.obj
 0001:0004a940       ?cull@ssgTexTrans@@UAEXPAVsgFrustum@@QAY03MH@Z 0044b940 f   ssg_vs2008_32:ssgTexTrans.obj
 0001:0004aa20       ?load@ssgTransform@@UAEHPAU_iobuf@@@Z 0044ba20 f   ssg_vs2008_32:ssgTransform.obj
 0001:0004aa20       ?load@ssgTexTrans@@UAEHPAU_iobuf@@@Z 0044ba20 f   ssg_vs2008_32:ssgTexTrans.obj
 0001:0004aa30       ?save@ssgTransform@@UAEHPAU_iobuf@@@Z 0044ba30 f   ssg_vs2008_32:ssgTransform.obj
 0001:0004aa30       ?save@ssgTexTrans@@UAEHPAU_iobuf@@@Z 0044ba30 f   ssg_vs2008_32:ssgTexTrans.obj
 0001:0004aa40       ?clone@ssgTexTrans@@UAEPAVssgBase@@H@Z 0044ba40 f   ssg_vs2008_32:ssgTexTrans.obj
 0001:0004aab0       ??_EssgTexTrans@@UAEPAXI@Z 0044bab0 f i ssg_vs2008_32:ssgTexTrans.obj
 0001:0004aab0       ??_GssgTexTrans@@UAEPAXI@Z 0044bab0 f i ssg_vs2008_32:ssgTexTrans.obj
 0001:0004aad0       ?getTypeName@ssgAnimTransform@@UAEPBDXZ 0044bad0 f   ssg_vs2008_32:ssgAnimTransform.obj
 0001:0004aae0       ?copy_from@ssgAnimTransform@@MAEXPAV1@H@Z 0044bae0 f   ssg_vs2008_32:ssgAnimTransform.obj
 0001:0004ab10       ??0ssgAnimTransform@@QAE@XZ 0044bb10 f   ssg_vs2008_32:ssgAnimTransform.obj
 0001:0004abd0       ??1ssgAnimTransform@@UAE@XZ 0044bbd0 f   ssg_vs2008_32:ssgAnimTransform.obj
 0001:0004ac30       ?cull@ssgAnimTransform@@UAEXPAVsgFrustum@@QAY03MH@Z 0044bc30 f   ssg_vs2008_32:ssgAnimTransform.obj
 0001:0004add0       ?load@ssgAnimTransform@@UAEHPAU_iobuf@@@Z 0044bdd0 f   ssg_vs2008_32:ssgAnimTransform.obj
 0001:0004ae20       ?save@ssgAnimTransform@@UAEHPAU_iobuf@@@Z 0044be20 f   ssg_vs2008_32:ssgAnimTransform.obj
 0001:0004ae70       ?print@ssgAnimTransform@@UAEXPAU_iobuf@@PADH@Z 0044be70 f   ssg_vs2008_32:ssgAnimTransform.obj
 0001:0004aee0       ?clone@ssgAnimTransform@@UAEPAVssgBase@@H@Z 0044bee0 f   ssg_vs2008_32:ssgAnimTransform.obj
 0001:0004af50       ??_GssgAnimTransform@@UAEPAXI@Z 0044bf50 f i ssg_vs2008_32:ssgAnimTransform.obj
 0001:0004af50       ??_EssgAnimTransform@@UAEPAXI@Z 0044bf50 f i ssg_vs2008_32:ssgAnimTransform.obj
 0001:0004af70       ?copy_from@ssgAxisTransform@@MAEXPAV1@H@Z 0044bf70 f   ssg_vs2008_32:ssgAxisTransform.obj
 0001:0004aff0       ??0ssgAxisTransform@@QAE@XZ 0044bff0 f   ssg_vs2008_32:ssgAxisTransform.obj
 0001:0004b030       ??1ssgAxisTransform@@UAE@XZ 0044c030 f   ssg_vs2008_32:ssgAxisTransform.obj
 0001:0004b040       ?setAxis@ssgAxisTransform@@UAEXQAM@Z 0044c040 f   ssg_vs2008_32:ssgAxisTransform.obj
 0001:0004b070       ?getAxis@ssgAxisTransform@@UAEPAMXZ 0044c070 f   ssg_vs2008_32:ssgAxisTransform.obj
 0001:0004b080       ?setCenter@ssgAxisTransform@@UAEXQAM@Z 0044c080 f   ssg_vs2008_32:ssgAxisTransform.obj
 0001:0004b0b0       ?getCenter@ssgAxisTransform@@UAEPAMXZ 0044c0b0 f   ssg_vs2008_32:ssgAxisTransform.obj
 0001:0004b0c0       ?setRotation@ssgAxisTransform@@UAEXM@Z 0044c0c0 f   ssg_vs2008_32:ssgAxisTransform.obj
 0001:0004b170       ?setRotationLimits@ssgAxisTransform@@UAEXMM@Z 0044c170 f   ssg_vs2008_32:ssgAxisTransform.obj
 0001:0004b190       ?setLinearRotation@ssgAxisTransform@@UAEXM@Z 0044c190 f   ssg_vs2008_32:ssgAxisTransform.obj
 0001:0004b1c0       ?load@ssgAxisTransform@@UAEHPAU_iobuf@@@Z 0044c1c0 f   ssg_vs2008_32:ssgAxisTransform.obj
 0001:0004b210       ?save@ssgAxisTransform@@UAEHPAU_iobuf@@@Z 0044c210 f   ssg_vs2008_32:ssgAxisTransform.obj
 0001:0004b270       ?clone@ssgAxisTransform@@UAEPAVssgBase@@H@Z 0044c270 f   ssg_vs2008_32:ssgAxisTransform.obj
 0001:0004b2e0       ??_EssgAxisTransform@@UAEPAXI@Z 0044c2e0 f i ssg_vs2008_32:ssgAxisTransform.obj
 0001:0004b2e0       ??_GssgAxisTransform@@UAEPAXI@Z 0044c2e0 f i ssg_vs2008_32:ssgAxisTransform.obj
 0001:0004b300       ?copy_from@ssgSelector@@MAEXPAV1@H@Z 0044c300 f   ssg_vs2008_32:ssgSelector.obj
 0001:0004b340       ??0ssgSelector@@QAE@H@Z    0044c340 f   ssg_vs2008_32:ssgSelector.obj
 0001:0004b3b0       ??1ssgSelector@@UAE@XZ     0044c3b0 f   ssg_vs2008_32:ssgSelector.obj
 0001:0004b410       ?cull@ssgSelector@@UAEXPAVsgFrustum@@QAY03MH@Z 0044c410 f   ssg_vs2008_32:ssgSelector.obj
 0001:0004b4b0       ?hot@ssgSelector@@UAEXQAMQAY03MH@Z 0044c4b0 f   ssg_vs2008_32:ssgSelector.obj
 0001:0004b570       ?los@ssgSelector@@UAEXQAMQAY03MH@Z 0044c570 f   ssg_vs2008_32:ssgSelector.obj
 0001:0004b630       ?isect@ssgSelector@@UAEXPAVsgSphere@@QAY03MH@Z 0044c630 f   ssg_vs2008_32:ssgSelector.obj
 0001:0004b6f0       ?load@ssgSelector@@UAEHPAU_iobuf@@@Z 0044c6f0 f   ssg_vs2008_32:ssgSelector.obj
 0001:0004b750       ?save@ssgSelector@@UAEHPAU_iobuf@@@Z 0044c750 f   ssg_vs2008_32:ssgSelector.obj
 0001:0004b7a0       ?clone@ssgSelector@@UAEPAVssgBase@@H@Z 0044c7a0 f   ssg_vs2008_32:ssgSelector.obj
 0001:0004b810       ??_EssgSelector@@UAEPAXI@Z 0044c810 f i ssg_vs2008_32:ssgSelector.obj
 0001:0004b810       ??_GssgSelector@@UAEPAXI@Z 0044c810 f i ssg_vs2008_32:ssgSelector.obj
 0001:0004b830       ?copy_from@ssgRangeSelector@@MAEXPAV1@H@Z 0044c830 f   ssg_vs2008_32:ssgRangeSelector.obj
 0001:0004b8c0       ??0ssgRangeSelector@@QAE@XZ 0044c8c0 f   ssg_vs2008_32:ssgRangeSelector.obj
 0001:0004b9b0       ??1ssgRangeSelector@@UAE@XZ 0044c9b0 f   ssg_vs2008_32:ssgRangeSelector.obj
 0001:0004b9c0       ?cull@ssgRangeSelector@@UAEXPAVsgFrustum@@QAY03MH@Z 0044c9c0 f   ssg_vs2008_32:ssgRangeSelector.obj
 0001:0004bb30       ?hot@ssgRangeSelector@@UAEXQAMQAY03MH@Z 0044cb30 f   ssg_vs2008_32:ssgRangeSelector.obj
 0001:0004bbc0       ?los@ssgRangeSelector@@UAEXQAMQAY03MH@Z 0044cbc0 f   ssg_vs2008_32:ssgRangeSelector.obj
 0001:0004bc50       ?isect@ssgRangeSelector@@UAEXPAVsgSphere@@QAY03MH@Z 0044cc50 f   ssg_vs2008_32:ssgRangeSelector.obj
 0001:0004bce0       ?load@ssgRangeSelector@@UAEHPAU_iobuf@@@Z 0044cce0 f   ssg_vs2008_32:ssgRangeSelector.obj
 0001:0004bd10       ?save@ssgRangeSelector@@UAEHPAU_iobuf@@@Z 0044cd10 f   ssg_vs2008_32:ssgRangeSelector.obj
 0001:0004bd40       ?clone@ssgRangeSelector@@UAEPAVssgBase@@H@Z 0044cd40 f   ssg_vs2008_32:ssgRangeSelector.obj
 0001:0004bdb0       ??_GssgRangeSelector@@UAEPAXI@Z 0044cdb0 f i ssg_vs2008_32:ssgRangeSelector.obj
 0001:0004bdb0       ??_EssgRangeSelector@@UAEPAXI@Z 0044cdb0 f i ssg_vs2008_32:ssgRangeSelector.obj
 0001:0004bdd0       ?copy_from@ssgTimedSelector@@MAEXPAV1@H@Z 0044cdd0 f   ssg_vs2008_32:ssgAnimation.obj
 0001:0004bea0       ??0ssgTimedSelector@@QAE@H@Z 0044cea0 f   ssg_vs2008_32:ssgAnimation.obj
 0001:0004bff0       ?getStep@ssgTimedSelector@@QAEHXZ 0044cff0 f   ssg_vs2008_32:ssgAnimation.obj
 0001:0004c130       ??1ssgTimedSelector@@UAE@XZ 0044d130 f   ssg_vs2008_32:ssgAnimation.obj
 0001:0004c190       ?load@ssgTimedSelector@@UAEHPAU_iobuf@@@Z 0044d190 f   ssg_vs2008_32:ssgAnimation.obj
 0001:0004c240       ?save@ssgTimedSelector@@UAEHPAU_iobuf@@@Z 0044d240 f   ssg_vs2008_32:ssgAnimation.obj
 0001:0004c2c0       ?clone@ssgTimedSelector@@UAEPAVssgBase@@H@Z 0044d2c0 f   ssg_vs2008_32:ssgAnimation.obj
 0001:0004c330       ??_EssgTimedSelector@@UAEPAXI@Z 0044d330 f i ssg_vs2008_32:ssgAnimation.obj
 0001:0004c330       ??_GssgTimedSelector@@UAEPAXI@Z 0044d330 f i ssg_vs2008_32:ssgAnimation.obj
 0001:0004c350       ?cull@ssgTimedSelector@@UAEXPAVsgFrustum@@QAY03MH@Z 0044d350 f   ssg_vs2008_32:ssgAnimation.obj
 0001:0004c3a0       ?hot@ssgTimedSelector@@UAEXQAMQAY03MH@Z 0044d3a0 f   ssg_vs2008_32:ssgAnimation.obj
 0001:0004c3e0       ?los@ssgTimedSelector@@UAEXQAMQAY03MH@Z 0044d3e0 f   ssg_vs2008_32:ssgAnimation.obj
 0001:0004c420       ?isect@ssgTimedSelector@@UAEXPAVsgSphere@@QAY03MH@Z 0044d420 f   ssg_vs2008_32:ssgAnimation.obj
 0001:0004c460       ?getTypeName@ssgTweenController@@UAEPBDXZ 0044d460 f   ssg_vs2008_32:ssgTweenController.obj
 0001:0004c470       ?copy_from@ssgTweenController@@MAEXPAV1@H@Z 0044d470 f   ssg_vs2008_32:ssgTweenController.obj
 0001:0004c490       ??0ssgTweenController@@QAE@XZ 0044d490 f   ssg_vs2008_32:ssgTweenController.obj
 0001:0004c4b0       ??1ssgTweenController@@UAE@XZ 0044d4b0 f   ssg_vs2008_32:ssgTweenController.obj
 0001:0004c500       ?cull@ssgTweenController@@UAEXPAVsgFrustum@@QAY03MH@Z 0044d500 f   ssg_vs2008_32:ssgTweenController.obj
 0001:0004c560       ?load@ssgCutout@@UAEHPAU_iobuf@@@Z 0044d560 f   ssg_vs2008_32:ssgCutout.obj
 0001:0004c560       ?load@ssgTweenController@@UAEHPAU_iobuf@@@Z 0044d560 f   ssg_vs2008_32:ssgTweenController.obj
 0001:0004c590       ?save@ssgTweenController@@UAEHPAU_iobuf@@@Z 0044d590 f   ssg_vs2008_32:ssgTweenController.obj
 0001:0004c5c0       ?print@ssgTweenController@@UAEXPAU_iobuf@@PADH@Z 0044d5c0 f   ssg_vs2008_32:ssgTweenController.obj
 0001:0004c600       ?clone@ssgTweenController@@UAEPAVssgBase@@H@Z 0044d600 f   ssg_vs2008_32:ssgTweenController.obj
 0001:0004c670       ??_EssgTweenController@@UAEPAXI@Z 0044d670 f i ssg_vs2008_32:ssgTweenController.obj
 0001:0004c670       ??_GssgTweenController@@UAEPAXI@Z 0044d670 f i ssg_vs2008_32:ssgTweenController.obj
 0001:0004c690       ?copy_from@ssgCutout@@MAEXPAV1@H@Z 0044d690 f   ssg_vs2008_32:ssgCutout.obj
 0001:0004c6b0       ??0ssgCutout@@QAE@H@Z      0044d6b0 f   ssg_vs2008_32:ssgCutout.obj
 0001:0004c6e0       ??1ssgCutout@@UAE@XZ       0044d6e0 f   ssg_vs2008_32:ssgCutout.obj
 0001:0004c6f0       ?cull@ssgCutout@@UAEXPAVsgFrustum@@QAY03MH@Z 0044d6f0 f   ssg_vs2008_32:ssgCutout.obj
 0001:0004c840       ?hot@ssgCutout@@UAEXQAMQAY03MH@Z 0044d840 f   ssg_vs2008_32:ssgCutout.obj
 0001:0004c850       ?los@ssgCutout@@UAEXQAMQAY03MH@Z 0044d850 f   ssg_vs2008_32:ssgCutout.obj
 0001:0004c860       ?isect@ssgCutout@@UAEXPAVsgSphere@@QAY03MH@Z 0044d860 f   ssg_vs2008_32:ssgCutout.obj
 0001:0004c870       ?save@ssgCutout@@UAEHPAU_iobuf@@@Z 0044d870 f   ssg_vs2008_32:ssgCutout.obj
 0001:0004c8a0       ?clone@ssgCutout@@UAEPAVssgBase@@H@Z 0044d8a0 f   ssg_vs2008_32:ssgCutout.obj
 0001:0004c910       ??_EssgCutout@@UAEPAXI@Z   0044d910 f i ssg_vs2008_32:ssgCutout.obj
 0001:0004c910       ??_GssgCutout@@UAEPAXI@Z   0044d910 f i ssg_vs2008_32:ssgCutout.obj
 0001:0004c930       ??0ssgInvisible@@QAE@XZ    0044d930 f   ssg_vs2008_32:ssgInvisible.obj
 0001:0004c950       ??1ssgInvisible@@UAE@XZ    0044d950 f   ssg_vs2008_32:ssgInvisible.obj
 0001:0004c960       ?print@ssgListOfNodes@@UAEXPAU_iobuf@@PADH@Z 0044d960 f   ssg_vs2008_32:ssgLoadIV.obj
 0001:0004c960       ?print@ssgListOfLists@@UAEXPAU_iobuf@@PADH@Z 0044d960 f   ssg_vs2008_32:ssgLoaderWriterStuff.obj
 0001:0004c960       ?cull@ssgInvisible@@UAEXPAVsgFrustum@@QAY03MH@Z 0044d960 f   ssg_vs2008_32:ssgInvisible.obj
 0001:0004c960       ?print@ssgSimpleStateList@@UAEXPAU_iobuf@@PADH@Z 0044d960 f   ssg_vs2008_32:ssgLoadX.obj
 0001:0004c970       ?clone@ssgInvisible@@UAEPAVssgBase@@H@Z 0044d970 f   ssg_vs2008_32:ssgInvisible.obj
 0001:0004c9e0       ??_EssgInvisible@@UAEPAXI@Z 0044d9e0 f i ssg_vs2008_32:ssgInvisible.obj
 0001:0004c9e0       ??_GssgInvisible@@UAEPAXI@Z 0044d9e0 f i ssg_vs2008_32:ssgInvisible.obj
 0001:0004ca00       ??0ssgStateSelector@@QAE@XZ 0044da00 f   ssg_vs2008_32:ssgStateSelector.obj
 0001:0004ca40       ??0ssgStateSelector@@QAE@H@Z 0044da40 f   ssg_vs2008_32:ssgStateSelector.obj
 0001:0004caf0       ??1ssgStateSelector@@UAE@XZ 0044daf0 f   ssg_vs2008_32:ssgStateSelector.obj
 0001:0004cb70       ?selectStep@ssgStateSelector@@QAEXI@Z 0044db70 f   ssg_vs2008_32:ssgStateSelector.obj
 0001:0004cb80       ?getNumNormals@ssgVTable@@UAEHXZ 0044db80 f   ssg_vs2008_32:ssgVTable.obj
 0001:0004cb80       ?getSelectStep@ssgStateSelector@@QAEIXZ 0044db80 f   ssg_vs2008_32:ssgStateSelector.obj
 0001:0004cb90       ?getCurrentStep@ssgStateSelector@@QAEPAVssgSimpleState@@XZ 0044db90 f   ssg_vs2008_32:ssgStateSelector.obj
 0001:0004cbc0       ?getStep@ssgStateSelector@@QAEPAVssgSimpleState@@H@Z 0044dbc0 f   ssg_vs2008_32:ssgStateSelector.obj
 0001:0004cbf0       ?setStep@ssgStateSelector@@QAEXHPAVssgSimpleState@@@Z 0044dbf0 f   ssg_vs2008_32:ssgStateSelector.obj
 0001:0004cc30       ?isTranslucent@ssgStateSelector@@UAEHXZ 0044dc30 f   ssg_vs2008_32:ssgStateSelector.obj
 0001:0004cc40       ?setTranslucent@ssgStateSelector@@UAEXXZ 0044dc40 f   ssg_vs2008_32:ssgStateSelector.obj
 0001:0004cc50       ?setOpaque@ssgStateSelector@@UAEXXZ 0044dc50 f   ssg_vs2008_32:ssgStateSelector.obj
 0001:0004cc70       ?force@ssgStateSelector@@UAEXXZ 0044dc70 f   ssg_vs2008_32:ssgStateSelector.obj
 0001:0004cc90       ?apply@ssgStateSelector@@UAEXXZ 0044dc90 f   ssg_vs2008_32:ssgStateSelector.obj
 0001:0004ccb0       ?care_about@ssgStateSelector@@UAEXH@Z 0044dcb0 f   ssg_vs2008_32:ssgStateSelector.obj
 0001:0004cce0       ?dont_care_about@ssgStateSelector@@UAEXH@Z 0044dce0 f   ssg_vs2008_32:ssgStateSelector.obj
 0001:0004cd10       ?isEnabled@ssgStateSelector@@UAEHI@Z 0044dd10 f   ssg_vs2008_32:ssgStateSelector.obj
 0001:0004cd40       ?disable@ssgStateSelector@@UAEXI@Z 0044dd40 f   ssg_vs2008_32:ssgStateSelector.obj
 0001:0004cd70       ?enable@ssgStateSelector@@UAEXI@Z 0044dd70 f   ssg_vs2008_32:ssgStateSelector.obj
 0001:0004cda0       ?getTextureFilename@ssgStateSelector@@UAEPADXZ 0044dda0 f   ssg_vs2008_32:ssgStateSelector.obj
 0001:0004cdd0       ?getTextureHandle@ssgStateSelector@@UAEIXZ 0044ddd0 f   ssg_vs2008_32:ssgStateSelector.obj
 0001:0004ce00       ?setTexture@ssgStateSelector@@UAEXPAVssgTexture@@@Z 0044de00 f   ssg_vs2008_32:ssgStateSelector.obj
 0001:0004ce50       ?setTexture@ssgStateSelector@@UAEXI@Z 0044de50 f   ssg_vs2008_32:ssgStateSelector.obj
 0001:0004ce80       ?setColourMaterial@ssgStateSelector@@UAEXI@Z 0044de80 f   ssg_vs2008_32:ssgStateSelector.obj
 0001:0004ceb0       ?setMaterial@ssgStateSelector@@UAEXIMMMM@Z 0044deb0 f   ssg_vs2008_32:ssgStateSelector.obj
 0001:0004cf40       ?setMaterial@ssgStateSelector@@UAEXIQAM@Z 0044df40 f   ssg_vs2008_32:ssgStateSelector.obj
 0001:0004cf70       ?getMaterial@ssgStateSelector@@UAEPAMI@Z 0044df70 f   ssg_vs2008_32:ssgStateSelector.obj
 0001:0004cfd0       ?getShininess@ssgStateSelector@@UAEMXZ 0044dfd0 f   ssg_vs2008_32:ssgStateSelector.obj
 0001:0004d000       ?setShininess@ssgStateSelector@@UAEXM@Z 0044e000 f   ssg_vs2008_32:ssgStateSelector.obj
[...]
 0001:0006e9a2       __unwindfunclet$?add_mesh@@YAPAVssgLeaf@@PAUaseObject@@PAUaseMesh@@I@Z$19 0046f9a2 f   ssg_vs2008_32:ssgLoadASE.obj
 0001:0006e9aa       __unwindfunclet$?add_mesh@@YAPAVssgLeaf@@PAUaseObject@@PAUaseMesh@@I@Z$6 0046f9aa f   ssg_vs2008_32:ssgLoadASE.obj
 0001:0006e9b5       __unwindfunclet$?add_mesh@@YAPAVssgLeaf@@PAUaseObject@@PAUaseMesh@@I@Z$21 0046f9b5 f   ssg_vs2008_32:ssgLoadASE.obj
 0001:0006e9bd       __unwindfunclet$?add_mesh@@YAPAVssgLeaf@@PAUaseObject@@PAUaseMesh@@I@Z$7 0046f9bd f   ssg_vs2008_32:ssgLoadASE.obj
 0001:0006e9c8       __unwindfunclet$?add_mesh@@YAPAVssgLeaf@@PAUaseObject@@PAUaseMesh@@I@Z$23 0046f9c8 f   ssg_vs2008_32:ssgLoadASE.obj
 0001:0006e9d0       __unwindfunclet$?add_mesh@@YAPAVssgLeaf@@PAUaseObject@@PAUaseMesh@@I@Z$8 0046f9d0 f   ssg_vs2008_32:ssgLoadASE.obj
 0001:0006e9db       __unwindfunclet$?add_mesh@@YAPAVssgLeaf@@PAUaseObject@@PAUaseMesh@@I@Z$25 0046f9db f   ssg_vs2008_32:ssgLoadASE.obj
 0001:0006e9e3       __unwindfunclet$?add_mesh@@YAPAVssgLeaf@@PAUaseObject@@PAUaseMesh@@I@Z$9 0046f9e3 f   ssg_vs2008_32:ssgLoadASE.obj
 0001:0006e9ee       __ehhandler$?add_mesh@@YAPAVssgLeaf@@PAUaseObject@@PAUaseMesh@@I@Z 0046f9ee f   ssg_vs2008_32:ssgLoadASE.obj
 0001:0006ea00       __unwindfunclet$?parse_object@@YAHW4Type@aseObject@@@Z$1 0046fa00 f   ssg_vs2008_32:ssgLoadASE.obj
 0001:0006ea0e       __unwindfunclet$?parse_object@@YAHW4Type@aseObject@@@Z$2 0046fa0e f   ssg_vs2008_32:ssgLoadASE.obj
 0001:0006ea1c       __unwindfunclet$?parse_object@@YAHW4Type@aseObject@@@Z$3 0046fa1c f   ssg_vs2008_32:ssgLoadASE.obj
 0001:0006ea2a       __unwindfunclet$?parse_object@@YAHW4Type@aseObject@@@Z$4 0046fa2a f   ssg_vs2008_32:ssgLoadASE.obj
 0001:0006ea38       __unwindfunclet$?parse_object@@YAHW4Type@aseObject@@@Z$5 0046fa38 f   ssg_vs2008_32:ssgLoadASE.obj
 0001:0006ea46       __ehhandler$?parse_object@@YAHW4Type@aseObject@@@Z 0046fa46 f   ssg_vs2008_32:ssgLoadASE.obj
 0001:0006ea50       __unwindfunclet$??__EgSSL@@YAXXZ$1 0046fa50 f   ssg_vs2008_32:ssgSaveASE.obj
 0001:0006ea5a       __ehhandler$??__EgSSL@@YAXXZ 0046fa5a f   ssg_vs2008_32:ssgSaveASE.obj
 0001:0006ea70       __unwindfunclet$??__EgSSL@@YAXXZ$1 0046fa70 f   ssg_vs2008_32:ssgSaveAC.obj
 0001:0006ea7a       __ehhandler$??__EgSSL@@YAXXZ 0046fa7a f   ssg_vs2008_32:ssgSaveAC.obj
 0001:0006ea90       __unwindfunclet$?add_leaf@@YAXPAU_3dsMat@@HPAG@Z$0 0046fa90 f   ssg_vs2008_32:ssgLoad3ds.obj
 0001:0006ea9b       __unwindfunclet$?add_leaf@@YAXPAU_3dsMat@@HPAG@Z$6 0046fa9b f   ssg_vs2008_32:ssgLoad3ds.obj
 0001:0006eaa3       __unwindfunclet$?add_leaf@@YAXPAU_3dsMat@@HPAG@Z$1 0046faa3 f   ssg_vs2008_32:ssgLoad3ds.obj
 0001:0006eaae       __unwindfunclet$?add_leaf@@YAXPAU_3dsMat@@HPAG@Z$8 0046faae f   ssg_vs2008_32:ssgLoad3ds.obj
 0001:0006eab6       __unwindfunclet$?add_leaf@@YAXPAU_3dsMat@@HPAG@Z$2 0046fab6 f   ssg_vs2008_32:ssgLoad3ds.obj
 0001:0006eac1       __unwindfunclet$?add_leaf@@YAXPAU_3dsMat@@HPAG@Z$10 0046fac1 f   ssg_vs2008_32:ssgLoad3ds.obj
 0001:0006eac9       __unwindfunclet$?add_leaf@@YAXPAU_3dsMat@@HPAG@Z$3 0046fac9 f   ssg_vs2008_32:ssgLoad3ds.obj
 0001:0006ead4       __unwindfunclet$?add_leaf@@YAXPAU_3dsMat@@HPAG@Z$12 0046fad4 f   ssg_vs2008_32:ssgLoad3ds.obj
 0001:0006eadc       __unwindfunclet$?add_leaf@@YAXPAU_3dsMat@@HPAG@Z$4 0046fadc f   ssg_vs2008_32:ssgLoad3ds.obj
 0001:0006eae7       __ehhandler$?add_leaf@@YAXPAU_3dsMat@@HPAG@Z 0046fae7 f   ssg_vs2008_32:ssgLoad3ds.obj
 0001:0006eb00       __unwindfunclet$?parse_frame_objname@@YAHI@Z$1 0046fb00 f   ssg_vs2008_32:ssgLoad3ds.obj
 0001:0006eb0e       __ehhandler$?parse_frame_objname@@YAHI@Z 0046fb0e f   ssg_vs2008_32:ssgLoad3ds.obj
 0001:0006eb20       __unwindfunclet$?ssgLoadSSG@@YAPAVssgEntity@@PBDPBVssgLoaderOptions@@@Z$0 0046fb20 f   ssg_vs2008_32:ssgLoadSSG.obj
 0001:0006eb2e       __ehhandler$?ssgLoadSSG@@YAPAVssgEntity@@PBDPBVssgLoaderOptions@@@Z 0046fb2e f   ssg_vs2008_32:ssgLoadSSG.obj
 0001:0006eb40       __unwindfunclet$??1ssgVtxTable@@UAE@XZ$0 0046fb40 f   ssg_vs2008_32:ssgVtxTable.obj
 0001:0006eb48       __ehhandler$??1ssgVtxTable@@UAE@XZ 0046fb48 f   ssg_vs2008_32:ssgVtxTable.obj
 0001:0006eb60       __unwindfunclet$??0ssgVtxTable@@QAE@IPAVssgVertexArray@@PAVssgNormalArray@@PAVssgTexCoordArray@@PAVssgColourArray@@@Z$0 0046fb60 f   ssg_vs2008_32:ssgVtxTable.obj
 0001:0006eb68       __unwindfunclet$??0ssgVtxTable@@QAE@IPAVssgVertexArray@@PAVssgNormalArray@@PAVssgTexCoordArray@@PAVssgColourArray@@@Z$1 0046fb68 f   ssg_vs2008_32:ssgVtxTable.obj
 0001:0006eb73       __unwindfunclet$??0ssgVtxTable@@QAE@IPAVssgVertexArray@@PAVssgNormalArray@@PAVssgTexCoordArray@@PAVssgColourArray@@@Z$6 0046fb73 f   ssg_vs2008_32:ssgVtxTable.obj
 0001:0006eb7b       __unwindfunclet$??0ssgVtxTable@@QAE@IPAVssgVertexArray@@PAVssgNormalArray@@PAVssgTexCoordArray@@PAVssgColourArray@@@Z$2 0046fb7b f   ssg_vs2008_32:ssgVtxTable.obj
 0001:0006eb86       __unwindfunclet$??0ssgVtxTable@@QAE@IPAVssgVertexArray@@PAVssgNormalArray@@PAVssgTexCoordArray@@PAVssgColourArray@@@Z$8 0046fb86 f   ssg_vs2008_32:ssgVtxTable.obj
 0001:0006eb8e       __unwindfunclet$??0ssgVtxTable@@QAE@IPAVssgVertexArray@@PAVssgNormalArray@@PAVssgTexCoordArray@@PAVssgColourArray@@@Z$3 0046fb8e f   ssg_vs2008_32:ssgVtxTable.obj
 0001:0006eb99       __unwindfunclet$??0ssgVtxTable@@QAE@IPAVssgVertexArray@@PAVssgNormalArray@@PAVssgTexCoordArray@@PAVssgColourArray@@@Z$10 0046fb99 f   ssg_vs2008_32:ssgVtxTable.obj
 0001:0006eba1       __unwindfunclet$??0ssgVtxTable@@QAE@IPAVssgVertexArray@@PAVssgNormalArray@@PAVssgTexCoordArray@@PAVssgColourArray@@@Z$4 0046fba1 f   ssg_vs2008_32:ssgVtxTable.obj
 0001:0006ebac       __unwindfunclet$??0ssgVtxTable@@QAE@IPAVssgVertexArray@@PAVssgNormalArray@@PAVssgTexCoordArray@@PAVssgColourArray@@@Z$12 0046fbac f   ssg_vs2008_32:ssgVtxTable.obj
 0001:0006ebb4       __ehhandler$??0ssgVtxTable@@QAE@IPAVssgVertexArray@@PAVssgNormalArray@@PAVssgTexCoordArray@@PAVssgColourArray@@@Z 0046fbb4 f   ssg_vs2008_32:ssgVtxTable.obj
 0001:0006ebc0       __unwindfunclet$??0ssgVtxArray@@QAE@IPAVssgVertexArray@@PAVssgNormalArray@@PAVssgTexCoordArray@@PAVssgColourArray@@PAVssgIndexArray@@@Z$0 0046fbc0 f   ssg_vs2008_32:ssgVtxArray.obj
 0001:0006ebc8       __unwindfunclet$??0ssgVtxArray@@QAE@IPAVssgVertexArray@@PAVssgNormalArray@@PAVssgTexCoordArray@@PAVssgColourArray@@PAVssgIndexArray@@@Z$1 0046fbc8 f   ssg_vs2008_32:ssgVtxArray.obj
 0001:0006ebd3       __unwindfunclet$??0ssgVtxArray@@QAE@IPAVssgVertexArray@@PAVssgNormalArray@@PAVssgTexCoordArray@@PAVssgColourArray@@PAVssgIndexArray@@@Z$3 0046fbd3 f   ssg_vs2008_32:ssgVtxArray.obj
 0001:0006ebdb       __ehhandler$??0ssgVtxArray@@QAE@IPAVssgVertexArray@@PAVssgNormalArray@@PAVssgTexCoordArray@@PAVssgColourArray@@PAVssgIndexArray@@@Z 0046fbdb f   ssg_vs2008_32:ssgVtxArray.obj
 0001:0006ebf0       __unwindfunclet$?removeUnusedVertices@ssgVtxArray@@QAEXXZ$0 0046fbf0 f   ssg_vs2008_32:ssgVtxArray.obj
 0001:0006ebfb       __unwindfunclet$?removeUnusedVertices@ssgVtxArray@@QAEXXZ$5 0046fbfb f   ssg_vs2008_32:ssgVtxArray.obj
 0001:0006ec03       __unwindfunclet$?removeUnusedVertices@ssgVtxArray@@QAEXXZ$1 0046fc03 f   ssg_vs2008_32:ssgVtxArray.obj
 0001:0006ec0e       __unwindfunclet$?removeUnusedVertices@ssgVtxArray@@QAEXXZ$7 0046fc0e f   ssg_vs2008_32:ssgVtxArray.obj
 0001:0006ec16       __unwindfunclet$?removeUnusedVertices@ssgVtxArray@@QAEXXZ$2 0046fc16 f   ssg_vs2008_32:ssgVtxArray.obj
 0001:0006ec21       __unwindfunclet$?removeUnusedVertices@ssgVtxArray@@QAEXXZ$9 0046fc21 f   ssg_vs2008_32:ssgVtxArray.obj
 0001:0006ec29       __unwindfunclet$?removeUnusedVertices@ssgVtxArray@@QAEXXZ$3 0046fc29 f   ssg_vs2008_32:ssgVtxArray.obj
 0001:0006ec34       __unwindfunclet$?removeUnusedVertices@ssgVtxArray@@QAEXXZ$11 0046fc34 f   ssg_vs2008_32:ssgVtxArray.obj
 0001:0006ec3c       __ehhandler$?removeUnusedVertices@ssgVtxArray@@QAEXXZ 0046fc3c f   ssg_vs2008_32:ssgVtxArray.obj
 0001:0006ec50       __unwindfunclet$?init@ssgTween@@AAEXXZ$0 0046fc50 f   ssg_vs2008_32:ssgTween.obj
 0001:0006ec5b       __unwindfunclet$?init@ssgTween@@AAEXXZ$9 0046fc5b f   ssg_vs2008_32:ssgTween.obj
 0001:0006ec63       __unwindfunclet$?init@ssgTween@@AAEXXZ$1 0046fc63 f   ssg_vs2008_32:ssgTween.obj
 0001:0006ec6e       __unwindfunclet$?init@ssgTween@@AAEXXZ$11 0046fc6e f   ssg_vs2008_32:ssgTween.obj
 0001:0006ec76       __unwindfunclet$?init@ssgTween@@AAEXXZ$2 0046fc76 f   ssg_vs2008_32:ssgTween.obj
 0001:0006ec81       __unwindfunclet$?init@ssgTween@@AAEXXZ$13 0046fc81 f   ssg_vs2008_32:ssgTween.obj
 0001:0006ec89       __unwindfunclet$?init@ssgTween@@AAEXXZ$3 0046fc89 f   ssg_vs2008_32:ssgTween.obj
 0001:0006ec94       __unwindfunclet$?init@ssgTween@@AAEXXZ$15 0046fc94 f   ssg_vs2008_32:ssgTween.obj
 0001:0006ec9c       __unwindfunclet$?init@ssgTween@@AAEXXZ$4 0046fc9c f   ssg_vs2008_32:ssgTween.obj
 0001:0006eca7       __unwindfunclet$?init@ssgTween@@AAEXXZ$5 0046fca7 f   ssg_vs2008_32:ssgTween.obj
 0001:0006ecb2       __unwindfunclet$?init@ssgTween@@AAEXXZ$6 0046fcb2 f   ssg_vs2008_32:ssgTween.obj
 0001:0006ecbd       __unwindfunclet$?init@ssgTween@@AAEXXZ$7 0046fcbd f   ssg_vs2008_32:ssgTween.obj
 0001:0006ecc8       __ehhandler$?init@ssgTween@@AAEXXZ 0046fcc8 f   ssg_vs2008_32:ssgTween.obj
 0001:0006ece0       __unwindfunclet$??0ssgTween@@QAE@XZ$0 0046fce0 f   ssg_vs2008_32:ssgTween.obj
 0001:0006ece0       __unwindfunclet$??1ssgTween@@UAE@XZ$0 0046fce0 f   ssg_vs2008_32:ssgTween.obj
 0001:0006ece0       __unwindfunclet$??1ssgVtxArray@@UAE@XZ$0 0046fce0 f   ssg_vs2008_32:ssgTween.obj
 0001:0006ece8       __ehhandler$??1ssgVtxArray@@UAE@XZ 0046fce8 f   ssg_vs2008_32:ssgTween.obj
 0001:0006ece8       __ehhandler$??1ssgTween@@UAE@XZ 0046fce8 f   ssg_vs2008_32:ssgTween.obj
 0001:0006ece8       __ehhandler$??0ssgTween@@QAE@XZ 0046fce8 f   ssg_vs2008_32:ssgTween.obj
 0001:0006ed00       __unwindfunclet$??0ssgAnimTransform@@QAE@XZ$0 0046fd00 f   ssg_vs2008_32:ssgAnimTransform.obj
 0001:0006ed08       __unwindfunclet$??0ssgAnimTransform@@QAE@XZ$3 0046fd08 f   ssg_vs2008_32:ssgAnimTransform.obj
 0001:0006ed10       __ehhandler$??0ssgAnimTransform@@QAE@XZ 0046fd10 f   ssg_vs2008_32:ssgAnimTransform.obj
 0001:0006ed20       __unwindfunclet$??1ssgAnimTransform@@UAE@XZ$0 0046fd20 f   ssg_vs2008_32:ssgAnimTransform.obj
 0001:0006ed28       __unwindfunclet$??1ssgAnimTransform@@UAE@XZ$1 0046fd28 f   ssg_vs2008_32:ssgAnimTransform.obj
 0001:0006ed36       __ehhandler$??1ssgAnimTransform@@UAE@XZ 0046fd36 f   ssg_vs2008_32:ssgAnimTransform.obj
 0001:0006ed40       __unwindfunclet$??1ssgTimedSelector@@UAE@XZ$0 0046fd40 f   ssg_vs2008_32:ssgAnimation.obj
 0001:0006ed40       __unwindfunclet$??0ssgTimedSelector@@QAE@H@Z$0 0046fd40 f   ssg_vs2008_32:ssgAnimation.obj
 0001:0006ed48       __ehhandler$??0ssgTimedSelector@@QAE@H@Z 0046fd48 f   ssg_vs2008_32:ssgAnimation.obj
 0001:0006ed48       __ehhandler$??1ssgTimedSelector@@UAE@XZ 0046fd48 f   ssg_vs2008_32:ssgAnimation.obj
 0001:0006ed60       __unwindfunclet$??1ssgSelector@@UAE@XZ$0 0046fd60 f   ssg_vs2008_32:ssgTweenController.obj
 0001:0006ed60       __unwindfunclet$??0ssgSelector@@QAE@H@Z$0 0046fd60 f   ssg_vs2008_32:ssgTweenController.obj
 0001:0006ed60       __unwindfunclet$??1ssgTweenController@@UAE@XZ$0 0046fd60 f   ssg_vs2008_32:ssgTweenController.obj
 0001:0006ed68       __ehhandler$??1ssgTweenController@@UAE@XZ 0046fd68 f   ssg_vs2008_32:ssgTweenController.obj
 0001:0006ed68       __ehhandler$??0ssgSelector@@QAE@H@Z 0046fd68 f   ssg_vs2008_32:ssgTweenController.obj
 0001:0006ed68       __ehhandler$??1ssgSelector@@UAE@XZ 0046fd68 f   ssg_vs2008_32:ssgTweenController.obj
 0001:0006ed80       __unwindfunclet$??0ssgStateSelector@@QAE@H@Z$0 0046fd80 f   ssg_vs2008_32:ssgStateSelector.obj
 0001:0006ed80       __unwindfunclet$??1ssgStateSelector@@UAE@XZ$0 0046fd80 f   ssg_vs2008_32:ssgStateSelector.obj
 0001:0006ed88       __ehhandler$??1ssgStateSelector@@UAE@XZ 0046fd88 f   ssg_vs2008_32:ssgStateSelector.obj
 0001:0006ed88       __ehhandler$??0ssgStateSelector@@QAE@H@Z 0046fd88 f   ssg_vs2008_32:ssgStateSelector.obj
 0001:0006eda0       __unwindfunclet$?addFaceFromIntegerArray@ssgLoaderWriterMesh@@QAEXHPAH@Z$0 0046fda0 f   ssg_vs2008_32:ssgLoaderWriterStuff.obj
 0001:0006edab       __unwindfunclet$?addFaceFromIntegerArray@ssgLoaderWriterMesh@@QAEXHPAH@Z$2 0046fdab f   ssg_vs2008_32:ssgLoaderWriterStuff.obj
 0001:0006edb3       __ehhandler$?addFaceFromIntegerArray@ssgLoaderWriterMesh@@QAEXHPAH@Z 0046fdb3 f   ssg_vs2008_32:ssgLoaderWriterStuff.obj
 0001:0006edc0       __unwindfunclet$?addOneNodeToSSGFromPerVertexTextureCoordinates2@ssgLoaderWriterMesh@@AAEXPAVssgVertexArray@@PAVssgTexCoordArray@@PAVssgListOfLists@@PAVssgSimpleState@@PAVssgLoaderOptions@@PAVssgBranch@@@Z$0 0046fdc0 f   ssg_vs2008_32:ssgLoaderWriterStuff.obj
 0001:0006edcb       __unwindfunclet$?addOneNodeToSSGFromPerVertexTextureCoordinates2@ssgLoaderWriterMesh@@AAEXPAVssgVertexArray@@PAVssgTexCoordArray@@PAVssgListOfLists@@PAVssgSimpleState@@PAVssgLoaderOptions@@PAVssgBranch@@@Z$5 0046fdcb f   ssg_vs2008_32:ssgLoaderWriterStuff.obj
 0001:0006edd3       __unwindfunclet$?addOneNodeToSSGFromPerVertexTextureCoordinates2@ssgLoaderWriterMesh@@AAEXPAVssgVertexArray@@PAVssgTexCoordArray@@PAVssgListOfLists@@PAVssgSimpleState@@PAVssgLoaderOptions@@PAVssgBranch@@@Z$1 0046fdd3 f   ssg_vs2008_32:ssgLoaderWriterStuff.obj
 0001:0006edde       __unwindfunclet$?addOneNodeToSSGFromPerVertexTextureCoordinates2@ssgLoaderWriterMesh@@AAEXPAVssgVertexArray@@PAVssgTexCoordArray@@PAVssgListOfLists@@PAVssgSimpleState@@PAVssgLoaderOptions@@PAVssgBranch@@@Z$7 0046fdde f   ssg_vs2008_32:ssgLoaderWriterStuff.obj
 0001:0006ede6       __unwindfunclet$?addOneNodeToSSGFromPerVertexTextureCoordinates2@ssgLoaderWriterMesh@@AAEXPAVssgVertexArray@@PAVssgTexCoordArray@@PAVssgListOfLists@@PAVssgSimpleState@@PAVssgLoaderOptions@@PAVssgBranch@@@Z$2 0046fde6 f   ssg_vs2008_32:ssgLoaderWriterStuff.obj
 0001:0006edf1       __unwindfunclet$?addOneNodeToSSGFromPerVertexTextureCoordinates2@ssgLoaderWriterMesh@@AAEXPAVssgVertexArray@@PAVssgTexCoordArray@@PAVssgListOfLists@@PAVssgSimpleState@@PAVssgLoaderOptions@@PAVssgBranch@@@Z$9 0046fdf1 f   ssg_vs2008_32:ssgLoaderWriterStuff.obj
 0001:0006edf9       __unwindfunclet$?addOneNodeToSSGFromPerVertexTextureCoordinates2@ssgLoaderWriterMesh@@AAEXPAVssgVertexArray@@PAVssgTexCoordArray@@PAVssgListOfLists@@PAVssgSimpleState@@PAVssgLoaderOptions@@PAVssgBranch@@@Z$3 0046fdf9 f   ssg_vs2008_32:ssgLoaderWriterStuff.obj
 0001:0006ee04       __ehhandler$?addOneNodeToSSGFromPerVertexTextureCoordinates2@ssgLoaderWriterMesh@@AAEXPAVssgVertexArray@@PAVssgTexCoordArray@@PAVssgListOfLists@@PAVssgSimpleState@@PAVssgLoaderOptions@@PAVssgBranch@@@Z 0046fe04 f   ssg_vs2008_32:ssgLoaderWriterStuff.obj
 0001:0006ee10       __unwindfunclet$?addOneNodeToSSGFromPerFaceAndVertexTextureCoordinates2@ssgLoaderWriterMesh@@AAEXPAVssgVertexArray@@PAVssgListOfLists@@1PAVssgSimpleState@@PAVssgLoaderOptions@@PAVssgBranch@@@Z$0 0046fe10 f   ssg_vs2008_32:ssgLoaderWriterStuff.obj
 0001:0006ee1b       __unwindfunclet$?addOneNodeToSSGFromPerFaceAndVertexTextureCoordinates2@ssgLoaderWriterMesh@@AAEXPAVssgVertexArray@@PAVssgListOfLists@@1PAVssgSimpleState@@PAVssgLoaderOptions@@PAVssgBranch@@@Z$2 0046fe1b f   ssg_vs2008_32:ssgLoaderWriterStuff.obj
 0001:0006ee23       __ehhandler$?addOneNodeToSSGFromPerFaceAndVertexTextureCoordinates2@ssgLoaderWriterMesh@@AAEXPAVssgVertexArray@@PAVssgListOfLists@@1PAVssgSimpleState@@PAVssgLoaderOptions@@PAVssgBranch@@@Z 0046fe23 f   ssg_vs2008_32:ssgLoaderWriterStuff.obj
 0001:0006ee30       __unwindfunclet$?addToSSG@ssgLoaderWriterMesh@@QAEXPAVssgSimpleState@@PAVssgLoaderOptions@@PAVssgBranch@@@Z$0 0046fe30 f   ssg_vs2008_32:ssgLoaderWriterStuff.obj
 0001:0006ee3b       __unwindfunclet$?addToSSG@ssgLoaderWriterMesh@@QAEXPAVssgSimpleState@@PAVssgLoaderOptions@@PAVssgBranch@@@Z$6 0046fe3b f   ssg_vs2008_32:ssgLoaderWriterStuff.obj
 0001:0006ee43       __unwindfunclet$?addToSSG@ssgLoaderWriterMesh@@QAEXPAVssgSimpleState@@PAVssgLoaderOptions@@PAVssgBranch@@@Z$1 0046fe43 f   ssg_vs2008_32:ssgLoaderWriterStuff.obj
 0001:0006ee4e       __unwindfunclet$?addToSSG@ssgLoaderWriterMesh@@QAEXPAVssgSimpleState@@PAVssgLoaderOptions@@PAVssgBranch@@@Z$2 0046fe4e f   ssg_vs2008_32:ssgLoaderWriterStuff.obj
 0001:0006ee59       __unwindfunclet$?addToSSG@ssgLoaderWriterMesh@@QAEXPAVssgSimpleState@@PAVssgLoaderOptions@@PAVssgBranch@@@Z$8 0046fe59 f   ssg_vs2008_32:ssgLoaderWriterStuff.obj
 0001:0006ee61       __unwindfunclet$?addToSSG@ssgLoaderWriterMesh@@QAEXPAVssgSimpleState@@PAVssgLoaderOptions@@PAVssgBranch@@@Z$3 0046fe61 f   ssg_vs2008_32:ssgLoaderWriterStuff.obj
 0001:0006ee6c       __unwindfunclet$?addToSSG@ssgLoaderWriterMesh@@QAEXPAVssgSimpleState@@PAVssgLoaderOptions@@PAVssgBranch@@@Z$4 0046fe6c f   ssg_vs2008_32:ssgLoaderWriterStuff.obj
 0001:0006ee77       __unwindfunclet$?addToSSG@ssgLoaderWriterMesh@@QAEXPAVssgSimpleState@@PAVssgLoaderOptions@@PAVssgBranch@@@Z$10 0046fe77 f   ssg_vs2008_32:ssgLoaderWriterStuff.obj
 0001:0006ee7f       __ehhandler$?addToSSG@ssgLoaderWriterMesh@@QAEXPAVssgSimpleState@@PAVssgLoaderOptions@@PAVssgBranch@@@Z 0046fe7f f   ssg_vs2008_32:ssgLoaderWriterStuff.obj
 0001:0006ee89       __ehhandler$?CallUnexpected@@YAXPBU_s_ESTypeList@@@Z 0046fe89 f   LIBCMT:frame.obj
 0001:0006eeb0       ??__E_ssgLights@@YAXXZ     0046feb0 f   ssg_vs2008_32:ssg.obj
 0001:0006ef80       ??__Edefault_options@@YAXXZ 0046ff80 f   ssg_vs2008_32:ssgLoad.obj
 0001:0006f0a0       ??__Ehitlist@@YAXXZ        004700a0 f   ssg_vs2008_32:ssgIsect.obj
 0001:0006f0d0       ??__EcurrentMesh@@YAXXZ    004700d0 f   ssg_vs2008_32:ssgLoadASC.obj
 0001:0006f0f0       ??__EgSSL@@YAXXZ           004700f0 f   ssg_vs2008_32:ssgSaveASC.obj
 0001:0006f180       ??__E_theMesh@@YAXXZ       00470180 f   ssg_vs2008_32:ssgLoadATG.obj
 0001:0006f1a0       ??__EtheMesh@@YAXXZ        004701a0 f   ssg_vs2008_32:ssgLoadOFF.obj
 0001:0006f1c0       ??__EcurrentMesh@@YAXXZ    004701c0 f   ssg_vs2008_32:ssgLoadX.obj
 0001:0006f1e0       ??__Etempvert@@YAXXZ       004701e0 f   ssg_vs2008_32:ssgLoadDXF.obj
 0001:0006f270       ??__Elinevert@@YAXXZ       00470270 f   ssg_vs2008_32:ssgLoadDXF.obj
 0001:0006f300       ??__Efacevert@@YAXXZ       00470300 f   ssg_vs2008_32:ssgLoadDXF.obj
 0001:0006f390       ??__Emeshvert@@YAXXZ       00470390 f   ssg_vs2008_32:ssgLoadDXF.obj
 0001:0006f420       ??__EgSSL@@YAXXZ           00470420 f   ssg_vs2008_32:ssgSaveASE.obj
 0001:0006f4b0       ??__EgSSL@@YAXXZ           004704b0 f   ssg_vs2008_32:ssgSaveAC.obj
 0001:0006f540       ??__Edlist@@YAXXZ          00470540 f   ssg_vs2008_32:ssgDList.obj
 0001:0006f560       ??__E?ck@ssgTimedSelector@@1VulClock@@A@@YAXXZ 00470560 f   ssg_vs2008_32:ssgAnimation.obj
 0001:0006f5b0       ??__E_ssgCurrStatistics@@YAXXZ 004705b0 f   ssg_vs2008_32:ssgStatistics.obj
 0001:0006f5c0       ??__Fdefault_options@@YAXXZ 004705c0 f   ssg_vs2008_32:ssgLoad.obj
 0001:0006f5d0       ??__FcurrentMesh@@YAXXZ    004705d0 f   ssg_vs2008_32:ssgLoadASC.obj
 0001:0006f5e0       ??__FgSSL@@YAXXZ           004705e0 f   ssg_vs2008_32:ssgSaveASC.obj
 0001:0006f5f0       ??__F_theMesh@@YAXXZ       004705f0 f   ssg_vs2008_32:ssgLoadATG.obj
 0001:0006f600       ??__FtheMesh@@YAXXZ        00470600 f   ssg_vs2008_32:ssgLoadOFF.obj
 0001:0006f610       ??__FcurrentMesh@@YAXXZ    00470610 f   ssg_vs2008_32:ssgLoadX.obj
 0001:0006f620       ??__Ftempvert@@YAXXZ       00470620 f   ssg_vs2008_32:ssgLoadDXF.obj
 0001:0006f630       ??__Flinevert@@YAXXZ       00470630 f   ssg_vs2008_32:ssgLoadDXF.obj
 0001:0006f640       ??__Ffacevert@@YAXXZ       00470640 f   ssg_vs2008_32:ssgLoadDXF.obj
 0001:0006f650       ??__Fmeshvert@@YAXXZ       00470650 f   ssg_vs2008_32:ssgLoadDXF.obj
 0001:0006f660       ??__FgSSL@@YAXXZ           00470660 f   ssg_vs2008_32:ssgSaveASE.obj
 0001:0006f670       ??__FgSSL@@YAXXZ           00470670 f   ssg_vs2008_32:ssgSaveAC.obj
 0001:0006f67a       ??__Fnomem@?5???2@YAPAXI@Z@YAXXZ 0047067a f   LIBCMT:new.obj
