 track

 Timestamp is 5882367f (Fri Jan 20 19:10:39 2017)

 Preferred load address is 10000000

 Start         Length     Name                   Class
 0001:00000000 000179a4H .text                   CODE
 0002:00000000 0000018cH .idata$5                DATA
 0002:0000018c 00000004H .CRT$XCA                DATA
 0002:00000190 00000004H .CRT$XCZ                DATA
 0002:00000194 00000004H .CRT$XIA                DATA
 0002:00000198 00000014H .CRT$XIC                DATA
 0002:000001ac 00000004H .CRT$XIZ                DATA
 0002:000001b0 00000004H .CRT$XPA                DATA
 0002:000001b4 00000004H .CRT$XPX                DATA
 0002:000001b8 00000004H .CRT$XPXA               DATA
 0002:000001bc 00000004H .CRT$XPZ                DATA
 0002:000001c0 00000004H .CRT$XTA                DATA
 0002:000001c4 00000004H .CRT$XTZ                DATA
 0002:000001d0 00007528H .rdata                  DATA
 0002:00007700 0000000cH .rdata$sxdata           DATA
 0002:0000770c 00000004H .rtc$IAA                DATA
 0002:00007710 00000004H .rtc$IZZ                DATA
 0002:00007714 00000004H .rtc$TAA                DATA
 0002:00007718 00000004H .rtc$TZZ                DATA
 0002:00007720 000003d4H .xdata$x                DATA
 0002:00007af4 0000003cH .idata$2                DATA
 0002:00007b30 00000014H .idata$3                DATA
 0002:00007b44 0000018cH .idata$4                DATA
 0002:00007cd0 00000710H .idata$6                DATA
 0002:000083e0 00000042H .edata                  DATA
 0003:00000000 000014e0H .data                   DATA
 0003:000014e0 0000211cH .bss                    DATA

  Address         Publics by Value              Rva+Base       Lib:Object

 0000:00000000       __except_list              00000000     <absolute>
 0000:00000003       ___safe_se_handler_count   00000003     <absolute>
 0000:00000000       ___ImageBase               10000000     <linker-defined>
 0001:00000330       ?TrackShutdown@@YAXXZ      10001330 f   track.obj
 0001:00000420       ?TrackBuildv1@@YAPAUtTrack@@PAD@Z 10001420 f   track.obj
 0001:000004d0       ?TrackBuildEx@@YAPAUtTrack@@PAD@Z 100014d0 f   track.obj
 0001:00004760       ?ReadTrack3@@YAXPAUtTrack@@PAXPAPAURoadCam@@H@Z 10005760 f   track3.obj
 0001:00008290       ?ReadTrack4@@YAXPAUtTrack@@PAXPAPAURoadCam@@H@Z 10009290 f   track4.obj
 0001:00008df0       _track                     10009df0 f   trackitf.obj
 0001:00008e30       ?TrackLocal2Global@@YAXPAUtTrkLocPos@@PAM1@Z 10009e30 f   trackutil.obj
 0001:00008e50       ?TrackGlobal2Local@@YAXPAUtrackSeg@@MMPAUtTrkLocPos@@H@Z 10009e50 f   trackutil.obj
 0001:00008e80       ?TrackHeightL@@YAMPAUtTrkLocPos@@@Z 10009e80 f   trackutil.obj
 0001:00008e90       ?TrackHeightG@@YAMPAUtrackSeg@@MM@Z 10009e90 f   trackutil.obj
 0001:00008eb0       ?TrackSideNormal@@YAXPAUtrackSeg@@MMHPAUt3Dd@@@Z 10009eb0 f   trackutil.obj
 0001:00008ee0       ?TrackSurfaceNormal@@YAXPAUtTrkLocPos@@PAUt3Dd@@@Z 10009ee0 f   trackutil.obj
 0001:00008ef0       ?TrackSpline@@YAMMMMMM@Z   10009ef0 f   trackutil.obj
 0001:00008f7c       ?_tgf_win_strdup@@YAPADPBD@Z 10009f7c f   tgf:tgf.dll
 0001:00008f82       ?_tgf_win_calloc@@YAPAXII@Z 10009f82 f   tgf:tgf.dll
 0001:00008f88       ?GfParmGetEltNb@@YAHPAXPBD@Z 10009f88 f   tgf:tgf.dll
 0001:00008f8e       ?GfParmGetNum@@YAMPAXPBD11M@Z 10009f8e f   tgf:tgf.dll
 0001:00008f94       ?GfParmGetStr@@YAPBDPAXPBD11@Z 10009f94 f   tgf:tgf.dll
 0001:00008f9a       ?_tgf_win_free@@YAXPAX@Z   10009f9a f   tgf:tgf.dll
 0001:00008fa0       ?GfParmReleaseHandle@@YAXPAX@Z 10009fa0 f   tgf:tgf.dll
 0001:00008fa6       ?GfParmReadFile@@YAPAXPBDH@Z 10009fa6 f   tgf:tgf.dll
 0001:00008fac       ?_tgf_win_malloc@@YAPAXI@Z 10009fac f   tgf:tgf.dll
 0001:00008fb2       ?GfParmGetCurStr@@YAPBDPAXPBD11@Z 10009fb2 f   tgf:tgf.dll
 0001:00008fb8       ?GfParmGetCurNum@@YAMPAXPBD11M@Z 10009fb8 f   tgf:tgf.dll
 0001:00008fbe       ?GfParmListSeekNext@@YAHPAXPBD@Z 10009fbe f   tgf:tgf.dll
 0001:00008fc4       ?GfParmSetCurNum@@YAHPAXPBD11M@Z 10009fc4 f   tgf:tgf.dll
 0001:00008fca       ?GfParmListGetCurEltName@@YAPADPAXPBD@Z 10009fca f   tgf:tgf.dll
 0001:00008fd0       ?GfParmListSeekFirst@@YAHPAXPBD@Z 10009fd0 f   tgf:tgf.dll
 0001:00008fd6       ?GfHashRelease@@YAXPAXP6AXPBX@Z@Z 10009fd6 f   tgf:tgf.dll
 0001:00008fdc       ?GfHashAddStr@@YAHPAXPBDPBX@Z 10009fdc f   tgf:tgf.dll
 0001:00008fe2       ?GfHashGetStr@@YAPBXPAXPBD@Z 10009fe2 f   tgf:tgf.dll
 0001:00008fe8       ?GfHashCreate@@YAPAXH@Z    10009fe8 f   tgf:tgf.dll
 0001:00008fee       ?RtTrackGetWidth@@YAMPAUtrackSeg@@M@Z 10009fee f   robottools:robottools.dll
 0001:00008ff4       ?RtTrackLocal2Global@@YAXPAUtTrkLocPos@@PAM1H@Z 10009ff4 f   robottools:robottools.dll
 0001:00008ffa       ?RtTrackGlobal2Local@@YAXPAUtrackSeg@@MMPAUtTrkLocPos@@H@Z 10009ffa f   robottools:robottools.dll
 0001:00009000       ?RtTrackHeightL@@YAMPAUtTrkLocPos@@@Z 1000a000 f   robottools:robottools.dll
 0001:00009006       ?RtTrackHeightG@@YAMPAUtrackSeg@@MM@Z 1000a006 f   robottools:robottools.dll
 0001:0000900c       ?RtTrackSideNormalG@@YAXPAUtrackSeg@@MMHPAUt3Dd@@@Z 1000a00c f   robottools:robottools.dll
 0001:00009012       ?RtTrackSurfaceNormalL@@YAXPAUtTrkLocPos@@PAUt3Dd@@@Z 1000a012 f   robottools:robottools.dll
 0001:00009020       _strrchr                   1000a020 f   LIBCMT:strrchr.obj
 0001:0000904d       __snprintf                 1000a04d f   LIBCMT:snprintf.obj
 0001:000090fc       __initp_misc_winxfltr      1000a0fc f   LIBCMT:winxfltr.obj
 0001:000090fc       __fpclear                  1000a0fc f   LIBCMT:_fpinit_.obj
 0001:000090fd       __cfltcvt_init             1000a0fd f   LIBCMT:_fpinit_.obj
 0001:0000915d       __fpmath                   1000a15d f   LIBCMT:_fpinit_.obj
 0001:00009180       __ftol2_sse                1000a180 f   LIBCMT:ftol2.obj
 0001:00009189       __ftol2_pentium4           1000a189 f   LIBCMT:ftol2.obj
 0001:0000919c       __ftol2_sse_excpt          1000a19c f   LIBCMT:ftol2.obj
 0001:000091b6       __ftol2                    1000a1b6 f   LIBCMT:ftol2.obj
 0001:00009230       _atan2                     1000a230 f   LIBCMT:_87ctriga_.obj
 0001:0000923a       __CIatan2                  1000a23a f   LIBCMT:_87ctriga_.obj
 0001:00009250       _cos                       1000a250 f   LIBCMT:_cos_.obj
 0001:00009290       __CIcos                    1000a290 f   LIBCMT:_cos_.obj
 0001:000092cb       __CIcos_default            1000a2cb f   LIBCMT:_cos_.obj
 0001:000092df       __cos_default              1000a2df     LIBCMT:_cos_.obj
 0001:00009380       _sin                       1000a380 f   LIBCMT:_sin_.obj
 0001:000093c0       __CIsin                    1000a3c0 f   LIBCMT:_sin_.obj
 0001:000093fb       __CIsin_default            1000a3fb f   LIBCMT:_sin_.obj
 0001:0000940f       __sin_default              1000a40f     LIBCMT:_sin_.obj
 0001:000094b0       __CIsqrt                   1000a4b0 f   LIBCMT:_sqrt_.obj
 0001:000094c4       _sqrt                      1000a4c4     LIBCMT:_sqrt_.obj
 0001:00009570       _tan                       1000a570 f   LIBCMT:_tan_.obj
 0001:000095b0       __CItan                    1000a5b0 f   LIBCMT:_tan_.obj
 0001:000095eb       __CItan_default            1000a5eb f   LIBCMT:_tan_.obj
 0001:000095ff       __tan_default              1000a5ff     LIBCMT:_tan_.obj
 0001:0000969d       _printf                    1000a69d f   LIBCMT:printf.obj
 0001:0000974c       __get_printf_count_output  1000a74c f   LIBCMT:printf.obj
 0001:00009762       ??0_LocaleUpdate@@QAE@PAUlocaleinfo_struct@@@Z 1000a762 f i LIBCMT:strtol.obj
 0001:00009a18       _strtol                    1000aa18 f   LIBCMT:strtol.obj
 0001:00009a43       _strtok                    1000aa43 f   LIBCMT:strtok.obj
 0001:00009b10       _memcpy                    1000ab10 f   LIBCMT:memcpy.obj
 0001:00009e75       __crt_waiting_on_module_handle 1000ae75 f   LIBCMT:crt0dat.obj
 0001:00009ea5       __amsg_exit                1000aea5 f   LIBCMT:crt0dat.obj
 0001:00009ece       ___crtCorExitProcess       1000aece f   LIBCMT:crt0dat.obj
 0001:00009ef9       ___crtExitProcess          1000aef9 f   LIBCMT:crt0dat.obj
 0001:00009f11       __lockexit                 1000af11 f   LIBCMT:crt0dat.obj
 0001:00009f1a       __unlockexit               1000af1a f   LIBCMT:crt0dat.obj
 0001:00009f40       __initterm_e               1000af40 f   LIBCMT:crt0dat.obj
 0001:00009f64       __cinit                    1000af64 f   LIBCMT:crt0dat.obj
 0001:0000a115       _exit                      1000b115 f   LIBCMT:crt0dat.obj
 0001:0000a12b       __exit                     1000b12b f   LIBCMT:crt0dat.obj
 0001:0000a141       __cexit                    1000b141 f   LIBCMT:crt0dat.obj
 0001:0000a150       __init_pointers            1000b150 f   LIBCMT:crt0dat.obj
 0001:0000a19e       __CRT_INIT@12              1000b19e f   LIBCMT:dllcrt0.obj
 0001:0000a3c9       __DllMainCRTStartup@12     1000b3c9 f   LIBCMT:dllcrt0.obj
 0001:0000a3f0       _asin                      1000b3f0 f   LIBCMT:_asin_.obj
 0001:0000a430       __CIasin                   1000b430 f   LIBCMT:_asin_.obj
 0001:0000a46b       __CIasin_default           1000b46b f   LIBCMT:_asin_.obj
 0001:0000a47f       __asin_default             1000b47f     LIBCMT:_asin_.obj
 0001:0000a540       _acos                      1000b540 f   LIBCMT:_acos_.obj
 0001:0000a580       __CIacos                   1000b580 f   LIBCMT:_acos_.obj
 0001:0000a5bb       __CIacos_default           1000b5bb f   LIBCMT:_acos_.obj
 0001:0000a5cf       __acos_default             1000b5cf     LIBCMT:_acos_.obj
 0001:0000a686       ___iob_func                1000b686 f   LIBCMT:_file.obj
 0001:0000a68c       ___initstdio               1000b68c f   LIBCMT:_file.obj
 0001:0000a73d       ___endstdio                1000b73d f   LIBCMT:_file.obj
 0001:0000a75d       __lock_file                1000b75d f   LIBCMT:_file.obj
 0001:0000a79e       __lock_file2               1000b79e f   LIBCMT:_file.obj
 0001:0000a7d0       __unlock_file              1000b7d0 f   LIBCMT:_file.obj
 0001:0000a80c       __unlock_file2             1000b80c f   LIBCMT:_file.obj
 0001:0000a83b       __flsbuf                   1000b83b f   LIBCMT:_flsbuf.obj
 0001:0000aa45       __output_l                 1000ba45 f   LIBCMT:output.obj
 0001:0000b5dd       __initp_misc_invarg        1000c5dd f   LIBCMT:invarg.obj
 0001:0000b5ec       __invoke_watson            1000c5ec f   LIBCMT:invarg.obj
 0001:0000b714       __invalid_parameter        1000c714 f   LIBCMT:invarg.obj
 0001:0000b73a       __get_errno_from_oserr     1000c73a f   LIBCMT:dosmap.obj
 0001:0000b77c       __errno                    1000c77c f   LIBCMT:dosmap.obj
 0001:0000b78f       ___doserrno                1000c78f f   LIBCMT:dosmap.obj
 0001:0000b7a2       __dosmaperr                1000c7a2 f   LIBCMT:dosmap.obj
 0001:0000b7c5       __forcdecpt_l              1000c7c5 f   LIBCMT:cvt.obj
 0001:0000b838       __cropzeros_l              1000c838 f   LIBCMT:cvt.obj
 0001:0000b8ba       __positive                 1000c8ba f   LIBCMT:cvt.obj
 0001:0000b8d6       __fassign_l                1000c8d6 f   LIBCMT:cvt.obj
 0001:0000b918       __fassign                  1000c918 f   LIBCMT:cvt.obj
 0001:0000b951       __forcdecpt                1000c951 f   LIBCMT:cvt.obj
 0001:0000b964       __cropzeros                1000c964 f   LIBCMT:cvt.obj
 0001:0000bae6       __cftoe_l                  1000cae6 f   LIBCMT:cvt.obj
 0001:0000bbb6       __cftoe                    1000cbb6 f   LIBCMT:cvt.obj
 0001:0000bbd6       __cftoa_l                  1000cbd6 f   LIBCMT:cvt.obj
 0001:0000c040       __cftof_l                  1000d040 f   LIBCMT:cvt.obj
 0001:0000c0fb       __cftog_l                  1000d0fb f   LIBCMT:cvt.obj
 0001:0000c1f5       __cfltcvt_l                1000d1f5 f   LIBCMT:cvt.obj
 0001:0000c27d       __cfltcvt                  1000d27d f   LIBCMT:cvt.obj
 0001:0000c2a0       __initp_misc_cfltcvt_tab   1000d2a0 f   LIBCMT:cmiscdat.obj
 0001:0000c2c1       __setdefaultprecision      1000d2c1 f   LIBCMT:fp8.obj
 0001:0000c2ec       __ms_p5_test_fdiv          1000d2ec f   LIBCMT:_testfdiv_.obj
 0001:0000c32a       __ms_p5_mp_test_fdiv       1000d32a f   LIBCMT:_testfdiv_.obj
 0001:0000c3a3       __get_sse2_info            1000d3a3 f   LIBCMT:cpu_disp.obj
 0001:0000c405       ___sse2_available_init     1000d405 f   LIBCMT:cpu_disp.obj
 0001:0000c43c       __fFATN2                   1000d43c     LIBCMT:_87triga_.obj
 0001:0000c48c       __rtpiby2                  1000d48c     LIBCMT:_87triga_.obj
 0001:0000c4d0       __cintrindisp2             1000d4d0 f   LIBCMT:_87cdisp_.obj
 0001:0000c50e       __cintrindisp1             1000d50e f   LIBCMT:_87cdisp_.obj
 0001:0000c54b       __ctrandisp2               1000d54b f   LIBCMT:_87cdisp_.obj
 0001:0000c6e1       __ctrandisp1               1000d6e1 f   LIBCMT:_87cdisp_.obj
 0001:0000c714       __fload                    1000d714 f   LIBCMT:_87cdisp_.obj
 0001:0000c750       __sse2_mathfcns_init       1000d750 f   LIBCMT:_mathfcns_.obj
 0001:0000c770       __CIcos_pentium4           1000d770 f   LIBCMT:_cos_pentium4_.obj
 0001:0000c788       __cos_pentium4             1000d788     LIBCMT:_cos_pentium4_.obj
 0001:0000c920       __trandisp1                1000d920 f   LIBCMT:_87disp_.obj
 0001:0000c987       __trandisp2                1000d987 f   LIBCMT:_87disp_.obj
 0001:0000ca13       __rttospopde               1000da13     LIBCMT:_87disp_.obj
 0001:0000ca18       __rttospop                 1000da18     LIBCMT:_87disp_.obj
 0001:0000ca1a       __rtnospop                 1000da1a     LIBCMT:_87disp_.obj
 0001:0000ca1c       __rttosnpop                1000da1c     LIBCMT:_87disp_.obj
 0001:0000ca1d       __rtnospopde               1000da1d     LIBCMT:_87disp_.obj
 0001:0000ca24       __rtzeropop                1000da24     LIBCMT:_87disp_.obj
 0001:0000ca26       __rtzeronpop               1000da26     LIBCMT:_87disp_.obj
 0001:0000ca2b       __rtonepop                 1000da2b     LIBCMT:_87disp_.obj
 0001:0000ca2d       __rtonenpop                1000da2d     LIBCMT:_87disp_.obj
 0001:0000ca32       __tosnan1                  1000da32     LIBCMT:_87disp_.obj
 0001:0000ca5d       __nosnan2                  1000da5d     LIBCMT:_87disp_.obj
 0001:0000ca5f       __tosnan2                  1000da5f     LIBCMT:_87disp_.obj
 0001:0000ca87       __nan2                     1000da87     LIBCMT:_87disp_.obj
 0001:0000cac6       __rtindfpop                1000dac6     LIBCMT:_87disp_.obj
 0001:0000cac8       __rtindfnpop               1000dac8     LIBCMT:_87disp_.obj
 0001:0000cad9       __rttosnpopde              1000dad9     LIBCMT:_87disp_.obj
 0001:0000cae3       __rtchsifneg               1000dae3     LIBCMT:_87disp_.obj
 0001:0000caf0       __twoToTOS                 1000daf0 f   LIBCMT:_common_.obj
 0001:0000cb05       __load_CW                  1000db05 f   LIBCMT:_common_.obj
 0001:0000cb1c       __convertTOStoQNaN         1000db1c f   LIBCMT:_common_.obj
 0001:0000cb35       __fload_withFB             1000db35 f   LIBCMT:_common_.obj
 0001:0000cb78       __checkTOS_withFB          1000db78 f   LIBCMT:_common_.obj
 0001:0000cb8e       __fast_exit                1000db8e f   LIBCMT:_common_.obj
 0001:0000cb9b       __math_exit                1000db9b f   LIBCMT:_common_.obj
 0001:0000cbc5       __check_overflow_exit      1000dbc5 f   LIBCMT:_common_.obj
 0001:0000cbd9       __check_range_exit         1000dbd9 f   LIBCMT:_common_.obj
 0001:0000cc80       __startTwoArgErrorHandling 1000dc80 f   LIBCMT:_genexcep_.obj
 0001:0000cc97       __startOneArgErrorHandling 1000dc97 f   LIBCMT:_genexcep_.obj
 0001:0000cce0       __CIsin_pentium4           1000dce0 f   LIBCMT:_sin_pentium4_.obj
 0001:0000ccf8       __sin_pentium4             1000dcf8     LIBCMT:_sin_pentium4_.obj
 0001:0000ceb0       __CItan_pentium4           1000deb0 f   LIBCMT:_tan_pentium4_.obj
 0001:0000cec8       __tan_pentium4             1000dec8     LIBCMT:_tan_pentium4_.obj
 0001:0000d110       __stbuf                    1000e110 f   LIBCMT:_sftbuf.obj
 0001:0000d1ac       __ftbuf                    1000e1ac f   LIBCMT:_sftbuf.obj
 0001:0000d1e0       __SEH_prolog4              1000e1e0 f   LIBCMT:sehprolg4.obj
 0001:0000d225       __SEH_epilog4              1000e225 f   LIBCMT:sehprolg4.obj
 0001:0000d240       __except_handler4          1000e240 f   LIBCMT:chandler4.obj
 0001:0000d5f2       ___updatetmbcinfo          1000e5f2 f   LIBCMT:mbctype.obj
 0001:0000d712       __setmbcp_nolock           1000e712 f   LIBCMT:mbctype.obj
 0001:0000d8f7       __setmbcp                  1000e8f7 f   LIBCMT:mbctype.obj
 0001:0000da91       ___initmbctable            1000ea91 f   LIBCMT:mbctype.obj
 0001:0000daaf       ___freetlocinfo            1000eaaf f   LIBCMT:setlocal.obj
 0001:0000dbf8       ___addlocaleref            1000ebf8 f   LIBCMT:setlocal.obj
 0001:0000dc87       ___removelocaleref         1000ec87 f   LIBCMT:setlocal.obj
 0001:0000dd5e       ___updatetlocinfo          1000ed5e f   LIBCMT:setlocal.obj
 0001:0000ddd4       __encode_pointer           1000edd4 f   LIBCMT:tidtable.obj
 0001:0000de46       __encoded_null             1000ee46 f   LIBCMT:tidtable.obj
 0001:0000de4f       __decode_pointer           1000ee4f f   LIBCMT:tidtable.obj
 0001:0000dec1       ___crtTlsAlloc@4           1000eec1 f   LIBCMT:tidtable.obj
 0001:0000deca       ___set_flsgetvalue         1000eeca f   LIBCMT:tidtable.obj
 0001:0000defe       __mtterm                   1000eefe f   LIBCMT:tidtable.obj
 0001:0000df3b       __initptd                  1000ef3b f   LIBCMT:tidtable.obj
 0001:0000e022       __getptd_noexit            1000f022 f   LIBCMT:tidtable.obj
 0001:0000e09b       __getptd                   1000f09b f   LIBCMT:tidtable.obj
 0001:0000e0b5       __freefls@4                1000f0b5 f   LIBCMT:tidtable.obj
 0001:0000e1e4       __freeptd                  1000f1e4 f   LIBCMT:tidtable.obj
 0001:0000e252       __mtinit                   1000f252 f   LIBCMT:tidtable.obj
 0001:0000e3df       __isctype_l                1000f3df f   LIBCMT:isctype.obj
 0001:0000e497       @__security_check_cookie@4 1000f497 f   LIBCMT:secchk.obj
 0001:0000e52d       __VEC_memcpy               1000f52d f   LIBCMT:p4_memcpy.obj
 0001:0000e610       __NMSG_WRITE               1000f610 f   LIBCMT:crt0msg.obj
 0001:0000e7bb       __FF_MSGBANNER             1000f7bb f   LIBCMT:crt0msg.obj
 0001:0000e7f4       __mtinitlocks              1000f7f4 f   LIBCMT:mlock.obj
 0001:0000e83f       __mtdeletelocks            1000f83f f   LIBCMT:mlock.obj
 0001:0000e896       __unlock                   1000f896 f   LIBCMT:mlock.obj
 0001:0000e8ad       __mtinitlocknum            1000f8ad f   LIBCMT:mlock.obj
 0001:0000e970       __lock                     1000f970 f   LIBCMT:mlock.obj
 0001:0000ea5d       ___onexitinit              1000fa5d f   LIBCMT:onexit.obj
 0001:0000ea8e       __onexit                   1000fa8e f   LIBCMT:onexit.obj
 0001:0000eaca       _atexit                    1000faca f   LIBCMT:onexit.obj
 0001:0000eae1       __RTC_Initialize           1000fae1 f   LIBCMT:_initsect_.obj
 0001:0000eb07       __RTC_Terminate            1000fb07 f   LIBCMT:_initsect_.obj
 0001:0000eb30       __ValidateImageBase        1000fb30 f   LIBCMT:pesect.obj
 0001:0000eb70       __FindPESection            1000fb70 f   LIBCMT:pesect.obj
 0001:0000ebc0       __IsNonwritableInCurrentImage 1000fbc0 f   LIBCMT:pesect.obj
 0001:0000ec7d       ?terminate@@YAXXZ          1000fc7d f   LIBCMT:hooks.obj
 0001:0000ecb6       __initp_eh_hooks           1000fcb6 f   LIBCMT:hooks.obj
 0001:0000ecc7       __XcptFilter               1000fcc7 f   LIBCMT:winxfltr.obj
 0001:0000ee27       ___CppXcptFilter           1000fe27 f   LIBCMT:winxfltr.obj
 0001:0000ee47       __initp_misc_winsig        1000fe47 f   LIBCMT:winsig.obj
 0001:0000ee9c       ___get_sigabrt             1000fe9c f   LIBCMT:winsig.obj
 0001:0000eea9       _raise                     1000fea9 f   LIBCMT:winsig.obj
 0001:0000f059       __initp_misc_rand_s        10010059 f   LIBCMT:rand_s.obj
 0001:0000f068       __initp_misc_purevirt      10010068 f   LIBCMT:inithelp.obj
 0001:0000f077       __initp_misc_initcrit      10010077 f   LIBCMT:initcrit.obj
 0001:0000f086       ___crtInitCritSecAndSpinCount 10010086 f   LIBCMT:initcrit.obj
 0001:0000f0e6       __initp_heap_handler       100100e6 f   LIBCMT:handler.obj
 0001:0000f0f5       __callnewh                 100100f5 f   LIBCMT:handler.obj
 0001:0000f11d       _free                      1001011d f   LIBCMT:free.obj
 0001:0000f1ab       __malloc_crt               100101ab f   LIBCMT:crtheap.obj
 0001:0000f1f0       __calloc_crt               100101f0 f   LIBCMT:crtheap.obj
 0001:0000f23c       __realloc_crt              1001023c f   LIBCMT:crtheap.obj
 0001:0000f28a       __ioinit                   1001028a f   LIBCMT:ioinit.obj
 0001:0000f4de       __ioterm                   100104de f   LIBCMT:ioinit.obj
 0001:0000f52c       __setenvp                  1001052c f   LIBCMT:stdenvp.obj
 0001:0000f7a4       __setargv                  100107a4 f   LIBCMT:stdargv.obj
 0001:0000f85f       ___crtGetEnvironmentStringsA 1001085f f   LIBCMT:a_env.obj
 0001:0000f996       __heap_init                10010996 f   LIBCMT:heapinit.obj
 0001:0000f9c6       __heap_term                100109c6 f   LIBCMT:heapinit.obj
 0001:0000fa3a       _DllMain@12                10010a3a f   LIBCMT:dllmain.obj
 0001:0000fa40       ___security_init_cookie    10010a40 f   LIBCMT:gs_support.obj
 0001:0000fae0       __CIasin_pentium4          10010ae0 f   LIBCMT:_asin_pentium4_.obj
 0001:0000faf8       __asin_pentium4            10010af8     LIBCMT:_asin_pentium4_.obj
 0001:00010060       __CIacos_pentium4          10011060 f   LIBCMT:_acos_pentium4_.obj
 0001:00010078       __acos_pentium4            10011078     LIBCMT:_acos_pentium4_.obj
 0001:000105b4       __fileno                   100115b4 f   LIBCMT:fileno.obj
 0001:000105e6       __fcloseall                100115e6 f   LIBCMT:closeall.obj
 0001:00010685       __flush                    10011685 f   LIBCMT:fflush.obj
 0001:000106ed       __fflush_nolock            100116ed f   LIBCMT:fflush.obj
 0001:0001080f       __flushall                 1001180f f   LIBCMT:fflush.obj
 0001:00010818       __lseeki64_nolock          10011818 f   LIBCMT:lseeki64.obj
 0001:0001089d       __lseeki64                 1001189d f   LIBCMT:lseeki64.obj
 0001:000109b6       __write_nolock             100119b6 f   LIBCMT:write.obj
 0001:000110e9       __write                    100120e9 f   LIBCMT:write.obj
 0001:000111c5       __getbuf                   100121c5 f   LIBCMT:_getbuf.obj
 0001:0001120e       __isatty                   1001220e f   LIBCMT:isatty.obj
 0001:00011280       _strlen                    10012280 f   LIBCMT:strlen.obj
 0001:0001130b       __wctomb_s_l               1001230b f   LIBCMT:wctomb.obj
 0001:00011477       _wctomb_s                  10012477 f   LIBCMT:wctomb.obj
 0001:00011494       __isleadbyte_l             10012494 f i LIBCMT:_wctype.obj
 0001:000114cc       _isleadbyte                100124cc f i LIBCMT:_wctype.obj
 0001:000114e0       __aulldvrm                 100124e0 f   LIBCMT:ulldvrm.obj
 0001:00011575       __crt_debugger_hook        10012575 f   LIBCMT:dbghook.obj
 0001:00011580       _memset                    10012580 f   LIBCMT:memset.obj
 0001:000115fa       __isdigit_l                100125fa f i LIBCMT:_ctype.obj
 0001:0001164b       _isdigit                   1001264b f i LIBCMT:_ctype.obj
 0001:00011679       __tolower_l                10012679 f   LIBCMT:tolower.obj
 0001:0001178e       _tolower                   1001278e f   LIBCMT:tolower.obj
 0001:000117ba       __atodbl_l                 100127ba f   LIBCMT:atodbl.obj
 0001:00011862       __atoflt_l                 10012862 f   LIBCMT:atodbl.obj
 0001:00011910       _memmove                   10012910 f   LIBCMT:memmove.obj
 0001:00011c75       _strcpy_s                  10012c75 f   LIBCMT:strcpy_s.obj
 0001:00011cdd       __fptostr                  10012cdd f   LIBCMT:_fptostr.obj
 0001:00011d9c       ___dtold                   10012d9c f   LIBCMT:_cfout_.obj
 0001:00011e59       __fltout2                  10012e59 f   LIBCMT:_cfout_.obj
 0001:00011ef0       __alldvrm                  10012ef0 f   LIBCMT:lldvrm.obj
 0001:00011fd0       __aullshr                  10012fd0 f   LIBCMT:ullshr.obj
 0001:00011fef       __fptrap                   10012fef f   LIBCMT:crt0fp.obj
 0001:00011ff8       __controlfp_s              10012ff8 f   LIBCMT:_contrlfp_.obj
 0001:00012064       __87except                 10013064 f   LIBCMT:_87except_.obj
 0001:000121a4       __local_unwind4            100131a4 f   LIBCMT:exsup4.obj
 0001:0001227a       __seh_longjmp_unwind4@4    1001327a f   LIBCMT:exsup4.obj
 0001:00012296       @_EH4_CallFilterFunc@8     10013296 f   LIBCMT:exsup4.obj
 0001:000122ad       @_EH4_TransferToHandler@8  100132ad f   LIBCMT:exsup4.obj
 0001:000122c6       @_EH4_GlobalUnwind@4       100132c6 f   LIBCMT:exsup4.obj
 0001:000122e0       @_EH4_LocalUnwind@16       100132e0 f   LIBCMT:exsup4.obj
 0001:000122f7       __freea                    100132f7 f i LIBCMT:a_map.obj
 0001:000126bc       ___crtLCMapStringA         100136bc f   LIBCMT:a_map.obj
 0001:000128bb       ___crtGetStringTypeA       100138bb f   LIBCMT:a_str.obj
 0001:000128fd       ___free_lc_time            100138fd f   LIBCMT:inittime.obj
 0001:00012a92       ___free_lconv_num          10013a92 f   LIBCMT:initnum.obj
 0001:00012ad7       ___free_lconv_mon          10013ad7 f   LIBCMT:initmon.obj
 0001:00012b65       _strcat_s                  10013b65 f   LIBCMT:strcat_s.obj
 0001:00012be0       _strcspn                   10013be0 f   LIBCMT:strcspn.obj
 0001:00012c26       _strncpy_s                 10013c26 f   LIBCMT:strncpy_s.obj
 0001:00012ce0       _strcmp                    10013ce0 f   LIBCMT:strcmp.obj
 0001:00012d70       _strpbrk                   10013d70 f   LIBCMT:strpbrk.obj
 0001:00012db0       ___report_gsfailure        10013db0 f   LIBCMT:gs_report.obj
 0001:00012eb6       ___crtMessageBoxA          10013eb6 f   LIBCMT:crtmbox.obj
 0001:0001301f       __set_error_mode           1001401f f   LIBCMT:errmode.obj
 0001:0001306a       __msize                    1001406a f   LIBCMT:msize.obj
 0001:0001310d       _abort                     1001410d f   LIBCMT:abort.obj
 0001:00013224       ___sbh_find_block          10014224 f   LIBCMT:sbheap.obj
 0001:00013254       ___sbh_free_block          10014254 f   LIBCMT:sbheap.obj
 0001:0001356a       ___sbh_alloc_new_region    1001456a f   LIBCMT:sbheap.obj
 0001:0001361a       ___sbh_alloc_new_group     1001461a f   LIBCMT:sbheap.obj
 0001:00013722       ___sbh_resize_block        10014722 f   LIBCMT:sbheap.obj
 0001:00013a03       ___sbh_alloc_block         10014a03 f   LIBCMT:sbheap.obj
 0001:00013ce8       _V6_HeapAlloc              10014ce8 f   LIBCMT:malloc.obj
 0001:00013d37       _malloc                    10014d37 f   LIBCMT:malloc.obj
 0001:00013e01       __calloc_impl              10014e01 f   LIBCMT:calloc_impl.obj
 0001:00013f1f       _realloc                   10014f1f f   LIBCMT:realloc.obj
 0001:0001418d       __ismbblead                1001518d f   LIBCMT:ismbbyte.obj
 0001:000141a5       ___libm_error_support      100151a5 f   LIBCMT:_libm_error_.obj
 0001:00014455       __fclose_nolock            10015455 f   LIBCMT:fclose.obj
 0001:000144cc       _fclose                    100154cc f   LIBCMT:fclose.obj
 0001:00014548       __commit                   10015548 f   LIBCMT:commit.obj
 0001:00014629       __free_osfhnd              10015629 f   LIBCMT:osfinfo.obj
 0001:000146af       __get_osfhandle            100156af f   LIBCMT:osfinfo.obj
 0001:00014726       ___lock_fhandle            10015726 f   LIBCMT:osfinfo.obj
 0001:000147c6       __unlock_fhandle           100157c6 f   LIBCMT:osfinfo.obj
 0001:000147ed       __putwch_nolock            100157ed f   LIBCMT:putwch.obj
 0001:000148b2       __mbtowc_l                 100158b2 f   LIBCMT:mbtowc.obj
 0001:000149c9       _mbtowc                    100159c9 f   LIBCMT:mbtowc.obj
 0001:000149f0       __alloca_probe             100159f0     LIBCMT:chkstk.obj
 0001:000149f0       __chkstk                   100159f0 f   LIBCMT:chkstk.obj
 0001:00014a72       __VEC_memzero              10015a72 f   LIBCMT:p4_memset.obj
 0001:00014b01       __ld12tod                  10015b01 f   LIBCMT:_intrncvt_.obj
 0001:00015045       __ld12tof                  10016045 f   LIBCMT:_intrncvt_.obj
 0001:00015589       ___strgtold12_l            10016589 f   LIBCMT:_strgtold_.obj
 0001:00015c81       _$I10_OUTPUT               10016c81 f   LIBCMT:_x10fout_.obj
 0001:000166d3       __control87                100176d3 f i LIBCMT:_ieee87_.obj
 0001:000169e2       __raise_exc_ex             100179e2 f   LIBCMT:_fpexcept_.obj
 0001:00016cbe       __raise_exc                10017cbe f   LIBCMT:_fpexcept_.obj
 0001:00016ce1       __handle_exc               10017ce1 f   LIBCMT:_fpexcept_.obj
 0001:00016ec3       __set_errno_from_matherr   10017ec3 f   LIBCMT:_fpexcept_.obj
 0001:00016ef0       __matherr                  10017ef0 f   LIBCMT:_matherr_.obj
 0001:00016ef3       __statfp                   10017ef3 f   LIBCMT:_fpctrl_.obj
 0001:00016f03       __clrfp                    10017f03 f   LIBCMT:_fpctrl_.obj
 0001:00016f14       __ctrlfp                   10017f14 f   LIBCMT:_fpctrl_.obj
 0001:00016f3d       __set_statfp               10017f3d f   LIBCMT:_fpctrl_.obj
 0001:00016f95       ___set_fpsr_sse2           10017f95 f   LIBCMT:_fpctrl_.obj
 0001:00017008       __global_unwind2           10018008 f   LIBCMT:exsup.obj
 0001:0001706d       __local_unwind2            1001806d f   LIBCMT:exsup.obj
 0001:000170f1       __abnormal_termination     100180f1 f   LIBCMT:exsup.obj
 0001:00017114       __NLG_Notify1              10018114 f   LIBCMT:exsup.obj
 0001:0001711d       __NLG_Notify               1001811d f   LIBCMT:exsup.obj
 0001:00017134       __NLG_Dispatch2            10018134     LIBCMT:exsup.obj
 0001:00017134       __NLG_Dispatch             10018134     LIBCMT:exsup.obj
 0001:0001713c       __NLG_Call                 1001813c f   LIBCMT:exsup.obj
 0001:0001713e       __NLG_Return2              1001813e     LIBCMT:exsup.obj
 0001:0001713f       ___ansicp                  1001813f f   LIBCMT:convrtcp.obj
 0001:00017188       ___convertcp               10018188 f   LIBCMT:convrtcp.obj
 0001:00017340       __alloca_probe_16          10018340 f   LIBCMT:alloca16.obj
 0001:00017356       __alloca_probe_8           10018356     LIBCMT:alloca16.obj
 0001:0001736c       _atol                      1001836c f   LIBCMT:atox.obj
 0001:00017382       __close_nolock             10018382 f   LIBCMT:close.obj
 0001:0001741e       __close                    1001841e f   LIBCMT:close.obj
 0001:000174eb       __freebuf                  100184eb f   LIBCMT:_freebuf.obj
 0001:0001751c       ___initconout              1001851c f   LIBCMT:initcon.obj
 0001:0001753b       ___termcon                 1001853b f   LIBCMT:initcon.obj
 0001:00017568       ___mtold12                 10018568 f   LIBCMT:_mantold_.obj
 0001:00017736       __set_exp                  10018736 f   LIBCMT:_util_.obj
 0001:00017762       __decomp                   10018762 f   LIBCMT:_util_.obj
 0001:00017820       ___ascii_strnicmp          10018820 f   LIBCMT:_strnicm.obj
 0001:00017890       __allmul                   10018890 f   LIBCMT:llmul.obj
 0001:000178e0       _strchr                    100188e0 f   LIBCMT:strchr.obj
 0001:000178e6       ___from_strstr_to_strchr   100188e6     LIBCMT:strchr.obj
 0001:0001799e       _RtlUnwind@16              1001899e f   kernel32:KERNEL32.dll
 0002:00000000       __imp__GetModuleFileNameA@12 10019000     kernel32:KERNEL32.dll
 0002:00000004       __imp__CreateFileA@28      10019004     kernel32:KERNEL32.dll
 0002:00000008       __imp__CloseHandle@4       10019008     kernel32:KERNEL32.dll
 0002:0000000c       __imp__RaiseException@16   1001900c     kernel32:KERNEL32.dll
 0002:00000010       __imp__WriteConsoleW@20    10019010     kernel32:KERNEL32.dll
 0002:00000014       __imp__GetConsoleOutputCP@0 10019014     kernel32:KERNEL32.dll
 0002:00000018       __imp__WriteConsoleA@20    10019018     kernel32:KERNEL32.dll
 0002:0000001c       __imp__SetStdHandle@8      1001901c     kernel32:KERNEL32.dll
 0002:00000020       __imp__FlushFileBuffers@4  10019020     kernel32:KERNEL32.dll
 0002:00000024       __imp__HeapReAlloc@16      10019024     kernel32:KERNEL32.dll
 0002:00000028       __imp__VirtualAlloc@16     10019028     kernel32:KERNEL32.dll
 0002:0000002c       __imp__HeapAlloc@12        1001902c     kernel32:KERNEL32.dll
 0002:00000030       __imp__HeapSize@12         10019030     kernel32:KERNEL32.dll
 0002:00000034       __imp__GetLocaleInfoA@16   10019034     kernel32:KERNEL32.dll
 0002:00000038       __imp__GetStringTypeW@16   10019038     kernel32:KERNEL32.dll
 0002:0000003c       __imp__GetStringTypeA@20   1001903c     kernel32:KERNEL32.dll
 0002:00000040       __imp__LCMapStringW@24     10019040     kernel32:KERNEL32.dll
 0002:00000044       __imp__MultiByteToWideChar@24 10019044     kernel32:KERNEL32.dll
 0002:00000048       __imp__GetModuleHandleW@4  10019048     kernel32:KERNEL32.dll
 0002:0000004c       __imp__Sleep@4             1001904c     kernel32:KERNEL32.dll
 0002:00000050       __imp__GetProcAddress@8    10019050     kernel32:KERNEL32.dll
 0002:00000054       __imp__ExitProcess@4       10019054     kernel32:KERNEL32.dll
 0002:00000058       __imp__GetCurrentThreadId@0 10019058     kernel32:KERNEL32.dll
 0002:0000005c       __imp__GetCommandLineA@0   1001905c     kernel32:KERNEL32.dll
 0002:00000060       __imp__EnterCriticalSection@4 10019060     kernel32:KERNEL32.dll
 0002:00000064       __imp__LeaveCriticalSection@4 10019064     kernel32:KERNEL32.dll
 0002:00000068       __imp__TerminateProcess@8  10019068     kernel32:KERNEL32.dll
 0002:0000006c       __imp__GetCurrentProcess@0 1001906c     kernel32:KERNEL32.dll
 0002:00000070       __imp__UnhandledExceptionFilter@4 10019070     kernel32:KERNEL32.dll
 0002:00000074       __imp__SetUnhandledExceptionFilter@4 10019074     kernel32:KERNEL32.dll
 0002:00000078       __imp__IsDebuggerPresent@0 10019078     kernel32:KERNEL32.dll
 0002:0000007c       __imp__GetModuleHandleA@4  1001907c     kernel32:KERNEL32.dll
 0002:00000080       __imp__GetCPInfo@8         10019080     kernel32:KERNEL32.dll
 0002:00000084       __imp__InterlockedIncrement@4 10019084     kernel32:KERNEL32.dll
 0002:00000088       __imp__InterlockedDecrement@4 10019088     kernel32:KERNEL32.dll
 0002:0000008c       __imp__GetACP@0            1001908c     kernel32:KERNEL32.dll
 0002:00000090       __imp__GetOEMCP@0          10019090     kernel32:KERNEL32.dll
 0002:00000094       __imp__IsValidCodePage@4   10019094     kernel32:KERNEL32.dll
 0002:00000098       __imp__TlsGetValue@4       10019098     kernel32:KERNEL32.dll
 0002:0000009c       __imp__TlsAlloc@0          1001909c     kernel32:KERNEL32.dll
 0002:000000a0       __imp__TlsSetValue@8       100190a0     kernel32:KERNEL32.dll
 0002:000000a4       __imp__TlsFree@4           100190a4     kernel32:KERNEL32.dll
 0002:000000a8       __imp__SetLastError@4      100190a8     kernel32:KERNEL32.dll
 0002:000000ac       __imp__GetLastError@0      100190ac     kernel32:KERNEL32.dll
 0002:000000b0       __imp__WriteFile@20        100190b0     kernel32:KERNEL32.dll
 0002:000000b4       __imp__GetStdHandle@4      100190b4     kernel32:KERNEL32.dll
 0002:000000b8       __imp__DeleteCriticalSection@4 100190b8     kernel32:KERNEL32.dll
 0002:000000bc       __imp__LoadLibraryA@4      100190bc     kernel32:KERNEL32.dll
 0002:000000c0       __imp__InitializeCriticalSectionAndSpinCount@8 100190c0     kernel32:KERNEL32.dll
 0002:000000c4       __imp__HeapFree@12         100190c4     kernel32:KERNEL32.dll
 0002:000000c8       __imp__SetHandleCount@4    100190c8     kernel32:KERNEL32.dll
 0002:000000cc       __imp__GetFileType@4       100190cc     kernel32:KERNEL32.dll
 0002:000000d0       __imp__GetStartupInfoA@4   100190d0     kernel32:KERNEL32.dll
 0002:000000d4       __imp__FreeEnvironmentStringsA@4 100190d4     kernel32:KERNEL32.dll
 0002:000000d8       __imp__GetEnvironmentStrings@0 100190d8     kernel32:KERNEL32.dll
 0002:000000dc       __imp__FreeEnvironmentStringsW@4 100190dc     kernel32:KERNEL32.dll
 0002:000000e0       __imp__WideCharToMultiByte@32 100190e0     kernel32:KERNEL32.dll
 0002:000000e4       __imp__GetEnvironmentStringsW@0 100190e4     kernel32:KERNEL32.dll
 0002:000000e8       __imp__HeapCreate@12       100190e8     kernel32:KERNEL32.dll
 0002:000000ec       __imp__HeapDestroy@4       100190ec     kernel32:KERNEL32.dll
 0002:000000f0       __imp__VirtualFree@12      100190f0     kernel32:KERNEL32.dll
 0002:000000f4       __imp__QueryPerformanceCounter@4 100190f4     kernel32:KERNEL32.dll
 0002:000000f8       __imp__GetTickCount@0      100190f8     kernel32:KERNEL32.dll
 0002:000000fc       __imp__GetCurrentProcessId@0 100190fc     kernel32:KERNEL32.dll
 0002:00000100       __imp__GetSystemTimeAsFileTime@4 10019100     kernel32:KERNEL32.dll
 0002:00000104       __imp__SetFilePointer@16   10019104     kernel32:KERNEL32.dll
 0002:00000108       __imp__GetConsoleCP@0      10019108     kernel32:KERNEL32.dll
 0002:0000010c       __imp__GetConsoleMode@8    1001910c     kernel32:KERNEL32.dll
 0002:00000110       __imp__RtlUnwind@16        10019110     kernel32:KERNEL32.dll
 0002:00000114       __imp__LCMapStringA@24     10019114     kernel32:KERNEL32.dll
 0002:00000118       \177KERNEL32_NULL_THUNK_DATA 10019118     kernel32:KERNEL32.dll
 0002:0000011c       __imp_?RtTrackSurfaceNormalL@@YAXPAUtTrkLocPos@@PAUt3Dd@@@Z 1001911c     robottools:robottools.dll
 0002:00000120       __imp_?RtTrackSideNormalG@@YAXPAUtrackSeg@@MMHPAUt3Dd@@@Z 10019120     robottools:robottools.dll
 0002:00000124       __imp_?RtTrackHeightG@@YAMPAUtrackSeg@@MM@Z 10019124     robottools:robottools.dll
 0002:00000128       __imp_?RtTrackHeightL@@YAMPAUtTrkLocPos@@@Z 10019128     robottools:robottools.dll
 0002:0000012c       __imp_?RtTrackGlobal2Local@@YAXPAUtrackSeg@@MMPAUtTrkLocPos@@H@Z 1001912c     robottools:robottools.dll
 0002:00000130       __imp_?RtTrackLocal2Global@@YAXPAUtTrkLocPos@@PAM1H@Z 10019130     robottools:robottools.dll
 0002:00000134       __imp_?RtTrackGetWidth@@YAMPAUtrackSeg@@M@Z 10019134     robottools:robottools.dll
 0002:00000138       \177robottools_NULL_THUNK_DATA 10019138     robottools:robottools.dll
 0002:0000013c       __imp_?GfHashCreate@@YAPAXH@Z 1001913c     tgf:tgf.dll
 0002:00000140       __imp_?GfHashGetStr@@YAPBXPAXPBD@Z 10019140     tgf:tgf.dll
 0002:00000144       __imp_?GfHashAddStr@@YAHPAXPBDPBX@Z 10019144     tgf:tgf.dll
 0002:00000148       __imp_?GfHashRelease@@YAXPAXP6AXPBX@Z@Z 10019148     tgf:tgf.dll
 0002:0000014c       __imp_?GfParmListSeekFirst@@YAHPAXPBD@Z 1001914c     tgf:tgf.dll
 0002:00000150       __imp_?GfParmListGetCurEltName@@YAPADPAXPBD@Z 10019150     tgf:tgf.dll
 0002:00000154       __imp_?GfParmSetCurNum@@YAHPAXPBD11M@Z 10019154     tgf:tgf.dll
 0002:00000158       __imp_?GfParmListSeekNext@@YAHPAXPBD@Z 10019158     tgf:tgf.dll
 0002:0000015c       __imp_?GfParmGetCurNum@@YAMPAXPBD11M@Z 1001915c     tgf:tgf.dll
 0002:00000160       __imp_?GfParmGetCurStr@@YAPBDPAXPBD11@Z 10019160     tgf:tgf.dll
 0002:00000164       __imp_?_tgf_win_malloc@@YAPAXI@Z 10019164     tgf:tgf.dll
 0002:00000168       __imp_?GfParmReadFile@@YAPAXPBDH@Z 10019168     tgf:tgf.dll
 0002:0000016c       __imp_?GfParmReleaseHandle@@YAXPAX@Z 1001916c     tgf:tgf.dll
 0002:00000170       __imp_?_tgf_win_free@@YAXPAX@Z 10019170     tgf:tgf.dll
 0002:00000174       __imp_?GfParmGetStr@@YAPBDPAXPBD11@Z 10019174     tgf:tgf.dll
 0002:00000178       __imp_?GfParmGetNum@@YAMPAXPBD11M@Z 10019178     tgf:tgf.dll
 0002:0000017c       __imp_?GfParmGetEltNb@@YAHPAXPBD@Z 1001917c     tgf:tgf.dll
 0002:00000180       __imp_?_tgf_win_calloc@@YAPAXII@Z 10019180     tgf:tgf.dll
 0002:00000184       __imp_?_tgf_win_strdup@@YAPADPBD@Z 10019184     tgf:tgf.dll
 0002:00000188       \177tgf_NULL_THUNK_DATA    10019188     tgf:tgf.dll
 0002:0000018c       ___xc_a                    1001918c     LIBCMT:crt0init.obj
 0002:00000190       ___xc_z                    10019190     LIBCMT:crt0init.obj
 0002:00000194       ___xi_a                    10019194     LIBCMT:crt0init.obj
 0002:000001ac       ___xi_z                    100191ac     LIBCMT:crt0init.obj
 0002:000001b0       ___xp_a                    100191b0     LIBCMT:crt0init.obj
 0002:000001bc       ___xp_z                    100191bc     LIBCMT:crt0init.obj
 0002:000001c0       ___xt_a                    100191c0     LIBCMT:crt0init.obj
 0002:000001c4       ___xt_z                    100191c4     LIBCMT:crt0init.obj
 0002:000001d8       ??_C@_0BB@BJHGGKOO@horizontal?5space?$AA@ 100191d8     track.obj
 0002:000001ec       ??_C@_0P@EOFNILFK@vertical?5space?$AA@ 100191ec     track.obj
 0002:000001fc       ??_C@_0BD@CJEECLOI@Graphic?1Turn?5Marks?$AA@ 100191fc     track.obj
 0002:00000210       ??_C@_06LNLHEAAG@height?$AA@ 10019210     track.obj
 0002:00000218       ??_C@_0O@LPJJHDF@env?5map?5image?$AA@ 10019218     track.obj
 0002:00000228       ??_C@_07HJBPHNJO@env?4png?$AA@ 10019228     track.obj
 0002:00000230       ??_C@_08OEOPGIOB@?$CFs?1?$CFs?1?$CFd?$AA@ 10019230     track.obj
 0002:0000023c       ??_C@_05GFOLEBJA@?$CFs?1?$CFs?$AA@ 1001923c     track.obj
 0002:00000244       ??_C@_0BE@IHFMMIF@Environment?5Mapping?$AA@ 10019244     track.obj
 0002:00000258       ??_C@_0BD@BCECJGMM@background?5color?5B?$AA@ 10019258     track.obj
 0002:0000026c       __real@3dcccccd            1001926c     track.obj
 0002:00000270       ??_C@_0BD@GPDFGCIJ@background?5color?5G?$AA@ 10019270     track.obj
 0002:00000284       ??_C@_0BD@FIIAIEJN@background?5color?5R?$AA@ 10019284     track.obj
 0002:00000298       ??_C@_0BA@MEJAHLHK@background?5type?$AA@ 10019298     track.obj
 0002:000002a8       ??_C@_07PEMABHH@Graphic?$AA@ 100192a8     track.obj
 0002:000002b0       ??_C@_0BB@GJJHFDCI@background?5image?$AA@ 100192b0     track.obj
 0002:000002c4       ??_C@_0P@OAFBEPHL@background?4png?$AA@ 100192c4     track.obj
 0002:000002d4       ??_C@_08MBJIKOEN@category?$AA@ 100192d4     track.obj
 0002:000002e0       ??_C@_04JBAOFDKM@road?$AA@ 100192e0     track.obj
 0002:000002e8       ??_C@_06LIPPPFCI@author?$AA@ 100192e8     track.obj
 0002:000002f0       ??_C@_04CGFJFPFD@none?$AA@ 100192f0     track.obj
 0002:000002f8       ??_C@_0L@BGJCGHGC@Main?5Track?$AA@ 100192f8     track.obj
 0002:00000304       ??_C@_05IGKADHGO@width?$AA@ 10019304     track.obj
 0002:0000030c       __real@41700000            1001930c     track.obj
 0002:00000310       ??_C@_07CPCPJPKL@version?$AA@ 10019310     track.obj
 0002:00000318       ??_C@_06OENKJGA@Header?$AA@ 10019318     track.obj
 0002:00000320       ??_C@_04MEMAJGDJ@name?$AA@ 10019320     track.obj
 0002:00000328       ??_C@_07NIPDDFPO@no?5name?$AA@ 10019328     track.obj
 0002:00000330       ??_C@_05EIKACAIN@fence?$AA@ 10019330     track3.obj
 0002:00000338       ??_C@_04LLBAOAMK@curb?$AA@ 10019338     track3.obj
 0002:00000340       ??_C@_04HJDALCLE@wall?$AA@ 10019340     track3.obj
 0002:00000348       ??_C@_04DJEEHKI@plan?$AA@  10019348     track3.obj
 0002:00000350       ??_C@_0BA@IAMECIGH@lbarrier?5height?$AA@ 10019350     track3.obj
 0002:00000360       ??_C@_0BA@EGGBOAFC@rbarrier?5height?$AA@ 10019360     track3.obj
 0002:00000370       ??_C@_0P@CLFEJDOJ@lbarrier?5style?$AA@ 10019370     track3.obj
 0002:00000380       ??_C@_0P@ICEFBEND@rbarrier?5style?$AA@ 10019380     track3.obj
 0002:00000390       ??_C@_0P@CNFNIBAL@lbarrier?5width?$AA@ 10019390     track3.obj
 0002:000003a0       ??_C@_0P@IEEMAGDB@rbarrier?5width?$AA@ 100193a0     track3.obj
 0002:000003b0       ??_C@_0BB@LNMDDPBF@lbarrier?5surface?$AA@ 100193b0     track3.obj
 0002:000003c4       ??_C@_0BB@OLLGFOPO@rbarrier?5surface?$AA@ 100193c4     track3.obj
 0002:000003d8       ??_C@_0P@IMGCIIJH@lborder?5height?$AA@ 100193d8     track3.obj
 0002:000003e8       ??_C@_0P@CFHDAPKN@rborder?5height?$AA@ 100193e8     track3.obj
 0002:000003f8       ??_C@_0O@DLOPFLCC@lborder?5style?$AA@ 100193f8     track3.obj
 0002:00000408       ??_C@_0O@JGMGDCMO@rborder?5style?$AA@ 10019408     track3.obj
 0002:00000418       ??_C@_0O@DNOGEJMA@lborder?5width?$AA@ 10019418     track3.obj
 0002:00000428       ??_C@_0O@JAMPCACM@rborder?5width?$AA@ 10019428     track3.obj
 0002:00000438       ??_C@_0BA@HCGLKJ@lborder?5surface?$AA@ 10019438     track3.obj
 0002:00000448       ??_C@_0BA@MGNHKDJM@rborder?5surface?$AA@ 10019448     track3.obj
 0002:00000458       ??_C@_0L@PPJFNFBG@lside?5type?$AA@ 10019458     track3.obj
 0002:00000464       ??_C@_0L@DBFDKNL@rside?5type?$AA@ 10019464     track3.obj
 0002:00000470       ??_C@_0BA@LAEEGFLD@lside?5end?5width?$AA@ 10019470     track3.obj
 0002:00000480       ??_C@_0BA@HGOBKNIG@rside?5end?5width?$AA@ 10019480     track3.obj
 0002:00000490       ??_C@_0BC@BBOFCENL@lside?5start?5width?$AA@ 10019490     track3.obj
 0002:000004a4       ??_C@_0BC@CGGLGKEK@rside?5start?5width?$AA@ 100194a4     track3.obj
 0002:000004b8       ??_C@_0M@HNOECNII@lside?5width?$AA@ 100194b8     track3.obj
 0002:000004c4       ??_C@_0M@JIMNBDGK@rside?5width?$AA@ 100194c4     track3.obj
 0002:000004d0       ??_C@_0O@HCANELOH@lside?5surface?$AA@ 100194d0     track3.obj
 0002:000004e0       ??_C@_0O@NPCECCAL@rside?5surface?$AA@ 100194e0     track3.obj
 0002:000004fc       ??_C@_07OMEBIDND@rebound?$AA@ 100194fc     track3.obj
 0002:00000504       ??_C@_07OAPNLENP@dammage?$AA@ 10019504     track3.obj
 0002:0000050c       __real@41200000            1001950c     track3.obj
 0002:00000510       __real@401921fb54442d18    10019510     track3.obj
 0002:00000518       ??_C@_0BF@INMIEJMD@roughness?5wavelength?$AA@ 10019518     track3.obj
 0002:00000530       __real@3fe0000000000000    10019530     track3.obj
 0002:00000538       ??_C@_09FLEKNONA@roughness?$AA@ 10019538     track3.obj
 0002:00000544       ??_C@_0BD@KPJFMCBF@rolling?5resistance?$AA@ 10019544     track3.obj
 0002:00000558       __real@3a83126f            10019558     track3.obj
 0002:0000055c       ??_C@_08LKDNMFOC@friction?$AA@ 1001955c     track3.obj
 0002:00000568       __real@3f4ccccd            10019568     track3.obj
 0002:0000056c       ??_C@_08OBGMOMHH@?$CFs?1?$CFs?1?$CFs?$AA@ 1001956c     track3.obj
 0002:00000578       ??_C@_08NEAMABLN@Surfaces?$AA@ 10019578     track3.obj
 0002:00000584       ??_C@_04PPBEGPNI@List?$AA@ 10019584     track3.obj
 0002:0000058c       ??_C@_0CL@MAGDABIP@AddTrackSurface?3?5Memory?5allocati@ 1001958c     track3.obj
 0002:000005b8       __real@3f000000            100195b8     track3.obj
 0002:000005bc       ??_C@_07PFBBHFFC@barrier?$AA@ 100195bc     track3.obj
 0002:000005c4       ??_C@_05KJNJLLGA@level?$AA@ 100195c4     track3.obj
 0002:000005cc       ??_C@_05JOBLOEL@grass?$AA@ 100195cc     track3.obj
 0002:000005d4       __real@bf800000            100195d4     track3.obj
 0002:000005d8       ??_C@_0CC@NEOOFLKK@AddSides?3?5memory?5allocation?5erro@ 100195d8     track3.obj
 0002:00000600       __real@4042000000000000    10019600     track3.obj
 0002:00000608       ??_C@_08GPGJEGMF@segments?$AA@ 10019608     track3.obj
 0002:00000618       __real@3ff921fb54442d18    10019618     track3.obj
 0002:00000620       ??_C@_02EGCJHIOB@id?$AA@   10019620     track3.obj
 0002:00000624       ??_C@_0BD@JOFDCPIC@profil?5end?5tangent?$AA@ 10019624     track3.obj
 0002:00000638       ??_C@_0BF@MLBHAKBN@profil?5start?5tangent?$AA@ 10019638     track3.obj
 0002:00000650       ??_C@_0BJ@IIMPFBAK@profil?5end?5tangent?5right?$AA@ 10019650     track3.obj
 0002:0000066c       ??_C@_0BL@BDNPHGNJ@profil?5start?5tangent?5right?$AA@ 1001966c     track3.obj
 0002:00000688       ??_C@_0BI@OCNAPIMM@profil?5end?5tangent?5left?$AA@ 10019688     track3.obj
 0002:000006a0       ??_C@_0BK@JGDFJLAM@profil?5start?5tangent?5left?$AA@ 100196a0     track3.obj
 0002:000006bc       ??_C@_0BE@HFICBEJN@profil?5steps?5length?$AA@ 100196bc     track3.obj
 0002:000006d0       ??_C@_0N@PIBNALPI@profil?5steps?$AA@ 100196d0     track3.obj
 0002:000006e0       ??_C@_06EDHAMACH@profil?$AA@ 100196e0     track3.obj
 0002:000006e8       ??_C@_06PEBOLMPL@spline?$AA@ 100196e8     track3.obj
 0002:000006f0       ??_C@_0M@EPDMHKDD@banking?5end?$AA@ 100196f0     track3.obj
 0002:000006fc       ??_C@_0O@JAJMCMHF@banking?5start?$AA@ 100196fc     track3.obj
 0002:0000070c       ??_C@_05MBALOGJ@grade?$AA@ 1001970c     track3.obj
 0002:00000714       ??_C@_07HGKIDNJI@z?5start?$AA@ 10019714     track3.obj
 0002:0000071c       ??_C@_05GKGFBAEH@z?5end?$AA@ 1001971c     track3.obj
 0002:00000724       ??_C@_0M@INBGINCL@z?5end?5right?$AA@ 10019724     track3.obj
 0002:00000730       ??_C@_0L@DLFLMKAL@z?5end?5left?$AA@ 10019730     track3.obj
 0002:0000073c       ??_C@_0O@MGDEKEKL@z?5start?5right?$AA@ 1001973c     track3.obj
 0002:0000074c       ??_C@_0N@BNKGANCO@z?5start?5left?$AA@ 1001974c     track3.obj
 0002:0000075c       ??_C@_03EEIEDENP@arc?$AA@  1001975c     track3.obj
 0002:00000760       ??_C@_0L@EGMHAGCD@end?5radius?$AA@ 10019760     track3.obj
 0002:0000076c       ??_C@_06KGHINEPG@radius?$AA@ 1001976c     track3.obj
 0002:00000774       ??_C@_02GLMPOJMJ@lg?$AA@   10019774     track3.obj
 0002:00000778       ??_C@_0O@IHGPKFKF@env?5map?5index?$AA@ 10019778     track3.obj
 0002:00000788       ??_C@_01ICJEACDI@?$DL?$AA@ 10019788     track3.obj
 0002:0000078c       ??_C@_05NPKDHKMG@marks?$AA@ 1001978c     track3.obj
 0002:00000794       ??_C@_07IHELBNLD@surface?$AA@ 10019794     track3.obj
 0002:0000079c       ??_C@_07HAHIGFJI@asphalt?$AA@ 1001979c     track3.obj
 0002:000007a4       ??_C@_03BJEGCJKD@rgt?$AA@  100197a4     track3.obj
 0002:000007a8       ??_C@_03KIECGDDI@lft?$AA@  100197a8     track3.obj
 0002:000007ac       ??_C@_03OJMAPEGJ@str?$AA@  100197ac     track3.obj
 0002:000007b0       ??_C@_04GPMDFGEJ@type?$AA@ 100197b0     track3.obj
 0002:000007b5       ??_C@_00CNPNBAHC@?$AA@     100197b5     track3.obj
 0002:000007b8       __real@c7c35000            100197b8     track3.obj
 0002:000007c0       __real@4049000000000000    100197c0     track3.obj
 0002:000007c8       ??_C@_07KCDNDLMG@fov?5end?$AA@ 100197c8     track3.obj
 0002:000007d0       ??_C@_09PIIMKFIK@fov?5start?$AA@ 100197d0     track3.obj
 0002:000007dc       ??_C@_08GMJHFLMJ@to?5start?$AA@ 100197dc     track3.obj
 0002:000007e8       ??_C@_08LGBKCCF@to?5right?$AA@ 100197e8     track3.obj
 0002:000007f4       ??_C@_0DC@KGEDEKE@Bad?5Track?5Definition?3?5in?5Camera?5@ 100197f4     track3.obj
 0002:00000828       ??_C@_07BADNAEFA@segment?$AA@ 10019828     track3.obj
 0002:00000830       ??_C@_0CE@BLONMGLJ@ReadTrack3?3?5Memory?5allocation?5er@ 10019830     track3.obj
 0002:00000854       ??_C@_07HJIHKFEF@Cameras?$AA@ 10019854     track3.obj
 0002:0000085c       ??_C@_04DONFEANM@list?$AA@ 1001985c     track3.obj
 0002:00000864       ??_C@_0L@BMFGMLNJ@track?5side?$AA@ 10019864     track3.obj
 0002:00000870       ??_C@_09DFMGOKCK@pit?5width?$AA@ 10019870     track3.obj
 0002:0000087c       __real@40a00000            1001987c     track3.obj
 0002:00000880       ??_C@_0L@HJJBFMBI@pit?5length?$AA@ 10019880     track3.obj
 0002:0000088c       ??_C@_0M@LNPHBNPL@speed?5limit?$AA@ 1001988c     track3.obj
 0002:00000898       __real@41c80000            10019898     track3.obj
 0002:0000089c       ??_C@_08JGHCLMJC@pit?5side?$AA@ 1001989c     track3.obj
 0002:000008a8       ??_C@_05DHJDAOHK@right?$AA@ 100198a8     track3.obj
 0002:000008b0       ??_C@_07DGPBJHFL@pit?5end?$AA@ 100198b0     track3.obj
 0002:000008b8       ??_C@_09ODADCKNC@pit?5start?$AA@ 100198b8     track3.obj
 0002:000008c4       ??_C@_08MKHGFOAJ@pit?5exit?$AA@ 100198c4     track3.obj
 0002:000008d0       ??_C@_09MOLFJNJH@pit?5entry?$AA@ 100198d0     track3.obj
 0002:000008dc       ??_C@_08GPGEDMLB@pit?5type?$AA@ 100198dc     track3.obj
 0002:000008e8       ??_C@_06OGBDGJHD@no?5pit?$AA@ 100198e8     track3.obj
 0002:000008f0       ??_C@_0N@DEMFEGJN@Left?5Barrier?$AA@ 100198f0     track4.obj
 0002:00000900       ??_C@_0O@DMHDDLJH@Right?5Barrier?$AA@ 10019900     track4.obj
 0002:00000910       ??_C@_0M@FGHFGFLI@Left?5Border?$AA@ 10019910     track4.obj
 0002:0000091c       ??_C@_0N@INDFECPF@Right?5Border?$AA@ 1001991c     track4.obj
 0002:0000092c       ??_C@_09OJMBBNPC@Left?5Side?$AA@ 1001992c     track4.obj
 0002:00000938       ??_C@_0L@NDBGFCKN@Right?5Side?$AA@ 10019938     track4.obj
 0002:00000954       __real@3f19999a            10019954     track4.obj
 0002:00000958       ??_C@_05IAKJCFIM@style?$AA@ 10019958     track4.obj
 0002:00000960       ??_C@_0N@CMHEBIDG@banking?5type?$AA@ 10019960     track4.obj
 0002:00000970       ??_C@_09OMJLPMGE@end?5width?$AA@ 10019970     track4.obj
 0002:0000097c       ??_C@_0M@FGEPAADM@start?5width?$AA@ 1001997c     track4.obj
 0002:00000988       ??_C@_0P@GDKHIKBJ@Track?5Segments?$AA@ 10019988     track4.obj
 0002:00000998       ??_C@_0DO@KKJMNDKK@?$DO?$DO?$DO?$DO?$DO?$DO?$DO?$DO?$DO?5DUPLICATED?5SEGMENT?5NAM@ 10019998     track4.obj
 0002:000009d8       ??_C@_0L@GFLICJDG@DoV?5factor?$AA@ 100199d8     track4.obj
 0002:000009e4       ??_C@_06IJDLPEM@length?$AA@ 100199e4     track4.obj
 0002:000009ec       ??_C@_04JGNFNGGK@side?$AA@ 100199ec     track4.obj
 0002:000009f4       ??_C@_03JBJLGPFL@end?$AA@  100199f4     track4.obj
 0002:000009f8       ??_C@_05FAGFPHJG@start?$AA@ 100199f8     track4.obj
 0002:00000a00       ??_C@_04MKNBDEPB@exit?$AA@ 10019a00     track4.obj
 0002:00000a08       ??_C@_05HNNDEAND@entry?$AA@ 10019a08     track4.obj
 0002:00000a10       ??_C@_04BAAKJFBJ@Pits?$AA@ 10019a10     track4.obj
 0002:00000a18       ??_C@_0L@CHJDGCDA@Track?5V1?40?$AA@ 10019a18     trackitf.obj
 0002:00000a24       ??_C@_07KOAMMMMO@trackv1?$AA@ 10019a24     trackitf.obj
 0002:00000a30       __real@4000000000000000    10019a30     trackutil.obj
 0002:00000a38       __real@4008000000000000    10019a38     trackutil.obj
 0002:00000a48       __real@0000000000000000    10019a48     sg_vs2008_32:sgd.obj
 0002:00000a50       ??_C@_05JLFELJNP@FATAL?$AA@ 10019a50     ul_vs2008_32:ulError.obj
 0002:00000a58       ??_C@_07KCOHIFOP@WARNING?$AA@ 10019a58     ul_vs2008_32:ulError.obj
 0002:00000a60       ??_C@_05KOLFGEDA@DEBUG?$AA@ 10019a60     ul_vs2008_32:ulError.obj
 0002:00000a6c       __FPinit                   10019a6c     LIBCMT:_fpinit_.obj
 0002:00000a70       __FPmtinit                 10019a70     LIBCMT:_fpinit_.obj
 0002:00000a74       __FPmtterm                 10019a74     LIBCMT:_fpinit_.obj
 0002:00000a78       ??_C@_0P@MIGLKIOC@CorExitProcess?$AA@ 10019a78     LIBCMT:crt0dat.obj
 0002:00000a88       ??_C@_1BI@BGOHAHKC@?$AAm?$AAs?$AAc?$AAo?$AAr?$AAe?$AAe?$AA?4?$AAd?$AAl?$AAl?$AA?$AA@ 10019a88     LIBCMT:crt0dat.obj
 0002:00000aa0       __pRawDllMain              10019aa0     LIBCMT:dllcrt0.obj
 0002:00000aa0       __pDefaultRawDllMain       10019aa0     LIBCMT:dllcrt0.obj
 0002:00000aa4       ??_C@_1O@CEDCILHN@?$AA?$CI?$AAn?$AAu?$AAl?$AAl?$AA?$CJ?$AA?$AA@ 10019aa4     LIBCMT:output.obj
 0002:00000ab4       ??_C@_06OJHGLDPL@?$CInull?$CJ?$AA@ 10019ab4     LIBCMT:output.obj
 0002:00000ac0       ___lookuptable             10019ac0     LIBCMT:output.obj
 0002:00000b1c       ??_C@_05KLBDPFGC@e?$CL000?$AA@ 10019b1c     LIBCMT:cvt.obj
 0002:00000b28       __real@4150017ec0000000    10019b28     LIBCMT:_testfdiv_.obj
 0002:00000b30       __real@4147ffff80000000    10019b30     LIBCMT:_testfdiv_.obj
 0002:00000b38       ??_C@_0BK@NHEOCAHP@IsProcessorFeaturePresent?$AA@ 10019b38     LIBCMT:_testfdiv_.obj
 0002:00000b54       ??_C@_08CPNIBGIE@KERNEL32?$AA@ 10019b54     LIBCMT:_testfdiv_.obj
 0002:00001448       __DEFAULT_CW_in_mem        1001a448     LIBCMT:_common_.obj
 0002:0000144a       __pi_by_2_to_61            1001a44a     LIBCMT:_common_.obj
 0002:00003450       ??_C@_0O@NLDKAIKN@EncodePointer?$AA@ 1001c450     LIBCMT:tidtable.obj
 0002:00003460       ??_C@_1BK@DBDEIDLH@?$AAK?$AAE?$AAR?$AAN?$AAE?$AAL?$AA3?$AA2?$AA?4?$AAD?$AAL?$AAL?$AA?$AA@ 1001c460     LIBCMT:tidtable.obj
 0002:0000347c       ??_C@_0O@KBPMFGHI@DecodePointer?$AA@ 1001c47c     LIBCMT:tidtable.obj
 0002:0000348c       ??_C@_07PEJMOBNF@FlsFree?$AA@ 1001c48c     LIBCMT:tidtable.obj
 0002:00003494       ??_C@_0M@JCPCPOEF@FlsSetValue?$AA@ 1001c494     LIBCMT:tidtable.obj
 0002:000034a0       ??_C@_0M@GDNOONDI@FlsGetValue?$AA@ 1001c4a0     LIBCMT:tidtable.obj
 0002:000034ac       ??_C@_08KNHFBNJ@FlsAlloc?$AA@ 1001c4ac     LIBCMT:tidtable.obj
 0002:000034b8       ??_C@_0P@GGKDKEEG@runtime?5error?5?$AA@ 1001c4b8     LIBCMT:crt0msg.obj
 0002:000034c8       ??_C@_02PCIJFNDE@?$AN?6?$AA@ 1001c4c8     LIBCMT:crt0msg.obj
 0002:000034cc       ??_C@_0O@MJNIPGOH@TLOSS?5error?$AN?6?$AA@ 1001c4cc     LIBCMT:crt0msg.obj
 0002:000034dc       ??_C@_0N@BONNPDHF@SING?5error?$AN?6?$AA@ 1001c4dc     LIBCMT:crt0msg.obj
 0002:000034ec       ??_C@_0P@MBDAJNE@DOMAIN?5error?$AN?6?$AA@ 1001c4ec     LIBCMT:crt0msg.obj
 0002:00003500       ??_C@_0JL@DFDOOABL@R6034?$AN?6An?5application?5has?5made?5a@ 1001c500     LIBCMT:crt0msg.obj
 0002:000035a0       ??_C@_0PH@EPAFIJ@R6033?$AN?6?9?5Attempt?5to?5use?5MSIL?5cod@ 1001c5a0     LIBCMT:crt0msg.obj
 0002:00003698       ??_C@_0DD@BKEEABMM@R6032?$AN?6?9?5not?5enough?5space?5for?5lo@ 1001c698     LIBCMT:crt0msg.obj
 0002:000036d0       ??_C@_0GD@OFKILIED@R6031?$AN?6?9?5Attempt?5to?5initialize?5t@ 1001c6d0     LIBCMT:crt0msg.obj
 0002:00003734       ??_C@_0BP@LPMHJOKI@R6030?$AN?6?9?5CRT?5not?5initialized?$AN?6?$AA@ 1001c734     LIBCMT:crt0msg.obj
 0002:00003754       ??_C@_0CF@KJDAIALP@R6028?$AN?6?9?5unable?5to?5initialize?5he@ 1001c754     LIBCMT:crt0msg.obj
 0002:0000377c       ??_C@_0DF@GAKBPDFP@R6027?$AN?6?9?5not?5enough?5space?5for?5lo@ 1001c77c     LIBCMT:crt0msg.obj
 0002:000037b4       ??_C@_0DF@IBLNNAIG@R6026?$AN?6?9?5not?5enough?5space?5for?5st@ 1001c7b4     LIBCMT:crt0msg.obj
 0002:000037ec       ??_C@_0CG@IOHKGFNJ@R6025?$AN?6?9?5pure?5virtual?5function?5c@ 1001c7ec     LIBCMT:crt0msg.obj
 0002:00003814       ??_C@_0DF@JIJJFJDC@R6024?$AN?6?9?5not?5enough?5space?5for?5_o@ 1001c814     LIBCMT:crt0msg.obj
 0002:0000384c       ??_C@_0CJ@EGEJHFME@R6019?$AN?6?9?5unable?5to?5open?5console?5@ 1001c84c     LIBCMT:crt0msg.obj
 0002:00003878       ??_C@_0CB@GNHNIELH@R6018?$AN?6?9?5unexpected?5heap?5error?$AN?6@ 1001c878     LIBCMT:crt0msg.obj
 0002:0000389c       ??_C@_0CN@FOLDKNG@R6017?$AN?6?9?5unexpected?5multithread?5@ 1001c89c     LIBCMT:crt0msg.obj
 0002:000038cc       ??_C@_0CM@FAHFJNHO@R6016?$AN?6?9?5not?5enough?5space?5for?5th@ 1001c8cc     LIBCMT:crt0msg.obj
 0002:000038f8       ??_C@_0JG@LBKMGKLD@?$AN?6This?5application?5has?5requested@ 1001c8f8     LIBCMT:crt0msg.obj
 0002:00003990       ??_C@_0CM@FLCNIPKK@R6009?$AN?6?9?5not?5enough?5space?5for?5en@ 1001c990     LIBCMT:crt0msg.obj
 0002:000039bc       ??_C@_0CK@KMMJOAPP@R6008?$AN?6?9?5not?5enough?5space?5for?5ar@ 1001c9bc     LIBCMT:crt0msg.obj
 0002:000039e8       ??_C@_0CN@LEKKICBM@R6002?$AN?6?9?5floating?5point?5support?5@ 1001c9e8     LIBCMT:crt0msg.obj
 0002:00003a18       ??_C@_0CF@GOGNBNAK@Microsoft?5Visual?5C?$CL?$CL?5Runtime?5Lib@ 1001ca18     LIBCMT:crt0msg.obj
 0002:00003a40       ??_C@_02PHMGELLB@?6?6?$AA@ 1001ca40     LIBCMT:crt0msg.obj
 0002:00003a44       ??_C@_03KHICJKCI@?4?4?4?$AA@ 1001ca44     LIBCMT:crt0msg.obj
 0002:00003a48       ??_C@_0BH@DNAGHKFM@?$DMprogram?5name?5unknown?$DO?$AA@ 1001ca48     LIBCMT:crt0msg.obj
 0002:00003a60       ??_C@_0BK@OFGJDLJJ@Runtime?5Error?$CB?6?6Program?3?5?$AA@ 1001ca60     LIBCMT:crt0msg.obj
 0002:00003a80       __XcptActTab               1001ca80     LIBCMT:winxfltr.obj
 0002:00006b00       ___lookuptable_s           1001fb00     LIBCMT:outputs.obj
 0002:00006b5c       ??_C@_13NOLLCAOD@?$AA?$AA?$AA?$AA@ 1001fb5c     LIBCMT:a_map.obj
 0002:00006b60       ___newctype                1001fb60     LIBCMT:ctype.obj
 0002:00006e60       __wctype                   1001fe60     LIBCMT:ctype.obj
 0002:00007068       ___newclmap                10020068     LIBCMT:ctype.obj
 0002:000071e8       ___newcumap                100201e8     LIBCMT:ctype.obj
 0002:00007368       ??_C@_08JCCMCCIL@HH?3mm?3ss?$AA@ 10020368     LIBCMT:strftime.obj
 0002:00007374       ??_C@_0BE@CKGJFCPC@dddd?0?5MMMM?5dd?0?5yyyy?$AA@ 10020374     LIBCMT:strftime.obj
 0002:00007388       ??_C@_08BPBNCDIB@MM?1dd?1yy?$AA@ 10020388     LIBCMT:strftime.obj
 0002:00007394       ??_C@_02CJNFDJBF@PM?$AA@   10020394     LIBCMT:strftime.obj
 0002:00007398       ??_C@_02DEDBPAFC@AM?$AA@   10020398     LIBCMT:strftime.obj
 0002:0000739c       ??_C@_08EDHMEBNP@December?$AA@ 1002039c     LIBCMT:strftime.obj
 0002:000073a8       ??_C@_08HCHEGEOA@November?$AA@ 100203a8     LIBCMT:strftime.obj
 0002:000073b4       ??_C@_07JJNFCEND@October?$AA@ 100203b4     LIBCMT:strftime.obj
 0002:000073bc       ??_C@_09BHHEALKD@September?$AA@ 100203bc     LIBCMT:strftime.obj
 0002:000073c8       ??_C@_06LBBHFDDG@August?$AA@ 100203c8     LIBCMT:strftime.obj
 0002:000073d0       ??_C@_04MIEPOIFP@July?$AA@ 100203d0     LIBCMT:strftime.obj
 0002:000073d8       ??_C@_04CNLMGBGM@June?$AA@ 100203d8     LIBCMT:strftime.obj
 0002:000073e0       ??_C@_05DMJDNLEJ@April?$AA@ 100203e0     LIBCMT:strftime.obj
 0002:000073e8       ??_C@_05HPCKOFNC@March?$AA@ 100203e8     LIBCMT:strftime.obj
 0002:000073f0       ??_C@_08GNJGEPFN@February?$AA@ 100203f0     LIBCMT:strftime.obj
 0002:000073fc       ??_C@_07CGJPFGJA@January?$AA@ 100203fc     LIBCMT:strftime.obj
 0002:00007404       ??_C@_03MKABNOCG@Dec?$AA@  10020404     LIBCMT:strftime.obj
 0002:00007408       ??_C@_03JPJOFNIA@Nov?$AA@  10020408     LIBCMT:strftime.obj
 0002:0000740c       ??_C@_03BMAOKBAD@Oct?$AA@  1002040c     LIBCMT:strftime.obj
 0002:00007410       ??_C@_03GGCAPAJC@Sep?$AA@  10020410     LIBCMT:strftime.obj
 0002:00007414       ??_C@_03IFJFEIGA@Aug?$AA@  10020414     LIBCMT:strftime.obj
 0002:00007418       ??_C@_03LBGABGKK@Jul?$AA@  10020418     LIBCMT:strftime.obj
 0002:0000741c       ??_C@_03IDFGHECI@Jun?$AA@  1002041c     LIBCMT:strftime.obj
 0002:00007420       ??_C@_03CNMDKL@May?$AA@    10020420     LIBCMT:strftime.obj
 0002:00007424       ??_C@_03LEOLGMJP@Apr?$AA@  10020424     LIBCMT:strftime.obj
 0002:00007428       ??_C@_03ODNJBKGA@Mar?$AA@  10020428     LIBCMT:strftime.obj
 0002:0000742c       ??_C@_03HJBDCHOM@Feb?$AA@  1002042c     LIBCMT:strftime.obj
 0002:00007430       ??_C@_03JIHJHPIE@Jan?$AA@  10020430     LIBCMT:strftime.obj
 0002:00007434       ??_C@_08INBOOONO@Saturday?$AA@ 10020434     LIBCMT:strftime.obj
 0002:00007440       ??_C@_06JECMNKMI@Friday?$AA@ 10020440     LIBCMT:strftime.obj
 0002:00007448       ??_C@_08HACCIKIA@Thursday?$AA@ 10020448     LIBCMT:strftime.obj
 0002:00007454       ??_C@_09DLIGFAKA@Wednesday?$AA@ 10020454     LIBCMT:strftime.obj
 0002:00007460       ??_C@_07BAAGCFCM@Tuesday?$AA@ 10020460     LIBCMT:strftime.obj
 0002:00007468       ??_C@_06JLEDEDGH@Monday?$AA@ 10020468     LIBCMT:strftime.obj
 0002:00007470       ??_C@_06OOPIFAJ@Sunday?$AA@ 10020470     LIBCMT:strftime.obj
 0002:00007478       ??_C@_03FEFJNEK@Sat?$AA@   10020478     LIBCMT:strftime.obj
 0002:0000747c       ??_C@_03IDIOELNC@Fri?$AA@  1002047c     LIBCMT:strftime.obj
 0002:00007480       ??_C@_03IOFIKPDN@Thu?$AA@  10020480     LIBCMT:strftime.obj
 0002:00007484       ??_C@_03MHOMLAJA@Wed?$AA@  10020484     LIBCMT:strftime.obj
 0002:00007488       ??_C@_03NAGEINEP@Tue?$AA@  10020488     LIBCMT:strftime.obj
 0002:0000748c       ??_C@_03PDAGKDH@Mon?$AA@   1002048c     LIBCMT:strftime.obj
 0002:00007490       ??_C@_03KOEHGMDN@Sun?$AA@  10020490     LIBCMT:strftime.obj
 0002:0000749c       ??_C@_0BI@DFKBFLJE@GetProcessWindowStation?$AA@ 1002049c     LIBCMT:crtmbox.obj
 0002:000074b4       ??_C@_0BK@CIDNPOGP@GetUserObjectInformationA?$AA@ 100204b4     LIBCMT:crtmbox.obj
 0002:000074d0       ??_C@_0BD@HHGDFDBJ@GetLastActivePopup?$AA@ 100204d0     LIBCMT:crtmbox.obj
 0002:000074e4       ??_C@_0BA@HNOPNCHB@GetActiveWindow?$AA@ 100204e4     LIBCMT:crtmbox.obj
 0002:000074f4       ??_C@_0M@CHKKJDAI@MessageBoxA?$AA@ 100204f4     LIBCMT:crtmbox.obj
 0002:00007500       ??_C@_0L@NDEGIDAG@USER32?4DLL?$AA@ 10020500     LIBCMT:crtmbox.obj
 0002:00007578       ??_C@_03IIINPABG@tan?$AA@  10020578     LIBCMT:_libm_error_.obj
 0002:0000757c       ??_C@_03LALBNOCG@cos?$AA@  1002057c     LIBCMT:_libm_error_.obj
 0002:00007580       ??_C@_03BLEJJJBH@sin?$AA@  10020580     LIBCMT:_libm_error_.obj
 0002:00007584       ??_C@_04EHEDPDJG@modf?$AA@ 10020584     LIBCMT:_libm_error_.obj
 0002:0000758c       ??_C@_05PBJFFIGL@floor?$AA@ 1002058c     LIBCMT:_libm_error_.obj
 0002:00007594       ??_C@_04GFPJNGEK@ceil?$AA@ 10020594     LIBCMT:_libm_error_.obj
 0002:0000759c       ??_C@_04MLLJIGOK@atan?$AA@ 1002059c     LIBCMT:_libm_error_.obj
 0002:000075a4       ??_C@_05EOHGHCHD@exp10?$AA@ 100205a4     LIBCMT:_libm_error_.obj
 0002:000075ac       ??_C@_04PDIFKINK@acos?$AA@ 100205ac     LIBCMT:_libm_error_.obj
 0002:000075b4       ??_C@_04FIHNOPOL@asin?$AA@ 100205b4     LIBCMT:_libm_error_.obj
 0002:000075bc       ??_C@_03MGHMBJCF@log?$AA@  100205bc     LIBCMT:_libm_error_.obj
 0002:000075c0       ??_C@_05HGHHAHAP@log10?$AA@ 100205c0     LIBCMT:_libm_error_.obj
 0002:000075c8       ??_C@_03KHJOGHMM@exp?$AA@  100205c8     LIBCMT:_libm_error_.obj
 0002:000075cc       ??_C@_03JGHBODFD@pow?$AA@  100205cc     LIBCMT:_libm_error_.obj
 0002:000075d0       ??_C@_06IMKFLFPG@1?$CDQNAN?$AA@ 100205d0     LIBCMT:_x10fout_.obj
 0002:000075d8       ??_C@_05DNEBIAHO@1?$CDINF?$AA@ 100205d8     LIBCMT:_x10fout_.obj
 0002:000075e0       ??_C@_05PHHOCPM@1?$CDIND?$AA@ 100205e0     LIBCMT:_x10fout_.obj
 0002:000075e8       ??_C@_06PGGFOGJG@1?$CDSNAN?$AA@ 100205e8     LIBCMT:_x10fout_.obj
 0002:000075f0       ??_C@_0L@KDOEJCKC@_nextafter?$AA@ 100205f0     LIBCMT:_fpexcept_.obj
 0002:000075fc       ??_C@_05JGDBENOH@_logb?$AA@ 100205fc     LIBCMT:_fpexcept_.obj
 0002:00007604       ??_C@_03ONILCKOB@_yn?$AA@  10020604     LIBCMT:_fpexcept_.obj
 0002:00007608       ??_C@_03NAKIGLHK@_y1?$AA@  10020608     LIBCMT:_fpexcept_.obj
 0002:0000760c       ??_C@_03MJLDFKDL@_y0?$AA@  1002060c     LIBCMT:_fpexcept_.obj
 0002:00007610       ??_C@_05GKKHEGJL@frexp?$AA@ 10020610     LIBCMT:_fpexcept_.obj
 0002:00007618       ??_C@_04KEPJIHGP@fmod?$AA@ 10020618     LIBCMT:_fpexcept_.obj
 0002:00007620       ??_C@_06MEIMCGCF@_hypot?$AA@ 10020620     LIBCMT:_fpexcept_.obj
 0002:00007628       ??_C@_05KBKMEMPO@_cabs?$AA@ 10020628     LIBCMT:_fpexcept_.obj
 0002:00007630       ??_C@_05CEJMAHNP@ldexp?$AA@ 10020630     LIBCMT:_fpexcept_.obj
 0002:00007638       ??_C@_04ODHECPBC@fabs?$AA@ 10020638     LIBCMT:_fpexcept_.obj
 0002:00007640       ??_C@_04EIAKFFMI@sqrt?$AA@ 10020640     LIBCMT:_fpexcept_.obj
 0002:00007648       ??_C@_05KNGEOGJB@atan2?$AA@ 10020648     LIBCMT:_fpexcept_.obj
 0002:00007650       ??_C@_04FJHINJAO@tanh?$AA@ 10020650     LIBCMT:_fpexcept_.obj
 0002:00007658       ??_C@_04HPJJNFIM@cosh?$AA@ 10020658     LIBCMT:_fpexcept_.obj
 0002:00007660       ??_C@_04COOMCNPB@sinh?$AA@ 10020660     LIBCMT:_fpexcept_.obj
 0002:00007668       ___dnames                  10020668     LIBCMT:timeset.obj
 0002:00007680       ___mnames                  10020680     LIBCMT:timeset.obj
 0002:000076a8       ??_C@_07GPDNMNG@CONOUT$?$AA@ 100206a8     LIBCMT:initcon.obj
 0002:000076b0       __load_config_used         100206b0     LIBCMT:loadcfg.obj
 0002:00007700       ___safe_se_handler_table   10020700     <linker-defined>
 0002:0000770c       ___rtc_iaa                 1002070c     LIBCMT:_initsect_.obj
 0002:00007710       ___rtc_izz                 10020710     LIBCMT:_initsect_.obj
 0002:00007714       ___rtc_taa                 10020714     LIBCMT:_initsect_.obj
 0002:00007718       ___rtc_tzz                 10020718     LIBCMT:_initsect_.obj
 0002:00007af4       __IMPORT_DESCRIPTOR_tgf    10020af4     tgf:tgf.dll
 0002:00007b08       __IMPORT_DESCRIPTOR_robottools 10020b08     robottools:robottools.dll
 0002:00007b1c       __IMPORT_DESCRIPTOR_KERNEL32 10020b1c     kernel32:KERNEL32.dll
 0002:00007b30       __NULL_IMPORT_DESCRIPTOR   10020b30     tgf:tgf.dll
 0003:000000b0       ?_sgdGravity@@3PANA        100220b0     sg_vs2008_32:sgd.obj
 0003:000000e0       __fltused                  100220e0     LIBCMT:_fpinit_.obj
 0003:000000e4       __ldused                   100220e4     LIBCMT:_fpinit_.obj
 0003:00000130       __aexit_rtn                10022130     LIBCMT:crt0dat.obj
 0003:00000158       __iob                      10022158     LIBCMT:_file.obj
 0003:000003d8       ___nullstring              100223d8     LIBCMT:output.obj
 0003:000003dc       ___wnullstring             100223dc     LIBCMT:output.obj
 0003:00000550       __cfltcvt_tab              10022550     LIBCMT:cmiscdat.obj
 0003:00000580       __OP_ATAN2jmptab           10022580     LIBCMT:_87triga_.obj
 0003:000005d0       __indefinite               100225d0     LIBCMT:_87disp_.obj
 0003:000005da       __piby2                    100225da     LIBCMT:_87disp_.obj
 0003:00000600       ___security_cookie         10022600     LIBCMT:gs_cookie.obj
 0003:00000604       ___security_cookie_complement 10022604     LIBCMT:gs_cookie.obj
 0003:00000608       ___initialmbcinfo          10022608     LIBCMT:mbctype.obj
 0003:00000828       __mbctype                  10022828     LIBCMT:mbctype.obj
 0003:00000930       __mbcasemap                10022930     LIBCMT:mbctype.obj
 0003:00000a30       ___ptmbcinfo               10022a30     LIBCMT:mbctype.obj
 0003:00000b2c       ___globallocalestatus      10022b2c     LIBCMT:glstatus.obj
 0003:00000b30       ___clocalestr              10022b30     LIBCMT:nlsdata2.obj
 0003:00000b38       ___initiallocinfo          10022b38     LIBCMT:nlsdata2.obj
 0003:00000c10       ___ptlocinfo               10022c10     LIBCMT:nlsdata2.obj
 0003:00000c14       ___lc_clike                10022c14     LIBCMT:nlsdata2.obj
 0003:00000c18       ___initiallocalestructinfo 10022c18     LIBCMT:nlsdata2.obj
 0003:00000c20       ___flsindex                10022c20     LIBCMT:tidtable.obj
 0003:00000c24       ___getvalueindex           10022c24     LIBCMT:tidtable.obj
 0003:00000e00       __First_FPE_Indx           10022e00     LIBCMT:winxfltr.obj
 0003:00000e04       __Num_FPE                  10022e04     LIBCMT:winxfltr.obj
 0003:00000e08       __XcptActTabSize           10022e08     LIBCMT:winxfltr.obj
 0003:00000e0c       __XcptActTabCount          10022e0c     LIBCMT:winxfltr.obj
 0003:00000e10       ___badioinfo               10022e10     LIBCMT:ioinit.obj
 0003:00000e50       __amblksiz                 10022e50     LIBCMT:heapinit.obj
 0003:00000e60       __pctype                   10022e60     LIBCMT:ctype.obj
 0003:00000e64       __pwctype                  10022e64     LIBCMT:ctype.obj
 0003:00000e68       ___lc_time_c               10022e68     LIBCMT:strftime.obj
 0003:00000f20       ___lc_time_curr            10022f20     LIBCMT:strftime.obj
 0003:00000f24       ___lconv_static_decimal    10022f24     LIBCMT:lconv.obj
 0003:00000f28       ___lconv_c                 10022f28     LIBCMT:lconv.obj
 0003:00000f58       ___lconv                   10022f58     LIBCMT:lconv.obj
 0003:00000f5c       ___mb_cur_max              10022f5c     LIBCMT:nlsdata1.obj
 0003:00000f60       ___decimal_point           10022f60     LIBCMT:nlsdata1.obj
 0003:00000f64       ___decimal_point_length    10022f64     LIBCMT:nlsdata1.obj
 0003:00000f70       ___abort_behavior          10022f70     LIBCMT:abort.obj
 0003:00001098       __matherr_flag             10023098     LIBCMT:_matherr_.obj
 0003:000010b8       __NLG_Destination          100230b8     LIBCMT:exsup.obj
 0003:000010d0       __timezone                 100230d0     LIBCMT:timeset.obj
 0003:000010d4       __daylight                 100230d4     LIBCMT:timeset.obj
 0003:000010d8       __dstbias                  100230d8     LIBCMT:timeset.obj
 0003:00001160       __tzname                   10023160     LIBCMT:timeset.obj
 0003:00001180       __coninpfh                 10023180     LIBCMT:initcon.obj
 0003:00001184       __confh                    10023184     LIBCMT:initcon.obj
 0003:00001188       __pow10pos                 10023188     LIBCMT:_constpow_.obj
 0003:000012e8       __pow10neg                 100232e8     LIBCMT:_constpow_.obj
 0003:00001448       __d_inf                    10023448     LIBCMT:_util_.obj
 0003:00001450       __d_ind                    10023450     LIBCMT:_util_.obj
 0003:00001458       __d_max                    10023458     LIBCMT:_util_.obj
 0003:00001460       __d_min                    10023460     LIBCMT:_util_.obj
 0003:00001468       __d_mzero                  10023468     LIBCMT:_util_.obj
 0003:00001470       __lpdays                   10023470     LIBCMT:days.obj
 0003:000014a4       __days                     100234a4     LIBCMT:days.obj
 0003:00001a24       ___fastflag                10023a24     LIBCMT:_fpinit_.obj
 0003:00001a28       __adjust_fdiv              10023a28     LIBCMT:_fpinit_.obj
 0003:00001a30       __umaskval                 10023a30     LIBCMT:crt0dat.obj
 0003:00001a34       ___argc                    10023a34     LIBCMT:crt0dat.obj
 0003:00001a38       ___argv                    10023a38     LIBCMT:crt0dat.obj
 0003:00001a3c       ___wargv                   10023a3c     LIBCMT:crt0dat.obj
 0003:00001a40       __environ                  10023a40     LIBCMT:crt0dat.obj
 0003:00001a44       ___initenv                 10023a44     LIBCMT:crt0dat.obj
 0003:00001a48       __wenviron                 10023a48     LIBCMT:crt0dat.obj
 0003:00001a4c       ___winitenv                10023a4c     LIBCMT:crt0dat.obj
 0003:00001a50       __pgmptr                   10023a50     LIBCMT:crt0dat.obj
 0003:00001a54       __wpgmptr                  10023a54     LIBCMT:crt0dat.obj
 0003:00001a58       __exitflag                 10023a58     LIBCMT:crt0dat.obj
 0003:00001a5c       __C_Termination_Done       10023a5c     LIBCMT:crt0dat.obj
 0003:00001a60       __C_Exit_Done              10023a60     LIBCMT:crt0dat.obj
 0003:00001a68       __aenvptr                  10023a68     LIBCMT:dllcrt0.obj
 0003:00001a6c       __wenvptr                  10023a6c     LIBCMT:dllcrt0.obj
 0003:00001a70       ___error_mode              10023a70     LIBCMT:dllcrt0.obj
 0003:00001a74       ___app_type                10023a74     LIBCMT:dllcrt0.obj
 0003:00001a78       __cflush                   10023a78     LIBCMT:_file.obj
 0003:00001a7c       ___pInvalidArgHandler      10023a7c     LIBCMT:invarg.obj
 0003:00001a80       __stdbuf                   10023a80     LIBCMT:_sftbuf.obj
 0003:00001a8c       ___mbulinfo                10023a8c     LIBCMT:mbctype.obj
 0003:00001a98       ___mbcodepage              10023a98     LIBCMT:mbctype.obj
 0003:00001a9c       ___ismbcodepage            10023a9c     LIBCMT:mbctype.obj
 0003:00001aa0       ___mblcid                  10023aa0     LIBCMT:mbctype.obj
 0003:00001aa4       ___locale_changed          10023aa4     LIBCMT:setlocal.obj
 0003:00001aa8       ___lc_handle               10023aa8     LIBCMT:nlsdata2.obj
 0003:00001ac0       ___lc_codepage             10023ac0     LIBCMT:nlsdata2.obj
 0003:00001ac4       ___lc_collate_cp           10023ac4     LIBCMT:nlsdata2.obj
 0003:00001ac8       _gpFlsAlloc                10023ac8     LIBCMT:tidtable.obj
 0003:00001acc       _gpFlsGetValue             10023acc     LIBCMT:tidtable.obj
 0003:00001ad0       _gpFlsSetValue             10023ad0     LIBCMT:tidtable.obj
 0003:00001ad4       _gpFlsFree                 10023ad4     LIBCMT:tidtable.obj
 0003:00001f40       ?__pInconsistency@@3P6AXXZA 10023f40     LIBCMT:hooks.obj
 0003:00001f64       ___pPurecall               10023f64     LIBCMT:inithelp.obj
 0003:00001f6c       ?_pnhHeap@@3P6AHI@ZA       10023f6c     LIBCMT:handler.obj
 0003:00001f70       __maxwait                  10023f70     LIBCMT:crtheap.obj
 0003:00002084       __crtheap                  10024084     LIBCMT:heapinit.obj
 0003:00002088       __outputformat             10024088     LIBCMT:outputformat.obj
 0003:00002094       ___lconv_static_null       10024094     LIBCMT:lconv.obj
 0003:000023d0       ___sbh_pHeaderDefer        100243d0     LIBCMT:sbheap.obj
 0003:00002490       __newmode                  10024490     LIBCMT:_newmode.obj
 0003:00002494       __pmatherr                 10024494     <common>
 0003:00002498       ___sbh_cntHeaderList       10024498     <common>
 0003:0000249c       ___sbh_pHeaderList         1002449c     <common>
 0003:000024a0       ___sbh_threshold           100244a0     <common>
 0003:000024a4       ___sbh_pHeaderScan         100244a4     <common>
 0003:000024a8       ___sbh_sizeHeaderList      100244a8     <common>
 0003:000024ac       ___sbh_indGroupDefer       100244ac     <common>
 0003:000024b0       __debugger_hook_dummy      100244b0     <common>
 0003:000024b4       ___active_heap             100244b4     <common>
 0003:000024b8       __nhandle                  100244b8     <common>
 0003:000024c0       ___pioinfo                 100244c0     <common>
 0003:000025c0       __pDestructExceptionObject 100245c0     <common>
 0003:000025c4       ___use_sse2_mathfcns       100245c4     <common>
 0003:000025c8       ___sse2_available          100245c8     <common>
 0003:000025cc       ___piob                    100245cc     <common>
 0003:000025e0       __bufin                    100245e0     <common>
 0003:000035e0       __nstream                  100255e0     <common>
 0003:000035e4       __acmdln                   100255e4     <common>
 0003:000035e8       ___env_initialized         100255e8     <common>
 0003:000035ec       ___onexitend               100255ec     <common>
 0003:000035f0       ___onexitbegin             100255f0     <common>
 0003:000035f4       ___mbctype_initialized     100255f4     <common>
 0003:000035f8       ___dyn_tls_init_callback   100255f8     <common>

 entry point at        0001:0000a3c9

 Static symbols

 0001:00000000       ?GetTrackHeader@@YAXPAX@Z  10001000 f   track.obj
 0001:000002b0       ?freeSeg@@YAXPAUtrackSeg@@@Z 100012b0 f   track.obj
 0001:00000570       ?AddTrackSurface@@YAPAUtrackSurface@@PAXPAUtTrack@@PBD@Z 10001570 f   track3.obj
 0001:000006f0       ?InitSides@@YAXPAXPAUtTrack@@@Z 100016f0 f   track3.obj
 0001:00000990       ?normSeg@@YAXPAUtrackSeg@@@Z 10001990 f   track3.obj
 0001:00000a20       ?AddSides@@YAXPAUtrackSeg@@PAXPAUtTrack@@HH@Z 10001a20 f   track3.obj
 0001:00002c80       ?CreateSegRing3@@YAXPAXPAUtTrack@@PAUtrackSeg@@2H@Z 10003c80 f   track3.obj
 0001:00005340       ?getTrackSurface@@YAPAUtrackSurface@@PAXPAUtTrack@@PBD@Z 10006340 f   track4.obj
 0001:000054c0       ?readDefaultSideParameters@@YAXPAXPAUtTrack@@@Z 100064c0 f   track4.obj
 0001:000057a0       ?normSeg@@YAXPAUtrackSeg@@@Z 100067a0 f   track4.obj
 0001:00005830       ?updateMinMaxForTurn@@YAXQBUtrackSeg@@MMM@Z 10006830 f   track4.obj
 0001:00005950       ?initAnglesAndGradients@@YAXQAUtrackSeg@@MM@Z 10006950 f   track4.obj
 0001:00005a00       ?initSideForTurn@@YAXHQAUtrackSeg@@QBU1@HHMMM@Z 10006a00 f   track4.obj
 0001:00005d50       ?initSideForStraight@@YAXQAUtrackSeg@@QBU1@HHMM@Z 10006d50 f   track4.obj
 0001:00006030       ?commonSideInit@@YAPAUtrackSeg@@QAU1@HHHHMMPAUtrackSurface@@MH@Z 10007030 f   track4.obj
 0001:00006210       ?addSides@@YAXPAUtrackSeg@@PAXPAUtTrack@@HH@Z 10007210 f   track4.obj
 0001:00006840       ?CreateSegRing@@YAXPAXPAUtTrack@@H@Z 10007840 f   track4.obj
 0001:00008da0       ?trackInit@@YAHHPAX@Z      10009da0 f   trackitf.obj
 0001:000097e9       ?strtoxl@@YAKPAUlocaleinfo_struct@@PBDPAPBDHH@Z 1000a7e9 f   LIBCMT:strtol.obj
 0001:00009f23       __initterm                 1000af23 f   LIBCMT:crt0dat.obj
 0001:00009fe9       _doexit                    1000afe9 f   LIBCMT:crt0dat.obj
 0001:0000a2d3       ___DllMainCRTStartup       1000b2d3 f   LIBCMT:dllcrt0.obj
 0001:0000a99f       _write_char                1000b99f f   LIBCMT:output.obj
 0001:0000a9d2       _write_multi_char          1000b9d2 f   LIBCMT:output.obj
 0001:0000a9f8       _write_string              1000b9f8 f   LIBCMT:output.obj
 0001:0000b932       __shift                    1000c932 f   LIBCMT:cvt.obj
 0001:0000b977       __cftoe2_l                 1000c977 f   LIBCMT:cvt.obj
 0001:0000bf49       __cftof2_l                 1000cf49 f   LIBCMT:cvt.obj
 0001:0000c353       _has_osfxsr_set            1000d353 f   LIBCMT:cpu_disp.obj
 0001:0000d3cc       ?CPtoLCID@@YAHH@Z          1000e3cc f   LIBCMT:mbctype.obj
 0001:0000d3fb       ?setSBCS@@YAXPAUthreadmbcinfostruct@@@Z 1000e3fb f   LIBCMT:mbctype.obj
 0001:0000d45f       ?setSBUpLow@@YAXPAUthreadmbcinfostruct@@@Z 1000e45f f   LIBCMT:mbctype.obj
 0001:0000d696       ?getSystemCP@@YAHH@Z       1000e696 f   LIBCMT:mbctype.obj
 0001:0000dd20       __updatetlocinfoEx_nolock  1000ed20 f   LIBCMT:setlocal.obj
 0001:0000e4a6       _fastcopy_I                1000f4a6 f   LIBCMT:p4_memcpy.obj
 0001:0000e9a3       __onexit_nolock            1000f9a3 f   LIBCMT:onexit.obj
 0001:0000ee65       _siglookup                 1000fe65 f   LIBCMT:winsig.obj
 0001:0000f60a       _parse_cmdline             1001060a f   LIBCMT:stdargv.obj
 0001:00010735       _flsall                    10011735 f   LIBCMT:fflush.obj
 0001:00012234       __unwind_handler4          10013234 f   LIBCMT:exsup4.obj
 0001:00012317       ?__crtLCMapStringA_stat@@YAHPAUlocaleinfo_struct@@KKPBDHPADHHH@Z 10013317 f   LIBCMT:a_map.obj
 0001:00012701       ?__crtGetStringTypeA_stat@@YAHPAUlocaleinfo_struct@@KPBDHPAGHHH@Z 10013701 f   LIBCMT:a_str.obj
 0001:0001413a       ?x_ismbbtype_l@@YAHPAUlocaleinfo_struct@@IHH@Z 1001513a f   LIBCMT:ismbbyte.obj
 0001:00014a1b       _fastzero_I                10015a1b f   LIBCMT:p4_memset.obj
 0001:000165a5       __hw_cw                    100175a5 f   LIBCMT:_ieee87_.obj
 0001:00016633       ___hw_cw_sse2              10017633 f   LIBCMT:_ieee87_.obj
 0001:00017028       __unwind_handler           10018028 f   LIBCMT:exsup.obj
