 simuv2

 Timestamp is 5882368f (Fri Jan 20 19:10:55 2017)

 Preferred load address is 10000000

 Start         Length     Name                   Class
 0001:00000000 00024724H .text                   CODE
 0001:00024730 0000033aH .text$x                 CODE
 0001:00024a70 00000284H .text$yc                CODE
 0001:00024d00 000001d8H .text$yd                CODE
 0002:00000000 00000154H .idata$5                DATA
 0002:00000154 00000004H .CRT$XCA                DATA
 0002:00000158 00000024H .CRT$XCU                DATA
 0002:0000017c 00000004H .CRT$XCZ                DATA
 0002:00000180 00000004H .CRT$XIA                DATA
 0002:00000184 00000014H .CRT$XIC                DATA
 0002:00000198 00000004H .CRT$XIZ                DATA
 0002:0000019c 00000004H .CRT$XPA                DATA
 0002:000001a0 00000004H .CRT$XPX                DATA
 0002:000001a4 00000004H .CRT$XPXA               DATA
 0002:000001a8 00000004H .CRT$XPZ                DATA
 0002:000001ac 00000004H .CRT$XTA                DATA
 0002:000001b0 00000004H .CRT$XTZ                DATA
 0002:000001c0 0000aba8H .rdata                  DATA
 0002:0000ad68 0000047cH .rdata$r                DATA
 0002:0000b1f0 00000064H .rdata$sxdata           DATA
 0002:0000b254 00000004H .rtc$IAA                DATA
 0002:0000b258 00000004H .rtc$IZZ                DATA
 0002:0000b25c 00000004H .rtc$TAA                DATA
 0002:0000b260 00000004H .rtc$TZZ                DATA
 0002:0000b268 00000aecH .xdata$x                DATA
 0002:0000bd54 0000003cH .idata$2                DATA
 0002:0000bd90 00000014H .idata$3                DATA
 0002:0000bda4 00000154H .idata$4                DATA
 0002:0000bef8 00000608H .idata$6                DATA
 0002:0000c500 00000044H .edata                  DATA
 0003:00000000 000018e0H .data                   DATA
 0003:000018e0 000029fcH .bss                    DATA

  Address         Publics by Value              Rva+Base       Lib:Object

 0000:00000000       __except_list              00000000     <absolute>
 0000:00000019       ___safe_se_handler_count   00000019     <absolute>
 0000:00000000       ___ImageBase               10000000     <linker-defined>
 0001:00000000       ?SimAeroConfig@@YAXPAUtCar@@@Z 10001000 f   aero.obj
 0001:000000c0       ?SimAeroUpdate@@YAXPAUtCar@@PAUSituation@@@Z 100010c0 f   aero.obj
 0001:000004f0       ?SimWingConfig@@YAXPAUtCar@@H@Z 100014f0 f   aero.obj
 0001:000005f0       ?SimWingReConfig@@YAXPAUtCar@@H@Z 100015f0 f   aero.obj
 0001:000006a0       ?SimWingUpdate@@YAXPAUtCar@@HPAUSituation@@@Z 100016a0 f   aero.obj
 0001:00000760       ?SimAxleConfig@@YAXPAUtCar@@H@Z 10001760 f   axle.obj
 0001:000008a0       ?SimAxleReConfig@@YAXPAUtCar@@H@Z 100018a0 f   axle.obj
 0001:00000920       ?SimAxleUpdate@@YAXPAUtCar@@H@Z 10001920 f   axle.obj
 0001:00000a10       ?SimBrakeConfig@@YAXPAXPBDPAUtBrake@@@Z 10001a10 f   brake.obj
 0001:00000ac0       ?SimBrakeUpdate@@YAXPAUtCar@@PAUtWheel@@PAUtBrake@@@Z 10001ac0 f   brake.obj
 0001:00000b60       ?SimBrakeSystemConfig@@YAXPAUtCar@@@Z 10001b60 f   brake.obj
 0001:00000bc0       ?SimBrakeSystemReConfig@@YAXPAUtCar@@@Z 10001bc0 f   brake.obj
 0001:00000c10       ?SimBrakeSystemUpdate@@YAXPAUtCar@@@Z 10001c10 f   brake.obj
 0001:00000c70       ?SimCarConfig@@YAXPAUtCar@@@Z 10001c70 f   car.obj
 0001:00001ba0       ?SimCarUpdateWheelPos@@YAXPAUtCar@@@Z 10002ba0 f   car.obj
 0001:00001fc0       ?SimTelemetryOut@@YAXPAUtCar@@@Z 10002fc0 f   car.obj
 0001:00002250       ?SimCarUpdate@@YAXPAUtCar@@PAUSituation@@@Z 10003250 f   car.obj
 0001:000022c0       ?SimCarUpdate2@@YAXPAUtCar@@PAUSituation@@@Z 100032c0 f   car.obj
 0001:000022e0       ?sgNormaliseVec2@@YAXQAM@Z 100032e0 f i collide.obj
 0001:00002330       ?SimCarCollideZ@@YAXPAUtCar@@@Z 10003330 f   collide.obj
 0001:000024a0       ?SimCarCollideXYScene@@YAXPAUtCar@@@Z 100034a0 f   collide.obj
 0001:000032e0       ?SimCollideRemoveCar@@YAXPAUtCar@@H@Z 100042e0 f   collide.obj
 0001:00003350       ?SimCarCollideShutdown@@YAXH@Z 10004350 f   collide.obj
 0001:00003450       ?buildWalls@@YAXPAUtrackSeg@@H@Z 10004450 f   collide.obj
 0001:00003960       ?SimCarCollideConfig@@YAXPAUtCar@@PAUtTrack@@@Z 10004960 f   collide.obj
 0001:000039b0       ?SimCarCollideInit@@YAXPAUtTrack@@@Z 100049b0 f   collide.obj
 0001:00003a50       ?SimCarCollideCars@@YAXPAUSituation@@@Z 10004a50 f   collide.obj
 0001:00003b40       ?SimDifferentialConfig@@YAXPAXPBDPAUtDifferential@@@Z 10004b40 f   differential.obj
 0001:00003da0       ?SimDifferentialReConfig@@YAXPAUtCar@@H@Z 10004da0 f   differential.obj
 0001:00004030       ?SimDifferentialUpdate@@YAXPAUtCar@@PAUtDifferential@@H@Z 10005030 f   differential.obj
 0001:000045c0       ?SimEngineConfig@@YAXPAUtCar@@@Z 100055c0 f   engine.obj
 0001:00004940       ?SimEngineUpdateTq@@YAXPAUtCar@@@Z 10005940 f   engine.obj
 0001:00004aa0       ?SimEngineUpdateRpm@@YAMPAUtCar@@M@Z 10005aa0 f   engine.obj
 0001:00004cb0       ?SimEngineShutdown@@YAXPAUtCar@@@Z 10005cb0 f   engine.obj
 0001:00004eb0       ?SimConfig@@YAXPAUCarElt@@PAURmInfo@@@Z 10005eb0 f   simu.obj
 0001:00005010       ?SimReConfig@@YAXPAUCarElt@@@Z 10006010 f   simu.obj
 0001:00005860       ?SimUpdate@@YAXPAUSituation@@NH@Z 10006860 f   simu.obj
 0001:00005e70       ?SimInit@@YAXHPAUtTrack@@MM@Z 10006e70 f   simu.obj
 0001:00005eb0       ?SimShutdown@@YAXXZ        10006eb0 f   simu.obj
 0001:00005f20       ?SimAdjustPitCarSetupParam@@YA_NPAUtCarPitSetupValue@@@Z 10006f20 f   simu.obj
 0001:00005fb0       _simuv2                    10006fb0 f   simuitf.obj
 0001:00005ff0       ?SimSteerConfig@@YAXPAUtCar@@@Z 10006ff0 f   steer.obj
 0001:00006050       ?SimSteerReConfig@@YAXPAUtCar@@@Z 10007050 f   steer.obj
 0001:00006090       ?SimSteerUpdate@@YAXPAUtCar@@@Z 10007090 f   steer.obj
 0001:000062b0       ?SimSuspCheckIn@@YAXPAUSuspension@@@Z 100072b0 f   susp.obj
 0001:00006310       ?SimSuspUpdate@@YAXPAUSuspension@@@Z 10007310 f   susp.obj
 0001:00006350       ?SimSuspConfig@@YAXPAXPBDPAUSuspension@@MM@Z 10007350 f   susp.obj
 0001:00006490       ?SimSuspReConfig@@YAXPAUtCar@@HPAUSuspension@@MM@Z 10007490 f   susp.obj
 0001:00006570       ?SimSuspThirdReConfig@@YAXPAUtCar@@HPAUSuspension@@MM@Z 10007570 f   susp.obj
 0001:00006610       ?SimTransmissionConfig@@YAXPAUtCar@@@Z 10007610 f   transmission.obj
 0001:00006d90       ?SimTransmissionReConfig@@YAXPAUtCar@@@Z 10007d90 f   transmission.obj
 0001:00006f20       ?SimGearboxUpdate@@YAXPAUtCar@@@Z 10007f20 f   transmission.obj
 0001:00007370       ?SimTransmissionUpdate@@YAXPAUtCar@@@Z 10008370 f   transmission.obj
 0001:00007510       ?SimWheelConfig@@YAXPAUtCar@@H@Z 10008510 f   wheel.obj
 0001:00007a90       ?SimWheelReConfig@@YAXPAUtCar@@H@Z 10008a90 f   wheel.obj
 0001:00007b50       ?SimWheelUpdateRide@@YAXPAUtCar@@H@Z 10008b50 f   wheel.obj
 0001:00007c60       ?SimWheelUpdateForce@@YAXPAUtCar@@H@Z 10008c60 f   wheel.obj
 0001:00008220       ?SimWheelUpdateRotation@@YAXPAUtCar@@@Z 10009220 f   wheel.obj
 0001:00008300       ?SimUpdateFreeWheels@@YAXPAUtCar@@H@Z 10009300 f   wheel.obj
 0001:00008750       ??1bad_alloc@std@@UAE@XZ   10009750 f i solid:C-api.obj
 0001:00008760       ??_Ebad_alloc@std@@UAEPAXI@Z 10009760 f i solid:C-api.obj
 0001:00008760       ??_Gbad_alloc@std@@UAEPAXI@Z 10009760 f i solid:C-api.obj
 0001:00008790       ??3@YAXPAX0@Z              10009790 f i solid:C-api.obj
 0001:000087a0       ?dot@@YANABVVector@@0@Z    100097a0 f i solid:C-api.obj
 0001:000087c0       ??1Convex@@UAE@XZ          100097c0 f i solid:C-api.obj
 0001:000087c0       ??1Shape@@UAE@XZ           100097c0 f i solid:C-api.obj
 0001:000087d0       ?getType@Complex@@UBE?AW4ShapeType@@XZ 100097d0 f i solid:C-api.obj
 0001:000087e0       ??_EComplex@@UAEPAXI@Z     100097e0 f i solid:C-api.obj
 0001:000087e0       ??_GComplex@@UAEPAXI@Z     100097e0 f i solid:C-api.obj
 0001:00008800       ??0Encounter@@QAE@PBVObject@@0@Z 10009800 f i solid:C-api.obj
 0001:000088a0       ?getType@Convex@@UBE?AW4ShapeType@@XZ 100098a0 f i solid:C-api.obj
 0001:000088b0       _dtNewComplexShape         100098b0 f   solid:C-api.obj
 0001:000088f0       _dtBegin                   100098f0 f   solid:C-api.obj
 0001:00008900       _dtLoadIdentity            10009900 f   solid:C-api.obj
 0001:00008910       _dtMultMatrixf             10009910 f   solid:C-api.obj
 0001:00008940       _dtSetDefaultResponse      10009940 f   solid:C-api.obj
 0001:00008960       _dtClearDefaultResponse    10009960 f   solid:C-api.obj
 0001:00008980       _dtDisableCaching          10009980 f   solid:C-api.obj
 0001:00008990       _dtSetTolerance            10009990 f   solid:C-api.obj
 0001:000089a0       ??A?$vector@VPoint@@V?$allocator@VPoint@@@std@@@std@@QAEAAVPoint@@I@Z 100099a0 f i solid:C-api.obj
 0001:000089e0       ?_Max@?$_Tree@V?$_Tmap_traits@PAXPAVObject@@U?$less@PAX@std@@V?$allocator@U?$pair@QAXPAVObject@@@std@@@3@$0A@@std@@@std@@KAPAU_Node@?$_Tree_nod@V?$_Tmap_traits@PAXPAVObject@@U?$less@PAX@std@@V?$allocator@U?$pair@QAXPAVObject@@@std@@@3@$0A@@std@@@2@PAU342@@Z 100099e0 f i solid:C-api.obj
 0001:00008a00       ?_Min@?$_Tree@V?$_Tmap_traits@PAXPAVObject@@U?$less@PAX@std@@V?$allocator@U?$pair@QAXPAVObject@@@std@@@3@$0A@@std@@@std@@KAPAU_Node@?$_Tree_nod@V?$_Tmap_traits@PAXPAVObject@@U?$less@PAX@std@@V?$allocator@U?$pair@QAXPAVObject@@@std@@@3@$0A@@std@@@2@PAU342@@Z 10009a00 f i solid:C-api.obj
 0001:00008a20       ?_Rrotate@?$_Tree@V?$_Tmap_traits@PAXPAVObject@@U?$less@PAX@std@@V?$allocator@U?$pair@QAXPAVObject@@@std@@@3@$0A@@std@@@std@@IAEXPAU_Node@?$_Tree_nod@V?$_Tmap_traits@PAXPAVObject@@U?$less@PAX@std@@V?$allocator@U?$pair@QAXPAVObject@@@std@@@3@$0A@@std@@@2@@Z 10009a20 f i solid:C-api.obj
 0001:00008a80       ??8const_iterator@?$_Tree@V?$_Tmap_traits@PAXVResponse@@U?$less@PAX@std@@V?$allocator@U?$pair@QAXVResponse@@@std@@@3@$0A@@std@@@std@@QBE_NABV012@@Z 10009a80 f i solid:C-api.obj
 0001:00008a80       ??8const_iterator@?$_Tree@V?$_Tmap_traits@PAXPAVObject@@U?$less@PAX@std@@V?$allocator@U?$pair@QAXPAVObject@@@std@@@3@$0A@@std@@@std@@QBE_NABV012@@Z 10009a80 f i solid:C-api.obj
 0001:00008ab0       ?_Inc@const_iterator@?$_Tree@V?$_Tmap_traits@PAXPAVObject@@U?$less@PAX@std@@V?$allocator@U?$pair@QAXPAVObject@@@std@@@3@$0A@@std@@@std@@QAEXXZ 10009ab0 f i solid:C-api.obj
 0001:00008b20       ??Dconst_iterator@?$_Tree@V?$_Tmap_traits@PAXVResponse@@U?$less@PAX@std@@V?$allocator@U?$pair@QAXVResponse@@@std@@@3@$0A@@std@@@std@@QBEABU?$pair@QAXVResponse@@@2@XZ 10009b20 f i solid:C-api.obj
 0001:00008b50       ?_Max@?$_Tree@V?$_Tmap_traits@PAXVResponse@@U?$less@PAX@std@@V?$allocator@U?$pair@QAXVResponse@@@std@@@3@$0A@@std@@@std@@KAPAU_Node@?$_Tree_nod@V?$_Tmap_traits@PAXVResponse@@U?$less@PAX@std@@V?$allocator@U?$pair@QAXVResponse@@@std@@@3@$0A@@std@@@2@PAU342@@Z 10009b50 f i solid:C-api.obj
 0001:00008b70       ?_Min@?$_Tree@V?$_Tmap_traits@PAXVResponse@@U?$less@PAX@std@@V?$allocator@U?$pair@QAXVResponse@@@std@@@3@$0A@@std@@@std@@KAPAU_Node@?$_Tree_nod@V?$_Tmap_traits@PAXVResponse@@U?$less@PAX@std@@V?$allocator@U?$pair@QAXVResponse@@@std@@@3@$0A@@std@@@2@PAU342@@Z 10009b70 f i solid:C-api.obj
 0001:00008b90       ?_Rrotate@?$_Tree@V?$_Tmap_traits@PAXVResponse@@U?$less@PAX@std@@V?$allocator@U?$pair@QAXVResponse@@@std@@@3@$0A@@std@@@std@@IAEXPAU_Node@?$_Tree_nod@V?$_Tmap_traits@PAXVResponse@@U?$less@PAX@std@@V?$allocator@U?$pair@QAXVResponse@@@std@@@3@$0A@@std@@@2@@Z 10009b90 f i solid:C-api.obj
 0001:00008bf0       ?_Max@?$_Tree@V?$_Tmap_traits@U?$pair@PAXPAX@std@@VResponse@@U?$less@U?$pair@PAXPAX@std@@@2@V?$allocator@U?$pair@$$CBU?$pair@PAXPAX@std@@VResponse@@@std@@@2@$0A@@std@@@std@@KAPAU_Node@?$_Tree_nod@V?$_Tmap_traits@U?$pair@PAXPAX@std@@VResponse@@U?$less@U?$pair@PAXPAX@std@@@2@V?$allocator@U?$pair@$$CBU?$pair@PAXPAX@std@@VResponse@@@std@@@2@$0A@@std@@@2@PAU342@@Z 10009bf0 f i solid:C-api.obj
 0001:00008c10       ?_Min@?$_Tree@V?$_Tmap_traits@U?$pair@PAXPAX@std@@VResponse@@U?$less@U?$pair@PAXPAX@std@@@2@V?$allocator@U?$pair@$$CBU?$pair@PAXPAX@std@@VResponse@@@std@@@2@$0A@@std@@@std@@KAPAU_Node@?$_Tree_nod@V?$_Tmap_traits@U?$pair@PAXPAX@std@@VResponse@@U?$less@U?$pair@PAXPAX@std@@@2@V?$allocator@U?$pair@$$CBU?$pair@PAXPAX@std@@VResponse@@@std@@@2@$0A@@std@@@2@PAU342@@Z 10009c10 f i solid:C-api.obj
 0001:00008c30       ?_Rrotate@?$_Tree@V?$_Tmap_traits@U?$pair@PAXPAX@std@@VResponse@@U?$less@U?$pair@PAXPAX@std@@@2@V?$allocator@U?$pair@$$CBU?$pair@PAXPAX@std@@VResponse@@@std@@@2@$0A@@std@@@std@@IAEXPAU_Node@?$_Tree_nod@V?$_Tmap_traits@U?$pair@PAXPAX@std@@VResponse@@U?$less@U?$pair@PAXPAX@std@@@2@V?$allocator@U?$pair@$$CBU?$pair@PAXPAX@std@@VResponse@@@std@@@2@$0A@@std@@@2@@Z 10009c30 f i solid:C-api.obj
 0001:00008c90       ?_Dec@const_iterator@?$_Tree@V?$_Tmap_traits@PAXVResponse@@U?$less@PAX@std@@V?$allocator@U?$pair@QAXVResponse@@@std@@@3@$0A@@std@@@std@@QAEXXZ 10009c90 f i solid:C-api.obj
 0001:00008d20       ?_Inc@const_iterator@?$_Tree@V?$_Tmap_traits@PAXVResponse@@U?$less@PAX@std@@V?$allocator@U?$pair@QAXVResponse@@@std@@@3@$0A@@std@@@std@@QAEXXZ 10009d20 f i solid:C-api.obj
 0001:00008d90       ?_Inc@const_iterator@?$_Tree@V?$_Tmap_traits@U?$pair@PAXPAX@std@@VResponse@@U?$less@U?$pair@PAXPAX@std@@@2@V?$allocator@U?$pair@$$CBU?$pair@PAXPAX@std@@VResponse@@@std@@@2@$0A@@std@@@std@@QAEXXZ 10009d90 f i solid:C-api.obj
 0001:00008e00       ?_Max@?$_Tree@V?$_Tset_traits@VEncounter@@U?$less@VEncounter@@@std@@V?$allocator@VEncounter@@@3@$0A@@std@@@std@@KAPAU_Node@?$_Tree_nod@V?$_Tset_traits@VEncounter@@U?$less@VEncounter@@@std@@V?$allocator@VEncounter@@@3@$0A@@std@@@2@PAU342@@Z 10009e00 f i solid:C-api.obj
 0001:00008e20       ?_Min@?$_Tree@V?$_Tset_traits@VEncounter@@U?$less@VEncounter@@@std@@V?$allocator@VEncounter@@@3@$0A@@std@@@std@@KAPAU_Node@?$_Tree_nod@V?$_Tset_traits@VEncounter@@U?$less@VEncounter@@@std@@V?$allocator@VEncounter@@@3@$0A@@std@@@2@PAU342@@Z 10009e20 f i solid:C-api.obj
 0001:00008e40       ?_Dec@const_iterator@?$_Tree@V?$_Tmap_traits@PAXPAVObject@@U?$less@PAX@std@@V?$allocator@U?$pair@QAXPAVObject@@@std@@@3@$0A@@std@@@std@@QAEXXZ 10009e40 f i solid:C-api.obj
 0001:00008ed0       ?_Dec@const_iterator@?$_Tree@V?$_Tset_traits@VEncounter@@U?$less@VEncounter@@@std@@V?$allocator@VEncounter@@@3@$0A@@std@@@std@@QAEXXZ 10009ed0 f i solid:C-api.obj
 0001:00008f60       ??$_Allocate@VPoint@@@std@@YAPAVPoint@@IPAV1@@Z 10009f60 f i solid:C-api.obj
 0001:00008fc0       ??$_Allocate@D@std@@YAPADIPAD@Z 10009fc0 f i solid:C-api.obj
 0001:00009020       ??0bad_alloc@std@@QAE@ABV01@@Z 1000a020 f i solid:C-api.obj
 0001:00009040       ??$_Fill@PAVPoint@@V1@@std@@YAXPAVPoint@@0ABV1@@Z 1000a040 f i solid:C-api.obj
 0001:00009080       ??$_Copy_opt@PAVPoint@@PAV1@Uforward_iterator_tag@std@@@std@@YAPAVPoint@@PAV1@00Uforward_iterator_tag@0@U_Nonscalar_ptr_iterator_tag@0@U_Range_checked_iterator_tag@0@@Z 1000a080 f i solid:C-api.obj
 0001:000090c0       ??$_Copy_backward_opt@PAVPoint@@PAV1@Uforward_iterator_tag@std@@@std@@YAPAVPoint@@PAV1@00Uforward_iterator_tag@0@U_Nonscalar_ptr_iterator_tag@0@U_Range_checked_iterator_tag@0@@Z 1000a0c0 f i solid:C-api.obj
 0001:00009110       ??RTransform@@QBE?AVPoint@@ABV1@@Z 1000a110 f i solid:C-api.obj
 0001:00009170       ??1Endpoint@@QAE@XZ        1000a170 f i solid:C-api.obj
 0001:00009190       ??1Object@@QAE@XZ          1000a190 f i solid:C-api.obj
 0001:00009200       ?object_test@@YA_NAAVEncounter@@@Z 1000a200 f   solid:C-api.obj
 0001:000093b0       ?_Lrotate@?$_Tree@V?$_Tmap_traits@PAXPAVObject@@U?$less@PAX@std@@V?$allocator@U?$pair@QAXPAVObject@@@std@@@3@$0A@@std@@@std@@IAEXPAU_Node@?$_Tree_nod@V?$_Tmap_traits@PAXPAVObject@@U?$less@PAX@std@@V?$allocator@U?$pair@QAXPAVObject@@@std@@@3@$0A@@std@@@2@@Z 1000a3b0 f i solid:C-api.obj
 0001:00009400       ?_Lbound@?$_Tree@V?$_Tmap_traits@U?$pair@PAXPAX@std@@VResponse@@U?$less@U?$pair@PAXPAX@std@@@2@V?$allocator@U?$pair@$$CBU?$pair@PAXPAX@std@@VResponse@@@std@@@2@$0A@@std@@@std@@IBEPAU_Node@?$_Tree_nod@V?$_Tmap_traits@U?$pair@PAXPAX@std@@VResponse@@U?$less@U?$pair@PAXPAX@std@@@2@V?$allocator@U?$pair@$$CBU?$pair@PAXPAX@std@@VResponse@@@std@@@2@$0A@@std@@@2@ABU?$pair@PAXPAX@2@@Z 1000a400 f i solid:C-api.obj
 0001:00009440       ?_Lrotate@?$_Tree@V?$_Tset_traits@VEncounter@@U?$less@VEncounter@@@std@@V?$allocator@VEncounter@@@3@$0A@@std@@@std@@IAEXPAU_Node@?$_Tree_nod@V?$_Tset_traits@VEncounter@@U?$less@VEncounter@@@std@@V?$allocator@VEncounter@@@3@$0A@@std@@@2@@Z 1000a440 f i solid:C-api.obj
 0001:00009490       ?_Rrotate@?$_Tree@V?$_Tset_traits@VEncounter@@U?$less@VEncounter@@@std@@V?$allocator@VEncounter@@@3@$0A@@std@@@std@@IAEXPAU_Node@?$_Tree_nod@V?$_Tset_traits@VEncounter@@U?$less@VEncounter@@@std@@V?$allocator@VEncounter@@@3@$0A@@std@@@2@@Z 1000a490 f i solid:C-api.obj
 0001:000094f0       ?_Inc@const_iterator@?$_Tree@V?$_Tset_traits@VEncounter@@U?$less@VEncounter@@@std@@V?$allocator@VEncounter@@@3@$0A@@std@@@std@@QAEXXZ 1000a4f0 f i solid:C-api.obj
 0001:00009560       ?_Lrotate@?$_Tree@V?$_Tmap_traits@PAXVResponse@@U?$less@PAX@std@@V?$allocator@U?$pair@QAXVResponse@@@std@@@3@$0A@@std@@@std@@IAEXPAU_Node@?$_Tree_nod@V?$_Tmap_traits@PAXVResponse@@U?$less@PAX@std@@V?$allocator@U?$pair@QAXVResponse@@@std@@@3@$0A@@std@@@2@@Z 1000a560 f i solid:C-api.obj
 0001:000095b0       ?_Lrotate@?$_Tree@V?$_Tmap_traits@U?$pair@PAXPAX@std@@VResponse@@U?$less@U?$pair@PAXPAX@std@@@2@V?$allocator@U?$pair@$$CBU?$pair@PAXPAX@std@@VResponse@@@std@@@2@$0A@@std@@@std@@IAEXPAU_Node@?$_Tree_nod@V?$_Tmap_traits@U?$pair@PAXPAX@std@@VResponse@@U?$less@U?$pair@PAXPAX@std@@@2@V?$allocator@U?$pair@$$CBU?$pair@PAXPAX@std@@VResponse@@@std@@@2@$0A@@std@@@2@@Z 1000a5b0 f i solid:C-api.obj
 0001:00009600       ?_Erase@?$_Tree@V?$_Tmap_traits@PAXPAVObject@@U?$less@PAX@std@@V?$allocator@U?$pair@QAXPAVObject@@@std@@@3@$0A@@std@@@std@@IAEXPAU_Node@?$_Tree_nod@V?$_Tmap_traits@PAXPAVObject@@U?$less@PAX@std@@V?$allocator@U?$pair@QAXPAVObject@@@std@@@3@$0A@@std@@@2@@Z 1000a600 f i solid:C-api.obj
 0001:00009640       ??$_Copy_backward_opt@PAVPoint@@PAV1@@std@@YAPAVPoint@@PAV1@00Urandom_access_iterator_tag@0@U_Nonscalar_ptr_iterator_tag@0@U_Range_checked_iterator_tag@0@@Z 1000a640 f i solid:C-api.obj
 0001:000096a0       ??$_Uninit_copy@PAVPoint@@PAV1@V?$allocator@VPoint@@@std@@@std@@YAPAVPoint@@PAV1@00AAV?$allocator@VPoint@@@0@U_Nonscalar_ptr_iterator_tag@0@U_Range_checked_iterator_tag@0@@Z 1000a6a0 f i solid:C-api.obj
 0001:000096f0       ??_GBox@@UAEPAXI@Z         1000a6f0 f i solid:C-api.obj
 0001:000096f0       ??_EShape@@UAEPAXI@Z       1000a6f0 f i solid:C-api.obj
 0001:000096f0       ??_GShape@@UAEPAXI@Z       1000a6f0 f i solid:C-api.obj
 0001:000096f0       ??_EBox@@UAEPAXI@Z         1000a6f0 f i solid:C-api.obj
 0001:00009710       _dtBox                     1000a710 f   solid:C-api.obj
 0001:00009750       ??1?$_Vector_val@IV?$allocator@I@std@@@std@@QAE@XZ 1000a750 f i solid:C-api.obj
 0001:00009750       ??1?$_Vector_val@PAVComplex@@V?$allocator@PAVComplex@@@std@@@std@@QAE@XZ 1000a750 f i solid:C-api.obj
 0001:00009750       ??1?$_Vector_val@VPoint@@V?$allocator@VPoint@@@std@@@std@@QAE@XZ 1000a750 f i solid:C-api.obj
 0001:00009750       ??1?$_Tree_val@V?$_Tmap_traits@PAXPAVObject@@U?$less@PAX@std@@V?$allocator@U?$pair@QAXPAVObject@@@std@@@3@$0A@@std@@@std@@QAE@XZ 1000a750 f i solid:C-api.obj
 0001:00009750       ??1?$_Tree_val@V?$_Tmap_traits@PAXVResponse@@U?$less@PAX@std@@V?$allocator@U?$pair@QAXVResponse@@@std@@@3@$0A@@std@@@std@@QAE@XZ 1000a750 f i solid:C-api.obj
 0001:00009750       ??1?$_Tree_val@V?$_Tset_traits@VEncounter@@U?$less@VEncounter@@@std@@V?$allocator@VEncounter@@@3@$0A@@std@@@std@@QAE@XZ 1000a750 f i solid:C-api.obj
 0001:00009750       ??1?$_Vector_val@PAXV?$allocator@PAX@std@@@std@@QAE@XZ 1000a750 f i solid:RespTable.obj
 0001:00009750       ??1?$_Tree_val@V?$_Tmap_traits@U?$pair@PAXPAX@std@@VResponse@@U?$less@U?$pair@PAXPAX@std@@@2@V?$allocator@U?$pair@$$CBU?$pair@PAXPAX@std@@VResponse@@@std@@@2@$0A@@std@@@std@@QAE@XZ 1000a750 f i solid:C-api.obj
 0001:00009750       ??1?$_Vector_val@PBVPolytope@@V?$allocator@PBVPolytope@@@std@@@std@@QAE@XZ 1000a750 f i solid:C-api.obj
 0001:00009760       ?erase@?$basic_string@DU?$char_traits@D@std@@V?$allocator@D@2@@std@@QAEAAV12@II@Z 1000a760 f i solid:C-api.obj
 0001:000097f0       ?_Buynode@?$_Tree@V?$_Tset_traits@VEncounter@@U?$less@VEncounter@@@std@@V?$allocator@VEncounter@@@3@$0A@@std@@@std@@IAEPAU_Node@?$_Tree_nod@V?$_Tset_traits@VEncounter@@U?$less@VEncounter@@@std@@V?$allocator@VEncounter@@@3@$0A@@std@@@2@PAU342@00ABVEncounter@@D@Z 1000a7f0 f i solid:C-api.obj
 0001:00009840       ?_Copy@?$basic_string@DU?$char_traits@D@std@@V?$allocator@D@2@@std@@IAEXII@Z 1000a840 f i solid:C-api.obj
 0001:00009980       ?_Erase@?$_Tree@V?$_Tmap_traits@PAXVResponse@@U?$less@PAX@std@@V?$allocator@U?$pair@QAXVResponse@@@std@@@3@$0A@@std@@@std@@IAEXPAU_Node@?$_Tree_nod@V?$_Tmap_traits@PAXVResponse@@U?$less@PAX@std@@V?$allocator@U?$pair@QAXVResponse@@@std@@@3@$0A@@std@@@2@@Z 1000a980 f i solid:C-api.obj
 0001:000099c0       ?_Buynode@?$_Tree@V?$_Tmap_traits@PAXVResponse@@U?$less@PAX@std@@V?$allocator@U?$pair@QAXVResponse@@@std@@@3@$0A@@std@@@std@@IAEPAU_Node@?$_Tree_nod@V?$_Tmap_traits@PAXVResponse@@U?$less@PAX@std@@V?$allocator@U?$pair@QAXVResponse@@@std@@@3@$0A@@std@@@2@XZ 1000a9c0 f i solid:C-api.obj
 0001:00009a00       ?_Buynode@?$_Tree@V?$_Tmap_traits@PAXVResponse@@U?$less@PAX@std@@V?$allocator@U?$pair@QAXVResponse@@@std@@@3@$0A@@std@@@std@@IAEPAU_Node@?$_Tree_nod@V?$_Tmap_traits@PAXVResponse@@U?$less@PAX@std@@V?$allocator@U?$pair@QAXVResponse@@@std@@@3@$0A@@std@@@2@PAU342@00ABU?$pair@QAXVResponse@@@2@D@Z 1000aa00 f i solid:C-api.obj
 0001:00009a50       ?_Erase@?$_Tree@V?$_Tmap_traits@U?$pair@PAXPAX@std@@VResponse@@U?$less@U?$pair@PAXPAX@std@@@2@V?$allocator@U?$pair@$$CBU?$pair@PAXPAX@std@@VResponse@@@std@@@2@$0A@@std@@@std@@IAEXPAU_Node@?$_Tree_nod@V?$_Tmap_traits@U?$pair@PAXPAX@std@@VResponse@@U?$less@U?$pair@PAXPAX@std@@@2@V?$allocator@U?$pair@$$CBU?$pair@PAXPAX@std@@VResponse@@@std@@@2@$0A@@std@@@2@@Z 1000aa50 f i solid:C-api.obj
 0001:00009a90       ?_Buynode@?$_Tree@V?$_Tmap_traits@U?$pair@PAXPAX@std@@VResponse@@U?$less@U?$pair@PAXPAX@std@@@2@V?$allocator@U?$pair@$$CBU?$pair@PAXPAX@std@@VResponse@@@std@@@2@$0A@@std@@@std@@IAEPAU_Node@?$_Tree_nod@V?$_Tmap_traits@U?$pair@PAXPAX@std@@VResponse@@U?$less@U?$pair@PAXPAX@std@@@2@V?$allocator@U?$pair@$$CBU?$pair@PAXPAX@std@@VResponse@@@std@@@2@$0A@@std@@@2@XZ 1000aa90 f i solid:C-api.obj
 0001:00009ad0       ?_Buynode@?$_Tree@V?$_Tmap_traits@PAXPAVObject@@U?$less@PAX@std@@V?$allocator@U?$pair@QAXPAVObject@@@std@@@3@$0A@@std@@@std@@IAEPAU_Node@?$_Tree_nod@V?$_Tmap_traits@PAXPAVObject@@U?$less@PAX@std@@V?$allocator@U?$pair@QAXPAVObject@@@std@@@3@$0A@@std@@@2@XZ 1000aad0 f i solid:C-api.obj
 0001:00009b10       ?_Buynode@?$_Tree@V?$_Tmap_traits@PAXPAVObject@@U?$less@PAX@std@@V?$allocator@U?$pair@QAXPAVObject@@@std@@@3@$0A@@std@@@std@@IAEPAU_Node@?$_Tree_nod@V?$_Tmap_traits@PAXPAVObject@@U?$less@PAX@std@@V?$allocator@U?$pair@QAXPAVObject@@@std@@@3@$0A@@std@@@2@PAU342@00ABU?$pair@QAXPAVObject@@@2@D@Z 1000ab10 f i solid:C-api.obj
 0001:00009b50       ?_Erase@?$_Tree@V?$_Tset_traits@VEncounter@@U?$less@VEncounter@@@std@@V?$allocator@VEncounter@@@3@$0A@@std@@@std@@IAEXPAU_Node@?$_Tree_nod@V?$_Tset_traits@VEncounter@@U?$less@VEncounter@@@std@@V?$allocator@VEncounter@@@3@$0A@@std@@@2@@Z 1000ab50 f i solid:C-api.obj
 0001:00009b90       ?_Buynode@?$_Tree@V?$_Tset_traits@VEncounter@@U?$less@VEncounter@@@std@@V?$allocator@VEncounter@@@3@$0A@@std@@@std@@IAEPAU_Node@?$_Tree_nod@V?$_Tset_traits@VEncounter@@U?$less@VEncounter@@@std@@V?$allocator@VEncounter@@@3@$0A@@std@@@2@XZ 1000ab90 f i solid:C-api.obj
 0001:00009bd0       ??$fill@PAPAVComplex@@PAV1@@std@@YAXPAPAVComplex@@0ABQAV1@@Z 1000abd0 f i solid:C-api.obj
 0001:00009bd0       ??$fill@PAPBVPolytope@@PBV1@@std@@YAXPAPBVPolytope@@0ABQBV1@@Z 1000abd0 f i solid:C-api.obj
 0001:00009bd0       ??$fill@PAII@std@@YAXPAI0ABI@Z 1000abd0 f i solid:C-api.obj
 0001:00009bd0       ??$fill@PAPAXPAX@std@@YAXPAPAX0ABQAX@Z 1000abd0 f i solid:RespTable.obj
 0001:00009bf0       ??$_Distance2@Viterator@?$_Tree@V?$_Tmap_traits@PAXVResponse@@U?$less@PAX@std@@V?$allocator@U?$pair@QAXVResponse@@@std@@@3@$0A@@std@@@std@@I@std@@YAXViterator@?$_Tree@V?$_Tmap_traits@PAXVResponse@@U?$less@PAX@std@@V?$allocator@U?$pair@QAXVResponse@@@std@@@3@$0A@@std@@@0@0AAIUbidirectional_iterator_tag@0@@Z 1000abf0 f i solid:C-api.obj
 0001:00009c30       ??$_Uninit_fill_n@PAVPoint@@IV1@V?$allocator@VPoint@@@std@@@std@@YAXPAVPoint@@IABV1@AAV?$allocator@VPoint@@@0@U_Nonscalar_ptr_iterator_tag@0@U_Range_checked_iterator_tag@0@@Z 1000ac30 f i solid:C-api.obj
 0001:00009c80       ??0IndexArray@@QAE@HQBI@Z  1000ac80 f i solid:C-api.obj
 0001:00009ce0       ??0Polytope@@QAE@ABVVertexBase@@HQBI@Z 1000ace0 f i solid:C-api.obj
 0001:00009d40       ??0Simplex@@QAE@ABVVertexBase@@HQBI@Z 1000ad40 f i solid:C-api.obj
 0001:00009d70       ??0Polygon@@QAE@ABVVertexBase@@HQBI@Z 1000ad70 f i solid:C-api.obj
 0001:00009da0       ??_GSimplex@@UAEPAXI@Z     1000ada0 f i solid:C-api.obj
 0001:00009da0       ??_GPolygon@@UAEPAXI@Z     1000ada0 f i solid:C-api.obj
 0001:00009da0       ??_EPolygon@@UAEPAXI@Z     1000ada0 f i solid:C-api.obj
 0001:00009da0       ??_ESimplex@@UAEPAXI@Z     1000ada0 f i solid:C-api.obj
 0001:00009da0       ??_EPolytope@@UAEPAXI@Z    1000ada0 f i solid:C-api.obj
 0001:00009da0       ??_GPolytope@@UAEPAXI@Z    1000ada0 f i solid:C-api.obj
 0001:00009de0       ??1?$basic_string@DU?$char_traits@D@std@@V?$allocator@D@2@@std@@QAE@XZ 1000ade0 f i solid:C-api.obj
 0001:00009e10       ?_Eqrange@?$_Tree@V?$_Tmap_traits@PAXVResponse@@U?$less@PAX@std@@V?$allocator@U?$pair@QAXVResponse@@@std@@@3@$0A@@std@@@std@@IAE?AU?$pair@Viterator@?$_Tree@V?$_Tmap_traits@PAXVResponse@@U?$less@PAX@std@@V?$allocator@U?$pair@QAXVResponse@@@std@@@3@$0A@@std@@@std@@V123@@2@ABQAX@Z 1000ae10 f i solid:C-api.obj
 0001:00009ea0       ?_Eqrange@?$_Tree@V?$_Tmap_traits@U?$pair@PAXPAX@std@@VResponse@@U?$less@U?$pair@PAXPAX@std@@@2@V?$allocator@U?$pair@$$CBU?$pair@PAXPAX@std@@VResponse@@@std@@@2@$0A@@std@@@std@@IAE?AU?$pair@Viterator@?$_Tree@V?$_Tmap_traits@U?$pair@PAXPAX@std@@VResponse@@U?$less@U?$pair@PAXPAX@std@@@2@V?$allocator@U?$pair@$$CBU?$pair@PAXPAX@std@@VResponse@@@std@@@2@$0A@@std@@@std@@V123@@2@ABU?$pair@PAXPAX@2@@Z 1000aea0 f i solid:C-api.obj
 0001:00009f50       ?_Eqrange@?$_Tree@V?$_Tset_traits@VEncounter@@U?$less@VEncounter@@@std@@V?$allocator@VEncounter@@@3@$0A@@std@@@std@@IAE?AU?$pair@Viterator@?$_Tree@V?$_Tset_traits@VEncounter@@U?$less@VEncounter@@@std@@V?$allocator@VEncounter@@@3@$0A@@std@@@std@@V123@@2@ABVEncounter@@@Z 1000af50 f i solid:C-api.obj
 0001:0000a000       ??$copy@V?$_Vector_iterator@VPoint@@V?$allocator@VPoint@@@std@@@std@@PAVPoint@@@std@@YAPAVPoint@@V?$_Vector_iterator@VPoint@@V?$allocator@VPoint@@@std@@@0@0PAV1@@Z 1000b000 f i solid:C-api.obj
 0001:0000a060       ??$unchecked_copy@PAVPoint@@PAV1@@stdext@@YAPAVPoint@@PAV1@00@Z 1000b060 f i solid:C-api.obj
 0001:0000a0c0       ??$_Unchecked_move_backward@PAVPoint@@PAV1@@stdext@@YAPAVPoint@@PAV1@00@Z 1000b0c0 f i solid:C-api.obj
 0001:0000a0f0       ??$_Distance2@Viterator@?$_Tree@V?$_Tset_traits@VEncounter@@U?$less@VEncounter@@@std@@V?$allocator@VEncounter@@@3@$0A@@std@@@std@@I@std@@YAXViterator@?$_Tree@V?$_Tset_traits@VEncounter@@U?$less@VEncounter@@@std@@V?$allocator@VEncounter@@@3@$0A@@std@@@0@0AAIUbidirectional_iterator_tag@0@@Z 1000b0f0 f i solid:C-api.obj
 0001:0000a130       ?what@logic_error@std@@UBEPBDXZ 1000b130 f i solid:C-api.obj
 0001:0000a140       ?assign@?$basic_string@DU?$char_traits@D@std@@V?$allocator@D@2@@std@@QAEAAV12@ABV12@II@Z 1000b140 f i solid:C-api.obj
 0001:0000a220       ?_Ufill@?$vector@VPoint@@V?$allocator@VPoint@@@std@@@std@@IAEPAVPoint@@PAV3@IABV3@@Z 1000b220 f i solid:C-api.obj
 0001:0000a260       ?assign@?$basic_string@DU?$char_traits@D@std@@V?$allocator@D@2@@std@@QAEAAV12@PBDI@Z 1000b260 f i solid:C-api.obj
 0001:0000a340       _dtProceed                 1000b340 f   solid:C-api.obj
 0001:0000a440       _dtTest                    1000b440 f   solid:C-api.obj
 0001:0000a5e0       ?erase@?$vector@VPoint@@V?$allocator@VPoint@@@std@@@std@@QAE?AV?$_Vector_iterator@VPoint@@V?$allocator@VPoint@@@std@@@2@V?$_Vector_const_iterator@VPoint@@V?$allocator@VPoint@@@std@@@2@0@Z 1000b5e0 f i solid:C-api.obj
 0001:0000a660       ?erase@?$vector@PBVPolytope@@V?$allocator@PBVPolytope@@@std@@@std@@QAE?AV?$_Vector_iterator@PBVPolytope@@V?$allocator@PBVPolytope@@@std@@@2@V?$_Vector_const_iterator@PBVPolytope@@V?$allocator@PBVPolytope@@@std@@@2@0@Z 1000b660 f i solid:C-api.obj
 0001:0000a660       ?erase@?$vector@IV?$allocator@I@std@@@std@@QAE?AV?$_Vector_iterator@IV?$allocator@I@std@@@2@V?$_Vector_const_iterator@IV?$allocator@I@std@@@2@0@Z 1000b660 f i solid:C-api.obj
 0001:0000a6f0       ?erase@?$vector@PAVComplex@@V?$allocator@PAVComplex@@@std@@@std@@QAE?AV?$_Vector_iterator@PAVComplex@@V?$allocator@PAVComplex@@@std@@@2@V?$_Vector_const_iterator@PAVComplex@@V?$allocator@PAVComplex@@@std@@@2@@Z 1000b6f0 f i solid:C-api.obj
 0001:0000a750       ?find@?$_Tree@V?$_Tmap_traits@PAXPAVObject@@U?$less@PAX@std@@V?$allocator@U?$pair@QAXPAVObject@@@std@@@3@$0A@@std@@@std@@QAE?AViterator@12@ABQAX@Z 1000b750 f i solid:C-api.obj
 0001:0000a7e0       ?_Ufill@?$vector@PAXV?$allocator@PAX@std@@@std@@IAEPAPAXPAPAXIABQAX@Z 1000b7e0 f i solid:RespTable.obj
 0001:0000a7e0       ?_Ufill@?$vector@PBVPolytope@@V?$allocator@PBVPolytope@@@std@@@std@@IAEPAPBVPolytope@@PAPBV3@IABQBV3@@Z 1000b7e0 f i solid:C-api.obj
 0001:0000a7e0       ?_Ufill@?$vector@PAVComplex@@V?$allocator@PAVComplex@@@std@@@std@@IAEPAPAVComplex@@PAPAV3@IABQAV3@@Z 1000b7e0 f i solid:C-api.obj
 0001:0000a7e0       ?_Ufill@?$vector@IV?$allocator@I@std@@@std@@IAEPAIPAIIABI@Z 1000b7e0 f i solid:C-api.obj
 0001:0000a810       ??$_Umove@PAVPoint@@@?$vector@VPoint@@V?$allocator@VPoint@@@std@@@std@@IAEPAVPoint@@PAV2@00@Z 1000b810 f i solid:C-api.obj
 0001:0000a840       ??0logic_error@std@@QAE@ABV?$basic_string@DU?$char_traits@D@std@@V?$allocator@D@2@@1@@Z 1000b840 f i solid:C-api.obj
 0001:0000a8a0       ??0length_error@std@@QAE@ABV?$basic_string@DU?$char_traits@D@std@@V?$allocator@D@2@@1@@Z 1000b8a0 f i solid:C-api.obj
 0001:0000a8c0       ??_Glogic_error@std@@UAEPAXI@Z 1000b8c0 f i solid:C-api.obj
 0001:0000a8c0       ??_Glength_error@std@@UAEPAXI@Z 1000b8c0 f i solid:C-api.obj
 0001:0000a8c0       ??_Eout_of_range@std@@UAEPAXI@Z 1000b8c0 f i solid:C-api.obj
 0001:0000a8c0       ??_Elength_error@std@@UAEPAXI@Z 1000b8c0 f i solid:C-api.obj
 0001:0000a8c0       ??_Elogic_error@std@@UAEPAXI@Z 1000b8c0 f i solid:C-api.obj
 0001:0000a8c0       ??_Gout_of_range@std@@UAEPAXI@Z 1000b8c0 f i solid:C-api.obj
 0001:0000a910       ??0out_of_range@std@@QAE@ABV?$basic_string@DU?$char_traits@D@std@@V?$allocator@D@2@@1@@Z 1000b910 f i solid:C-api.obj
 0001:0000a930       ??1out_of_range@std@@UAE@XZ 1000b930 f i solid:C-api.obj
 0001:0000a930       ??1length_error@std@@UAE@XZ 1000b930 f i solid:C-api.obj
 0001:0000a970       _dtDeleteShape             1000b970 f   solid:C-api.obj
 0001:0000aa30       _dtSelectObject            1000ba30 f   solid:C-api.obj
 0001:0000aab0       ??0?$basic_string@DU?$char_traits@D@std@@V?$allocator@D@2@@std@@QAE@PBD@Z 1000bab0 f i solid:C-api.obj
 0001:0000aaf0       ?erase@?$_Tree@V?$_Tmap_traits@PAXPAVObject@@U?$less@PAX@std@@V?$allocator@U?$pair@QAXPAVObject@@@std@@@3@$0A@@std@@@std@@QAE?AViterator@12@Vconst_iterator@12@@Z 1000baf0 f i solid:C-api.obj
 0001:0000adb0       ??0logic_error@std@@QAE@ABV01@@Z 1000bdb0 f i solid:C-api.obj
 0001:0000ae20       ??0?$_Tree@V?$_Tmap_traits@PAXVResponse@@U?$less@PAX@std@@V?$allocator@U?$pair@QAXVResponse@@@std@@@3@$0A@@std@@@std@@QAE@ABU?$less@PAX@1@ABV?$allocator@U?$pair@QAXVResponse@@@std@@@1@@Z 1000be20 f i solid:C-api.obj
 0001:0000aea0       ??0?$_Tree@V?$_Tmap_traits@U?$pair@PAXPAX@std@@VResponse@@U?$less@U?$pair@PAXPAX@std@@@2@V?$allocator@U?$pair@$$CBU?$pair@PAXPAX@std@@VResponse@@@std@@@2@$0A@@std@@@std@@QAE@ABU?$less@U?$pair@PAXPAX@std@@@1@ABV?$allocator@U?$pair@$$CBU?$pair@PAXPAX@std@@VResponse@@@std@@@1@@Z 1000bea0 f i solid:C-api.obj
 0001:0000af20       ??0?$_Tree@V?$_Tmap_traits@PAXPAVObject@@U?$less@PAX@std@@V?$allocator@U?$pair@QAXPAVObject@@@std@@@3@$0A@@std@@@std@@QAE@ABU?$less@PAX@1@ABV?$allocator@U?$pair@QAXPAVObject@@@std@@@1@@Z 1000bf20 f i solid:C-api.obj
 0001:0000afa0       ??0?$_Tree@V?$_Tset_traits@VEncounter@@U?$less@VEncounter@@@std@@V?$allocator@VEncounter@@@3@$0A@@std@@@std@@QAE@ABU?$less@VEncounter@@@1@ABV?$allocator@VEncounter@@@1@@Z 1000bfa0 f i solid:C-api.obj
 0001:0000b020       ?_Insert@?$_Tree@V?$_Tset_traits@VEncounter@@U?$less@VEncounter@@@std@@V?$allocator@VEncounter@@@3@$0A@@std@@@std@@IAE?AViterator@12@_NPAU_Node@?$_Tree_nod@V?$_Tset_traits@VEncounter@@U?$less@VEncounter@@@std@@V?$allocator@VEncounter@@@3@$0A@@std@@@2@ABVEncounter@@@Z 1000c020 f i solid:C-api.obj
 0001:0000b210       ??0length_error@std@@QAE@ABV01@@Z 1000c210 f i solid:C-api.obj
 0001:0000b230       ?erase@?$_Tree@V?$_Tmap_traits@PAXVResponse@@U?$less@PAX@std@@V?$allocator@U?$pair@QAXVResponse@@@std@@@3@$0A@@std@@@std@@QAE?AViterator@12@Vconst_iterator@12@@Z 1000c230 f i solid:C-api.obj
 0001:0000b4f0       ?_Insert@?$_Tree@V?$_Tmap_traits@PAXVResponse@@U?$less@PAX@std@@V?$allocator@U?$pair@QAXVResponse@@@std@@@3@$0A@@std@@@std@@IAE?AViterator@12@_NPAU_Node@?$_Tree_nod@V?$_Tmap_traits@PAXVResponse@@U?$less@PAX@std@@V?$allocator@U?$pair@QAXVResponse@@@std@@@3@$0A@@std@@@2@ABU?$pair@QAXVResponse@@@2@@Z 1000c4f0 f i solid:C-api.obj
 0001:0000b6e0       ?erase@?$_Tree@V?$_Tmap_traits@U?$pair@PAXPAX@std@@VResponse@@U?$less@U?$pair@PAXPAX@std@@@2@V?$allocator@U?$pair@$$CBU?$pair@PAXPAX@std@@VResponse@@@std@@@2@$0A@@std@@@std@@QAE?AViterator@12@Vconst_iterator@12@@Z 1000c6e0 f i solid:C-api.obj
 0001:0000b9a0       ?erase@?$_Tree@V?$_Tmap_traits@PAXPAVObject@@U?$less@PAX@std@@V?$allocator@U?$pair@QAXPAVObject@@@std@@@3@$0A@@std@@@std@@QAE?AViterator@12@Vconst_iterator@12@0@Z 1000c9a0 f i solid:C-api.obj
 0001:0000ba80       ?_Insert@?$_Tree@V?$_Tmap_traits@PAXPAVObject@@U?$less@PAX@std@@V?$allocator@U?$pair@QAXPAVObject@@@std@@@3@$0A@@std@@@std@@IAE?AViterator@12@_NPAU_Node@?$_Tree_nod@V?$_Tmap_traits@PAXPAVObject@@U?$less@PAX@std@@V?$allocator@U?$pair@QAXPAVObject@@@std@@@3@$0A@@std@@@2@ABU?$pair@QAXPAVObject@@@2@@Z 1000ca80 f i solid:C-api.obj
 0001:0000bc70       ?erase@?$_Tree@V?$_Tset_traits@VEncounter@@U?$less@VEncounter@@@std@@V?$allocator@VEncounter@@@3@$0A@@std@@@std@@QAE?AViterator@12@Vconst_iterator@12@@Z 1000cc70 f i solid:C-api.obj
 0001:0000bf30       ??0out_of_range@std@@QAE@ABV01@@Z 1000cf30 f i solid:C-api.obj
 0001:0000bf50       _dtDeleteObject            1000cf50 f   solid:C-api.obj
 0001:0000c020       ?insert@?$_Tree@V?$_Tset_traits@VEncounter@@U?$less@VEncounter@@@std@@V?$allocator@VEncounter@@@3@$0A@@std@@@std@@QAE?AU?$pair@Viterator@?$_Tree@V?$_Tset_traits@VEncounter@@U?$less@VEncounter@@@std@@V?$allocator@VEncounter@@@3@$0A@@std@@@std@@_N@2@ABVEncounter@@@Z 1000d020 f i solid:C-api.obj
 0001:0000c120       ?erase@?$_Tree@V?$_Tmap_traits@PAXVResponse@@U?$less@PAX@std@@V?$allocator@U?$pair@QAXVResponse@@@std@@@3@$0A@@std@@@std@@QAE?AViterator@12@Vconst_iterator@12@0@Z 1000d120 f i solid:C-api.obj
 0001:0000c200       ?erase@?$_Tree@V?$_Tmap_traits@U?$pair@PAXPAX@std@@VResponse@@U?$less@U?$pair@PAXPAX@std@@@2@V?$allocator@U?$pair@$$CBU?$pair@PAXPAX@std@@VResponse@@@std@@@2@$0A@@std@@@std@@QAE?AViterator@12@Vconst_iterator@12@0@Z 1000d200 f i solid:C-api.obj
 0001:0000c2e0       ?erase@?$_Tree@V?$_Tset_traits@VEncounter@@U?$less@VEncounter@@@std@@V?$allocator@VEncounter@@@3@$0A@@std@@@std@@QAE?AViterator@12@Vconst_iterator@12@0@Z 1000d2e0 f i solid:C-api.obj
 0001:0000c3c0       ?insert@?$_Tree@V?$_Tmap_traits@PAXVResponse@@U?$less@PAX@std@@V?$allocator@U?$pair@QAXVResponse@@@std@@@3@$0A@@std@@@std@@QAE?AU?$pair@Viterator@?$_Tree@V?$_Tmap_traits@PAXVResponse@@U?$less@PAX@std@@V?$allocator@U?$pair@QAXVResponse@@@std@@@3@$0A@@std@@@std@@_N@2@ABU?$pair@QAXVResponse@@@2@@Z 1000d3c0 f i solid:C-api.obj
 0001:0000c4b0       ?_Insert_n@?$vector@VPoint@@V?$allocator@VPoint@@@std@@@std@@IAEXV?$_Vector_const_iterator@VPoint@@V?$allocator@VPoint@@@std@@@2@IABVPoint@@@Z 1000d4b0 f i solid:C-api.obj
 0001:0000c790       ?insert@?$_Tree@V?$_Tmap_traits@PAXPAVObject@@U?$less@PAX@std@@V?$allocator@U?$pair@QAXPAVObject@@@std@@@3@$0A@@std@@@std@@QAE?AU?$pair@Viterator@?$_Tree@V?$_Tmap_traits@PAXPAVObject@@U?$less@PAX@std@@V?$allocator@U?$pair@QAXPAVObject@@@std@@@3@$0A@@std@@@std@@_N@2@ABU?$pair@QAXPAVObject@@@2@@Z 1000d790 f i solid:C-api.obj
 0001:0000c880       ?addPair@@YAXPBVObject@@0@Z 1000d880 f   solid:C-api.obj
 0001:0000c8b0       ??1?$_Tree@V?$_Tmap_traits@PAXVResponse@@U?$less@PAX@std@@V?$allocator@U?$pair@QAXVResponse@@@std@@@3@$0A@@std@@@std@@QAE@XZ 1000d8b0 f i solid:C-api.obj
 0001:0000c920       ?erase@?$_Tree@V?$_Tmap_traits@PAXVResponse@@U?$less@PAX@std@@V?$allocator@U?$pair@QAXVResponse@@@std@@@3@$0A@@std@@@std@@QAEIABQAX@Z 1000d920 f i solid:C-api.obj
 0001:0000c990       ??1?$_Tree@V?$_Tmap_traits@U?$pair@PAXPAX@std@@VResponse@@U?$less@U?$pair@PAXPAX@std@@@2@V?$allocator@U?$pair@$$CBU?$pair@PAXPAX@std@@VResponse@@@std@@@2@$0A@@std@@@std@@QAE@XZ 1000d990 f i solid:C-api.obj
 0001:0000ca00       ??1?$_Tree@V?$_Tmap_traits@PAXPAVObject@@U?$less@PAX@std@@V?$allocator@U?$pair@QAXPAVObject@@@std@@@3@$0A@@std@@@std@@QAE@XZ 1000da00 f i solid:C-api.obj
 0001:0000ca70       ??1?$_Tree@V?$_Tset_traits@VEncounter@@U?$less@VEncounter@@@std@@V?$allocator@VEncounter@@@3@$0A@@std@@@std@@QAE@XZ 1000da70 f i solid:C-api.obj
 0001:0000cae0       ?erase@?$_Tree@V?$_Tset_traits@VEncounter@@U?$less@VEncounter@@@std@@V?$allocator@VEncounter@@@3@$0A@@std@@@std@@QAEIABVEncounter@@@Z 1000dae0 f i solid:C-api.obj
 0001:0000cb50       ?insert@?$_Tree@V?$_Tmap_traits@PAXVResponse@@U?$less@PAX@std@@V?$allocator@U?$pair@QAXVResponse@@@std@@@3@$0A@@std@@@std@@QAE?AViterator@12@Vconst_iterator@12@ABU?$pair@QAXVResponse@@@2@@Z 1000db50 f i solid:C-api.obj
 0001:0000cd20       ?insert@?$vector@VPoint@@V?$allocator@VPoint@@@std@@@std@@QAE?AV?$_Vector_iterator@VPoint@@V?$allocator@VPoint@@@std@@@2@V?$_Vector_const_iterator@VPoint@@V?$allocator@VPoint@@@std@@@2@ABVPoint@@@Z 1000dd20 f i solid:C-api.obj
 0001:0000cdf0       ?insert@?$_Tree@V?$_Tmap_traits@PAXPAVObject@@U?$less@PAX@std@@V?$allocator@U?$pair@QAXPAVObject@@@std@@@3@$0A@@std@@@std@@QAE?AViterator@12@Vconst_iterator@12@ABU?$pair@QAXPAVObject@@@2@@Z 1000ddf0 f i solid:C-api.obj
 0001:0000cfc0       ??1?$map@PAXVResponse@@U?$less@PAX@std@@V?$allocator@U?$pair@QAXVResponse@@@std@@@3@@std@@QAE@XZ 1000dfc0 f i solid:C-api.obj
 0001:0000cfd0       ?removePair@@YAXPBVObject@@0@Z 1000dfd0 f   solid:C-api.obj
 0001:0000d000       ??A?$map@PAXVResponse@@U?$less@PAX@std@@V?$allocator@U?$pair@QAXVResponse@@@std@@@3@@std@@QAEAAVResponse@@ABQAX@Z 1000e000 f i solid:C-api.obj
 0001:0000d0b0       ?push_back@?$vector@VPoint@@V?$allocator@VPoint@@@std@@@std@@QAEXABVPoint@@@Z 1000e0b0 f i solid:C-api.obj
 0001:0000d150       ??A?$map@PAXPAVObject@@U?$less@PAX@std@@V?$allocator@U?$pair@QAXPAVObject@@@std@@@3@@std@@QAEAAPAVObject@@ABQAX@Z 1000e150 f i solid:C-api.obj
 0001:0000d200       ??0RespTable@@QAE@XZ       1000e200 f i solid:C-api.obj
 0001:0000d280       _dtEndComplexShape         1000e280 f   solid:C-api.obj
 0001:0000d410       _dtVertex                  1000e410 f   solid:C-api.obj
 0001:0000d4e0       _dtVertexIndices           1000e4e0 f   solid:C-api.obj
 0001:0000d650       _dtCreateObject            1000e650 f   solid:C-api.obj
 0001:0000d6b0       _dtSetObjectResponse       1000e6b0 f   solid:C-api.obj
 0001:0000d6f0       _dtClearObjectResponse     1000e6f0 f   solid:C-api.obj
 0001:0000d720       _dtEnd                     1000e720 f   solid:C-api.obj
 0001:0000d7c0       ??XMatrix@@QAEAAV0@ABV0@@Z 1000e7c0 f i solid:Transform.obj
 0001:0000d8c0       ?setValue@Transform@@QAEXQBM@Z 1000e8c0 f   solid:Transform.obj
 0001:0000d930       ?setIdentity@Transform@@QAEXXZ 1000e930 f   solid:Transform.obj
 0001:0000d970       ?inverse@Matrix@@QBE?AV1@XZ 1000e970 f i solid:Transform.obj
 0001:0000da40       ??D@YA?AVMatrix@@ABV0@0@Z  1000ea40 f i solid:Transform.obj
 0001:0000db30       ?multTransposeLeft@@YA?AVMatrix@@ABV1@0@Z 1000eb30 f i solid:Transform.obj
 0001:0000dc20       ??XTransform@@QAEAAV0@ABV0@@Z 1000ec20 f   solid:Transform.obj
 0001:0000dca0       ?invert@Transform@@QAEXABV1@@Z 1000eca0 f   solid:Transform.obj
 0001:0000dd80       ?multInverseLeft@Transform@@QAEXABV1@0@Z 1000ed80 f   solid:Transform.obj
 0001:0000dee0       ??1Complex@@UAE@XZ         1000eee0 f   solid:Complex.obj
 0001:0000df90       ?intersect@@YA_NABVComplex@@ABVConvex@@ABVTransform@@2AAVVector@@@Z 1000ef90 f   solid:Complex.obj
 0001:0000e000       ?find_prim@@YA_NABVComplex@@ABVConvex@@ABVTransform@@2AAVVector@@AAPBVShape@@@Z 1000f000 f   solid:Complex.obj
 0001:0000e070       ?common_point@@YA_NABVComplex@@ABVConvex@@ABVTransform@@2AAVVector@@AAVPoint@@4@Z 1000f070 f   solid:Complex.obj
 0001:0000e0f0       ?enclose@BBox@@QAEXABV1@0@Z 1000f0f0 f i solid:Complex.obj
 0001:0000e1e0       ?bbox@Complex@@UBE?AVBBox@@ABVTransform@@@Z 1000f1e0 f   solid:Complex.obj
 0001:0000e2e0       ?finish@Complex@@QAEXHPAPBVPolytope@@@Z 1000f2e0 f   solid:Complex.obj
 0001:0000e400       ?intersect@@YA_NABVComplex@@0ABVTransform@@1AAVVector@@@Z 1000f400 f   solid:Complex.obj
 0001:0000e580       ?find_prim@@YA_NABVComplex@@0ABVTransform@@1AAVVector@@AAPBVShape@@3@Z 1000f580 f   solid:Complex.obj
 0001:0000e710       ?common_point@@YA_NABVComplex@@0ABVTransform@@1AAVVector@@AAVPoint@@3@Z 1000f710 f   solid:Complex.obj
 0001:0000e8a0       ?approxZero@@YA_NABVVector@@@Z 1000f8a0 f i solid:Convex.obj
 0001:0000e8e0       ?compute_det@@YAXXZ        1000f8e0 f   solid:Convex.obj
 0001:0000ed50       ?valid@@YA_NH@Z            1000fd50 f i solid:Convex.obj
 0001:0000edb0       ?degenerate@@YA_NABVVector@@@Z 1000fdb0 f i solid:Convex.obj
 0001:0000ee10       ?compute_vector@@YAXHAAVVector@@@Z 1000fe10 f i solid:Convex.obj
 0001:0000ef60       ?compute_points@@YAXHAAVPoint@@0@Z 1000ff60 f i solid:Convex.obj
 0001:0000f180       ?closest@@YA_NAAVVector@@@Z 10010180 f i solid:Convex.obj
 0001:0000f240       ?intersect@@YA_NABVConvex@@0ABVTransform@@1AAVVector@@@Z 10010240 f   solid:Convex.obj
 0001:0000f4e0       ?intersect@@YA_NABVConvex@@0ABVTransform@@AAVVector@@@Z 100104e0 f   solid:Convex.obj
 0001:0000f6f0       ?common_point@@YA_NABVConvex@@0ABVTransform@@1AAVVector@@AAVPoint@@3@Z 100106f0 f   solid:Convex.obj
 0001:0000fa40       ?common_point@@YA_NABVConvex@@0ABVTransform@@AAVVector@@AAVPoint@@3@Z 10010a40 f   solid:Convex.obj
 0001:0000fd00       ?closest_points@@YAXABVConvex@@0ABVTransform@@1AAVPoint@@2@Z 10010d00 f   solid:Convex.obj
 0001:000101d0       ?bbox@Convex@@UBE?AVBBox@@ABVTransform@@@Z 100111d0 f   solid:Convex.obj
 0001:000103d0       ??0Endpoint@@QAE@XZ        100113d0 f i solid:Object.obj
 0001:000103e0       ?move@Object@@QAEXXZ       100113e0 f   solid:Object.obj
 0001:000104b0       ?proceed@Object@@QAEXXZ    100114b0 f   solid:Object.obj
 0001:000104d0       ?intersectConvexConvex@@YA_NABVShape@@0ABVTransform@@1AAVVector@@@Z 100114d0 f   solid:Object.obj
 0001:000104e0       ?intersectComplexConvex@@YA_NABVShape@@0ABVTransform@@1AAVVector@@@Z 100114e0 f   solid:Object.obj
 0001:000104f0       ?intersectComplexComplex@@YA_NABVShape@@0ABVTransform@@1AAVVector@@@Z 100114f0 f   solid:Object.obj
 0001:00010500       ?common_pointConvexConvex@@YA_NABVShape@@0ABVTransform@@1AAVVector@@AAVPoint@@3@Z 10011500 f   solid:Object.obj
 0001:00010510       ?common_pointComplexConvex@@YA_NABVShape@@0ABVTransform@@1AAVVector@@AAVPoint@@3@Z 10011510 f   solid:Object.obj
 0001:00010520       ?common_pointComplexComplex@@YA_NABVShape@@0ABVTransform@@1AAVVector@@AAVPoint@@3@Z 10011520 f   solid:Object.obj
 0001:00010530       ?intersectInitialize@@YAPAV?$AlgoTable@P6A_NABVShape@@0ABVTransform@@1AAVVector@@@Z@@XZ 10011530 f   solid:Object.obj
 0001:00010560       ?intersect@@YA_NABVObject@@0AAVVector@@@Z 10011560 f   solid:Object.obj
 0001:000105d0       ?common_pointInitialize@@YAPAV?$AlgoTable@P6A_NABVShape@@0ABVTransform@@1AAVVector@@AAVPoint@@3@Z@@XZ 100115d0 f   solid:Object.obj
 0001:00010600       ?common_point@@YA_NABVObject@@0AAVVector@@AAVPoint@@2@Z 10011600 f   solid:Object.obj
 0001:00010680       ?prev_closest_points@@YA_NABVObject@@0AAVVector@@AAVPoint@@2@Z 10011680 f   solid:Object.obj
 0001:00010850       ??0Object@@QAE@PAXPBVShape@@@Z 10011850 f   solid:Object.obj
 0001:000109f0       ??RResponse@@QBEXPAX0ABVPoint@@1ABVVector@@@Z 100119f0 f   solid:Response.obj
 0001:00010a70       ??RResponse@@QBEXPAX0@Z    10011a70 f   solid:Response.obj
 0001:00010a90       ??$_Allocate@PAX@std@@YAPAPAXIPAPAX@Z 10011a90 f i solid:RespTable.obj
 0001:00010a90       ??$_Allocate@PAVComplex@@@std@@YAPAPAVComplex@@IPAPAV1@@Z 10011a90 f i solid:C-api.obj
 0001:00010a90       ??$_Allocate@I@std@@YAPAIIPAI@Z 10011a90 f i solid:C-api.obj
 0001:00010a90       ??$_Allocate@PBVPolytope@@@std@@YAPAPBVPolytope@@IPAPBV1@@Z 10011a90 f i solid:C-api.obj
 0001:00010af0       ??$_Unchecked_move_backward@PAIPAI@stdext@@YAPAIPAI00@Z 10011af0 f i solid:C-api.obj
 0001:00010af0       ??$_Unchecked_move_backward@PAPAXPAPAX@stdext@@YAPAPAXPAPAX00@Z 10011af0 f i solid:RespTable.obj
 0001:00010af0       ??$_Unchecked_move_backward@PAPAVComplex@@PAPAV1@@stdext@@YAPAPAVComplex@@PAPAV1@00@Z 10011af0 f i solid:C-api.obj
 0001:00010af0       ??$_Unchecked_move_backward@PAPBVPolytope@@PAPBV1@@stdext@@YAPAPBVPolytope@@PAPBV1@00@Z 10011af0 f i solid:C-api.obj
 0001:00010b20       ?find@?$_Tree@V?$_Tmap_traits@PAXVResponse@@U?$less@PAX@std@@V?$allocator@U?$pair@QAXVResponse@@@std@@@3@$0A@@std@@@std@@QBE?AVconst_iterator@12@ABQAX@Z 10011b20 f i solid:RespTable.obj
 0001:00010bb0       ?find@?$_Tree@V?$_Tmap_traits@U?$pair@PAXPAX@std@@VResponse@@U?$less@U?$pair@PAXPAX@std@@@2@V?$allocator@U?$pair@$$CBU?$pair@PAXPAX@std@@VResponse@@@std@@@2@$0A@@std@@@std@@QBE?AVconst_iterator@12@ABU?$pair@PAXPAX@2@@Z 10011bb0 f i solid:RespTable.obj
 0001:00010c30       ??$_Umove@PAPAX@?$vector@PAXV?$allocator@PAX@std@@@std@@IAEPAPAXPAPAX00@Z 10011c30 f i solid:RespTable.obj
 0001:00010c30       ??$_Umove@PAI@?$vector@IV?$allocator@I@std@@@std@@IAEPAIPAI00@Z 10011c30 f i solid:C-api.obj
 0001:00010c30       ??$_Umove@PAPBVPolytope@@@?$vector@PBVPolytope@@V?$allocator@PBVPolytope@@@std@@@std@@IAEPAPBVPolytope@@PAPBV2@00@Z 10011c30 f i solid:C-api.obj
 0001:00010c30       ??$_Umove@PAPAVComplex@@@?$vector@PAVComplex@@V?$allocator@PAVComplex@@@std@@@std@@IAEPAPAVComplex@@PAPAV2@00@Z 10011c30 f i solid:C-api.obj
 0001:00010c70       ?find@RespTable@@QBEABVResponse@@PAX0@Z 10011c70 f   solid:RespTable.obj
 0001:00010db0       ?_Xlen@?$vector@PAXV?$allocator@PAX@std@@@std@@KAXXZ 10011db0 f i solid:RespTable.obj
 0001:00010db0       ?_Xlen@?$vector@PBVPolytope@@V?$allocator@PBVPolytope@@@std@@@std@@KAXXZ 10011db0 f i solid:C-api.obj
 0001:00010db0       ?_Xlen@?$vector@PAVComplex@@V?$allocator@PAVComplex@@@std@@@std@@KAXXZ 10011db0 f i solid:C-api.obj
 0001:00010db0       ?_Xlen@?$vector@VPoint@@V?$allocator@VPoint@@@std@@@std@@KAXXZ 10011db0 f i solid:C-api.obj
 0001:00010db0       ?_Xlen@?$vector@IV?$allocator@I@std@@@std@@KAXXZ 10011db0 f i solid:C-api.obj
 0001:00010e20       ?_Insert_n@?$vector@PAVComplex@@V?$allocator@PAVComplex@@@std@@@std@@IAEXV?$_Vector_const_iterator@PAVComplex@@V?$allocator@PAVComplex@@@std@@@2@IABQAVComplex@@@Z 10011e20 f i solid:C-api.obj
 0001:00010e20       ?_Insert_n@?$vector@PBVPolytope@@V?$allocator@PBVPolytope@@@std@@@std@@IAEXV?$_Vector_const_iterator@PBVPolytope@@V?$allocator@PBVPolytope@@@std@@@2@IABQBVPolytope@@@Z 10011e20 f i solid:C-api.obj
 0001:00010e20       ?_Insert_n@?$vector@PAXV?$allocator@PAX@std@@@std@@IAEXV?$_Vector_const_iterator@PAXV?$allocator@PAX@std@@@2@IABQAX@Z 10011e20 f i solid:RespTable.obj
 0001:00010e20       ?_Insert_n@?$vector@IV?$allocator@I@std@@@std@@IAEXV?$_Vector_const_iterator@IV?$allocator@I@std@@@2@IABI@Z 10011e20 f i solid:C-api.obj
 0001:00010fd0       ?insert@?$vector@PAXV?$allocator@PAX@std@@@std@@QAE?AV?$_Vector_iterator@PAXV?$allocator@PAX@std@@@2@V?$_Vector_const_iterator@PAXV?$allocator@PAX@std@@@2@ABQAX@Z 10011fd0 f i solid:RespTable.obj
 0001:00010fd0       ?insert@?$vector@IV?$allocator@I@std@@@std@@QAE?AV?$_Vector_iterator@IV?$allocator@I@std@@@2@V?$_Vector_const_iterator@IV?$allocator@I@std@@@2@ABI@Z 10011fd0 f i solid:C-api.obj
 0001:00010fd0       ?insert@?$vector@PBVPolytope@@V?$allocator@PBVPolytope@@@std@@@std@@QAE?AV?$_Vector_iterator@PBVPolytope@@V?$allocator@PBVPolytope@@@std@@@2@V?$_Vector_const_iterator@PBVPolytope@@V?$allocator@PBVPolytope@@@std@@@2@ABQBVPolytope@@@Z 10011fd0 f i solid:C-api.obj
 0001:00010fd0       ?insert@?$vector@PAVComplex@@V?$allocator@PAVComplex@@@std@@@std@@QAE?AV?$_Vector_iterator@PAVComplex@@V?$allocator@PAVComplex@@@std@@@2@V?$_Vector_const_iterator@PAVComplex@@V?$allocator@PAVComplex@@@std@@@2@ABQAVComplex@@@Z 10011fd0 f i solid:C-api.obj
 0001:00011080       ?push_back@?$vector@PAXV?$allocator@PAX@std@@@std@@QAEXABQAX@Z 10012080 f i solid:RespTable.obj
 0001:00011080       ?push_back@?$vector@IV?$allocator@I@std@@@std@@QAEXABI@Z 10012080 f i solid:C-api.obj
 0001:00011080       ?push_back@?$vector@PAVComplex@@V?$allocator@PAVComplex@@@std@@@std@@QAEXABQAVComplex@@@Z 10012080 f i solid:C-api.obj
 0001:00011080       ?push_back@?$vector@PBVPolytope@@V?$allocator@PBVPolytope@@@std@@@std@@QAEXABQBVPolytope@@@Z 10012080 f i solid:C-api.obj
 0001:000110f0       ?cleanObject@RespTable@@QAEXPAX@Z 100120f0 f   solid:RespTable.obj
 0001:000113c0       ?support@Box@@UBE?AVPoint@@ABVVector@@@Z 100123c0 f   solid:Box.obj
 0001:00011410       ?support@Polygon@@UBE?AVPoint@@ABVVector@@@Z 10012410 f   solid:Polygon.obj
 0001:00011580       ??1Polyhedron@@UAE@XZ      10012580 f   solid:Polyhedron.obj
 0001:000115a0       ?support@Simplex@@UBE?AVPoint@@ABVVector@@@Z 100125a0 f   solid:Simplex.obj
 0001:000115a0       ?support@Polyhedron@@UBE?AVPoint@@ABVVector@@@Z 100125a0 f   solid:Polyhedron.obj
 0001:00011750       ??0Polyhedron@@QAE@ABVVertexBase@@HQBI@Z 10012750 f   solid:Polyhedron.obj
 0001:00011780       ??_EPolyhedron@@UAEPAXI@Z  10012780 f i solid:Polyhedron.obj
 0001:00011780       ??_GPolyhedron@@UAEPAXI@Z  10012780 f i solid:Polyhedron.obj
 0001:000117a0       ?size@BBox@@QBENXZ         100127a0 f i solid:BBoxTree.obj
 0001:000117d0       ?intersect@@YA_NABVBBox@@0@Z 100127d0 f i solid:BBoxTree.obj
 0001:00011830       ?sep_axes_test@@YA_NABVVector@@0ABVMatrix@@010@Z 10012830 f i solid:BBoxTree.obj
 0001:00011940       ?intersect@@YA_NPBVBBoxNode@@ABVConvex@@ABVBBox@@ABVTransform@@AAVVector@@@Z 10012940 f   solid:BBoxTree.obj
 0001:000119d0       ?find_prim@@YA_NPBVBBoxNode@@ABVConvex@@ABVBBox@@ABVTransform@@AAVVector@@AAPBVShape@@@Z 100129d0 f   solid:BBoxTree.obj
 0001:00011a80       ?common_point@@YA_NPBVBBoxNode@@ABVConvex@@ABVBBox@@ABVTransform@@AAVVector@@AAVPoint@@5@Z 10012a80 f   solid:BBoxTree.obj
 0001:00011b30       ?include@BBox@@QAEXABVPoint@@@Z 10012b30 f i solid:BBoxTree.obj
 0001:00011c00       ?fitBBox@BBoxLeaf@@QAEXXZ  10012c00 f   solid:BBoxTree.obj
 0001:00011c50       ??0BBoxInternal@@QAE@HPAVBBoxLeaf@@@Z 10012c50 f   solid:BBoxTree.obj
 0001:00011e60       ?intersect@@YA_NABVBBox@@0ABVTransform@@ABVMatrix@@12@Z 10012e60 f i solid:BBoxTree.obj
 0001:00011f60       ?intersect@@YA_NPBVBBoxNode@@0ABVTransform@@ABVMatrix@@12AAVVector@@@Z 10012f60 f   solid:BBoxTree.obj
 0001:00012080       ?find_prim@@YA_NPBVBBoxNode@@0ABVTransform@@ABVMatrix@@12AAVVector@@AAPBVShape@@4@Z 10013080 f   solid:BBoxTree.obj
 0001:000121f0       ?common_point@@YA_NPBVBBoxNode@@0ABVTransform@@ABVMatrix@@12AAVVector@@AAVPoint@@4@Z 100131f0 f   solid:BBoxTree.obj
 0001:00012350       ?update@@YAXABVEndpoint@@0@Z 10013350 f i solid:Endpoint.obj
 0001:000123b0       ??0Endpoint@@QAE@HHPBVObject@@@Z 100133b0 f   solid:Endpoint.obj
 0001:000123f0       ?move@Endpoint@@QAEXN@Z    100133f0 f   solid:Endpoint.obj
 0001:00012580       ??0EndpointList@@QAE@XZ    10013580 f i solid:Endpoint.obj
 0001:000125b0       ??1EndpointList@@QAE@XZ    100135b0 f i solid:Endpoint.obj
 0001:000125de       ?GfParmGetNum@@YAMPAXPBD11M@Z 100135de f   tgf:tgf.dll
 0001:000125e4       ?GfParmGetStr@@YAPBDPAXPBD11@Z 100135e4 f   tgf:tgf.dll
 0001:000125ea       ?_tgf_win_free@@YAXPAX@Z   100135ea f   tgf:tgf.dll
 0001:000125f0       ?_tgf_win_malloc@@YAPAXI@Z 100135f0 f   tgf:tgf.dll
 0001:000125f6       ?GfParmGetEltNb@@YAHPAXPBD@Z 100135f6 f   tgf:tgf.dll
 0001:000125fc       ?_tgf_win_calloc@@YAPAXII@Z 100135fc f   tgf:tgf.dll
 0001:00012602       ?_tgf_win_strdup@@YAPADPBD@Z 10013602 f   tgf:tgf.dll
 0001:00012608       ?RtTrackGlobal2Local@@YAXPAUtrackSeg@@MMPAUtTrkLocPos@@H@Z 10013608 f   robottools:robottools.dll
 0001:0001260e       ?RtTrackSurfaceNormalL@@YAXPAUtTrkLocPos@@PAUt3Dd@@@Z 1001360e f   robottools:robottools.dll
 0001:00012614       ?RtTrackSideTgAngleL@@YAMPAUtTrkLocPos@@@Z 10013614 f   robottools:robottools.dll
 0001:0001261a       ?RtTrackHeightL@@YAMPAUtTrkLocPos@@@Z 1001361a f   robottools:robottools.dll
 0001:00012620       ?RtTrackLocal2Global@@YAXPAUtTrkLocPos@@PAM1H@Z 10013620 f   robottools:robottools.dll
 0001:00012630       ?sgMakeCoordMat4@@YAXQAY03MMMMMMM@Z 10013630 f   sg_vs2008_32:sg.obj
 0001:00012820       ?sgXformPnt4@@YAXQAMQBMQAY03$$CBM@Z 10013820 f   sg_vs2008_32:sg.obj
 0001:000128e0       ?sgFullXformPnt3@@YAXQAMQBMQAY03$$CBM@Z 100138e0 f   sg_vs2008_32:sg.obj
 0001:00012941       ?_Xlen@_String_base@std@@SAXXZ 10013941 f   libcpmt:string.obj
 0001:00012979       ?_Xran@_String_base@std@@SAXXZ 10013979 f   libcpmt:string.obj
 0001:000129b1       ??_U@YAPAXI@Z              100139b1 f   libcpmt:newaop.obj
 0001:000129bc       __initp_misc_winxfltr      100139bc f   LIBCMT:winxfltr.obj
 0001:000129bc       __fpclear                  100139bc f   LIBCMT:_fpinit_.obj
 0001:000129bd       __cfltcvt_init             100139bd f   LIBCMT:_fpinit_.obj
 0001:00012a1d       __fpmath                   10013a1d f   LIBCMT:_fpinit_.obj
 0001:00012a40       _atan2                     10013a40 f   LIBCMT:_87ctriga_.obj
 0001:00012a4a       __CIatan2                  10013a4a f   LIBCMT:_87ctriga_.obj
 0001:00012a60       _exp                       10013a60 f   LIBCMT:_87ctran_.obj
 0001:00012a9c       __CIexp                    10013a9c f   LIBCMT:_87ctran_.obj
 0001:00012ad7       __exp_default              10013ad7 f   LIBCMT:_87ctran_.obj
 0001:00012ae1       __CIexp_default            10013ae1 f   LIBCMT:_87ctran_.obj
 0001:00012af0       _sin                       10013af0 f   LIBCMT:_sin_.obj
 0001:00012b30       __CIsin                    10013b30 f   LIBCMT:_sin_.obj
 0001:00012b6b       __CIsin_default            10013b6b f   LIBCMT:_sin_.obj
 0001:00012b7f       __sin_default              10013b7f     LIBCMT:_sin_.obj
 0001:00012c20       __CIsqrt                   10013c20 f   LIBCMT:_sqrt_.obj
 0001:00012c34       _sqrt                      10013c34     LIBCMT:_sqrt_.obj
 0001:00012ce0       _cos                       10013ce0 f   LIBCMT:_cos_.obj
 0001:00012d20       __CIcos                    10013d20 f   LIBCMT:_cos_.obj
 0001:00012d5b       __CIcos_default            10013d5b f   LIBCMT:_cos_.obj
 0001:00012d6f       __cos_default              10013d6f     LIBCMT:_cos_.obj
 0001:00012e09       _printf                    10013e09 f   LIBCMT:printf.obj
 0001:00012eb8       __get_printf_count_output  10013eb8 f   LIBCMT:printf.obj
 0001:00012ed0       __ftol2_sse                10013ed0 f   LIBCMT:ftol2.obj
 0001:00012ed9       __ftol2_pentium4           10013ed9 f   LIBCMT:ftol2.obj
 0001:00012eec       __ftol2_sse_excpt          10013eec f   LIBCMT:ftol2.obj
 0001:00012f06       __ftol2                    10013f06 f   LIBCMT:ftol2.obj
 0001:00012f7b       _rand                      10013f7b f   LIBCMT:rand.obj
 0001:00012f9d       __snprintf                 10013f9d f   LIBCMT:snprintf.obj
 0001:0001304c       __isnan                    1001404c f   LIBCMT:_ieeemisc_.obj
 0001:00013080       __fpclass                  10014080 f   LIBCMT:_ieeemisc_.obj
 0001:00013120       _memset                    10014120 f   LIBCMT:memset.obj
 0001:000131a0       _tan                       100141a0 f   LIBCMT:_tan_.obj
 0001:000131e0       __CItan                    100141e0 f   LIBCMT:_tan_.obj
 0001:0001321b       __CItan_default            1001421b f   LIBCMT:_tan_.obj
 0001:0001322f       __tan_default              1001422f     LIBCMT:_tan_.obj
 0001:000132d0       _asin                      100142d0 f   LIBCMT:_asin_.obj
 0001:00013310       __CIasin                   10014310 f   LIBCMT:_asin_.obj
 0001:0001334b       __CIasin_default           1001434b f   LIBCMT:_asin_.obj
 0001:0001335f       __asin_default             1001435f     LIBCMT:_asin_.obj
 0001:00013420       _atan                      10014420 f   LIBCMT:_atan_.obj
 0001:00013460       __CIatan                   10014460 f   LIBCMT:_atan_.obj
 0001:0001349b       __CIatan_default           1001449b f   LIBCMT:_atan_.obj
 0001:000134af       __atan_default             100144af     LIBCMT:_atan_.obj
 0001:00013540       _log                       10014540 f   LIBCMT:_log_.obj
 0001:00013580       __CIlog                    10014580 f   LIBCMT:_log_.obj
 0001:000135bb       __CIlog_default            100145bb f   LIBCMT:_log_.obj
 0001:000135cf       __log_default              100145cf     LIBCMT:_log_.obj
 0001:00013690       __CRT_INIT@12              10014690 f   LIBCMT:dllcrt0.obj
 0001:000138bb       __DllMainCRTStartup@12     100148bb f   LIBCMT:dllcrt0.obj
 0001:000138de       _memcpy_s                  100148de f   LIBCMT:memcpy_s.obj
 0001:0001395b       _memmove_s                 1001495b f   LIBCMT:memmove_s.obj
 0001:000139b8       ??0exception@std@@QAE@XZ   100149b8 f   LIBCMT:stdexcpt.obj
 0001:000139c9       ??0exception@std@@QAE@ABQBD@Z 100149c9 f   LIBCMT:stdexcpt.obj
 0001:00013a1c       ??0exception@std@@QAE@ABQBDH@Z 10014a1c f   LIBCMT:stdexcpt.obj
 0001:00013a39       ??0exception@std@@QAE@ABV01@@Z 10014a39 f   LIBCMT:stdexcpt.obj
 0001:00013a96       ??1exception@std@@UAE@XZ   10014a96 f   LIBCMT:stdexcpt.obj
 0001:00013aac       ?what@exception@std@@UBEPBDXZ 10014aac f   LIBCMT:stdexcpt.obj
 0001:00013ab9       ??_Eexception@std@@UAEPAXI@Z 10014ab9 f i LIBCMT:stdexcpt.obj
 0001:00013ab9       ??_Gexception@std@@UAEPAXI@Z 10014ab9 f i LIBCMT:stdexcpt.obj
 0001:00013ada       ??1type_info@@UAE@XZ       10014ada f   LIBCMT:typinfo.obj
 0001:00013aea       ??_Etype_info@@UAEPAXI@Z   10014aea f i LIBCMT:typinfo.obj
 0001:00013aea       ??_Gtype_info@@UAEPAXI@Z   10014aea f i LIBCMT:typinfo.obj
 0001:00013b0b       ??8type_info@@QBE_NABV0@@Z 10014b0b f   LIBCMT:typinfo.obj
 0001:00013b2b       ??3@YAXPAX@Z               10014b2b f   LIBCMT:delete.obj
 0001:00013b36       __purecall                 10014b36 f   LIBCMT:purevirt.obj
 0001:00013b60       ??_V@YAXPAX@Z              10014b60 f   LIBCMT:delete2.obj
 0001:00013b6b       ??0bad_alloc@std@@QAE@XZ   10014b6b f i LIBCMT:new.obj
 0001:00013b86       ??2@YAPAXI@Z               10014b86 f   LIBCMT:new.obj
 0001:00013beb       __initp_misc_invarg        10014beb f   LIBCMT:invarg.obj
 0001:00013bfa       __invoke_watson            10014bfa f   LIBCMT:invarg.obj
 0001:00013d22       __invalid_parameter        10014d22 f   LIBCMT:invarg.obj
 0001:00013d48       __invalid_parameter_noinfo 10014d48 f   LIBCMT:invarg.obj
 0001:00013d58       __CxxThrowException@8      10014d58 f   LIBCMT:throw.obj
 0001:00013da4       ?__ArrayUnwind@@YGXPAXIHP6EX0@Z@Z 10014da4 f   LIBCMT:ehvecdtr.obj
 0001:00013e02       ??_M@YGXPAXIHP6EX0@Z@Z     10014e02 f   LIBCMT:ehvecdtr.obj
 0001:00013e65       ?_JumpToContinuation@@YGXPAXPAUEHRegistrationNode@@@Z 10014e65 f   LIBCMT:_trnsctrl_.obj
 0001:00013e97       ?_CallMemberFunction0@@YGXPAX0@Z 10014e97 f   LIBCMT:_trnsctrl_.obj
 0001:00013e97       ?_CallMemberFunction2@@YGXPAX00H@Z 10014e97 f   LIBCMT:_trnsctrl_.obj
 0001:00013e97       ?_CallMemberFunction1@@YGXPAX00@Z 10014e97 f   LIBCMT:_trnsctrl_.obj
 0001:00013e9e       ?_UnwindNestedFrames@@YGXPAUEHRegistrationNode@@PAUEHExceptionRecord@@@Z 10014e9e f   LIBCMT:_trnsctrl_.obj
 0001:00013ef2       ___CxxFrameHandler3        10014ef2 f   LIBCMT:_trnsctrl_.obj
 0001:00013f5b       ?_CallSETranslator@@YAHPAUEHExceptionRecord@@PAUEHRegistrationNode@@PAX2PBU_s_FuncInfo@@H1@Z 10014f5b f   LIBCMT:_trnsctrl_.obj
 0001:000140d1       ?_GetRangeOfTrysToCheck@@YAPBU_s_TryBlockMapEntry@@PBU_s_FuncInfo@@HHPAI1@Z 100150d1 f   LIBCMT:_trnsctrl_.obj
 0001:00014146       __CreateFrameInfo          10015146 f   LIBCMT:_trnsctrl_.obj
 0001:00014172       __IsExceptionObjectToBeDestroyed 10015172 f   LIBCMT:_trnsctrl_.obj
 0001:00014199       __FindAndUnlinkFrame       10015199 f   LIBCMT:_trnsctrl_.obj
 0001:000141eb       ?_CallCatchBlock2@@YAPAXPAUEHRegistrationNode@@PBU_s_FuncInfo@@PAXHK@Z 100151eb f   LIBCMT:_trnsctrl_.obj
 0001:00014305       ___onexitinit              10015305 f   LIBCMT:onexit.obj
 0001:00014336       __onexit                   10015336 f   LIBCMT:onexit.obj
 0001:00014372       _atexit                    10015372 f   LIBCMT:onexit.obj
 0001:00014389       ??_L@YGXPAXIHP6EX0@Z1@Z    10015389 f   LIBCMT:ehvecctr.obj
 0001:000143f0       _acos                      100153f0 f   LIBCMT:_acos_.obj
 0001:00014430       __CIacos                   10015430 f   LIBCMT:_acos_.obj
 0001:0001446b       __CIacos_default           1001546b f   LIBCMT:_acos_.obj
 0001:0001447f       __acos_default             1001547f     LIBCMT:_acos_.obj
 0001:00014536       __crt_waiting_on_module_handle 10015536 f   LIBCMT:crt0dat.obj
 0001:00014566       __amsg_exit                10015566 f   LIBCMT:crt0dat.obj
 0001:0001458f       ___crtCorExitProcess       1001558f f   LIBCMT:crt0dat.obj
 0001:000145ba       ___crtExitProcess          100155ba f   LIBCMT:crt0dat.obj
 0001:000145d2       __lockexit                 100155d2 f   LIBCMT:crt0dat.obj
 0001:000145db       __unlockexit               100155db f   LIBCMT:crt0dat.obj
 0001:00014601       __initterm_e               10015601 f   LIBCMT:crt0dat.obj
 0001:00014625       __cinit                    10015625 f   LIBCMT:crt0dat.obj
 0001:000147d6       __exit                     100157d6 f   LIBCMT:crt0dat.obj
 0001:000147ec       __cexit                    100157ec f   LIBCMT:crt0dat.obj
 0001:000147fb       __init_pointers            100157fb f   LIBCMT:crt0dat.obj
 0001:00014849       ___iob_func                10015849 f   LIBCMT:_file.obj
 0001:0001484f       ___initstdio               1001584f f   LIBCMT:_file.obj
 0001:00014900       ___endstdio                10015900 f   LIBCMT:_file.obj
 0001:00014920       __lock_file                10015920 f   LIBCMT:_file.obj
 0001:00014961       __lock_file2               10015961 f   LIBCMT:_file.obj
 0001:00014993       __unlock_file              10015993 f   LIBCMT:_file.obj
 0001:000149cf       __unlock_file2             100159cf f   LIBCMT:_file.obj
 0001:00014a00       _strlen                    10015a00 f   LIBCMT:strlen.obj
 0001:00014a8b       @__security_check_cookie@4 10015a8b f   LIBCMT:secchk.obj
 0001:00014a9a       __EH_prolog3               10015a9a f   LIBCMT:ehprolg3.obj
 0001:00014acd       __EH_prolog3_catch         10015acd f   LIBCMT:ehprolg3.obj
 0001:00014b03       ??0_LocaleUpdate@@QAE@PAUlocaleinfo_struct@@@Z 10015b03 f i LIBCMT:cvt.obj
 0001:00014b8a       __forcdecpt_l              10015b8a f   LIBCMT:cvt.obj
 0001:00014bfd       __cropzeros_l              10015bfd f   LIBCMT:cvt.obj
 0001:00014c7f       __positive                 10015c7f f   LIBCMT:cvt.obj
 0001:00014c9b       __fassign_l                10015c9b f   LIBCMT:cvt.obj
 0001:00014cdd       __fassign                  10015cdd f   LIBCMT:cvt.obj
 0001:00014d16       __forcdecpt                10015d16 f   LIBCMT:cvt.obj
 0001:00014d29       __cropzeros                10015d29 f   LIBCMT:cvt.obj
 0001:00014eab       __cftoe_l                  10015eab f   LIBCMT:cvt.obj
 0001:00014f7b       __cftoe                    10015f7b f   LIBCMT:cvt.obj
 0001:00014f9b       __cftoa_l                  10015f9b f   LIBCMT:cvt.obj
 0001:00015405       __cftof_l                  10016405 f   LIBCMT:cvt.obj
 0001:000154c0       __cftog_l                  100164c0 f   LIBCMT:cvt.obj
 0001:000155ba       __cfltcvt_l                100165ba f   LIBCMT:cvt.obj
 0001:00015642       __cfltcvt                  10016642 f   LIBCMT:cvt.obj
 0001:00015665       __initp_misc_cfltcvt_tab   10016665 f   LIBCMT:cmiscdat.obj
 0001:00015686       __setdefaultprecision      10016686 f   LIBCMT:fp8.obj
 0001:000156b1       __ms_p5_test_fdiv          100166b1 f   LIBCMT:_testfdiv_.obj
 0001:000156ef       __ms_p5_mp_test_fdiv       100166ef f   LIBCMT:_testfdiv_.obj
 0001:0001573c       __fFATN2                   1001673c     LIBCMT:_87triga_.obj
 0001:0001578c       __rtpiby2                  1001678c     LIBCMT:_87triga_.obj
 0001:000157d0       __cintrindisp2             100167d0 f   LIBCMT:_87cdisp_.obj
 0001:0001580e       __cintrindisp1             1001680e f   LIBCMT:_87cdisp_.obj
 0001:0001584b       __ctrandisp2               1001684b f   LIBCMT:_87cdisp_.obj
 0001:000159e1       __ctrandisp1               100169e1 f   LIBCMT:_87cdisp_.obj
 0001:00015a14       __fload                    10016a14 f   LIBCMT:_87cdisp_.obj
 0001:00015a50       __sse2_mathfcns_init       10016a50 f   LIBCMT:_mathfcns_.obj
 0001:00015a70       __CIexp_pentium4           10016a70 f   LIBCMT:_exp_pentium4_.obj
 0001:00015a88       __exp_pentium4             10016a88     LIBCMT:_exp_pentium4_.obj
 0001:00015d41       __fFEXP                    10016d41     LIBCMT:_87tran_.obj
 0001:00015da8       __rtinfpopse               10016da8     LIBCMT:_87tran_.obj
 0001:00015daa       __rtinfnpopse              10016daa     LIBCMT:_87tran_.obj
 0001:00015dba       __fFLN                     10016dba     LIBCMT:_87tran_.obj
 0001:00015e6f       __rtinfpop                 10016e6f     LIBCMT:_87tran_.obj
 0001:00015e71       __rtinfnpop                10016e71     LIBCMT:_87tran_.obj
 0001:00015e8e       __ffexpm1                  10016e8e     LIBCMT:_87tran_.obj
 0001:00015f40       __CIsin_pentium4           10016f40 f   LIBCMT:_sin_pentium4_.obj
 0001:00015f58       __sin_pentium4             10016f58     LIBCMT:_sin_pentium4_.obj
 0001:00016110       __trandisp1                10017110 f   LIBCMT:_87disp_.obj
 0001:00016177       __trandisp2                10017177 f   LIBCMT:_87disp_.obj
 0001:00016203       __rttospopde               10017203     LIBCMT:_87disp_.obj
 0001:00016208       __rttospop                 10017208     LIBCMT:_87disp_.obj
 0001:0001620a       __rtnospop                 1001720a     LIBCMT:_87disp_.obj
 0001:0001620c       __rttosnpop                1001720c     LIBCMT:_87disp_.obj
 0001:0001620d       __rtnospopde               1001720d     LIBCMT:_87disp_.obj
 0001:00016214       __rtzeropop                10017214     LIBCMT:_87disp_.obj
 0001:00016216       __rtzeronpop               10017216     LIBCMT:_87disp_.obj
 0001:0001621b       __rtonepop                 1001721b     LIBCMT:_87disp_.obj
 0001:0001621d       __rtonenpop                1001721d     LIBCMT:_87disp_.obj
 0001:00016222       __tosnan1                  10017222     LIBCMT:_87disp_.obj
 0001:0001624d       __nosnan2                  1001724d     LIBCMT:_87disp_.obj
 0001:0001624f       __tosnan2                  1001724f     LIBCMT:_87disp_.obj
 0001:00016277       __nan2                     10017277     LIBCMT:_87disp_.obj
 0001:000162b6       __rtindfpop                100172b6     LIBCMT:_87disp_.obj
 0001:000162b8       __rtindfnpop               100172b8     LIBCMT:_87disp_.obj
 0001:000162c9       __rttosnpopde              100172c9     LIBCMT:_87disp_.obj
 0001:000162d3       __rtchsifneg               100172d3     LIBCMT:_87disp_.obj
 0001:000162e0       __twoToTOS                 100172e0 f   LIBCMT:_common_.obj
 0001:000162f5       __load_CW                  100172f5 f   LIBCMT:_common_.obj
 0001:0001630c       __convertTOStoQNaN         1001730c f   LIBCMT:_common_.obj
 0001:00016325       __fload_withFB             10017325 f   LIBCMT:_common_.obj
 0001:00016368       __checkTOS_withFB          10017368 f   LIBCMT:_common_.obj
 0001:0001637e       __fast_exit                1001737e f   LIBCMT:_common_.obj
 0001:0001638b       __math_exit                1001738b f   LIBCMT:_common_.obj
 0001:000163b5       __check_overflow_exit      100173b5 f   LIBCMT:_common_.obj
 0001:000163c9       __check_range_exit         100173c9 f   LIBCMT:_common_.obj
 0001:00016470       __startTwoArgErrorHandling 10017470 f   LIBCMT:_genexcep_.obj
 0001:00016487       __startOneArgErrorHandling 10017487 f   LIBCMT:_genexcep_.obj
 0001:000164d0       __CIcos_pentium4           100174d0 f   LIBCMT:_cos_pentium4_.obj
 0001:000164e8       __cos_pentium4             100174e8     LIBCMT:_cos_pentium4_.obj
 0001:0001667c       __stbuf                    1001767c f   LIBCMT:_sftbuf.obj
 0001:00016718       __ftbuf                    10017718 f   LIBCMT:_sftbuf.obj
 0001:000167f2       __output_l                 100177f2 f   LIBCMT:output.obj
 0001:0001738a       __get_errno_from_oserr     1001838a f   LIBCMT:dosmap.obj
 0001:000173cc       __errno                    100183cc f   LIBCMT:dosmap.obj
 0001:000173df       ___doserrno                100183df f   LIBCMT:dosmap.obj
 0001:000173f2       __dosmaperr                100183f2 f   LIBCMT:dosmap.obj
 0001:00017418       __SEH_prolog4              10018418 f   LIBCMT:sehprolg4.obj
 0001:0001745d       __SEH_epilog4              1001845d f   LIBCMT:sehprolg4.obj
 0001:00017480       __except_handler4          10018480 f   LIBCMT:chandler4.obj
 0001:0001760c       __encode_pointer           1001860c f   LIBCMT:tidtable.obj
 0001:0001767e       __encoded_null             1001867e f   LIBCMT:tidtable.obj
 0001:00017687       __decode_pointer           10018687 f   LIBCMT:tidtable.obj
 0001:000176f9       ___crtTlsAlloc@4           100186f9 f   LIBCMT:tidtable.obj
 0001:00017702       ___set_flsgetvalue         10018702 f   LIBCMT:tidtable.obj
 0001:00017736       __mtterm                   10018736 f   LIBCMT:tidtable.obj
 0001:00017773       __initptd                  10018773 f   LIBCMT:tidtable.obj
 0001:0001785a       __getptd_noexit            1001885a f   LIBCMT:tidtable.obj
 0001:000178d3       __getptd                   100188d3 f   LIBCMT:tidtable.obj
 0001:000178ed       __freefls@4                100188ed f   LIBCMT:tidtable.obj
 0001:00017a1c       __freeptd                  10018a1c f   LIBCMT:tidtable.obj
 0001:00017a8a       __mtinit                   10018a8a f   LIBCMT:tidtable.obj
 0001:00017c17       __flsbuf                   10018c17 f   LIBCMT:_flsbuf.obj
 0001:00017d7b       __set_exp                  10018d7b f   LIBCMT:_util_.obj
 0001:00017da7       __sptype                   10018da7 f   LIBCMT:_util_.obj
 0001:00017e07       __decomp                   10018e07 f   LIBCMT:_util_.obj
 0001:00017ec0       __raise_exc_ex             10018ec0 f   LIBCMT:_fpexcept_.obj
 0001:0001819c       __raise_exc                1001919c f   LIBCMT:_fpexcept_.obj
 0001:000181bf       __handle_exc               100191bf f   LIBCMT:_fpexcept_.obj
 0001:000183a1       __set_errno_from_matherr   100193a1 f   LIBCMT:_fpexcept_.obj
 0001:000183ce       __statfp                   100193ce f   LIBCMT:_fpctrl_.obj
 0001:000183de       __clrfp                    100193de f   LIBCMT:_fpctrl_.obj
 0001:000183ef       __ctrlfp                   100193ef f   LIBCMT:_fpctrl_.obj
 0001:00018418       __set_statfp               10019418 f   LIBCMT:_fpctrl_.obj
 0001:00018470       ___set_fpsr_sse2           10019470 f   LIBCMT:_fpctrl_.obj
 0001:00018539       __VEC_memzero              10019539 f   LIBCMT:p4_memset.obj
 0001:000185d0       __CItan_pentium4           100195d0 f   LIBCMT:_tan_pentium4_.obj
 0001:000185e8       __tan_pentium4             100195e8     LIBCMT:_tan_pentium4_.obj
 0001:00018830       __CIasin_pentium4          10019830 f   LIBCMT:_asin_pentium4_.obj
 0001:00018848       __asin_pentium4            10019848     LIBCMT:_asin_pentium4_.obj
 0001:00018db0       __CIatan_pentium4          10019db0 f   LIBCMT:_atan_pentium4_.obj
 0001:00018dc8       __atan_pentium4            10019dc8     LIBCMT:_atan_pentium4_.obj
 0001:000190a0       __CIlog_pentium4           1001a0a0 f   LIBCMT:_log_pentium4_.obj
 0001:000190b8       __log_pentium4             1001a0b8     LIBCMT:_log_pentium4_.obj
 0001:00019310       _free                      1001a310 f   LIBCMT:free.obj
 0001:0001939e       __malloc_crt               1001a39e f   LIBCMT:crtheap.obj
 0001:000193e3       __calloc_crt               1001a3e3 f   LIBCMT:crtheap.obj
 0001:0001942f       __realloc_crt              1001a42f f   LIBCMT:crtheap.obj
 0001:0001947d       __ioinit                   1001a47d f   LIBCMT:ioinit.obj
 0001:000196d1       __ioterm                   1001a6d1 f   LIBCMT:ioinit.obj
 0001:0001971f       __setenvp                  1001a71f f   LIBCMT:stdenvp.obj
 0001:00019997       __setargv                  1001a997 f   LIBCMT:stdargv.obj
 0001:00019a52       ___crtGetEnvironmentStringsA 1001aa52 f   LIBCMT:a_env.obj
 0001:00019b89       __RTC_Initialize           1001ab89 f   LIBCMT:_initsect_.obj
 0001:00019baf       __RTC_Terminate            1001abaf f   LIBCMT:_initsect_.obj
 0001:00019bd5       __heap_init                1001abd5 f   LIBCMT:heapinit.obj
 0001:00019c05       __heap_term                1001ac05 f   LIBCMT:heapinit.obj
 0001:00019c79       __XcptFilter               1001ac79 f   LIBCMT:winxfltr.obj
 0001:00019dd9       ___CppXcptFilter           1001add9 f   LIBCMT:winxfltr.obj
 0001:00019df9       _DllMain@12                1001adf9 f   LIBCMT:dllmain.obj
 0001:00019dff       ___security_init_cookie    1001adff f   LIBCMT:gs_support.obj
 0001:00019ea0       _memcpy                    1001aea0 f   LIBCMT:memcpy.obj
 0001:0001a210       _memmove                   1001b210 f   LIBCMT:memmove.obj
 0001:0001a575       _strcpy_s                  1001b575 f   LIBCMT:strcpy_s.obj
 0001:0001a5dd       _V6_HeapAlloc              1001b5dd f   LIBCMT:malloc.obj
 0001:0001a62c       _malloc                    1001b62c f   LIBCMT:malloc.obj
 0001:0001a6f6       ?_Type_info_dtor@type_info@@CAXPAV1@@Z 1001b6f6 f   LIBCMT:typname.obj
 0001:0001a770       _strcmp                    1001b770 f   LIBCMT:strcmp.obj
 0001:0001a7f8       _abort                     1001b7f8 f   LIBCMT:abort.obj
 0001:0001a90f       __set_abort_behavior       1001b90f f   LIBCMT:abort.obj
 0001:0001a930       __NMSG_WRITE               1001b930 f   LIBCMT:crt0msg.obj
 0001:0001aadb       __FF_MSGBANNER             1001badb f   LIBCMT:crt0msg.obj
 0001:0001ab14       __initp_misc_purevirt      1001bb14 f   LIBCMT:inithelp.obj
 0001:0001ab23       __initp_heap_handler       1001bb23 f   LIBCMT:handler.obj
 0001:0001ab32       __callnewh                 1001bb32 f   LIBCMT:handler.obj
 0001:0001ab5a       __crt_debugger_hook        1001bb5a f   LIBCMT:dbghook.obj
 0001:0001ab62       ?terminate@@YAXXZ          1001bb62 f   LIBCMT:hooks.obj
 0001:0001ab9b       ?unexpected@@YAXXZ         1001bb9b f   LIBCMT:hooks.obj
 0001:0001abae       ?_inconsistency@@YAXXZ     1001bbae f   LIBCMT:hooks.obj
 0001:0001abe6       __initp_eh_hooks           1001bbe6 f   LIBCMT:hooks.obj
 0001:0001abf7       ??0bad_exception@std@@QAE@PBD@Z 1001bbf7 f i LIBCMT:frame.obj
 0001:0001ac15       ??1bad_exception@std@@UAE@XZ 1001bc15 f i LIBCMT:frame.obj
 0001:0001ac20       ??_Gbad_exception@std@@UAEPAXI@Z 1001bc20 f i LIBCMT:frame.obj
 0001:0001ac20       ??_Ebad_exception@std@@UAEPAXI@Z 1001bc20 f i LIBCMT:frame.obj
 0001:0001ac47       ___TypeMatch               1001bc47 f   LIBCMT:frame.obj
 0001:0001aca6       ___FrameUnwindFilter       1001bca6 f   LIBCMT:frame.obj
 0001:0001acef       ___FrameUnwindToState      1001bcef f   LIBCMT:frame.obj
 0001:0001ae15       ___DestructExceptionObject 1001be15 f   LIBCMT:frame.obj
 0001:0001ae6a       ___AdjustPointer           1001be6a f   LIBCMT:frame.obj
 0001:0001b0f3       ___BuildCatchObjectHelper  1001c0f3 f   LIBCMT:frame.obj
 0001:0001b272       ___BuildCatchObject        1001c272 f   LIBCMT:frame.obj
 0001:0001b7ad       ??0bad_exception@std@@QAE@ABV01@@Z 1001c7ad f i LIBCMT:frame.obj
 0001:0001b7ca       ___InternalCxxFrameHandler 1001c7ca f   LIBCMT:frame.obj
 0001:0001b8b0       __CallSettingFrame@12      1001c8b0 f   LIBCMT:lowhelpr.obj
 0001:0001b8d7       __NLG_Return               1001c8d7     LIBCMT:lowhelpr.obj
 0001:0001b8fc       __msize                    1001c8fc f   LIBCMT:msize.obj
 0001:0001b9a0       __CIacos_pentium4          1001c9a0 f   LIBCMT:_acos_pentium4_.obj
 0001:0001b9b8       __acos_pentium4            1001c9b8     LIBCMT:_acos_pentium4_.obj
 0001:0001bef4       __mtinitlocks              1001cef4 f   LIBCMT:mlock.obj
 0001:0001bf3f       __mtdeletelocks            1001cf3f f   LIBCMT:mlock.obj
 0001:0001bf96       __unlock                   1001cf96 f   LIBCMT:mlock.obj
 0001:0001bfad       __mtinitlocknum            1001cfad f   LIBCMT:mlock.obj
 0001:0001c070       __lock                     1001d070 f   LIBCMT:mlock.obj
 0001:0001c0b0       __ValidateImageBase        1001d0b0 f   LIBCMT:pesect.obj
 0001:0001c0f0       __FindPESection            1001d0f0 f   LIBCMT:pesect.obj
 0001:0001c140       __IsNonwritableInCurrentImage 1001d140 f   LIBCMT:pesect.obj
 0001:0001c1fd       __initp_misc_winsig        1001d1fd f   LIBCMT:winsig.obj
 0001:0001c252       ___get_sigabrt             1001d252 f   LIBCMT:winsig.obj
 0001:0001c25f       _raise                     1001d25f f   LIBCMT:winsig.obj
 0001:0001c40f       __initp_misc_rand_s        1001d40f f   LIBCMT:rand_s.obj
 0001:0001c41e       __initp_misc_initcrit      1001d41e f   LIBCMT:initcrit.obj
 0001:0001c42d       ___crtInitCritSecAndSpinCount 1001d42d f   LIBCMT:initcrit.obj
 0001:0001c48d       __fileno                   1001d48d f   LIBCMT:fileno.obj
 0001:0001c4bf       __fcloseall                1001d4bf f   LIBCMT:closeall.obj
 0001:0001c55e       __flush                    1001d55e f   LIBCMT:fflush.obj
 0001:0001c5c6       __fflush_nolock            1001d5c6 f   LIBCMT:fflush.obj
 0001:0001c6e8       __flushall                 1001d6e8 f   LIBCMT:fflush.obj
 0001:0001c6f1       ___report_gsfailure        1001d6f1 f   LIBCMT:gs_report.obj
 0001:0001c800       _strrchr                   1001d800 f   LIBCMT:strrchr.obj
 0001:0001ca53       ___updatetmbcinfo          1001da53 f   LIBCMT:mbctype.obj
 0001:0001cb73       __setmbcp_nolock           1001db73 f   LIBCMT:mbctype.obj
 0001:0001cd58       __setmbcp                  1001dd58 f   LIBCMT:mbctype.obj
 0001:0001cef2       ___initmbctable            1001def2 f   LIBCMT:mbctype.obj
 0001:0001cf10       ___freetlocinfo            1001df10 f   LIBCMT:setlocal.obj
 0001:0001d059       ___addlocaleref            1001e059 f   LIBCMT:setlocal.obj
 0001:0001d0e8       ___removelocaleref         1001e0e8 f   LIBCMT:setlocal.obj
 0001:0001d1bf       ___updatetlocinfo          1001e1bf f   LIBCMT:setlocal.obj
 0001:0001d235       __isdigit_l                1001e235 f i LIBCMT:_ctype.obj
 0001:0001d286       _isdigit                   1001e286 f i LIBCMT:_ctype.obj
 0001:0001d2b4       __tolower_l                1001e2b4 f   LIBCMT:tolower.obj
 0001:0001d3c9       _tolower                   1001e3c9 f   LIBCMT:tolower.obj
 0001:0001d3f5       __atodbl_l                 1001e3f5 f   LIBCMT:atodbl.obj
 0001:0001d49d       __atoflt_l                 1001e49d f   LIBCMT:atodbl.obj
 0001:0001d545       __fptostr                  1001e545 f   LIBCMT:_fptostr.obj
[...]
 0001:00006280       ?springForce@@YAMPAUSuspension@@@Z 10007280 f   susp.obj
 0001:00006cd0       ?setupGear@@YAXPAXPAUtCar@@PAUCarElt@@PAUtTransmission@@MMH@Z 10007cd0 f   transmission.obj
 0001:000098b3       __catch$?_Copy@?$basic_string@DU?$char_traits@D@std@@V?$allocator@D@2@@std@@IAEXII@Z$0 1000a8b3 f i solid:C-api.obj
 0001:00009943       __catch$?_Copy@?$basic_string@DU?$char_traits@D@std@@V?$allocator@D@2@@std@@IAEXII@Z$1 1000a943 f i solid:C-api.obj
 0001:0000c645       __catch$?_Insert_n@?$vector@VPoint@@V?$allocator@VPoint@@@std@@@std@@IAEXV?$_Vector_const_iterator@VPoint@@V?$allocator@VPoint@@@std@@@2@IABVPoint@@@Z$0 1000d645 f i solid:C-api.obj
 0001:0000c651       __catch$?_Insert_n@?$vector@VPoint@@V?$allocator@VPoint@@@std@@@std@@IAEXV?$_Vector_const_iterator@VPoint@@V?$allocator@VPoint@@@std@@@2@IABVPoint@@@Z$2 1000d651 f i solid:C-api.obj
 0001:000137c5       ___DllMainCRTStartup       100147c5 f   LIBCMT:dllcrt0.obj
 0001:00013f28       ?CatchGuardHandler@@YA?AW4_EXCEPTION_DISPOSITION@@PAUEHExceptionRecord@@PAUCatchGuardRN@@PAX2@Z 10014f28 f   LIBCMT:_trnsctrl_.obj
 0001:00014032       ?TranslatorGuardHandler@@YA?AW4_EXCEPTION_DISPOSITION@@PAUEHExceptionRecord@@PAUTranslatorGuardRN@@PAX2@Z 10015032 f   LIBCMT:_trnsctrl_.obj
 0001:0001424b       __onexit_nolock            1001524b f   LIBCMT:onexit.obj
 0001:000145e4       __initterm                 100155e4 f   LIBCMT:crt0dat.obj
 0001:000146aa       _doexit                    100156aa f   LIBCMT:crt0dat.obj
 0001:00014cf7       __shift                    10015cf7 f   LIBCMT:cvt.obj
 0001:00014d3c       __cftoe2_l                 10015d3c f   LIBCMT:cvt.obj
 0001:0001530e       __cftof2_l                 1001630e f   LIBCMT:cvt.obj
 0001:0001674c       _write_char                1001774c f   LIBCMT:output.obj
 0001:0001677f       _write_multi_char          1001777f f   LIBCMT:output.obj
 0001:000167a5       _write_string              100177a5 f   LIBCMT:output.obj
 0001:000184e2       _fastzero_I                100194e2 f   LIBCMT:p4_memset.obj
 0001:000197fd       _parse_cmdline             1001a7fd f   LIBCMT:stdargv.obj
 0001:0001add0       ?ExFilterRethrow@@YAHPAU_EXCEPTION_POINTERS@@@Z 1001bdd0 f   LIBCMT:frame.obj
 0001:0001ae93       ?IsInExceptionSpec@@YAEPAUEHExceptionRecord@@PBU_s_ESTypeList@@@Z 1001be93 f   LIBCMT:frame.obj
 0001:0001af0e       ?CallUnexpected@@YAXPBU_s_ESTypeList@@@Z 1001bf0e f   LIBCMT:frame.obj
 0001:0001af3f       __catch$?CallUnexpected@@YAXPBU_s_ESTypeList@@@Z$0 1001bf3f f   LIBCMT:frame.obj
 0001:0001af57       ?CallCatchBlock@@YAPAXPAUEHExceptionRecord@@PAUEHRegistrationNode@@PAU_CONTEXT@@PBU_s_FuncInfo@@PAXHK@Z 1001bf57 f   LIBCMT:frame.obj
 0001:0001b304       ?CatchIt@@YAXPAUEHExceptionRecord@@PAUEHRegistrationNode@@PAU_CONTEXT@@PAXPBU_s_FuncInfo@@PBU_s_HandlerType@@PBU_s_CatchableType@@PBU_s_TryBlockMapEntry@@H1E@Z 1001c304 f   LIBCMT:frame.obj
 0001:0001b372       ?FindHandlerForForeignException@@YAXPAUEHExceptionRecord@@PAUEHRegistrationNode@@PAU_CONTEXT@@PAXPBU_s_FuncInfo@@HH1@Z 1001c372 f   LIBCMT:frame.obj
 0001:0001b466       ?FindHandler@@YAXPAUEHExceptionRecord@@PAUEHRegistrationNode@@PAU_CONTEXT@@PAXPBU_s_FuncInfo@@EH1@Z 1001c466 f   LIBCMT:frame.obj
 0001:0001c21b       _siglookup                 1001d21b f   LIBCMT:winsig.obj
 0001:0001c60e       _flsall                    1001d60e f   LIBCMT:fflush.obj
 0001:0001c82d       ?CPtoLCID@@YAHH@Z          1001d82d f   LIBCMT:mbctype.obj
 0001:0001c85c       ?setSBCS@@YAXPAUthreadmbcinfostruct@@@Z 1001d85c f   LIBCMT:mbctype.obj
 0001:0001c8c0       ?setSBUpLow@@YAXPAUthreadmbcinfostruct@@@Z 1001d8c0 f   LIBCMT:mbctype.obj
 0001:0001caf7       ?getSystemCP@@YAHH@Z       1001daf7 f   LIBCMT:mbctype.obj
 0001:0001d181       __updatetlocinfoEx_nolock  1001e181 f   LIBCMT:setlocal.obj
 0001:0001da13       _has_osfxsr_set            1001ea13 f   LIBCMT:cpu_disp.obj
 0001:0001f028       __unwind_handler4          10020028 f   LIBCMT:exsup4.obj
 0001:000208e1       ?x_ismbbtype_l@@YAHPAUlocaleinfo_struct@@IHH@Z 100218e1 f   LIBCMT:ismbbyte.obj
 0001:0002094c       _fastcopy_I                1002194c f   LIBCMT:p4_memcpy.obj
 0001:00020de8       __unwind_handler           10021de8 f   LIBCMT:exsup.obj
 0001:000210d3       ?strtoxl@@YAKPAUlocaleinfo_struct@@PBDPAPBDHH@Z 100220d3 f   LIBCMT:strtol.obj
 0001:0002132d       ?__crtLCMapStringA_stat@@YAHPAUlocaleinfo_struct@@KKPBDHPADHHH@Z 1002232d f   LIBCMT:a_map.obj
 0001:00021717       ?__crtGetStringTypeA_stat@@YAHPAUlocaleinfo_struct@@KPBDHPAGHHH@Z 10022717 f   LIBCMT:a_str.obj
 0001:0002376c       __hw_cw                    1002476c f   LIBCMT:_ieee87_.obj
 0001:000237fa       ___hw_cw_sse2              100247fa f   LIBCMT:_ieee87_.obj
 0001:00024730       __unwindfunclet$??1Object@@QAE@XZ$0 10025730 f   solid:C-api.obj
 0001:00024748       __ehhandler$??1Object@@QAE@XZ 10025748 f   solid:C-api.obj
 0001:00024760       __ehhandler$?_Copy@?$basic_string@DU?$char_traits@D@std@@V?$allocator@D@2@@std@@IAEXII@Z 10025760 f   solid:C-api.obj
 0001:00024770       __unwindfunclet$??1Complex@@UAE@XZ$0 10025770 f   solid:C-api.obj
 0001:00024770       __unwindfunclet$??0Polytope@@QAE@ABVVertexBase@@HQBI@Z$0 10025770 f   solid:C-api.obj
 0001:00024778       __ehhandler$??1Complex@@UAE@XZ 10025778 f   solid:C-api.obj
 0001:00024778       __ehhandler$??0Polytope@@QAE@ABVVertexBase@@HQBI@Z 10025778 f   solid:C-api.obj
 0001:00024790       __unwindfunclet$??0logic_error@std@@QAE@ABV?$basic_string@DU?$char_traits@D@std@@V?$allocator@D@2@@1@@Z$0 10025790 f   solid:C-api.obj
 0001:00024790       __unwindfunclet$??0logic_error@std@@QAE@ABV01@@Z$0 10025790 f   solid:C-api.obj
 0001:00024798       __ehhandler$??0logic_error@std@@QAE@ABV01@@Z 10025798 f   solid:C-api.obj
 0001:00024798       __ehhandler$??0logic_error@std@@QAE@ABV?$basic_string@DU?$char_traits@D@std@@V?$allocator@D@2@@1@@Z 10025798 f   solid:C-api.obj
 0001:000247b0       __unwindfunclet$?_Insert@?$_Tree@V?$_Tset_traits@VEncounter@@U?$less@VEncounter@@@std@@V?$allocator@VEncounter@@@3@$0A@@std@@@std@@IAE?AViterator@12@_NPAU_Node@?$_Tree_nod@V?$_Tset_traits@VEncounter@@U?$less@VEncounter@@@std@@V?$allocator@VEncounter@@@3@$0A@@std@@@2@ABVEncounter@@@Z$0 100257b0 f   solid:C-api.obj
 0001:000247b0       __unwindfunclet$?_Xlen@?$vector@PAXV?$allocator@PAX@std@@@std@@KAXXZ$0 100257b0 f   solid:C-api.obj
 0001:000247b0       __unwindfunclet$?erase@?$_Tree@V?$_Tset_traits@VEncounter@@U?$less@VEncounter@@@std@@V?$allocator@VEncounter@@@3@$0A@@std@@@std@@QAE?AViterator@12@Vconst_iterator@12@@Z$0 100257b0 f   solid:C-api.obj
 0001:000247b0       __unwindfunclet$?_Insert@?$_Tree@V?$_Tmap_traits@PAXPAVObject@@U?$less@PAX@std@@V?$allocator@U?$pair@QAXPAVObject@@@std@@@3@$0A@@std@@@std@@IAE?AViterator@12@_NPAU_Node@?$_Tree_nod@V?$_Tmap_traits@PAXPAVObject@@U?$less@PAX@std@@V?$allocator@U?$pair@QAXPAVObject@@@std@@@3@$0A@@std@@@2@ABU?$pair@QAXPAVObject@@@2@@Z$0 100257b0 f   solid:C-api.obj
 0001:000247b0       __unwindfunclet$?_Xlen@?$vector@PAVComplex@@V?$allocator@PAVComplex@@@std@@@std@@KAXXZ$0 100257b0 f   solid:C-api.obj
 0001:000247b0       __unwindfunclet$?erase@?$_Tree@V?$_Tmap_traits@PAXPAVObject@@U?$less@PAX@std@@V?$allocator@U?$pair@QAXPAVObject@@@std@@@3@$0A@@std@@@std@@QAE?AViterator@12@Vconst_iterator@12@@Z$0 100257b0 f   solid:C-api.obj
 0001:000247b0       __unwindfunclet$?_Xlen@?$vector@PBVPolytope@@V?$allocator@PBVPolytope@@@std@@@std@@KAXXZ$0 100257b0 f   solid:C-api.obj
 0001:000247b0       __unwindfunclet$?_Xlen@?$vector@IV?$allocator@I@std@@@std@@KAXXZ$0 100257b0 f   solid:C-api.obj
 0001:000247b0       __unwindfunclet$?_Xlen@?$vector@VPoint@@V?$allocator@VPoint@@@std@@@std@@KAXXZ$0 100257b0 f   solid:C-api.obj
 0001:000247b0       __unwindfunclet$?erase@?$_Tree@V?$_Tmap_traits@U?$pair@PAXPAX@std@@VResponse@@U?$less@U?$pair@PAXPAX@std@@@2@V?$allocator@U?$pair@$$CBU?$pair@PAXPAX@std@@VResponse@@@std@@@2@$0A@@std@@@std@@QAE?AViterator@12@Vconst_iterator@12@@Z$0 100257b0 f   solid:C-api.obj
 0001:000247b0       __unwindfunclet$?_Insert@?$_Tree@V?$_Tmap_traits@PAXVResponse@@U?$less@PAX@std@@V?$allocator@U?$pair@QAXVResponse@@@std@@@3@$0A@@std@@@std@@IAE?AViterator@12@_NPAU_Node@?$_Tree_nod@V?$_Tmap_traits@PAXVResponse@@U?$less@PAX@std@@V?$allocator@U?$pair@QAXVResponse@@@std@@@3@$0A@@std@@@2@ABU?$pair@QAXVResponse@@@2@@Z$0 100257b0 f   solid:C-api.obj
 0001:000247b0       __unwindfunclet$?erase@?$_Tree@V?$_Tmap_traits@PAXVResponse@@U?$less@PAX@std@@V?$allocator@U?$pair@QAXVResponse@@@std@@@3@$0A@@std@@@std@@QAE?AViterator@12@Vconst_iterator@12@@Z$0 100257b0 f   solid:C-api.obj
 0001:000247b8       __ehhandler$?_Insert@?$_Tree@V?$_Tmap_traits@PAXPAVObject@@U?$less@PAX@std@@V?$allocator@U?$pair@QAXPAVObject@@@std@@@3@$0A@@std@@@std@@IAE?AViterator@12@_NPAU_Node@?$_Tree_nod@V?$_Tmap_traits@PAXPAVObject@@U?$less@PAX@std@@V?$allocator@U?$pair@QAXPAVObject@@@std@@@3@$0A@@std@@@2@ABU?$pair@QAXPAVObject@@@2@@Z 100257b8 f   solid:C-api.obj
 0001:000247b8       __ehhandler$?erase@?$_Tree@V?$_Tmap_traits@PAXPAVObject@@U?$less@PAX@std@@V?$allocator@U?$pair@QAXPAVObject@@@std@@@3@$0A@@std@@@std@@QAE?AViterator@12@Vconst_iterator@12@@Z 100257b8 f   solid:C-api.obj
 0001:000247b8       __ehhandler$?erase@?$_Tree@V?$_Tmap_traits@PAXVResponse@@U?$less@PAX@std@@V?$allocator@U?$pair@QAXVResponse@@@std@@@3@$0A@@std@@@std@@QAE?AViterator@12@Vconst_iterator@12@@Z 100257b8 f   solid:C-api.obj
 0001:000247b8       __ehhandler$?_Insert@?$_Tree@V?$_Tmap_traits@PAXVResponse@@U?$less@PAX@std@@V?$allocator@U?$pair@QAXVResponse@@@std@@@3@$0A@@std@@@std@@IAE?AViterator@12@_NPAU_Node@?$_Tree_nod@V?$_Tmap_traits@PAXVResponse@@U?$less@PAX@std@@V?$allocator@U?$pair@QAXVResponse@@@std@@@3@$0A@@std@@@2@ABU?$pair@QAXVResponse@@@2@@Z 100257b8 f   solid:C-api.obj
 0001:000247b8       __ehhandler$?_Insert@?$_Tree@V?$_Tset_traits@VEncounter@@U?$less@VEncounter@@@std@@V?$allocator@VEncounter@@@3@$0A@@std@@@std@@IAE?AViterator@12@_NPAU_Node@?$_Tree_nod@V?$_Tset_traits@VEncounter@@U?$less@VEncounter@@@std@@V?$allocator@VEncounter@@@3@$0A@@std@@@2@ABVEncounter@@@Z 100257b8 f   solid:C-api.obj
 0001:000247b8       __ehhandler$?erase@?$_Tree@V?$_Tset_traits@VEncounter@@U?$less@VEncounter@@@std@@V?$allocator@VEncounter@@@3@$0A@@std@@@std@@QAE?AViterator@12@Vconst_iterator@12@@Z 100257b8 f   solid:C-api.obj
 0001:000247b8       __ehhandler$?_Xlen@?$vector@PAXV?$allocator@PAX@std@@@std@@KAXXZ 100257b8 f   solid:C-api.obj
 0001:000247b8       __ehhandler$?_Xlen@?$vector@PAVComplex@@V?$allocator@PAVComplex@@@std@@@std@@KAXXZ 100257b8 f   solid:C-api.obj
 0001:000247b8       __ehhandler$?_Xlen@?$vector@PBVPolytope@@V?$allocator@PBVPolytope@@@std@@@std@@KAXXZ 100257b8 f   solid:C-api.obj
 0001:000247b8       __ehhandler$?erase@?$_Tree@V?$_Tmap_traits@U?$pair@PAXPAX@std@@VResponse@@U?$less@U?$pair@PAXPAX@std@@@2@V?$allocator@U?$pair@$$CBU?$pair@PAXPAX@std@@VResponse@@@std@@@2@$0A@@std@@@std@@QAE?AViterator@12@Vconst_iterator@12@@Z 100257b8 f   solid:C-api.obj
 0001:000247b8       __ehhandler$?_Xlen@?$vector@VPoint@@V?$allocator@VPoint@@@std@@@std@@KAXXZ 100257b8 f   solid:C-api.obj
 0001:000247b8       __ehhandler$?_Xlen@?$vector@IV?$allocator@I@std@@@std@@KAXXZ 100257b8 f   solid:C-api.obj
 0001:000247d0       __unwindfunclet$??0?$_Tree@V?$_Tset_traits@VEncounter@@U?$less@VEncounter@@@std@@V?$allocator@VEncounter@@@3@$0A@@std@@@std@@QAE@ABU?$less@VEncounter@@@1@ABV?$allocator@VEncounter@@@1@@Z$0 100257d0 f   solid:C-api.obj
 0001:000247d0       __unwindfunclet$??0?$_Tree@V?$_Tmap_traits@U?$pair@PAXPAX@std@@VResponse@@U?$less@U?$pair@PAXPAX@std@@@2@V?$allocator@U?$pair@$$CBU?$pair@PAXPAX@std@@VResponse@@@std@@@2@$0A@@std@@@std@@QAE@ABU?$less@U?$pair@PAXPAX@std@@@1@ABV?$allocator@U?$pair@$$CBU?$pair@PAXPAX@std@@VResponse@@@std@@@1@@Z$0 100257d0 f   solid:C-api.obj
 0001:000247d0       __unwindfunclet$??0?$_Tree@V?$_Tmap_traits@PAXVResponse@@U?$less@PAX@std@@V?$allocator@U?$pair@QAXVResponse@@@std@@@3@$0A@@std@@@std@@QAE@ABU?$less@PAX@1@ABV?$allocator@U?$pair@QAXVResponse@@@std@@@1@@Z$0 100257d0 f   solid:C-api.obj
 0001:000247d0       __unwindfunclet$??0?$_Tree@V?$_Tmap_traits@PAXPAVObject@@U?$less@PAX@std@@V?$allocator@U?$pair@QAXPAVObject@@@std@@@3@$0A@@std@@@std@@QAE@ABU?$less@PAX@1@ABV?$allocator@U?$pair@QAXPAVObject@@@std@@@1@@Z$0 100257d0 f   solid:C-api.obj
 0001:000247d8       __ehhandler$??0?$_Tree@V?$_Tmap_traits@PAXVResponse@@U?$less@PAX@std@@V?$allocator@U?$pair@QAXVResponse@@@std@@@3@$0A@@std@@@std@@QAE@ABU?$less@PAX@1@ABV?$allocator@U?$pair@QAXVResponse@@@std@@@1@@Z 100257d8 f   solid:C-api.obj
 0001:000247d8       __ehhandler$??0?$_Tree@V?$_Tmap_traits@U?$pair@PAXPAX@std@@VResponse@@U?$less@U?$pair@PAXPAX@std@@@2@V?$allocator@U?$pair@$$CBU?$pair@PAXPAX@std@@VResponse@@@std@@@2@$0A@@std@@@std@@QAE@ABU?$less@U?$pair@PAXPAX@std@@@1@ABV?$allocator@U?$pair@$$CBU?$pair@PAXPAX@std@@VResponse@@@std@@@1@@Z 100257d8 f   solid:C-api.obj
 0001:000247d8       __ehhandler$??0?$_Tree@V?$_Tmap_traits@PAXPAVObject@@U?$less@PAX@std@@V?$allocator@U?$pair@QAXPAVObject@@@std@@@3@$0A@@std@@@std@@QAE@ABU?$less@PAX@1@ABV?$allocator@U?$pair@QAXPAVObject@@@std@@@1@@Z 100257d8 f   solid:C-api.obj
 0001:000247d8       __ehhandler$??0?$_Tree@V?$_Tset_traits@VEncounter@@U?$less@VEncounter@@@std@@V?$allocator@VEncounter@@@3@$0A@@std@@@std@@QAE@ABU?$less@VEncounter@@@1@ABV?$allocator@VEncounter@@@1@@Z 100257d8 f   solid:C-api.obj
 0001:000247f0       __ehhandler$?_Insert_n@?$vector@VPoint@@V?$allocator@VPoint@@@std@@@std@@IAEXV?$_Vector_const_iterator@VPoint@@V?$allocator@VPoint@@@std@@@2@IABVPoint@@@Z 100257f0 f   solid:C-api.obj
 0001:00024800       __unwindfunclet$??1?$_Tree@V?$_Tmap_traits@PAXVResponse@@U?$less@PAX@std@@V?$allocator@U?$pair@QAXVResponse@@@std@@@3@$0A@@std@@@std@@QAE@XZ$0 10025800 f   solid:C-api.obj
 0001:00024800       __unwindfunclet$??1?$_Tree@V?$_Tmap_traits@PAXPAVObject@@U?$less@PAX@std@@V?$allocator@U?$pair@QAXPAVObject@@@std@@@3@$0A@@std@@@std@@QAE@XZ$0 10025800 f   solid:C-api.obj
 0001:00024800       __unwindfunclet$??1?$_Tree@V?$_Tset_traits@VEncounter@@U?$less@VEncounter@@@std@@V?$allocator@VEncounter@@@3@$0A@@std@@@std@@QAE@XZ$0 10025800 f   solid:C-api.obj
 0001:00024800       __unwindfunclet$??1?$_Tree@V?$_Tmap_traits@U?$pair@PAXPAX@std@@VResponse@@U?$less@U?$pair@PAXPAX@std@@@2@V?$allocator@U?$pair@$$CBU?$pair@PAXPAX@std@@VResponse@@@std@@@2@$0A@@std@@@std@@QAE@XZ$0 10025800 f   solid:C-api.obj
 0001:00024808       __ehhandler$??1?$_Tree@V?$_Tmap_traits@U?$pair@PAXPAX@std@@VResponse@@U?$less@U?$pair@PAXPAX@std@@@2@V?$allocator@U?$pair@$$CBU?$pair@PAXPAX@std@@VResponse@@@std@@@2@$0A@@std@@@std@@QAE@XZ 10025808 f   solid:C-api.obj
 0001:00024808       __ehhandler$??1?$_Tree@V?$_Tset_traits@VEncounter@@U?$less@VEncounter@@@std@@V?$allocator@VEncounter@@@3@$0A@@std@@@std@@QAE@XZ 10025808 f   solid:C-api.obj
 0001:00024808       __ehhandler$??1?$_Tree@V?$_Tmap_traits@PAXVResponse@@U?$less@PAX@std@@V?$allocator@U?$pair@QAXVResponse@@@std@@@3@$0A@@std@@@std@@QAE@XZ 10025808 f   solid:C-api.obj
 0001:00024808       __ehhandler$??1?$_Tree@V?$_Tmap_traits@PAXPAVObject@@U?$less@PAX@std@@V?$allocator@U?$pair@QAXPAVObject@@@std@@@3@$0A@@std@@@std@@QAE@XZ 10025808 f   solid:C-api.obj
 0001:00024820       __unwindfunclet$??0RespTable@@QAE@XZ$0 10025820 f   solid:C-api.obj
 0001:0002482b       __ehhandler$??0RespTable@@QAE@XZ 1002582b f   solid:C-api.obj
 0001:00024840       __unwindfunclet$??__EpointBuf@@YAXXZ$0 10025840 f   solid:C-api.obj
 0001:0002484a       __ehhandler$??__EpointBuf@@YAXXZ 1002584a f   solid:C-api.obj
 0001:00024860       __unwindfunclet$??__EindexBuf@@YAXXZ$0 10025860 f   solid:C-api.obj
 0001:0002486a       __ehhandler$??__EindexBuf@@YAXXZ 1002586a f   solid:C-api.obj
 0001:00024880       __unwindfunclet$??__EpolyList@@YAXXZ$0 10025880 f   solid:C-api.obj
 0001:0002488a       __ehhandler$??__EpolyList@@YAXXZ 1002588a f   solid:C-api.obj
 0001:000248a0       __unwindfunclet$??__EcomplexList@@YAXXZ$0 100258a0 f   solid:C-api.obj
 0001:000248aa       __ehhandler$??__EcomplexList@@YAXXZ 100258aa f   solid:C-api.obj
 0001:000248c0       __unwindfunclet$??__FrespTable@@YAXXZ$0 100258c0 f   solid:C-api.obj
 0001:000248ca       __ehhandler$??__FrespTable@@YAXXZ 100258ca f   solid:C-api.obj
 0001:000248e0       __unwindfunclet$?finish@Complex@@QAEXHPAPBVPolytope@@@Z$1 100258e0 f   solid:Complex.obj
 0001:000248fa       __unwindfunclet$?finish@Complex@@QAEXHPAPBVPolytope@@@Z$3 100258fa f   solid:Complex.obj
 0001:0002490b       __ehhandler$?finish@Complex@@QAEXHPAPBVPolytope@@@Z 1002590b f   solid:Complex.obj
 0001:00024920       __unwindfunclet$??0Object@@QAE@PAXPBVShape@@@Z$0 10025920 f   solid:Object.obj
 0001:00024938       __unwindfunclet$??0Object@@QAE@PAXPBVShape@@@Z$1 10025938 f   solid:Object.obj
 0001:00024950       __unwindfunclet$??0Object@@QAE@PAXPBVShape@@@Z$2 10025950 f   solid:Object.obj
 0001:00024966       __unwindfunclet$??0Object@@QAE@PAXPBVShape@@@Z$3 10025966 f   solid:Object.obj
 0001:0002497c       __unwindfunclet$??0Object@@QAE@PAXPBVShape@@@Z$4 1002597c f   solid:Object.obj
 0001:00024992       __unwindfunclet$??0Object@@QAE@PAXPBVShape@@@Z$5 10025992 f   solid:Object.obj
 0001:000249a8       __unwindfunclet$??0Object@@QAE@PAXPBVShape@@@Z$6 100259a8 f   solid:Object.obj
 0001:000249be       __unwindfunclet$??0Object@@QAE@PAXPBVShape@@@Z$7 100259be f   solid:Object.obj
 0001:000249d4       __ehhandler$??0Object@@QAE@PAXPBVShape@@@Z 100259d4 f   solid:Object.obj
 0001:000249e0       __unwindfunclet$??__EpartnerList@@YAXXZ$0 100259e0 f   solid:RespTable.obj
 0001:000249ea       __ehhandler$??__EpartnerList@@YAXXZ 100259ea f   solid:RespTable.obj
 0001:00024a00       __unwindfunclet$??0BBoxInternal@@QAE@HPAVBBoxLeaf@@@Z$0 10025a00 f   solid:BBoxTree.obj
 0001:00024a11       __unwindfunclet$??0BBoxInternal@@QAE@HPAVBBoxLeaf@@@Z$1 10025a11 f   solid:BBoxTree.obj
 0001:00024a22       __ehhandler$??0BBoxInternal@@QAE@HPAVBBoxLeaf@@@Z 10025a22 f   solid:BBoxTree.obj
 0001:00024a2c       __unwindfunclet$?_Xlen@_String_base@std@@SAXXZ$0 10025a2c f   libcpmt:string.obj
 0001:00024a2c       __unwindfunclet$?_Xran@_String_base@std@@SAXXZ$0 10025a2c f   libcpmt:string.obj
 0001:00024a34       __ehhandler$?_Xran@_String_base@std@@SAXXZ 10025a34 f   libcpmt:string.obj
 0001:00024a34       __ehhandler$?_Xlen@_String_base@std@@SAXXZ 10025a34 f   libcpmt:string.obj
 0001:00024a4f       __ehhandler$?CallUnexpected@@YAXPBU_s_ESTypeList@@@Z 10025a4f f   LIBCMT:frame.obj
 0001:00024a70       ??__EpointBuf@@YAXXZ       10025a70 f   solid:C-api.obj
 0001:00024ad0       ??__EindexBuf@@YAXXZ       10025ad0 f   solid:C-api.obj
 0001:00024b30       ??__EpolyList@@YAXXZ       10025b30 f   solid:C-api.obj
 0001:00024b90       ??__EcomplexList@@YAXXZ    10025b90 f   solid:C-api.obj
 0001:00024bf0       ??__EobjectList@@YAXXZ     10025bf0 f   solid:C-api.obj
 0001:00024c20       ??__ErespTable@@YAXXZ      10025c20 f   solid:C-api.obj
 0001:00024c40       ??__EproxList@@YAXXZ       10025c40 f   solid:C-api.obj
 0001:00024c70       ??__EpartnerList@@YAXXZ    10025c70 f   solid:RespTable.obj
 0001:00024cd0       ??__EendpointList@@YAXXZ   10025cd0 f   solid:Endpoint.obj
 0001:00024d00       ??__FindexBuf@@YAXXZ       10025d00 f   solid:C-api.obj
 0001:00024d40       ??__FpolyList@@YAXXZ       10025d40 f   solid:C-api.obj
 0001:00024d80       ??__FcomplexList@@YAXXZ    10025d80 f   solid:C-api.obj
 0001:00024dc0       ??__FpointBuf@@YAXXZ       10025dc0 f   solid:C-api.obj
 0001:00024e00       ??__FobjectList@@YAXXZ     10025e00 f   solid:C-api.obj
 0001:00024e10       ??__FproxList@@YAXXZ       10025e10 f   solid:C-api.obj
 0001:00024e20       ??__FrespTable@@YAXXZ      10025e20 f   solid:C-api.obj
 0001:00024e70       ??__FpartnerList@@YAXXZ    10025e70 f   solid:RespTable.obj
 0001:00024eb0       ??__FendpointList@@YAXXZ   10025eb0 f   solid:Endpoint.obj
 0001:00024ec4       ??__Fnomem@?5???2@YAPAXI@Z@YAXXZ 10025ec4 f   LIBCMT:new.obj
