 tita

 Timestamp is 5882367f (Fri Jan 20 19:10:39 2017)

 Preferred load address is 10000000

 Start         Length     Name                   Class
 0001:00000000 0001aaa4H .text                   CODE
 0001:0001aab0 000000d1H .text$x                 CODE
 0001:0001ab81 00000014H .text$yd                CODE
 0002:00000000 00000140H .idata$5                DATA
 0002:00000140 00000004H .CRT$XCA                DATA
 0002:00000144 00000004H .CRT$XCZ                DATA
 0002:00000148 00000004H .CRT$XIA                DATA
 0002:0000014c 00000014H .CRT$XIC                DATA
 0002:00000160 00000004H .CRT$XIZ                DATA
 0002:00000164 00000004H .CRT$XPA                DATA
 0002:00000168 00000004H .CRT$XPX                DATA
 0002:0000016c 00000004H .CRT$XPXA               DATA
 0002:00000170 00000004H .CRT$XPZ                DATA
 0002:00000174 00000004H .CRT$XTA                DATA
 0002:00000178 00000004H .CRT$XTZ                DATA
 0002:00000180 00009908H .rdata                  DATA
 0002:00009a88 00000128H .rdata$r                DATA
 0002:00009bb0 0000002cH .rdata$sxdata           DATA
 0002:00009bdc 00000004H .rtc$IAA                DATA
 0002:00009be0 00000004H .rtc$IZZ                DATA
 0002:00009be4 00000004H .rtc$TAA                DATA
 0002:00009be8 00000004H .rtc$TZZ                DATA
 0002:00009bf0 00000704H .xdata$x                DATA
 0002:0000a2f4 0000003cH .idata$2                DATA
 0002:0000a330 00000014H .idata$3                DATA
 0002:0000a344 00000140H .idata$4                DATA
 0002:0000a484 0000059cH .idata$6                DATA
 0002:0000aa20 00000040H .edata                  DATA
 0003:00000000 000017f0H .data                   DATA
 0003:00001800 0000207cH .bss                    DATA

  Address         Publics by Value              Rva+Base       Lib:Object

 0000:00000000       __except_list              00000000     <absolute>
 0000:0000000b       ___safe_se_handler_count   0000000b     <absolute>
 0000:00000000       ___ImageBase               10000000     <linker-defined>
 0001:00000000       ?getCurrentSegment@TrackDesc@@QAEHPAUCarElt@@HH@Z 10001000 f i mycar.obj
 0001:00000250       ?loadBehaviour@MyCar@@QAEXH@Z 10001250 f   mycar.obj
 0001:000002c0       ?updateCa@MyCar@@AAEXXZ    100012c0 f   mycar.obj
 0001:00000420       ?querySlipSpeed@MyCar@@QAENPAUCarElt@@@Z 10001420 f   mycar.obj
 0001:000004c0       ?init@OtherCar@@QAEXPAVTrackDesc@@PAUCarElt@@PAUSituation@@@Z 100014c0 f   mycar.obj
 0001:00000580       ?update@OtherCar@@QAEXXZ   10001580 f   mycar.obj
 0001:00000660       ?initCarGeometry@MyCar@@AAEXXZ 10001660 f   mycar.obj
 0001:00000680       ??0MyCar@@QAE@PAVTrackDesc@@PAUCarElt@@PAUSituation@@@Z 10001680 f   mycar.obj
 0001:00000d00       ??1MyCar@@QAE@XZ           10001d00 f   mycar.obj
 0001:00000d20       ?distToPath@Pathfinder@@QAENHPAV?$v2t@N@@@Z 10001d20 f i mycar.obj
 0001:00000da0       ?updateDError@MyCar@@AAEXXZ 10001da0 f   mycar.obj
 0001:00000df0       ?update@MyCar@@QAEXPAVTrackDesc@@PAUCarElt@@PAUSituation@@@Z 10001df0 f   mycar.obj
 0001:00001040       ?radius@@YANNNNNNN@Z       10002040 f i pathfinder.obj
 0001:000010f0       ?updateOverlapTimer@Pathfinder@@AAEXHPAUSituation@@PAVMyCar@@PAVOtherCar@@PAUtOCar@@PAUtOverlapTimer@@@Z 100020f0 f i pathfinder.obj
 0001:00001250       ??0PathSegOpt@@QAE@H@Z     10002250 f i pathfinder.obj
 0001:000012f0       ?setSpeedsqr@PathSeg@@QAEXMH@Z 100022f0 f i pathfinder.obj
 0001:00001330       ?getSpeedsqr@PathSeg@@QAEMH@Z 10002330 f i pathfinder.obj
 0001:00001370       ?pathOptSlope@Pathfinder@@AAENH@Z 10002370 f i pathfinder.obj
 0001:000013f0       ?pathDynSlope@Pathfinder@@AAENH@Z 100023f0 f i pathfinder.obj
 0001:000014b0       ??1Pathfinder@@QAE@XZ      100024b0 f   pathfinder.obj
 0001:00001560       ?initPit@Pathfinder@@QAEXPAUCarElt@@@Z 10002560 f   pathfinder.obj
 0001:000017d0       ?initPitStopPath@Pathfinder@@AAEXXZ 100027d0 f   pathfinder.obj
 0001:00001b70       ?smooth@Pathfinder@@AAEXHHHN@Z 10002b70 f   pathfinder.obj
 0001:00001c80       ?collision@Pathfinder@@AAEHHPAUCarElt@@PAUSituation@@PAVMyCar@@PAVOtherCar@@@Z 10002c80 f   pathfinder.obj
 0001:00002150       ?adjustRadius@Pathfinder@@AAEXHHHNN@Z 10003150 f i pathfinder.obj
 0001:000023e0       ?stepInterpolate@Pathfinder@@AAEXHHH@Z 100033e0 f   pathfinder.obj
 0001:00002550       ?interpolate@Pathfinder@@AAEXH@Z 10003550 f   pathfinder.obj
 0001:000025a0       ?smooth@Pathfinder@@AAEXH@Z 100035a0 f   pathfinder.obj
 0001:00002790       ?correctPath@Pathfinder@@AAEHHPAUCarElt@@PAVMyCar@@@Z 10003790 f   pathfinder.obj
 0001:00002e20       ?overtake@Pathfinder@@AAEHHPAUSituation@@PAVMyCar@@PAVOtherCar@@@Z 10003e20 f   pathfinder.obj
 0001:00004010       ?updateOCar@Pathfinder@@AAEHHPAUSituation@@PAVMyCar@@PAVOtherCar@@PAUtOCar@@@Z 10005010 f i pathfinder.obj
 0001:00004680       ?letoverlap@Pathfinder@@AAEHHPAUSituation@@PAVMyCar@@PAVOtherCar@@PAUtOverlapTimer@@@Z 10005680 f   pathfinder.obj
 0001:00004b10       ??0Pathfinder@@QAE@PAVTrackDesc@@PAUCarElt@@PAUSituation@@@Z 10005b10 f   pathfinder.obj
 0001:00004e10       ?plan@Pathfinder@@QAEXPAVMyCar@@H@Z 10005e10 f   pathfinder.obj
 0001:00005580       ?plan@Pathfinder@@QAEXHPAUCarElt@@PAUSituation@@PAVMyCar@@PAVOtherCar@@@Z 10006580 f   pathfinder.obj
 0001:00006120       ?tridiagonal2@@YAXHPAUSplineEquationData2@@@Z 10007120 f   spline.obj
 0001:000063f0       ?slopesp@@YAXHQBN0QAN@Z    100073f0 f   spline.obj
 0001:000067b0       ?parametricslopesp@@YAXHQBN0QAN11@Z 100077b0 f   spline.obj
 0001:00006860       ?spline@@YANHNQBN00@Z      10007860 f   spline.obj
 0001:000068e0       ?queryAngleToTrack@@YANPAUCarElt@@@Z 100078e0 f i tita.obj
 0001:00006950       ??1TrackSegment2D@@QAE@XZ  10007950 f i trackdesc.obj
 0001:00006950       ??1TrackSegment@@QAE@XZ    10007950 f i trackdesc.obj
 0001:00006950       ??1OtherCar@@QAE@XZ        10007950 f i tita.obj
 0001:00006c30       ?getClutch@@YAMPAVMyCar@@PAUCarElt@@@Z 10007c30 f   tita.obj
 0001:00008040       _tita                      10009040 f   tita.obj
 0001:000080d0       ??1TrackDesc@@QAE@XZ       100090d0 f   trackdesc.obj
 0001:00008130       ?getCurrentSegment@TrackDesc@@QAEHPAUCarElt@@@Z 10009130 f   trackdesc.obj
 0001:000081c0       ?getNearestId@TrackDesc@@QAEHPAV?$v2t@N@@@Z 100091c0 f   trackdesc.obj
 0001:00008240       ??0OtherCar@@QAE@XZ        10009240 f   tita.obj
 0001:00008240       ??0TrackSegment2D@@QAE@XZ  10009240 f   trackdesc.obj
 0001:00008240       ??0TrackSegment@@QAE@XZ    10009240 f   trackdesc.obj
 0001:00008250       ?init@TrackSegment@@QAEXPBUtrackSeg@@PBV?$v3t@N@@11@Z 10009250 f   trackdesc.obj
 0001:00008410       ?init@TrackSegment2D@@QAEXPBVTrackSegment@@@Z 10009410 f   trackdesc.obj
 0001:000084b0       ??0TrackDesc@@QAE@PBUtTrack@@@Z 100094b0 f   trackdesc.obj
 0001:00008c9e       ?GfParmGetNum@@YAMPAXPBD11M@Z 10009c9e f   tgf:tgf.dll
 0001:00008ca4       ?GfParmGetStr@@YAPBDPAXPBD11@Z 10009ca4 f   tgf:tgf.dll
 0001:00008caa       ?GfParmSetNum@@YAHPAXPBD11M@Z 10009caa f   tgf:tgf.dll
 0001:00008cb0       ?GfParmReadFile@@YAPAXPBDH@Z 10009cb0 f   tgf:tgf.dll
 0001:00008cb6       ?_tgf_win_strdup@@YAPADPBD@Z 10009cb6 f   tgf:tgf.dll
 0001:00008cbc       ?RtTrackSideTgAngleL@@YAMPAUtTrkLocPos@@@Z 10009cbc f   robottools:robottools.dll
 0001:00008cc2       ?RtDistToPit@@YAHPAUCarElt@@PAUtTrack@@PAM2@Z 10009cc2 f   robottools:robottools.dll
 0001:00008cc8       __fpclear                  10009cc8 f   LIBCMT:_fpinit_.obj
 0001:00008cc8       __initp_misc_winxfltr      10009cc8 f   LIBCMT:winxfltr.obj
 0001:00008cc9       __cfltcvt_init             10009cc9 f   LIBCMT:_fpinit_.obj
 0001:00008d29       __fpmath                   10009d29 f   LIBCMT:_fpinit_.obj
 0001:00008d50       _cos                       10009d50 f   LIBCMT:_cos_.obj
 0001:00008d90       __CIcos                    10009d90 f   LIBCMT:_cos_.obj
 0001:00008dcb       __CIcos_default            10009dcb f   LIBCMT:_cos_.obj
 0001:00008ddf       __cos_default              10009ddf     LIBCMT:_cos_.obj
 0001:00008e80       _sin                       10009e80 f   LIBCMT:_sin_.obj
 0001:00008ec0       __CIsin                    10009ec0 f   LIBCMT:_sin_.obj
 0001:00008efb       __CIsin_default            10009efb f   LIBCMT:_sin_.obj
 0001:00008f0f       __sin_default              10009f0f     LIBCMT:_sin_.obj
 0001:00008fb0       __CIsqrt                   10009fb0 f   LIBCMT:_sqrt_.obj
 0001:00008fc4       _sqrt                      10009fc4     LIBCMT:_sqrt_.obj
 0001:0000906a       ??3@YAXPAX@Z               1000a06a f   LIBCMT:delete.obj
 0001:00009075       _printf                    1000a075 f   LIBCMT:printf.obj
 0001:00009124       __get_printf_count_output  1000a124 f   LIBCMT:printf.obj
 0001:00009140       _exp                       1000a140 f   LIBCMT:_87ctran_.obj
 0001:0000917c       __CIexp                    1000a17c f   LIBCMT:_87ctran_.obj
 0001:000091b7       __exp_default              1000a1b7 f   LIBCMT:_87ctran_.obj
 0001:000091c1       __CIexp_default            1000a1c1 f   LIBCMT:_87ctran_.obj
 0001:000091d0       _ceil                      1000a1d0 f   LIBCMT:_ceil_pentium4_.obj
 0001:00009210       __ceil_pentium4            1000a210 f   LIBCMT:_ceil_pentium4_.obj
 0001:000092f0       __ftol2_sse                1000a2f0 f   LIBCMT:ftol2.obj
 0001:000092f9       __ftol2_pentium4           1000a2f9 f   LIBCMT:ftol2.obj
 0001:0000930c       __ftol2_sse_excpt          1000a30c f   LIBCMT:ftol2.obj
 0001:00009326       __ftol2                    1000a326 f   LIBCMT:ftol2.obj
 0001:0000939b       ??0bad_alloc@std@@QAE@XZ   1000a39b f i LIBCMT:new.obj
 0001:000093b6       ??1bad_alloc@std@@UAE@XZ   1000a3b6 f i LIBCMT:new.obj
 0001:000093c1       ??_Ebad_alloc@std@@UAEPAXI@Z 1000a3c1 f i LIBCMT:new.obj
 0001:000093c1       ??_Gbad_alloc@std@@UAEPAXI@Z 1000a3c1 f i LIBCMT:new.obj
 0001:000093e8       ??0bad_alloc@std@@QAE@ABV01@@Z 1000a3e8 f i LIBCMT:new.obj
 0001:00009405       ??2@YAPAXI@Z               1000a405 f   LIBCMT:new.obj
 0001:0000946a       ?_JumpToContinuation@@YGXPAXPAUEHRegistrationNode@@@Z 1000a46a f   LIBCMT:_trnsctrl_.obj
 0001:0000949c       ?_CallMemberFunction2@@YGXPAX00H@Z 1000a49c f   LIBCMT:_trnsctrl_.obj
 0001:0000949c       ?_CallMemberFunction0@@YGXPAX0@Z 1000a49c f   LIBCMT:_trnsctrl_.obj
 0001:0000949c       ?_CallMemberFunction1@@YGXPAX00@Z 1000a49c f   LIBCMT:_trnsctrl_.obj
 0001:000094a3       ?_UnwindNestedFrames@@YGXPAUEHRegistrationNode@@PAUEHExceptionRecord@@@Z 1000a4a3 f   LIBCMT:_trnsctrl_.obj
 0001:000094f7       ___CxxFrameHandler3        1000a4f7 f   LIBCMT:_trnsctrl_.obj
 0001:00009560       ?_CallSETranslator@@YAHPAUEHExceptionRecord@@PAUEHRegistrationNode@@PAX2PBU_s_FuncInfo@@H1@Z 1000a560 f   LIBCMT:_trnsctrl_.obj
 0001:000096d6       ?_GetRangeOfTrysToCheck@@YAPBU_s_TryBlockMapEntry@@PBU_s_FuncInfo@@HHPAI1@Z 1000a6d6 f   LIBCMT:_trnsctrl_.obj
 0001:0000974b       __CreateFrameInfo          1000a74b f   LIBCMT:_trnsctrl_.obj
 0001:00009777       __IsExceptionObjectToBeDestroyed 1000a777 f   LIBCMT:_trnsctrl_.obj
 0001:0000979e       __FindAndUnlinkFrame       1000a79e f   LIBCMT:_trnsctrl_.obj
 0001:000097f0       ?_CallCatchBlock2@@YAPAXPAUEHRegistrationNode@@PBU_s_FuncInfo@@PAXHK@Z 1000a7f0 f   LIBCMT:_trnsctrl_.obj
 0001:00009850       _acos                      1000a850 f   LIBCMT:_acos_.obj
 0001:00009890       __CIacos                   1000a890 f   LIBCMT:_acos_.obj
 0001:000098cb       __CIacos_default           1000a8cb f   LIBCMT:_acos_.obj
 0001:000098df       __acos_default             1000a8df     LIBCMT:_acos_.obj
 0001:00009996       __fclose_nolock            1000a996 f   LIBCMT:fclose.obj
 0001:00009a0d       _fclose                    1000aa0d f   LIBCMT:fclose.obj
 0001:00009a90       _tan                       1000aa90 f   LIBCMT:_tan_.obj
 0001:00009ad0       __CItan                    1000aad0 f   LIBCMT:_tan_.obj
 0001:00009b0b       __CItan_default            1000ab0b f   LIBCMT:_tan_.obj
 0001:00009b1f       __tan_default              1000ab1f     LIBCMT:_tan_.obj
 0001:00009bc0       __chkstk                   1000abc0 f   LIBCMT:chkstk.obj
 0001:00009bc0       __alloca_probe             1000abc0     LIBCMT:chkstk.obj
 0001:00009beb       _free                      1000abeb f   LIBCMT:free.obj
 0001:00009c79       _V6_HeapAlloc              1000ac79 f   LIBCMT:malloc.obj
 0001:00009cc8       _malloc                    1000acc8 f   LIBCMT:malloc.obj
 0001:00009da0       _strrchr                   1000ada0 f   LIBCMT:strrchr.obj
 0001:00009dcd       __snprintf                 1000adcd f   LIBCMT:snprintf.obj
 0001:00009e7c       ?__ArrayUnwind@@YGXPAXIHP6EX0@Z@Z 1000ae7c f   LIBCMT:ehvecdtr.obj
 0001:00009eda       ??_M@YGXPAXIHP6EX0@Z@Z     1000aeda f   LIBCMT:ehvecdtr.obj
 0001:00009f3d       ??_L@YGXPAXIHP6EX0@Z1@Z    1000af3d f   LIBCMT:ehvecctr.obj
 0001:00009fb0       _atan2                     1000afb0 f   LIBCMT:_87ctriga_.obj
 0001:00009fba       __CIatan2                  1000afba f   LIBCMT:_87ctriga_.obj
 0001:00009fd0       _memset                    1000afd0 f   LIBCMT:memset.obj
 0001:0000a050       _floor                     1000b050 f   LIBCMT:_floor_pentium4_.obj
 0001:0000a090       __floor_pentium4           1000b090 f   LIBCMT:_floor_pentium4_.obj
 0001:0000a180       _asin                      1000b180 f   LIBCMT:_asin_.obj
 0001:0000a1c0       __CIasin                   1000b1c0 f   LIBCMT:_asin_.obj
 0001:0000a1fb       __CIasin_default           1000b1fb f   LIBCMT:_asin_.obj
 0001:0000a20f       __asin_default             1000b20f     LIBCMT:_asin_.obj
 0001:0000a2d0       _atan                      1000b2d0 f   LIBCMT:_atan_.obj
 0001:0000a310       __CIatan                   1000b310 f   LIBCMT:_atan_.obj
 0001:0000a34b       __CIatan_default           1000b34b f   LIBCMT:_atan_.obj
 0001:0000a35f       __atan_default             1000b35f     LIBCMT:_atan_.obj
 0001:0000a3ea       __CRT_INIT@12              1000b3ea f   LIBCMT:dllcrt0.obj
 0001:0000a615       __DllMainCRTStartup@12     1000b615 f   LIBCMT:dllcrt0.obj
 0001:0000a638       __crt_waiting_on_module_handle 1000b638 f   LIBCMT:crt0dat.obj
 0001:0000a668       __amsg_exit                1000b668 f   LIBCMT:crt0dat.obj
 0001:0000a691       ___crtCorExitProcess       1000b691 f   LIBCMT:crt0dat.obj
 0001:0000a6bc       ___crtExitProcess          1000b6bc f   LIBCMT:crt0dat.obj
 0001:0000a6d4       __lockexit                 1000b6d4 f   LIBCMT:crt0dat.obj
 0001:0000a6dd       __unlockexit               1000b6dd f   LIBCMT:crt0dat.obj
 0001:0000a703       __initterm_e               1000b703 f   LIBCMT:crt0dat.obj
 0001:0000a727       __cinit                    1000b727 f   LIBCMT:crt0dat.obj
 0001:0000a8d8       __exit                     1000b8d8 f   LIBCMT:crt0dat.obj
 0001:0000a8ee       __cexit                    1000b8ee f   LIBCMT:crt0dat.obj
 0001:0000a8fd       __init_pointers            1000b8fd f   LIBCMT:crt0dat.obj
 0001:0000a94b       ___iob_func                1000b94b f   LIBCMT:_file.obj
 0001:0000a951       ___initstdio               1000b951 f   LIBCMT:_file.obj
 0001:0000aa02       ___endstdio                1000ba02 f   LIBCMT:_file.obj
 0001:0000aa22       __lock_file                1000ba22 f   LIBCMT:_file.obj
 0001:0000aa63       __lock_file2               1000ba63 f   LIBCMT:_file.obj
 0001:0000aa95       __unlock_file              1000ba95 f   LIBCMT:_file.obj
 0001:0000aad1       __unlock_file2             1000bad1 f   LIBCMT:_file.obj
 0001:0000ab00       ??0_LocaleUpdate@@QAE@PAUlocaleinfo_struct@@@Z 1000bb00 f i LIBCMT:cvt.obj
 0001:0000ab87       __forcdecpt_l              1000bb87 f   LIBCMT:cvt.obj
 0001:0000abfa       __cropzeros_l              1000bbfa f   LIBCMT:cvt.obj
 0001:0000ac7c       __positive                 1000bc7c f   LIBCMT:cvt.obj
 0001:0000ac98       __fassign_l                1000bc98 f   LIBCMT:cvt.obj
 0001:0000acda       __fassign                  1000bcda f   LIBCMT:cvt.obj
 0001:0000ad13       __forcdecpt                1000bd13 f   LIBCMT:cvt.obj
 0001:0000ad26       __cropzeros                1000bd26 f   LIBCMT:cvt.obj
 0001:0000aea8       __cftoe_l                  1000bea8 f   LIBCMT:cvt.obj
 0001:0000af78       __cftoe                    1000bf78 f   LIBCMT:cvt.obj
 0001:0000af98       __cftoa_l                  1000bf98 f   LIBCMT:cvt.obj
 0001:0000b402       __cftof_l                  1000c402 f   LIBCMT:cvt.obj
 0001:0000b4bd       __cftog_l                  1000c4bd f   LIBCMT:cvt.obj
 0001:0000b5b7       __cfltcvt_l                1000c5b7 f   LIBCMT:cvt.obj
 0001:0000b63f       __cfltcvt                  1000c63f f   LIBCMT:cvt.obj
 0001:0000b662       __initp_misc_cfltcvt_tab   1000c662 f   LIBCMT:cmiscdat.obj
 0001:0000b683       __setdefaultprecision      1000c683 f   LIBCMT:fp8.obj
 0001:0000b6ae       __ms_p5_test_fdiv          1000c6ae f   LIBCMT:_testfdiv_.obj
 0001:0000b6ec       __ms_p5_mp_test_fdiv       1000c6ec f   LIBCMT:_testfdiv_.obj
 0001:0000b715       __sse2_mathfcns_init       1000c715 f   LIBCMT:_mathfcns_.obj
 0001:0000b730       __CIcos_pentium4           1000c730 f   LIBCMT:_cos_pentium4_.obj
 0001:0000b748       __cos_pentium4             1000c748     LIBCMT:_cos_pentium4_.obj
 0001:0000b8e0       __trandisp1                1000c8e0 f   LIBCMT:_87disp_.obj
 0001:0000b947       __trandisp2                1000c947 f   LIBCMT:_87disp_.obj
 0001:0000b9d3       __rttospopde               1000c9d3     LIBCMT:_87disp_.obj
 0001:0000b9d8       __rttospop                 1000c9d8     LIBCMT:_87disp_.obj
 0001:0000b9da       __rtnospop                 1000c9da     LIBCMT:_87disp_.obj
 0001:0000b9dc       __rttosnpop                1000c9dc     LIBCMT:_87disp_.obj
 0001:0000b9dd       __rtnospopde               1000c9dd     LIBCMT:_87disp_.obj
 0001:0000b9e4       __rtzeropop                1000c9e4     LIBCMT:_87disp_.obj
 0001:0000b9e6       __rtzeronpop               1000c9e6     LIBCMT:_87disp_.obj
 0001:0000b9eb       __rtonepop                 1000c9eb     LIBCMT:_87disp_.obj
 0001:0000b9ed       __rtonenpop                1000c9ed     LIBCMT:_87disp_.obj
 0001:0000b9f2       __tosnan1                  1000c9f2     LIBCMT:_87disp_.obj
 0001:0000ba1d       __nosnan2                  1000ca1d     LIBCMT:_87disp_.obj
 0001:0000ba1f       __tosnan2                  1000ca1f     LIBCMT:_87disp_.obj
 0001:0000ba47       __nan2                     1000ca47     LIBCMT:_87disp_.obj
 0001:0000ba86       __rtindfpop                1000ca86     LIBCMT:_87disp_.obj
 0001:0000ba88       __rtindfnpop               1000ca88     LIBCMT:_87disp_.obj
 0001:0000ba99       __rttosnpopde              1000ca99     LIBCMT:_87disp_.obj
 0001:0000baa3       __rtchsifneg               1000caa3     LIBCMT:_87disp_.obj
 0001:0000bab0       __twoToTOS                 1000cab0 f   LIBCMT:_common_.obj
 0001:0000bac5       __load_CW                  1000cac5 f   LIBCMT:_common_.obj
 0001:0000badc       __convertTOStoQNaN         1000cadc f   LIBCMT:_common_.obj
 0001:0000baf5       __fload_withFB             1000caf5 f   LIBCMT:_common_.obj
 0001:0000bb38       __checkTOS_withFB          1000cb38 f   LIBCMT:_common_.obj
 0001:0000bb4e       __fast_exit                1000cb4e f   LIBCMT:_common_.obj
 0001:0000bb5b       __math_exit                1000cb5b f   LIBCMT:_common_.obj
 0001:0000bb85       __check_overflow_exit      1000cb85 f   LIBCMT:_common_.obj
 0001:0000bb99       __check_range_exit         1000cb99 f   LIBCMT:_common_.obj
 0001:0000bc40       __startTwoArgErrorHandling 1000cc40 f   LIBCMT:_genexcep_.obj
 0001:0000bc57       __startOneArgErrorHandling 1000cc57 f   LIBCMT:_genexcep_.obj
 0001:0000bca0       __CIsin_pentium4           1000cca0 f   LIBCMT:_sin_pentium4_.obj
 0001:0000bcb8       __sin_pentium4             1000ccb8     LIBCMT:_sin_pentium4_.obj
 0001:0000be68       __stbuf                    1000ce68 f   LIBCMT:_sftbuf.obj
 0001:0000bf04       __ftbuf                    1000cf04 f   LIBCMT:_sftbuf.obj
 0001:0000bfde       __output_l                 1000cfde f   LIBCMT:output.obj
 0001:0000cb76       __initp_misc_invarg        1000db76 f   LIBCMT:invarg.obj
 0001:0000cb85       __invoke_watson            1000db85 f   LIBCMT:invarg.obj
 0001:0000ccad       __invalid_parameter        1000dcad f   LIBCMT:invarg.obj
 0001:0000ccd3       __get_errno_from_oserr     1000dcd3 f   LIBCMT:dosmap.obj
 0001:0000cd15       __errno                    1000dd15 f   LIBCMT:dosmap.obj
 0001:0000cd28       ___doserrno                1000dd28 f   LIBCMT:dosmap.obj
 0001:0000cd3b       __dosmaperr                1000dd3b f   LIBCMT:dosmap.obj
 0001:0000cd60       __SEH_prolog4              1000dd60 f   LIBCMT:sehprolg4.obj
 0001:0000cda5       __SEH_epilog4              1000dda5 f   LIBCMT:sehprolg4.obj
 0001:0000cdc0       __except_handler4          1000ddc0 f   LIBCMT:chandler4.obj
 0001:0000cf50       __CIexp_pentium4           1000df50 f   LIBCMT:_exp_pentium4_.obj
 0001:0000cf68       __exp_pentium4             1000df68     LIBCMT:_exp_pentium4_.obj
 0001:0000d221       __fFEXP                    1000e221     LIBCMT:_87tran_.obj
 0001:0000d288       __rtinfpopse               1000e288     LIBCMT:_87tran_.obj
 0001:0000d28a       __rtinfnpopse              1000e28a     LIBCMT:_87tran_.obj
 0001:0000d29a       __fFLN                     1000e29a     LIBCMT:_87tran_.obj
 0001:0000d34f       __rtinfpop                 1000e34f     LIBCMT:_87tran_.obj
 0001:0000d351       __rtinfnpop                1000e351     LIBCMT:_87tran_.obj
 0001:0000d36e       __ffexpm1                  1000e36e     LIBCMT:_87tran_.obj
 0001:0000d420       __cintrindisp2             1000e420 f   LIBCMT:_87cdisp_.obj
 0001:0000d45e       __cintrindisp1             1000e45e f   LIBCMT:_87cdisp_.obj
 0001:0000d49b       __ctrandisp2               1000e49b f   LIBCMT:_87cdisp_.obj
 0001:0000d631       __ctrandisp1               1000e631 f   LIBCMT:_87cdisp_.obj
 0001:0000d664       __fload                    1000e664 f   LIBCMT:_87cdisp_.obj
 0001:0000d6a0       ___libm_error_support      1000e6a0 f   LIBCMT:_libm_error_.obj
 0001:0000d950       __ceil_default             1000e950 f   LIBCMT:_ceil_.obj
 0001:0000da25       ??0exception@std@@QAE@ABQBD@Z 1000ea25 f   LIBCMT:stdexcpt.obj
 0001:0000da78       ??0exception@std@@QAE@ABQBDH@Z 1000ea78 f   LIBCMT:stdexcpt.obj
 0001:0000da95       ??0exception@std@@QAE@ABV01@@Z 1000ea95 f   LIBCMT:stdexcpt.obj
 0001:0000daf2       ??1exception@std@@UAE@XZ   1000eaf2 f   LIBCMT:stdexcpt.obj
 0001:0000db08       ?what@exception@std@@UBEPBDXZ 1000eb08 f   LIBCMT:stdexcpt.obj
 0001:0000db15       ??_Gexception@std@@UAEPAXI@Z 1000eb15 f i LIBCMT:stdexcpt.obj
 0001:0000db15       ??_Eexception@std@@UAEPAXI@Z 1000eb15 f i LIBCMT:stdexcpt.obj
 0001:0000db36       ??1type_info@@UAE@XZ       1000eb36 f   LIBCMT:typinfo.obj
 0001:0000db46       ??_Gtype_info@@UAEPAXI@Z   1000eb46 f i LIBCMT:typinfo.obj
 0001:0000db46       ??_Etype_info@@UAEPAXI@Z   1000eb46 f i LIBCMT:typinfo.obj
 0001:0000db67       ??8type_info@@QBE_NABV0@@Z 1000eb67 f   LIBCMT:typinfo.obj
 0001:0000dc41       ___onexitinit              1000ec41 f   LIBCMT:onexit.obj
 0001:0000dc72       __onexit                   1000ec72 f   LIBCMT:onexit.obj
 0001:0000dcae       _atexit                    1000ecae f   LIBCMT:onexit.obj
 0001:0000dcc5       __initp_heap_handler       1000ecc5 f   LIBCMT:handler.obj
 0001:0000dcd4       __callnewh                 1000ecd4 f   LIBCMT:handler.obj
 0001:0000dcfc       __CxxThrowException@8      1000ecfc f   LIBCMT:throw.obj
 0001:0000dd48       ??0bad_exception@std@@QAE@PBD@Z 1000ed48 f i LIBCMT:frame.obj
 0001:0000dd66       ??1bad_exception@std@@UAE@XZ 1000ed66 f i LIBCMT:frame.obj
 0001:0000dd71       ??_Ebad_exception@std@@UAEPAXI@Z 1000ed71 f i LIBCMT:frame.obj
 0001:0000dd71       ??_Gbad_exception@std@@UAEPAXI@Z 1000ed71 f i LIBCMT:frame.obj
 0001:0000dd98       ___TypeMatch               1000ed98 f   LIBCMT:frame.obj
 0001:0000ddf7       ___FrameUnwindFilter       1000edf7 f   LIBCMT:frame.obj
 0001:0000de40       ___FrameUnwindToState      1000ee40 f   LIBCMT:frame.obj
 0001:0000df66       ___DestructExceptionObject 1000ef66 f   LIBCMT:frame.obj
 0001:0000dfbb       ___AdjustPointer           1000efbb f   LIBCMT:frame.obj
 0001:0000e244       ___BuildCatchObjectHelper  1000f244 f   LIBCMT:frame.obj
 0001:0000e3c3       ___BuildCatchObject        1000f3c3 f   LIBCMT:frame.obj
 0001:0000e8fe       ??0bad_exception@std@@QAE@ABV01@@Z 1000f8fe f i LIBCMT:frame.obj
 0001:0000e91b       ___InternalCxxFrameHandler 1000f91b f   LIBCMT:frame.obj
 0001:0000ea01       @__security_check_cookie@4 1000fa01 f   LIBCMT:secchk.obj
 0001:0000ea10       __encode_pointer           1000fa10 f   LIBCMT:tidtable.obj
 0001:0000ea82       __encoded_null             1000fa82 f   LIBCMT:tidtable.obj
 0001:0000ea8b       __decode_pointer           1000fa8b f   LIBCMT:tidtable.obj
 0001:0000eafd       ___crtTlsAlloc@4           1000fafd f   LIBCMT:tidtable.obj
 0001:0000eb06       ___set_flsgetvalue         1000fb06 f   LIBCMT:tidtable.obj
 0001:0000eb3a       __mtterm                   1000fb3a f   LIBCMT:tidtable.obj
 0001:0000eb77       __initptd                  1000fb77 f   LIBCMT:tidtable.obj
 0001:0000ec5e       __getptd_noexit            1000fc5e f   LIBCMT:tidtable.obj
 0001:0000ecd7       __getptd                   1000fcd7 f   LIBCMT:tidtable.obj
 0001:0000ecf1       __freefls@4                1000fcf1 f   LIBCMT:tidtable.obj
 0001:0000ee20       __freeptd                  1000fe20 f   LIBCMT:tidtable.obj
 0001:0000ee8e       __mtinit                   1000fe8e f   LIBCMT:tidtable.obj
 0001:0000f01b       ?terminate@@YAXXZ          1001001b f   LIBCMT:hooks.obj
 0001:0000f054       ?unexpected@@YAXXZ         10010054 f   LIBCMT:hooks.obj
 0001:0000f067       ?_inconsistency@@YAXXZ     10010067 f   LIBCMT:hooks.obj
 0001:0000f09f       __initp_eh_hooks           1001009f f   LIBCMT:hooks.obj
 0001:0000f0b0       __CallSettingFrame@12      100100b0 f   LIBCMT:lowhelpr.obj
 0001:0000f0d7       __NLG_Return               100100d7     LIBCMT:lowhelpr.obj
 0001:0000f100       __CIacos_pentium4          10010100 f   LIBCMT:_acos_pentium4_.obj
 0001:0000f118       __acos_pentium4            10010118     LIBCMT:_acos_pentium4_.obj
 0001:0000f654       __close_nolock             10010654 f   LIBCMT:close.obj
 0001:0000f6f0       __close                    100106f0 f   LIBCMT:close.obj
 0001:0000f7bd       __fileno                   100107bd f   LIBCMT:fileno.obj
 0001:0000f7ef       __freebuf                  100107ef f   LIBCMT:_freebuf.obj
 0001:0000f820       __flush                    10010820 f   LIBCMT:fflush.obj
 0001:0000f888       __fflush_nolock            10010888 f   LIBCMT:fflush.obj
 0001:0000f9aa       __flushall                 100109aa f   LIBCMT:fflush.obj
 0001:0000f9b3       __ioinit                   100109b3 f   LIBCMT:ioinit.obj
 0001:0000fc07       __ioterm                   10010c07 f   LIBCMT:ioinit.obj
 0001:0000fc58       __local_unwind4            10010c58 f   LIBCMT:exsup4.obj
 0001:0000fd2e       __seh_longjmp_unwind4@4    10010d2e f   LIBCMT:exsup4.obj
 0001:0000fd4a       @_EH4_CallFilterFunc@8     10010d4a f   LIBCMT:exsup4.obj
 0001:0000fd61       @_EH4_TransferToHandler@8  10010d61 f   LIBCMT:exsup4.obj
 0001:0000fd7a       @_EH4_GlobalUnwind@4       10010d7a f   LIBCMT:exsup4.obj
 0001:0000fd94       @_EH4_LocalUnwind@16       10010d94 f   LIBCMT:exsup4.obj
 0001:0000fdb0       __CItan_pentium4           10010db0 f   LIBCMT:_tan_pentium4_.obj
 0001:0000fdc8       __tan_pentium4             10010dc8     LIBCMT:_tan_pentium4_.obj
 0001:00010010       __heap_init                10011010 f   LIBCMT:heapinit.obj
 0001:00010040       __heap_term                10011040 f   LIBCMT:heapinit.obj
 0001:000100b4       __mtinitlocks              100110b4 f   LIBCMT:mlock.obj
 0001:000100ff       __mtdeletelocks            100110ff f   LIBCMT:mlock.obj
 0001:00010156       __unlock                   10011156 f   LIBCMT:mlock.obj
 0001:0001016d       __mtinitlocknum            1001116d f   LIBCMT:mlock.obj
 0001:00010230       __lock                     10011230 f   LIBCMT:mlock.obj
 0001:00010263       ___sbh_find_block          10011263 f   LIBCMT:sbheap.obj
 0001:00010293       ___sbh_free_block          10011293 f   LIBCMT:sbheap.obj
 0001:000105a9       ___sbh_alloc_new_region    100115a9 f   LIBCMT:sbheap.obj
 0001:00010659       ___sbh_alloc_new_group     10011659 f   LIBCMT:sbheap.obj
 0001:00010761       ___sbh_resize_block        10011761 f   LIBCMT:sbheap.obj
 0001:00010a42       ___sbh_alloc_block         10011a42 f   LIBCMT:sbheap.obj
 0001:00010d27       __NMSG_WRITE               10011d27 f   LIBCMT:crt0msg.obj
 0001:00010ed2       __FF_MSGBANNER             10011ed2 f   LIBCMT:crt0msg.obj
 0001:00010f0b       __flsbuf                   10011f0b f   LIBCMT:_flsbuf.obj
 0001:0001108c       __fFATN2                   1001208c     LIBCMT:_87triga_.obj
 0001:000110dc       __rtpiby2                  100120dc     LIBCMT:_87triga_.obj
 0001:0001116f       __VEC_memzero              1001216f f   LIBCMT:p4_memset.obj
 0001:000111fe       __floor_default            100121fe f   LIBCMT:_floor_.obj
 0001:000112e0       __CIasin_pentium4          100122e0 f   LIBCMT:_asin_pentium4_.obj
 0001:000112f8       __asin_pentium4            100122f8     LIBCMT:_asin_pentium4_.obj
 0001:00011860       __CIatan_pentium4          10012860 f   LIBCMT:_atan_pentium4_.obj
 0001:00011878       __atan_pentium4            10012878     LIBCMT:_atan_pentium4_.obj
 0001:00011b4c       __malloc_crt               10012b4c f   LIBCMT:crtheap.obj
 0001:00011b91       __calloc_crt               10012b91 f   LIBCMT:crtheap.obj
 0001:00011bdd       __realloc_crt              10012bdd f   LIBCMT:crtheap.obj
 0001:00011c2b       __setenvp                  10012c2b f   LIBCMT:stdenvp.obj
 0001:00011ea3       __setargv                  10012ea3 f   LIBCMT:stdargv.obj
 0001:00011f5e       ___crtGetEnvironmentStringsA 10012f5e f   LIBCMT:a_env.obj
 0001:00012095       __RTC_Initialize           10013095 f   LIBCMT:_initsect_.obj
 0001:000120bb       __RTC_Terminate            100130bb f   LIBCMT:_initsect_.obj
 0001:000120e1       __XcptFilter               100130e1 f   LIBCMT:winxfltr.obj
 0001:00012241       ___CppXcptFilter           10013241 f   LIBCMT:winxfltr.obj
 0001:00012261       _DllMain@12                10013261 f   LIBCMT:dllmain.obj
 0001:00012267       ___security_init_cookie    10013267 f   LIBCMT:gs_support.obj
 0001:00012300       __ValidateImageBase        10013300 f   LIBCMT:pesect.obj
 0001:00012340       __FindPESection            10013340 f   LIBCMT:pesect.obj
 0001:00012390       __IsNonwritableInCurrentImage 10013390 f   LIBCMT:pesect.obj
 0001:0001244d       __initp_misc_winsig        1001344d f   LIBCMT:winsig.obj
 0001:000124a2       ___get_sigabrt             100134a2 f   LIBCMT:winsig.obj
 0001:000124af       _raise                     100134af f   LIBCMT:winsig.obj
 0001:0001265f       __initp_misc_rand_s        1001365f f   LIBCMT:rand_s.obj
 0001:0001266e       __initp_misc_purevirt      1001366e f   LIBCMT:inithelp.obj
 0001:0001267d       __initp_misc_initcrit      1001367d f   LIBCMT:initcrit.obj
 0001:0001268c       ___crtInitCritSecAndSpinCount 1001368c f   LIBCMT:initcrit.obj
 0001:000126ec       __fcloseall                100136ec f   LIBCMT:closeall.obj
 0001:000129b1       ___updatetmbcinfo          100139b1 f   LIBCMT:mbctype.obj
 0001:00012ad1       __setmbcp_nolock           10013ad1 f   LIBCMT:mbctype.obj
 0001:00012cb6       __setmbcp                  10013cb6 f   LIBCMT:mbctype.obj
 0001:00012e50       ___initmbctable            10013e50 f   LIBCMT:mbctype.obj
 0001:00012e6e       ___freetlocinfo            10013e6e f   LIBCMT:setlocal.obj
 0001:00012fb7       ___addlocaleref            10013fb7 f   LIBCMT:setlocal.obj
 0001:00013046       ___removelocaleref         10014046 f   LIBCMT:setlocal.obj
 0001:0001311d       ___updatetlocinfo          1001411d f   LIBCMT:setlocal.obj
 0001:00013193       __isdigit_l                10014193 f i LIBCMT:_ctype.obj
 0001:000131e4       _isdigit                   100141e4 f i LIBCMT:_ctype.obj
 0001:00013212       __tolower_l                10014212 f   LIBCMT:tolower.obj
 0001:00013327       _tolower                   10014327 f   LIBCMT:tolower.obj
 0001:00013353       __atodbl_l                 10014353 f   LIBCMT:atodbl.obj
 0001:000133fb       __atoflt_l                 100143fb f   LIBCMT:atodbl.obj
 0001:000134b0       _memmove                   100144b0 f   LIBCMT:memmove.obj
 0001:00013820       _strlen                    10014820 f   LIBCMT:strlen.obj
 0001:000138ab       _strcpy_s                  100148ab f   LIBCMT:strcpy_s.obj
 0001:00013913       __fptostr                  10014913 f   LIBCMT:_fptostr.obj
 0001:000139d2       ___dtold                   100149d2 f   LIBCMT:_cfout_.obj
 0001:00013a8f       __fltout2                  10014a8f f   LIBCMT:_cfout_.obj
 0001:00013b20       __alldvrm                  10014b20 f   LIBCMT:lldvrm.obj
 0001:00013c00       __aullshr                  10014c00 f   LIBCMT:ullshr.obj
 0001:00013c1f       __fptrap                   10014c1f f   LIBCMT:crt0fp.obj
 0001:00013c28       __controlfp_s              10014c28 f   LIBCMT:_contrlfp_.obj
 0001:00013ce4       __get_sse2_info            10014ce4 f   LIBCMT:cpu_disp.obj
 0001:00013d46       ___sse2_available_init     10014d46 f   LIBCMT:cpu_disp.obj
 0001:00013d53       __87except                 10014d53 f   LIBCMT:_87except_.obj
 0001:00013e92       __isatty                   10014e92 f   LIBCMT:isatty.obj
 0001:00013ef6       __wctomb_s_l               10014ef6 f   LIBCMT:wctomb.obj
 0001:00014062       _wctomb_s                  10015062 f   LIBCMT:wctomb.obj
 0001:0001407f       __isleadbyte_l             1001507f f i LIBCMT:_wctype.obj
 0001:000140b7       _isleadbyte                100150b7 f i LIBCMT:_wctype.obj
 0001:000140d0       __aulldvrm                 100150d0 f   LIBCMT:ulldvrm.obj
 0001:00014165       __crt_debugger_hook        10015165 f   LIBCMT:dbghook.obj
 0001:0001416d       __d_inttype                1001516d f   LIBCMT:_powhlp_.obj
 0001:000141d3       __powhlp                   100151d3 f   LIBCMT:_powhlp_.obj
 0001:00014320       _fdiv_main_routine         10015320 f   LIBCMT:_adj_fdiv_.obj
 0001:00014437       __adj_fdiv_r               10015437 f   LIBCMT:_adj_fdiv_.obj
 0001:000148d6       __fdivp_sti_st             100158d6 f   LIBCMT:_adj_fdiv_.obj
 0001:000148e9       __fdivrp_sti_st            100158e9 f   LIBCMT:_adj_fdiv_.obj
 0001:000148fc       __adj_fdiv_m32             100158fc f   LIBCMT:_adj_fdiv_.obj
 0001:00014948       __adj_fdiv_m64             10015948 f   LIBCMT:_adj_fdiv_.obj
 0001:00014994       __adj_fdiv_m16i            10015994 f   LIBCMT:_adj_fdiv_.obj
 0001:000149c8       __adj_fdiv_m32i            100159c8 f   LIBCMT:_adj_fdiv_.obj
 0001:000149fc       __adj_fdivr_m32            100159fc f   LIBCMT:_adj_fdiv_.obj
 0001:00014a48       __adj_fdivr_m64            10015a48 f   LIBCMT:_adj_fdiv_.obj
 0001:00014a94       __adj_fdivr_m16i           10015a94 f   LIBCMT:_adj_fdiv_.obj
 0001:00014ac8       __adj_fdivr_m32i           10015ac8 f   LIBCMT:_adj_fdiv_.obj
 0001:00014afc       __safe_fdiv                10015afc f   LIBCMT:_adj_fdiv_.obj
 0001:00014b11       __safe_fdivr               10015b11 f   LIBCMT:_adj_fdiv_.obj
 0001:00014b26       __fprem_common             10015b26 f   LIBCMT:_adj_fdiv_.obj
 0001:00014d2c       __adj_fprem                10015d2c f   LIBCMT:_adj_fdiv_.obj
 0001:00014dde       __fprem1_common            10015dde f   LIBCMT:_adj_fdiv_.obj
 0001:00014fe4       __adj_fprem1               10015fe4 f   LIBCMT:_adj_fdiv_.obj
 0001:00015099       __safe_fprem               10016099 f   LIBCMT:_adj_fdiv_.obj
 0001:0001509f       __safe_fprem1              1001609f f   LIBCMT:_adj_fdiv_.obj
 0001:000150a5       __adj_fpatan               100160a5 f   LIBCMT:_adj_fdiv_.obj
 0001:000150a8       __adj_fptan                100160a8 f   LIBCMT:_adj_fdiv_.obj
 0001:000150ab       __matherr                  100160ab f   LIBCMT:_matherr_.obj
 0001:000150ae       __raise_exc_ex             100160ae f   LIBCMT:_fpexcept_.obj
 0001:0001538a       __raise_exc                1001638a f   LIBCMT:_fpexcept_.obj
 0001:000153ad       __handle_exc               100163ad f   LIBCMT:_fpexcept_.obj
 0001:0001558f       __set_errno_from_matherr   1001658f f   LIBCMT:_fpexcept_.obj
 0001:000155bc       __errcode                  100165bc f   LIBCMT:_fpexcept_.obj
 0001:000155f0       __umatherr                 100165f0 f   LIBCMT:_fpexcept_.obj
 0001:00015690       __handle_qnan1             10016690 f   LIBCMT:_fpexcept_.obj
 0001:000156e5       __except1                  100166e5 f   LIBCMT:_fpexcept_.obj
 0001:000157ae       __frnd                     100167ae f   LIBCMT:_frnd_.obj
 0001:000157c2       __set_exp                  100167c2 f   LIBCMT:_util_.obj
 0001:000157ee       __sptype                   100167ee f   LIBCMT:_util_.obj
 0001:0001584e       __decomp                   1001684e f   LIBCMT:_util_.obj
 0001:00015907       __statfp                   10016907 f   LIBCMT:_fpctrl_.obj
 0001:00015917       __clrfp                    10016917 f   LIBCMT:_fpctrl_.obj
 0001:00015928       __ctrlfp                   10016928 f   LIBCMT:_fpctrl_.obj
 0001:00015951       __set_statfp               10016951 f   LIBCMT:_fpctrl_.obj
 0001:000159a9       ___set_fpsr_sse2           100169a9 f   LIBCMT:_fpctrl_.obj
 0001:00015a1b       ?_Type_info_dtor@type_info@@CAXPAV1@@Z 10016a1b f   LIBCMT:typname.obj
 0001:00015a90       _strcmp                    10016a90 f   LIBCMT:strcmp.obj
 0001:00015b18       __msize                    10016b18 f   LIBCMT:msize.obj
 0001:00015bbb       __EH_prolog3_catch         10016bbb f   LIBCMT:ehprolg3.obj
 0001:00015bf1       ?_ValidateRead@@YAHPBXI@Z  10016bf1 f   LIBCMT:validate.obj
 0001:00015bf1       ?_ValidateExecute@@YAHP6GHXZ@Z 10016bf1 f   LIBCMT:validate.obj
 0001:00015bf1       ?_ValidateWrite@@YAHPAXI@Z 10016bf1 f   LIBCMT:validate.obj
 0001:00015c03       ___report_gsfailure        10016c03 f   LIBCMT:gs_report.obj
 0001:00015d09       _abort                     10016d09 f   LIBCMT:abort.obj
 0001:00015e20       __global_unwind2           10016e20 f   LIBCMT:exsup.obj
 0001:00015e85       __local_unwind2            10016e85 f   LIBCMT:exsup.obj
 0001:00015f09       __abnormal_termination     10016f09 f   LIBCMT:exsup.obj
 0001:00015f2c       __NLG_Notify1              10016f2c f   LIBCMT:exsup.obj
 0001:00015f35       __NLG_Notify               10016f35 f   LIBCMT:exsup.obj
 0001:00015f4c       __NLG_Dispatch2            10016f4c     LIBCMT:exsup.obj
 0001:00015f4c       __NLG_Dispatch             10016f4c     LIBCMT:exsup.obj
 0001:00015f54       __NLG_Call                 10016f54 f   LIBCMT:exsup.obj
 0001:00015f56       __NLG_Return2              10016f56     LIBCMT:exsup.obj
 0001:00015f57       __free_osfhnd              10016f57 f   LIBCMT:osfinfo.obj
 0001:00015fdd       __get_osfhandle            10016fdd f   LIBCMT:osfinfo.obj
 0001:00016054       ___lock_fhandle            10017054 f   LIBCMT:osfinfo.obj
 0001:000160f4       __unlock_fhandle           100170f4 f   LIBCMT:osfinfo.obj
 0001:0001611b       __write_nolock             1001711b f   LIBCMT:write.obj
 0001:0001684e       __write                    1001784e f   LIBCMT:write.obj
 0001:0001692a       __commit                   1001792a f   LIBCMT:commit.obj
 0001:00016a0b       ___crtMessageBoxA          10017a0b f   LIBCMT:crtmbox.obj
 0001:00016b74       _strcat_s                  10017b74 f   LIBCMT:strcat_s.obj
 0001:00016be8       _strncpy_s                 10017be8 f   LIBCMT:strncpy_s.obj
 0001:00016c9d       __set_error_mode           10017c9d f   LIBCMT:errmode.obj
 0001:00016ce8       __lseeki64_nolock          10017ce8 f   LIBCMT:lseeki64.obj
 0001:00016d6d       __lseeki64                 10017d6d f   LIBCMT:lseeki64.obj
 0001:00016e86       __getbuf                   10017e86 f   LIBCMT:_getbuf.obj
 0001:00016ecf       __calloc_impl              10017ecf f   LIBCMT:calloc_impl.obj
 0001:00016fed       _realloc                   10017fed f   LIBCMT:realloc.obj
 0001:0001725b       __ismbblead                1001825b f   LIBCMT:ismbbyte.obj
 0001:00017280       _memcpy                    10018280 f   LIBCMT:memcpy.obj
 0001:000175e5       __freea                    100185e5 f i LIBCMT:a_loc.obj
 0001:00017834       _strtol                    10018834 f   LIBCMT:strtol.obj
 0001:00017c04       ___crtLCMapStringA         10018c04 f   LIBCMT:a_map.obj
 0001:00017e03       ___crtGetStringTypeA       10018e03 f   LIBCMT:a_str.obj
 0001:00017e45       ___free_lc_time            10018e45 f   LIBCMT:inittime.obj
 0001:00017fda       ___free_lconv_num          10018fda f   LIBCMT:initnum.obj
 0001:0001801f       ___free_lconv_mon          1001901f f   LIBCMT:initmon.obj
 0001:000180b0       _strcspn                   100190b0 f   LIBCMT:strcspn.obj
 0001:00018100       _strpbrk                   10019100 f   LIBCMT:strpbrk.obj
 0001:00018140       __isctype_l                10019140 f   LIBCMT:isctype.obj
 0001:000181f8       __ld12tod                  100191f8 f   LIBCMT:_intrncvt_.obj
 0001:0001873c       __ld12tof                  1001973c f   LIBCMT:_intrncvt_.obj
 0001:00018c80       ___strgtold12_l            10019c80 f   LIBCMT:_strgtold_.obj
 0001:000193ff       __VEC_memcpy               1001a3ff f   LIBCMT:p4_memcpy.obj
 0001:000194e2       _$I10_OUTPUT               1001a4e2 f   LIBCMT:_x10fout_.obj
 0001:00019f34       __control87                1001af34 f i LIBCMT:_ieee87_.obj
 0001:0001a243       __fpclass                  1001b243 f   LIBCMT:_ieeemisc_.obj
 0001:0001a2d7       __putwch_nolock            1001b2d7 f   LIBCMT:putwch.obj
 0001:0001a39c       __mbtowc_l                 1001b39c f   LIBCMT:mbtowc.obj
 0001:0001a4b3       _mbtowc                    1001b4b3 f   LIBCMT:mbtowc.obj
 0001:0001a4d0       __alloca_probe_16          1001b4d0 f   LIBCMT:alloca16.obj
 0001:0001a4e6       __alloca_probe_8           1001b4e6     LIBCMT:alloca16.obj
 0001:0001a4fc       ___ansicp                  1001b4fc f   LIBCMT:convrtcp.obj
 0001:0001a545       ___convertcp               1001b545 f   LIBCMT:convrtcp.obj
 0001:0001a6f9       _atol                      1001b6f9 f   LIBCMT:atox.obj
 0001:0001a70f       ___mtold12                 1001b70f f   LIBCMT:_mantold_.obj
 0001:0001a8e0       __allmul                   1001b8e0 f   LIBCMT:llmul.obj
 0001:0001a914       ___initconout              1001b914 f   LIBCMT:initcon.obj
 0001:0001a933       ___termcon                 1001b933 f   LIBCMT:initcon.obj
 0001:0001a960       ___ascii_strnicmp          1001b960 f   LIBCMT:_strnicm.obj
 0001:0001a9e0       _strchr                    1001b9e0 f   LIBCMT:strchr.obj
 0001:0001a9e6       ___from_strstr_to_strchr   1001b9e6     LIBCMT:strchr.obj
 0001:0001aa9e       _RtlUnwind@16              1001ba9e f   kernel32:KERNEL32.dll
 0002:00000000       __imp__GetModuleFileNameA@12 1001c000     kernel32:KERNEL32.dll
 0002:00000004       __imp__WriteConsoleW@20    1001c004     kernel32:KERNEL32.dll
 0002:00000008       __imp__RtlUnwind@16        1001c008     kernel32:KERNEL32.dll
 0002:0000000c       __imp__GetLastError@0      1001c00c     kernel32:KERNEL32.dll
 0002:00000010       __imp__HeapFree@12         1001c010     kernel32:KERNEL32.dll
 0002:00000014       __imp__HeapAlloc@12        1001c014     kernel32:KERNEL32.dll
 0002:00000018       __imp__GetCurrentThreadId@0 1001c018     kernel32:KERNEL32.dll
 0002:0000001c       __imp__GetCommandLineA@0   1001c01c     kernel32:KERNEL32.dll
 0002:00000020       __imp__GetModuleHandleW@4  1001c020     kernel32:KERNEL32.dll
 0002:00000024       __imp__Sleep@4             1001c024     kernel32:KERNEL32.dll
 0002:00000028       __imp__GetProcAddress@8    1001c028     kernel32:KERNEL32.dll
 0002:0000002c       __imp__ExitProcess@4       1001c02c     kernel32:KERNEL32.dll
 0002:00000030       __imp__EnterCriticalSection@4 1001c030     kernel32:KERNEL32.dll
 0002:00000034       __imp__LeaveCriticalSection@4 1001c034     kernel32:KERNEL32.dll
 0002:00000038       __imp__GetModuleHandleA@4  1001c038     kernel32:KERNEL32.dll
 0002:0000003c       __imp__TerminateProcess@8  1001c03c     kernel32:KERNEL32.dll
 0002:00000040       __imp__GetCurrentProcess@0 1001c040     kernel32:KERNEL32.dll
 0002:00000044       __imp__UnhandledExceptionFilter@4 1001c044     kernel32:KERNEL32.dll
 0002:00000048       __imp__SetUnhandledExceptionFilter@4 1001c048     kernel32:KERNEL32.dll
 0002:0000004c       __imp__IsDebuggerPresent@0 1001c04c     kernel32:KERNEL32.dll
 0002:00000050       __imp__RaiseException@16   1001c050     kernel32:KERNEL32.dll
 0002:00000054       __imp__TlsGetValue@4       1001c054     kernel32:KERNEL32.dll
 0002:00000058       __imp__TlsAlloc@0          1001c058     kernel32:KERNEL32.dll
 0002:0000005c       __imp__TlsSetValue@8       1001c05c     kernel32:KERNEL32.dll
 0002:00000060       __imp__TlsFree@4           1001c060     kernel32:KERNEL32.dll
 0002:00000064       __imp__InterlockedIncrement@4 1001c064     kernel32:KERNEL32.dll
 0002:00000068       __imp__SetLastError@4      1001c068     kernel32:KERNEL32.dll
 0002:0000006c       __imp__InterlockedDecrement@4 1001c06c     kernel32:KERNEL32.dll
 0002:00000070       __imp__CloseHandle@4       1001c070     kernel32:KERNEL32.dll
 0002:00000074       __imp__SetHandleCount@4    1001c074     kernel32:KERNEL32.dll
 0002:00000078       __imp__GetStdHandle@4      1001c078     kernel32:KERNEL32.dll
 0002:0000007c       __imp__GetFileType@4       1001c07c     kernel32:KERNEL32.dll
 0002:00000080       __imp__GetStartupInfoA@4   1001c080     kernel32:KERNEL32.dll
 0002:00000084       __imp__DeleteCriticalSection@4 1001c084     kernel32:KERNEL32.dll
 0002:00000088       __imp__HeapCreate@12       1001c088     kernel32:KERNEL32.dll
 0002:0000008c       __imp__HeapDestroy@4       1001c08c     kernel32:KERNEL32.dll
 0002:00000090       __imp__VirtualFree@12      1001c090     kernel32:KERNEL32.dll
 0002:00000094       __imp__VirtualAlloc@16     1001c094     kernel32:KERNEL32.dll
 0002:00000098       __imp__HeapReAlloc@16      1001c098     kernel32:KERNEL32.dll
 0002:0000009c       __imp__WriteFile@20        1001c09c     kernel32:KERNEL32.dll
 0002:000000a0       __imp__FreeEnvironmentStringsA@4 1001c0a0     kernel32:KERNEL32.dll
 0002:000000a4       __imp__GetEnvironmentStrings@0 1001c0a4     kernel32:KERNEL32.dll
 0002:000000a8       __imp__FreeEnvironmentStringsW@4 1001c0a8     kernel32:KERNEL32.dll
 0002:000000ac       __imp__WideCharToMultiByte@32 1001c0ac     kernel32:KERNEL32.dll
 0002:000000b0       __imp__GetEnvironmentStringsW@0 1001c0b0     kernel32:KERNEL32.dll
 0002:000000b4       __imp__QueryPerformanceCounter@4 1001c0b4     kernel32:KERNEL32.dll
 0002:000000b8       __imp__GetTickCount@0      1001c0b8     kernel32:KERNEL32.dll
 0002:000000bc       __imp__GetCurrentProcessId@0 1001c0bc     kernel32:KERNEL32.dll
 0002:000000c0       __imp__GetSystemTimeAsFileTime@4 1001c0c0     kernel32:KERNEL32.dll
 0002:000000c4       __imp__LoadLibraryA@4      1001c0c4     kernel32:KERNEL32.dll
 0002:000000c8       __imp__InitializeCriticalSectionAndSpinCount@8 1001c0c8     kernel32:KERNEL32.dll
 0002:000000cc       __imp__GetCPInfo@8         1001c0cc     kernel32:KERNEL32.dll
 0002:000000d0       __imp__GetACP@0            1001c0d0     kernel32:KERNEL32.dll
 0002:000000d4       __imp__GetOEMCP@0          1001c0d4     kernel32:KERNEL32.dll
 0002:000000d8       __imp__IsValidCodePage@4   1001c0d8     kernel32:KERNEL32.dll
 0002:000000dc       __imp__HeapSize@12         1001c0dc     kernel32:KERNEL32.dll
 0002:000000e0       __imp__SetStdHandle@8      1001c0e0     kernel32:KERNEL32.dll
 0002:000000e4       __imp__GetConsoleCP@0      1001c0e4     kernel32:KERNEL32.dll
 0002:000000e8       __imp__GetConsoleMode@8    1001c0e8     kernel32:KERNEL32.dll
 0002:000000ec       __imp__FlushFileBuffers@4  1001c0ec     kernel32:KERNEL32.dll
 0002:000000f0       __imp__CreateFileA@28      1001c0f0     kernel32:KERNEL32.dll
 0002:000000f4       __imp__SetFilePointer@16   1001c0f4     kernel32:KERNEL32.dll
 0002:000000f8       __imp__GetLocaleInfoA@16   1001c0f8     kernel32:KERNEL32.dll
 0002:000000fc       __imp__LCMapStringA@24     1001c0fc     kernel32:KERNEL32.dll
 0002:00000100       __imp__MultiByteToWideChar@24 1001c100     kernel32:KERNEL32.dll
 0002:00000104       __imp__LCMapStringW@24     1001c104     kernel32:KERNEL32.dll
 0002:00000108       __imp__GetStringTypeA@20   1001c108     kernel32:KERNEL32.dll
 0002:0000010c       __imp__GetStringTypeW@16   1001c10c     kernel32:KERNEL32.dll
 0002:00000110       __imp__WriteConsoleA@20    1001c110     kernel32:KERNEL32.dll
 0002:00000114       __imp__GetConsoleOutputCP@0 1001c114     kernel32:KERNEL32.dll
 0002:00000118       \177KERNEL32_NULL_THUNK_DATA 1001c118     kernel32:KERNEL32.dll
 0002:0000011c       __imp_?RtDistToPit@@YAHPAUCarElt@@PAUtTrack@@PAM2@Z 1001c11c     robottools:robottools.dll
 0002:00000120       __imp_?RtTrackSideTgAngleL@@YAMPAUtTrkLocPos@@@Z 1001c120     robottools:robottools.dll
 0002:00000124       \177robottools_NULL_THUNK_DATA 1001c124     robottools:robottools.dll
 0002:00000128       __imp_?_tgf_win_strdup@@YAPADPBD@Z 1001c128     tgf:tgf.dll
 0002:0000012c       __imp_?GfParmReadFile@@YAPAXPBDH@Z 1001c12c     tgf:tgf.dll
 0002:00000130       __imp_?GfParmSetNum@@YAHPAXPBD11M@Z 1001c130     tgf:tgf.dll
 0002:00000134       __imp_?GfParmGetStr@@YAPBDPAXPBD11@Z 1001c134     tgf:tgf.dll
 0002:00000138       __imp_?GfParmGetNum@@YAMPAXPBD11M@Z 1001c138     tgf:tgf.dll
 0002:0000013c       \177tgf_NULL_THUNK_DATA    1001c13c     tgf:tgf.dll
 0002:00000140       ___xc_a                    1001c140     LIBCMT:crt0init.obj
 0002:00000144       ___xc_z                    1001c144     LIBCMT:crt0init.obj
 0002:00000148       ___xi_a                    1001c148     LIBCMT:crt0init.obj
 0002:00000160       ___xi_z                    1001c160     LIBCMT:crt0init.obj
 0002:00000164       ___xp_a                    1001c164     LIBCMT:crt0init.obj
 0002:00000170       ___xp_z                    1001c170     LIBCMT:crt0init.obj
 0002:00000174       ___xt_a                    1001c174     LIBCMT:crt0init.obj
 0002:00000178       ___xt_z                    1001c178     LIBCMT:crt0init.obj
 0002:0000018c       ?TEAM_DAMAGE_CHANGE_LEAD@MyCar@@2HB 1001c18c     mycar.obj
 0002:00000190       ?PATHERR@MyCar@@2NB        1001c190     mycar.obj
 0002:00000198       ?CORRLEN@MyCar@@2NB        1001c198     mycar.obj
 0002:000001a0       ?TURNTOL@MyCar@@2NB        1001c1a0     mycar.obj
 0002:000001a8       ?TURNSPEED@MyCar@@2NB      1001c1a8     mycar.obj
 0002:000001b0       ?MARGIN@MyCar@@2NB         1001c1b0     mycar.obj
 0002:000001b8       ?STABLESPEED@MyCar@@2NB    1001c1b8     mycar.obj
 0002:000001c0       ?TIMETOCATCH@MyCar@@2NB    1001c1c0     mycar.obj
 0002:000001c8       ?MINOVERTAKERANGE@MyCar@@2NB 1001c1c8     mycar.obj
 0002:000001d0       ?OVERTAKERADIUS@MyCar@@2NB 1001c1d0     mycar.obj
 0002:000001d8       ?OVERTAKEDIST@MyCar@@2NB   1001c1d8     mycar.obj
 0002:000001e0       ?OVERTAKEMINDIST@MyCar@@2NB 1001c1e0     mycar.obj
 0002:000001e8       ?OVERTAKEANGLE@MyCar@@2NB  1001c1e8     mycar.obj
 0002:000001f0       ?MAXALLOWEDPITCH@MyCar@@2NB 1001c1f0     mycar.obj
 0002:000001f8       ?FLYSPEED@MyCar@@2NB       1001c1f8     mycar.obj
 0002:00000200       ?OVERLAPSTARTDIST@MyCar@@2NB 1001c200     mycar.obj
 0002:00000208       ?OVERLAPPASSDIST@MyCar@@2NB 1001c208     mycar.obj
 0002:00000210       ?OVERLAPWAITTIME@MyCar@@2NB 1001c210     mycar.obj
 0002:00000218       ?LAPBACKTIMEPENALTY@MyCar@@2NB 1001c218     mycar.obj
 0002:00000220       ?TCL_SLIP@MyCar@@2NB       1001c220     mycar.obj
 0002:00000228       ?TCL_RANGE@MyCar@@2NB      1001c228     mycar.obj
 0002:00000230       ?SHIFT@MyCar@@2NB          1001c230     mycar.obj
 0002:00000238       ?SHIFT_MARGIN@MyCar@@2NB   1001c238     mycar.obj
 0002:00000240       ?MAX_SPEED@MyCar@@2NB      1001c240     mycar.obj
 0002:00000248       ?MAX_FUEL_PER_METER@MyCar@@2NB 1001c248     mycar.obj
 0002:00000250       ?LOOKAHEAD_MAX_ERROR@MyCar@@2NB 1001c250     mycar.obj
 0002:00000258       ?STEER_D_CONTROLLER_GAIN@MyCar@@2NB 1001c258     mycar.obj
 0002:00000260       ?LOOKAHEAD_FACTOR@MyCar@@2NB 1001c260     mycar.obj
 0002:00000268       ?CLUTCH_SPEED@MyCar@@2MB   1001c268     mycar.obj
 0002:0000026c       ?CLUTCH_FULL_MAX_TIME@MyCar@@2MB 1001c26c     mycar.obj
 0002:00000270       ?FUEL_SAFETY_MARGIN@MyCar@@2MB 1001c270     mycar.obj
 0002:00000278       __real@47efffffe0000000    1001c278     mycar.obj
 0002:00000280       ??_C@_03DAGGNFD@Car?$AA@   1001c280     mycar.obj
 0002:00000284       ??_C@_09KBFOLGED@GC?5height?$AA@ 1001c284     mycar.obj
 0002:00000290       __real@4066800000000000    1001c290     mycar.obj
 0002:00000298       __real@4010000000000000    1001c298     mycar.obj
 0002:000002a0       __real@c008000000000000    1001c2a0     mycar.obj
 0002:000002a8       __real@3ff8000000000000    1001c2a8     mycar.obj
 0002:000002b0       ??_C@_0M@IPGIOMHG@ride?5height?$AA@ 1001c2b0     mycar.obj
 0002:000002bc       __real@3e4ccccd            1001c2bc     mycar.obj
 0002:000002c0       __real@0000000000000000    1001c2c0     mycar.obj
 0002:000002c8       ??_C@_0M@CCMIOJBA@front?5Clift?$AA@ 1001c2c8     mycar.obj
 0002:000002d4       ??_C@_0N@GFHNLLOJ@Aerodynamics?$AA@ 1001c2d4     mycar.obj
 0002:000002e4       ??_C@_0L@PLABABOE@rear?5Clift?$AA@ 1001c2e4     mycar.obj
 0002:000002f0       __real@3ff3ae147ae147ae    1001c2f0     mycar.obj
 0002:000002f8       ??_C@_05FECBCJJD@angle?$AA@ 1001c2f8     mycar.obj
 0002:00000300       ??_C@_0BA@OOGIOKPL@Rear?5Left?5Wheel?$AA@ 1001c300     mycar.obj
 0002:00000310       ??_C@_0BB@FDACEIHE@Rear?5Right?5Wheel?$AA@ 1001c310     mycar.obj
 0002:00000324       ??_C@_0BB@LHAPOPKP@Front?5Left?5Wheel?$AA@ 1001c324     mycar.obj
 0002:00000338       ??_C@_0BC@DPFNLKJM@Front?5Right?5Wheel?$AA@ 1001c338     mycar.obj
 0002:0000034c       ??_C@_09HDJCNBBO@Rear?5Wing?$AA@ 1001c34c     mycar.obj
 0002:00000358       ??_C@_04GOEDGNCF@area?$AA@ 1001c358     mycar.obj
 0002:00000360       __real@3fe0000000000000    1001c360     mycar.obj
 0002:00000368       __real@3fd0000000000000    1001c368     mycar.obj
 0002:00000370       __real@3ff0000000000000    1001c370     mycar.obj
 0002:00000378       __real@4046800000000000    1001c378     mycar.obj
 0002:00000380       __real@3fee666666666666    1001c380     mycar.obj
 0002:00000388       __real@3f847ae147ae147b    1001c388     mycar.obj
 0002:00000390       __real@3ff999999999999a    1001c390     mycar.obj
 0002:00000398       __real@3fef5c28f5c28f5c    1001c398     mycar.obj
 0002:000003a0       __real@3f947ae147ae147b    1001c3a0     mycar.obj
 0002:000003a8       __real@3ff4cccccccccccd    1001c3a8     mycar.obj
 0002:000003b0       __real@402e000000000000    1001c3b0     mycar.obj
 0002:000003b8       __real@3ff199999999999a    1001c3b8     mycar.obj
 0002:000003c0       __real@4034000000000000    1001c3c0     mycar.obj
 0002:000003c8       __real@4014000000000000    1001c3c8     mycar.obj
 0002:000003d0       __real@3fc999999999999a    1001c3d0     mycar.obj
 0002:000003d8       __real@3fb999999999999a    1001c3d8     mycar.obj
 0002:000003e0       __real@4039000000000000    1001c3e0     mycar.obj
 0002:000003e8       __real@3feccccccccccccd    1001c3e8     mycar.obj
 0002:000003f0       __real@3ff3333333333333    1001c3f0     mycar.obj
 0002:000003f8       __real@3fdd70a3d70a3d71    1001c3f8     mycar.obj
 0002:00000400       ??_C@_0O@MIMDLFNM@steerpgainmax?$AA@ 1001c400     mycar.obj
 0002:00000410       __real@3dcccccd            1001c410     mycar.obj
 0002:00000414       ??_C@_0L@OGMAHEEJ@steerpgain?$AA@ 1001c414     mycar.obj
 0002:00000420       __real@3ca3d70a            1001c420     mycar.obj
 0002:00000428       __real@3fe4000000000000    1001c428     mycar.obj
 0002:00000430       ??_C@_0L@NAALCPPI@front?5area?$AA@ 1001c430     mycar.obj
 0002:0000043c       ??_C@_02JFIEOGIK@Cx?$AA@   1001c43c     mycar.obj
 0002:00000440       ??_C@_03FMBEPNCB@4WD?$AA@  1001c440     mycar.obj
 0002:00000444       ??_C@_03JNCCJFDG@FWD?$AA@  1001c444     mycar.obj
 0002:00000448       ??_C@_0L@GPGHGHOJ@Drivetrain?$AA@ 1001c448     mycar.obj
 0002:00000454       ??_C@_04GPMDFGEJ@type?$AA@ 1001c454     mycar.obj
 0002:0000045c       ??_C@_03ECFJFFPO@RWD?$AA@  1001c45c     mycar.obj
 0002:00000460       ??_C@_04IJEANHEE@mass?$AA@ 1001c460     mycar.obj
 0002:00000468       ??_C@_0N@GEJBANM@initial?5fuel?$AA@ 1001c468     mycar.obj
 0002:00000478       __real@42c80000            1001c478     mycar.obj
 0002:0000047c       ??_C@_09IFGOAGEJ@cfriction?$AA@ 1001c47c     mycar.obj
 0002:00000488       ??_C@_0P@CKPKPPGP@berniw?5private?$AA@ 1001c488     mycar.obj
 0002:00000498       ??_C@_05NNOHLBDC@caero?$AA@ 1001c498     mycar.obj
 0002:000004a0       __real@3fcccccd            1001c4a0     mycar.obj
 0002:000004a8       __real@bff0000000000000    1001c4a8     mycar.obj
 0002:000004b0       __real@bfd5555555555555    1001c4b0     mycar.obj
 0002:000004b8       __real@4000000000000000    1001c4b8     mycar.obj
 0002:000004d8       ?COLLDIST@Pathfinder@@0NB  1001c4d8     pathfinder.obj
 0002:000004e0       __real@3ff921fb54442d18    1001c4e0     pathfinder.obj
 0002:000004e8       __real@403c000000000000    1001c4e8     pathfinder.obj
 0002:000004f0       __real@4024000000000000    1001c4f0     pathfinder.obj
 0002:000004f8       __real@3e112e0be826d695    1001c4f8     pathfinder.obj
 0002:00000500       __real@3f1a36e2eb1c432d    1001c500     pathfinder.obj
 0002:00000508       __real@4089000000000000    1001c508     pathfinder.obj
 0002:00000510       __real@407f400000000000    1001c510     pathfinder.obj
 0002:00000518       __real@c059000000000000    1001c518     pathfinder.obj
 0002:00000520       __real@4069000000000000    1001c520     pathfinder.obj
 0002:00000528       __real@4008000000000000    1001c528     pathfinder.obj
 0002:00000530       __real@406c200000000000    1001c530     pathfinder.obj
 0002:00000538       __real@c000000000000000    1001c538     pathfinder.obj
 0002:00000540       __real@c47a0000            1001c540     pathfinder.obj
 0002:00000548       __real@4044000000000000    1001c548     pathfinder.obj
 0002:00000550       __real@401e000000000000    1001c550     pathfinder.obj
 0002:00000558       __real@3f91df46a2529d39    1001c558     pathfinder.obj
 0002:00000560       ??_C@_07ELBMMLPE@pitexit?$AA@ 1001c560     pathfinder.obj
 0002:00000568       ??_C@_08NDIHJKD@pitentry?$AA@ 1001c568     pathfinder.obj
 0002:00000574       ??_C@_08BMFDPAHG@teammate?$AA@ 1001c574     pathfinder.obj
 0002:00000580       __real@40a00000            1001c580     pathfinder.obj
 0002:00000584       ??_C@_07MCNFLBIK@tita?510?$AA@ 1001c584     tita.obj
 0002:0000058c       ??_C@_06OMEOJHBI@tita?59?$AA@ 1001c58c     tita.obj
 0002:00000594       ??_C@_06PFFFKGFJ@tita?58?$AA@ 1001c594     tita.obj
 0002:0000059c       ??_C@_06HCMNLKJG@tita?57?$AA@ 1001c59c     tita.obj
 0002:000005a4       ??_C@_06GLNGILNH@tita?56?$AA@ 1001c5a4     tita.obj
 0002:000005ac       ??_C@_06EAPLNIBE@tita?55?$AA@ 1001c5ac     tita.obj
 0002:000005b4       ??_C@_06FJOAOJFF@tita?54?$AA@ 1001c5b4     tita.obj
 0002:000005bc       ??_C@_06BGKBHPJC@tita?53?$AA@ 1001c5bc     tita.obj
 0002:000005c4       ??_C@_06PLKEOND@tita?52?$AA@ 1001c5c4     tita.obj
 0002:000005cc       ??_C@_06CEJHBNBA@tita?51?$AA@ 1001c5cc     tita.obj
 0002:000005f8       __real@c00921fb54442d18    1001c5f8     tita.obj
 0002:00000600       __real@401921fb54442d18    1001c600     tita.obj
 0002:00000608       __real@4059000000000000    1001c608     tita.obj
 0002:00000610       ??_C@_0L@INFAEAJM@fuelperlap?$AA@ 1001c610     tita.obj
 0002:0000061c       ??_C@_0BM@HBLOAMHF@drivers?1tita?1?$CFd?1default?4xml?$AA@ 1001c61c     tita.obj
 0002:00000638       ??_C@_0BM@HPCMKJPO@drivers?1tita?1?$CFd?1practice?1?$CFs?$AA@ 1001c638     tita.obj
 0002:00000654       ??_C@_0BO@CMPLPFGB@drivers?1tita?1?$CFd?1qualifying?1?$CFs?$AA@ 1001c654     tita.obj
 0002:00000674       ??_C@_0BI@CONMPFJF@drivers?1tita?1?$CFd?1race?1?$CFs?$AA@ 1001c674     tita.obj
 0002:00000690       __real@3f947ae140000000    1001c690     tita.obj
 0002:00000698       __real@40239d0140000000    1001c698     tita.obj
 0002:000006a0       __real@40339eb851eb851f    1001c6a0     tita.obj
 0002:000006b4       __real@7f7fffff            1001c6b4     trackdesc.obj
 0002:000006b8       __real@40400000            1001c6b8     trackdesc.obj
 0002:000006c0       ??_C@_0EA@PNLMGMJB@error?3?5TrackDesc?3?3TrackDesc?5curr@ 1001c6c0     trackdesc.obj
 0002:00000704       ??_C@_05JLFELJNP@FATAL?$AA@ 1001c704     ul_vs2008_32:ulError.obj
 0002:0000070c       ??_C@_07KCOHIFOP@WARNING?$AA@ 1001c70c     ul_vs2008_32:ulError.obj
 0002:00000714       ??_C@_05KOLFGEDA@DEBUG?$AA@ 1001c714     ul_vs2008_32:ulError.obj
 0002:00000720       __FPinit                   1001c720     LIBCMT:_fpinit_.obj
 0002:00000724       __FPmtinit                 1001c724     LIBCMT:_fpinit_.obj
 0002:00000728       __FPmtterm                 1001c728     LIBCMT:_fpinit_.obj
 0002:00000778       ??_C@_0P@GHFPNOJB@bad?5allocation?$AA@ 1001c778     LIBCMT:new.obj
 0002:0000078c       ??_7bad_alloc@std@@6B@     1001c78c     LIBCMT:new.obj
 0002:000007f0       __pDefaultRawDllMain       1001c7f0     LIBCMT:dllcrt0.obj
 0002:000007f0       __pRawDllMain              1001c7f0     LIBCMT:dllcrt0.obj
 0002:000007f4       ??_C@_0P@MIGLKIOC@CorExitProcess?$AA@ 1001c7f4     LIBCMT:crt0dat.obj
 0002:00000804       ??_C@_1BI@BGOHAHKC@?$AAm?$AAs?$AAc?$AAo?$AAr?$AAe?$AAe?$AA?4?$AAd?$AAl?$AAl?$AA?$AA@ 1001c804     LIBCMT:crt0dat.obj
 0002:0000081c       ??_C@_05KLBDPFGC@e?$CL000?$AA@ 1001c81c     LIBCMT:cvt.obj
 0002:00000828       __real@4150017ec0000000    1001c828     LIBCMT:_testfdiv_.obj
 0002:00000830       __real@4147ffff80000000    1001c830     LIBCMT:_testfdiv_.obj
 0002:00000838       ??_C@_0BK@NHEOCAHP@IsProcessorFeaturePresent?$AA@ 1001c838     LIBCMT:_testfdiv_.obj
 0002:00000854       ??_C@_08CPNIBGIE@KERNEL32?$AA@ 1001c854     LIBCMT:_testfdiv_.obj
 0002:00001118       __DEFAULT_CW_in_mem        1001d118     LIBCMT:_common_.obj
 0002:0000111a       __pi_by_2_to_61            1001d11a     LIBCMT:_common_.obj
 0002:00001a00       ??_C@_1O@CEDCILHN@?$AA?$CI?$AAn?$AAu?$AAl?$AAl?$AA?$CJ?$AA?$AA@ 1001da00     LIBCMT:output.obj
 0002:00001a10       ??_C@_06OJHGLDPL@?$CInull?$CJ?$AA@ 1001da10     LIBCMT:output.obj
 0002:00001a18       ___lookuptable             1001da18     LIBCMT:output.obj
 0002:00002018       ??_C@_03IIINPABG@tan?$AA@  1001e018     LIBCMT:_libm_error_.obj
 0002:0000201c       ??_C@_03LALBNOCG@cos?$AA@  1001e01c     LIBCMT:_libm_error_.obj
 0002:00002020       ??_C@_03BLEJJJBH@sin?$AA@  1001e020     LIBCMT:_libm_error_.obj
 0002:00002024       ??_C@_04EHEDPDJG@modf?$AA@ 1001e024     LIBCMT:_libm_error_.obj
 0002:0000202c       ??_C@_05PBJFFIGL@floor?$AA@ 1001e02c     LIBCMT:_libm_error_.obj
 0002:00002034       ??_C@_04GFPJNGEK@ceil?$AA@ 1001e034     LIBCMT:_libm_error_.obj
 0002:0000203c       ??_C@_04MLLJIGOK@atan?$AA@ 1001e03c     LIBCMT:_libm_error_.obj
 0002:00002044       ??_C@_05EOHGHCHD@exp10?$AA@ 1001e044     LIBCMT:_libm_error_.obj
 0002:0000204c       ??_C@_04PDIFKINK@acos?$AA@ 1001e04c     LIBCMT:_libm_error_.obj
 0002:00002054       ??_C@_04FIHNOPOL@asin?$AA@ 1001e054     LIBCMT:_libm_error_.obj
 0002:0000205c       ??_C@_03MGHMBJCF@log?$AA@  1001e05c     LIBCMT:_libm_error_.obj
 0002:00002060       ??_C@_05HGHHAHAP@log10?$AA@ 1001e060     LIBCMT:_libm_error_.obj
 0002:00002068       ??_C@_03KHJOGHMM@exp?$AA@  1001e068     LIBCMT:_libm_error_.obj
 0002:0000206c       ??_C@_03JGHBODFD@pow?$AA@  1001e06c     LIBCMT:_libm_error_.obj
 0002:00002074       ??_7exception@std@@6B@     1001e074     LIBCMT:stdexcpt.obj
 0002:0000207c       ??_C@_0BC@EOODALEL@Unknown?5exception?$AA@ 1001e07c     LIBCMT:stdexcpt.obj
 0002:00002094       ??_7type_info@@6B@         1001e094     LIBCMT:typinfo.obj
 0002:000020b8       __pDestructExceptionObject 1001e0b8     LIBCMT:frame.obj
 0002:000020c0       ??_7bad_exception@std@@6B@ 1001e0c0     LIBCMT:frame.obj
 0002:000020c8       ??_C@_0O@DPKOEFFH@bad?5exception?$AA@ 1001e0c8     LIBCMT:frame.obj
 0002:000020d8       ??_C@_0O@NLDKAIKN@EncodePointer?$AA@ 1001e0d8     LIBCMT:tidtable.obj
 0002:000020e8       ??_C@_1BK@DBDEIDLH@?$AAK?$AAE?$AAR?$AAN?$AAE?$AAL?$AA3?$AA2?$AA?4?$AAD?$AAL?$AAL?$AA?$AA@ 1001e0e8     LIBCMT:tidtable.obj
 0002:00002104       ??_C@_0O@KBPMFGHI@DecodePointer?$AA@ 1001e104     LIBCMT:tidtable.obj
 0002:00002114       ??_C@_07PEJMOBNF@FlsFree?$AA@ 1001e114     LIBCMT:tidtable.obj
 0002:0000211c       ??_C@_0M@JCPCPOEF@FlsSetValue?$AA@ 1001e11c     LIBCMT:tidtable.obj
 0002:00002128       ??_C@_0M@GDNOONDI@FlsGetValue?$AA@ 1001e128     LIBCMT:tidtable.obj
 0002:00002134       ??_C@_08KNHFBNJ@FlsAlloc?$AA@ 1001e134     LIBCMT:tidtable.obj
 0002:00005020       ??_C@_0P@GGKDKEEG@runtime?5error?5?$AA@ 10021020     LIBCMT:crt0msg.obj
 0002:00005030       ??_C@_02PCIJFNDE@?$AN?6?$AA@ 10021030     LIBCMT:crt0msg.obj
 0002:00005034       ??_C@_0O@MJNIPGOH@TLOSS?5error?$AN?6?$AA@ 10021034     LIBCMT:crt0msg.obj
 0002:00005044       ??_C@_0N@BONNPDHF@SING?5error?$AN?6?$AA@ 10021044     LIBCMT:crt0msg.obj
 0002:00005054       ??_C@_0P@MBDAJNE@DOMAIN?5error?$AN?6?$AA@ 10021054     LIBCMT:crt0msg.obj
 0002:00005068       ??_C@_0JL@DFDOOABL@R6034?$AN?6An?5application?5has?5made?5a@ 10021068     LIBCMT:crt0msg.obj
 0002:00005108       ??_C@_0PH@EPAFIJ@R6033?$AN?6?9?5Attempt?5to?5use?5MSIL?5cod@ 10021108     LIBCMT:crt0msg.obj
 0002:00005200       ??_C@_0DD@BKEEABMM@R6032?$AN?6?9?5not?5enough?5space?5for?5lo@ 10021200     LIBCMT:crt0msg.obj
 0002:00005238       ??_C@_0GD@OFKILIED@R6031?$AN?6?9?5Attempt?5to?5initialize?5t@ 10021238     LIBCMT:crt0msg.obj
 0002:0000529c       ??_C@_0BP@LPMHJOKI@R6030?$AN?6?9?5CRT?5not?5initialized?$AN?6?$AA@ 1002129c     LIBCMT:crt0msg.obj
 0002:000052bc       ??_C@_0CF@KJDAIALP@R6028?$AN?6?9?5unable?5to?5initialize?5he@ 100212bc     LIBCMT:crt0msg.obj
 0002:000052e4       ??_C@_0DF@GAKBPDFP@R6027?$AN?6?9?5not?5enough?5space?5for?5lo@ 100212e4     LIBCMT:crt0msg.obj
 0002:0000531c       ??_C@_0DF@IBLNNAIG@R6026?$AN?6?9?5not?5enough?5space?5for?5st@ 1002131c     LIBCMT:crt0msg.obj
 0002:00005354       ??_C@_0CG@IOHKGFNJ@R6025?$AN?6?9?5pure?5virtual?5function?5c@ 10021354     LIBCMT:crt0msg.obj
 0002:0000537c       ??_C@_0DF@JIJJFJDC@R6024?$AN?6?9?5not?5enough?5space?5for?5_o@ 1002137c     LIBCMT:crt0msg.obj
 0002:000053b4       ??_C@_0CJ@EGEJHFME@R6019?$AN?6?9?5unable?5to?5open?5console?5@ 100213b4     LIBCMT:crt0msg.obj
 0002:000053e0       ??_C@_0CB@GNHNIELH@R6018?$AN?6?9?5unexpected?5heap?5error?$AN?6@ 100213e0     LIBCMT:crt0msg.obj
 0002:00005404       ??_C@_0CN@FOLDKNG@R6017?$AN?6?9?5unexpected?5multithread?5@ 10021404     LIBCMT:crt0msg.obj
 0002:00005434       ??_C@_0CM@FAHFJNHO@R6016?$AN?6?9?5not?5enough?5space?5for?5th@ 10021434     LIBCMT:crt0msg.obj
 0002:00005460       ??_C@_0JG@LBKMGKLD@?$AN?6This?5application?5has?5requested@ 10021460     LIBCMT:crt0msg.obj
 0002:000054f8       ??_C@_0CM@FLCNIPKK@R6009?$AN?6?9?5not?5enough?5space?5for?5en@ 100214f8     LIBCMT:crt0msg.obj
 0002:00005524       ??_C@_0CK@KMMJOAPP@R6008?$AN?6?9?5not?5enough?5space?5for?5ar@ 10021524     LIBCMT:crt0msg.obj
 0002:00005550       ??_C@_0CN@LEKKICBM@R6002?$AN?6?9?5floating?5point?5support?5@ 10021550     LIBCMT:crt0msg.obj
 0002:00005580       ??_C@_0CF@GOGNBNAK@Microsoft?5Visual?5C?$CL?$CL?5Runtime?5Lib@ 10021580     LIBCMT:crt0msg.obj
 0002:000055a8       ??_C@_02PHMGELLB@?6?6?$AA@ 100215a8     LIBCMT:crt0msg.obj
 0002:000055ac       ??_C@_03KHICJKCI@?4?4?4?$AA@ 100215ac     LIBCMT:crt0msg.obj
 0002:000055b0       ??_C@_0BH@DNAGHKFM@?$DMprogram?5name?5unknown?$DO?$AA@ 100215b0     LIBCMT:crt0msg.obj
 0002:000055c8       ??_C@_0BK@OFGJDLJJ@Runtime?5Error?$CB?6?6Program?3?5?$AA@ 100215c8     LIBCMT:crt0msg.obj
 0002:00006f20       __XcptActTab               10022f20     LIBCMT:winxfltr.obj
 0002:00007018       ??_C@_01NEMOKFLO@?$DN?$AA@ 10023018     LIBCMT:setlocal.obj
 0002:0000701a       ??_C@_00CNPNBAHC@?$AA@     1002301a     LIBCMT:setlocal.obj
 0002:00007020       ___lookuptable_s           10023020     LIBCMT:outputs.obj
 0002:0000707c       ??_C@_0L@KDOEJCKC@_nextafter?$AA@ 1002307c     LIBCMT:_fpexcept_.obj
 0002:00007088       ??_C@_05JGDBENOH@_logb?$AA@ 10023088     LIBCMT:_fpexcept_.obj
 0002:00007090       ??_C@_03ONILCKOB@_yn?$AA@  10023090     LIBCMT:_fpexcept_.obj
 0002:00007094       ??_C@_03NAKIGLHK@_y1?$AA@  10023094     LIBCMT:_fpexcept_.obj
 0002:00007098       ??_C@_03MJLDFKDL@_y0?$AA@  10023098     LIBCMT:_fpexcept_.obj
 0002:0000709c       ??_C@_05GKKHEGJL@frexp?$AA@ 1002309c     LIBCMT:_fpexcept_.obj
 0002:000070a4       ??_C@_04KEPJIHGP@fmod?$AA@ 100230a4     LIBCMT:_fpexcept_.obj
 0002:000070ac       ??_C@_06MEIMCGCF@_hypot?$AA@ 100230ac     LIBCMT:_fpexcept_.obj
 0002:000070b4       ??_C@_05KBKMEMPO@_cabs?$AA@ 100230b4     LIBCMT:_fpexcept_.obj
 0002:000070bc       ??_C@_05CEJMAHNP@ldexp?$AA@ 100230bc     LIBCMT:_fpexcept_.obj
 0002:000070c4       ??_C@_04ODHECPBC@fabs?$AA@ 100230c4     LIBCMT:_fpexcept_.obj
 0002:000070cc       ??_C@_04EIAKFFMI@sqrt?$AA@ 100230cc     LIBCMT:_fpexcept_.obj
 0002:000070d4       ??_C@_05KNGEOGJB@atan2?$AA@ 100230d4     LIBCMT:_fpexcept_.obj
 0002:000070dc       ??_C@_04FJHINJAO@tanh?$AA@ 100230dc     LIBCMT:_fpexcept_.obj
 0002:000070e4       ??_C@_04HPJJNFIM@cosh?$AA@ 100230e4     LIBCMT:_fpexcept_.obj
 0002:000070ec       ??_C@_04COOMCNPB@sinh?$AA@ 100230ec     LIBCMT:_fpexcept_.obj
 0002:000070fc       ??_C@_0BI@DFKBFLJE@GetProcessWindowStation?$AA@ 100230fc     LIBCMT:crtmbox.obj
 0002:00007114       ??_C@_0BK@CIDNPOGP@GetUserObjectInformationA?$AA@ 10023114     LIBCMT:crtmbox.obj
 0002:00007130       ??_C@_0BD@HHGDFDBJ@GetLastActivePopup?$AA@ 10023130     LIBCMT:crtmbox.obj
 0002:00007144       ??_C@_0BA@HNOPNCHB@GetActiveWindow?$AA@ 10023144     LIBCMT:crtmbox.obj
 0002:00007154       ??_C@_0M@CHKKJDAI@MessageBoxA?$AA@ 10023154     LIBCMT:crtmbox.obj
 0002:00007160       ??_C@_0L@NDEGIDAG@USER32?4DLL?$AA@ 10023160     LIBCMT:crtmbox.obj
 0002:00007170       __atan_table               10023170     LIBCMT:_atan_table_.obj
 0002:00008980       ??_C@_13NOLLCAOD@?$AA?$AA?$AA?$AA@ 10024980     LIBCMT:a_map.obj
 0002:00008988       ___newctype                10024988     LIBCMT:ctype.obj
 0002:00008c88       __wctype                   10024c88     LIBCMT:ctype.obj
 0002:00008e90       ___newclmap                10024e90     LIBCMT:ctype.obj
 0002:00009010       ___newcumap                10025010     LIBCMT:ctype.obj
 0002:00009190       ??_C@_08JCCMCCIL@HH?3mm?3ss?$AA@ 10025190     LIBCMT:strftime.obj
 0002:0000919c       ??_C@_0BE@CKGJFCPC@dddd?0?5MMMM?5dd?0?5yyyy?$AA@ 1002519c     LIBCMT:strftime.obj
 0002:000091b0       ??_C@_08BPBNCDIB@MM?1dd?1yy?$AA@ 100251b0     LIBCMT:strftime.obj
 0002:000091bc       ??_C@_02CJNFDJBF@PM?$AA@   100251bc     LIBCMT:strftime.obj
 0002:000091c0       ??_C@_02DEDBPAFC@AM?$AA@   100251c0     LIBCMT:strftime.obj
 0002:000091c4       ??_C@_08EDHMEBNP@December?$AA@ 100251c4     LIBCMT:strftime.obj
 0002:000091d0       ??_C@_08HCHEGEOA@November?$AA@ 100251d0     LIBCMT:strftime.obj
 0002:000091dc       ??_C@_07JJNFCEND@October?$AA@ 100251dc     LIBCMT:strftime.obj
 0002:000091e4       ??_C@_09BHHEALKD@September?$AA@ 100251e4     LIBCMT:strftime.obj
 0002:000091f0       ??_C@_06LBBHFDDG@August?$AA@ 100251f0     LIBCMT:strftime.obj
 0002:000091f8       ??_C@_04MIEPOIFP@July?$AA@ 100251f8     LIBCMT:strftime.obj
 0002:00009200       ??_C@_04CNLMGBGM@June?$AA@ 10025200     LIBCMT:strftime.obj
 0002:00009208       ??_C@_05DMJDNLEJ@April?$AA@ 10025208     LIBCMT:strftime.obj
 0002:00009210       ??_C@_05HPCKOFNC@March?$AA@ 10025210     LIBCMT:strftime.obj
 0002:00009218       ??_C@_08GNJGEPFN@February?$AA@ 10025218     LIBCMT:strftime.obj
 0002:00009224       ??_C@_07CGJPFGJA@January?$AA@ 10025224     LIBCMT:strftime.obj
 0002:0000922c       ??_C@_03MKABNOCG@Dec?$AA@  1002522c     LIBCMT:strftime.obj
 0002:00009230       ??_C@_03JPJOFNIA@Nov?$AA@  10025230     LIBCMT:strftime.obj
 0002:00009234       ??_C@_03BMAOKBAD@Oct?$AA@  10025234     LIBCMT:strftime.obj
 0002:00009238       ??_C@_03GGCAPAJC@Sep?$AA@  10025238     LIBCMT:strftime.obj
 0002:0000923c       ??_C@_03IFJFEIGA@Aug?$AA@  1002523c     LIBCMT:strftime.obj
 0002:00009240       ??_C@_03LBGABGKK@Jul?$AA@  10025240     LIBCMT:strftime.obj
 0002:00009244       ??_C@_03IDFGHECI@Jun?$AA@  10025244     LIBCMT:strftime.obj
 0002:00009248       ??_C@_03CNMDKL@May?$AA@    10025248     LIBCMT:strftime.obj
 0002:0000924c       ??_C@_03LEOLGMJP@Apr?$AA@  1002524c     LIBCMT:strftime.obj
 0002:00009250       ??_C@_03ODNJBKGA@Mar?$AA@  10025250     LIBCMT:strftime.obj
 0002:00009254       ??_C@_03HJBDCHOM@Feb?$AA@  10025254     LIBCMT:strftime.obj
 0002:00009258       ??_C@_03JIHJHPIE@Jan?$AA@  10025258     LIBCMT:strftime.obj
 0002:0000925c       ??_C@_08INBOOONO@Saturday?$AA@ 1002525c     LIBCMT:strftime.obj
 0002:00009268       ??_C@_06JECMNKMI@Friday?$AA@ 10025268     LIBCMT:strftime.obj
 0002:00009270       ??_C@_08HACCIKIA@Thursday?$AA@ 10025270     LIBCMT:strftime.obj
 0002:0000927c       ??_C@_09DLIGFAKA@Wednesday?$AA@ 1002527c     LIBCMT:strftime.obj
 0002:00009288       ??_C@_07BAAGCFCM@Tuesday?$AA@ 10025288     LIBCMT:strftime.obj
 0002:00009290       ??_C@_06JLEDEDGH@Monday?$AA@ 10025290     LIBCMT:strftime.obj
 0002:00009298       ??_C@_06OOPIFAJ@Sunday?$AA@ 10025298     LIBCMT:strftime.obj
 0002:000092a0       ??_C@_03FEFJNEK@Sat?$AA@   100252a0     LIBCMT:strftime.obj
 0002:000092a4       ??_C@_03IDIOELNC@Fri?$AA@  100252a4     LIBCMT:strftime.obj
 0002:000092a8       ??_C@_03IOFIKPDN@Thu?$AA@  100252a8     LIBCMT:strftime.obj
 0002:000092ac       ??_C@_03MHOMLAJA@Wed?$AA@  100252ac     LIBCMT:strftime.obj
 0002:000092b0       ??_C@_03NAGEINEP@Tue?$AA@  100252b0     LIBCMT:strftime.obj
 0002:000092b4       ??_C@_03PDAGKDH@Mon?$AA@   100252b4     LIBCMT:strftime.obj
 0002:000092b8       ??_C@_03KOEHGMDN@Sun?$AA@  100252b8     LIBCMT:strftime.obj
 0002:000092bc       ??_C@_06IMKFLFPG@1?$CDQNAN?$AA@ 100252bc     LIBCMT:_x10fout_.obj
 0002:000092c4       ??_C@_05DNEBIAHO@1?$CDINF?$AA@ 100252c4     LIBCMT:_x10fout_.obj
 0002:000092cc       ??_C@_05PHHOCPM@1?$CDIND?$AA@ 100252cc     LIBCMT:_x10fout_.obj
 0002:000092d4       ??_C@_06PGGFOGJG@1?$CDSNAN?$AA@ 100252d4     LIBCMT:_x10fout_.obj
 0002:000092dc       ??_C@_0BK@CFCOFLF@?5Complete?5Object?5Locator?8?$AA@ 100252dc     LIBCMT:undname.obj
 0002:000092f8       ??_C@_0BN@MECKDCOJ@?5Class?5Hierarchy?5Descriptor?8?$AA@ 100252f8     LIBCMT:undname.obj
 0002:00009318       ??_C@_0BD@LGICGFMM@?5Base?5Class?5Array?8?$AA@ 10025318     LIBCMT:undname.obj
 0002:0000932c       ??_C@_0BM@LDKODKLH@?5Base?5Class?5Descriptor?5at?5?$CI?$AA@ 1002532c     LIBCMT:undname.obj
 0002:00009348       ??_C@_0BC@DAFEJGAK@?5Type?5Descriptor?8?$AA@ 10025348     LIBCMT:undname.obj
 0002:0000935c       ??_C@_0BM@PMGGMLDN@?$GAlocal?5static?5thread?5guard?8?$AA@ 1002535c     LIBCMT:undname.obj
 0002:00009378       ??_C@_0CL@FGIJHLCE@?$GAmanaged?5vector?5copy?5constructor@ 10025378     LIBCMT:undname.obj
 0002:000093a4       ??_C@_0CJ@GJELGAMM@?$GAvector?5vbase?5copy?5constructor?5i@ 100253a4     LIBCMT:undname.obj
 0002:000093d0       ??_C@_0CD@CGAJBKEJ@?$GAvector?5copy?5constructor?5iterato@ 100253d0     LIBCMT:undname.obj
 0002:000093f4       ??_C@_0CB@PDBIFEP@?$GAdynamic?5atexit?5destructor?5for?5?8@ 100253f4     LIBCMT:undname.obj
 0002:00009418       ??_C@_0BL@CLIPGLGB@?$GAdynamic?5initializer?5for?5?8?$AA@ 10025418     LIBCMT:undname.obj
 0002:00009434       ??_C@_0CM@FCBBDIGB@?$GAeh?5vector?5vbase?5copy?5constructo@ 10025434     LIBCMT:undname.obj
 0002:00009460       ??_C@_0CG@HLDDJMAG@?$GAeh?5vector?5copy?5constructor?5iter@ 10025460     LIBCMT:undname.obj
 0002:00009488       ??_C@_0CF@IMGKMJNO@?$GAmanaged?5vector?5destructor?5itera@ 10025488     LIBCMT:undname.obj
 0002:000094b0       ??_C@_0CG@CFDHKGGD@?$GAmanaged?5vector?5constructor?5iter@ 100254b0     LIBCMT:undname.obj
 0002:000094d8       ??_C@_0BN@CKNJLHMB@?$GAplacement?5delete?$FL?$FN?5closure?8?$AA@ 100254d8     LIBCMT:undname.obj
 0002:000094f8       ??_C@_0BL@CNOONJFP@?$GAplacement?5delete?5closure?8?$AA@ 100254f8     LIBCMT:undname.obj
 0002:00009514       ??_C@_0P@HJKNJFNN@?$GAomni?5callsig?8?$AA@ 10025514     LIBCMT:undname.obj
 0002:00009524       ??_C@_09LBNFPBCA@?5delete?$FL?$FN?$AA@ 10025524     LIBCMT:undname.obj
 0002:00009530       ??_C@_06FHBGPFGH@?5new?$FL?$FN?$AA@ 10025530     LIBCMT:undname.obj
 0002:00009538       ??_C@_0CE@IIHCMGGL@?$GAlocal?5vftable?5constructor?5closu@ 10025538     LIBCMT:undname.obj
 0002:0000955c       ??_C@_0BA@KKLDJDLB@?$GAlocal?5vftable?8?$AA@ 1002555c     LIBCMT:undname.obj
 0002:0000956c       ??_C@_05KHLCHHI@?$GARTTI?$AA@ 1002556c     LIBCMT:undname.obj
 0002:00009574       ??_C@_03KLGMFNMG@?$GAEH?$AA@ 10025574     LIBCMT:undname.obj
 0002:00009578       ??_C@_0BA@KBCDOMBN@?$GAudt?5returning?8?$AA@ 10025578     LIBCMT:undname.obj
 0002:00009588       ??_C@_0BL@LLKPOHJI@?$GAcopy?5constructor?5closure?8?$AA@ 10025588     LIBCMT:undname.obj
 0002:000095a4       ??_C@_0CH@OOJPLCPH@?$GAeh?5vector?5vbase?5constructor?5ite@ 100255a4     LIBCMT:undname.obj
 0002:000095cc       ??_C@_0CA@GCEOPDGL@?$GAeh?5vector?5destructor?5iterator?8?$AA@ 100255cc     LIBCMT:undname.obj
 0002:000095ec       ??_C@_0CB@JONCMFFK@?$GAeh?5vector?5constructor?5iterator?8@ 100255ec     LIBCMT:undname.obj
 0002:00009610       ??_C@_0BL@NILFHHPC@?$GAvirtual?5displacement?5map?8?$AA@ 10025610     LIBCMT:undname.obj
 0002:0000962c       ??_C@_0CE@IKBNEHA@?$GAvector?5vbase?5constructor?5iterat@ 1002562c     LIBCMT:undname.obj
 0002:00009650       ??_C@_0BN@LFPFMEDL@?$GAvector?5destructor?5iterator?8?$AA@ 10025650     LIBCMT:undname.obj
 0002:00009670       ??_C@_0BO@PFGOCPJJ@?$GAvector?5constructor?5iterator?8?$AA@ 10025670     LIBCMT:undname.obj
 0002:00009690       ??_C@_0BN@IMDCHIKM@?$GAscalar?5deleting?5destructor?8?$AA@ 10025690     LIBCMT:undname.obj
 0002:000096b0       ??_C@_0BO@OBMKPJIG@?$GAdefault?5constructor?5closure?8?$AA@ 100256b0     LIBCMT:undname.obj
 0002:000096d0       ??_C@_0BN@DEGPLNFK@?$GAvector?5deleting?5destructor?8?$AA@ 100256d0     LIBCMT:undname.obj
 0002:000096f0       ??_C@_0BD@JDLKDPAB@?$GAvbase?5destructor?8?$AA@ 100256f0     LIBCMT:undname.obj
 0002:00009704       ??_C@_08OBABFOLI@?$GAstring?8?$AA@ 10025704     LIBCMT:undname.obj
 0002:00009710       ??_C@_0BF@KDPPACIK@?$GAlocal?5static?5guard?8?$AA@ 10025710     LIBCMT:undname.obj
 0002:00009728       ??_C@_08LLFFHHDJ@?$GAtypeof?8?$AA@ 10025728     LIBCMT:undname.obj
 0002:00009734       ??_C@_07FEEIOKP@?$GAvcall?8?$AA@ 10025734     LIBCMT:undname.obj
 0002:0000973c       ??_C@_09BLBHBJP@?$GAvbtable?8?$AA@ 1002573c     LIBCMT:undname.obj
 0002:00009748       ??_C@_09IFPLHPGF@?$GAvftable?8?$AA@ 10025748     LIBCMT:undname.obj
 0002:00009754       ??_C@_02MHEGNOJ@?$FO?$DN?$AA@ 10025754     LIBCMT:undname.obj
 0002:00009758       ??_C@_02DHLNPPGH@?$HM?$DN?$AA@ 10025758     LIBCMT:undname.obj
 0002:0000975c       ??_C@_02FGJGFEAB@?$CG?$DN?$AA@ 1002575c     LIBCMT:undname.obj
 0002:00009760       ??_C@_03CDNPDDLA@?$DM?$DM?$DN?$AA@ 10025760     LIBCMT:undname.obj
 0002:00009764       ??_C@_03IKFCCPFF@?$DO?$DO?$DN?$AA@ 10025764     LIBCMT:undname.obj
 0002:00009768       ??_C@_02FENAOKFI@?$CF?$DN?$AA@ 10025768     LIBCMT:undname.obj
[...]
 0002:00009b30       ??_R3type_info@@8          10025b30     LIBCMT:typinfo.obj
 0002:00009b40       ??_R2type_info@@8          10025b40     LIBCMT:typinfo.obj
 0002:00009b48       ??_R1A@?0A@EA@type_info@@8 10025b48     LIBCMT:typinfo.obj
 0002:00009b64       ??_R4bad_exception@std@@6B@ 10025b64     LIBCMT:frame.obj
 0002:00009b78       ??_R3bad_exception@std@@8  10025b78     LIBCMT:frame.obj
 0002:00009b88       ??_R2bad_exception@std@@8  10025b88     LIBCMT:frame.obj
 0002:00009b94       ??_R1A@?0A@EA@bad_exception@std@@8 10025b94     LIBCMT:frame.obj
 0002:00009bb0       ___safe_se_handler_table   10025bb0     <linker-defined>
 0002:00009bdc       ___rtc_iaa                 10025bdc     LIBCMT:_initsect_.obj
 0002:00009be0       ___rtc_izz                 10025be0     LIBCMT:_initsect_.obj
 0002:00009be4       ___rtc_taa                 10025be4     LIBCMT:_initsect_.obj
 0002:00009be8       ___rtc_tzz                 10025be8     LIBCMT:_initsect_.obj
 0002:00009d0c       __TI2?AVbad_alloc@std@@    10025d0c     LIBCMT:new.obj
 0002:00009d1c       __CTA2?AVbad_alloc@std@@   10025d1c     LIBCMT:new.obj
 0002:00009d28       __CT??_R0?AVbad_alloc@std@@@8??0bad_alloc@std@@QAE@ABV01@@Z12 10025d28     LIBCMT:new.obj
 0002:00009d44       __CT??_R0?AVexception@std@@@8??0exception@std@@QAE@ABV01@@Z12 10025d44     LIBCMT:new.obj
 0002:00009f84       __TI2?AVbad_exception@std@@ 10025f84     LIBCMT:frame.obj
 0002:00009f94       __CTA2?AVbad_exception@std@@ 10025f94     LIBCMT:frame.obj
 0002:00009fa0       __CT??_R0?AVbad_exception@std@@@8??0bad_exception@std@@QAE@ABV01@@Z12 10025fa0     LIBCMT:frame.obj
 0002:0000a2f4       __IMPORT_DESCRIPTOR_tgf    100262f4     tgf:tgf.dll
 0002:0000a308       __IMPORT_DESCRIPTOR_robottools 10026308     robottools:robottools.dll
 0002:0000a31c       __IMPORT_DESCRIPTOR_KERNEL32 1002631c     kernel32:KERNEL32.dll
 0002:0000a330       __NULL_IMPORT_DESCRIPTOR   10026330     tgf:tgf.dll
 0003:00000050       ?_sgdGravity@@3PANA        10027050     sg_vs2008_32:sgd.obj
 0003:00000074       __fltused                  10027074     LIBCMT:_fpinit_.obj
 0003:00000078       __ldused                   10027078     LIBCMT:_fpinit_.obj
 0003:000000b4       ??_R0?AVbad_alloc@std@@@8  100270b4     LIBCMT:new.obj
 0003:000000d0       ??_R0?AVexception@std@@@8  100270d0     LIBCMT:new.obj
 0003:00000128       __aexit_rtn                10027128     LIBCMT:crt0dat.obj
 0003:00000130       __iob                      10027130     LIBCMT:_file.obj
 0003:000003b0       __cfltcvt_tab              100273b0     LIBCMT:cmiscdat.obj
 0003:000003e0       __indefinite               100273e0     LIBCMT:_87disp_.obj
 0003:000003ea       __piby2                    100273ea     LIBCMT:_87disp_.obj
 0003:00000410       ___nullstring              10027410     LIBCMT:output.obj
 0003:00000414       ___wnullstring             10027414     LIBCMT:output.obj
 0003:00000588       ___security_cookie         10027588     LIBCMT:gs_cookie.obj
 0003:0000058c       ___security_cookie_complement 1002758c     LIBCMT:gs_cookie.obj
 0003:00000590       __infinity                 10027590     LIBCMT:_87tran_.obj
 0003:0000059a       __minfinity                1002759a     LIBCMT:_87tran_.obj
 0003:000005a4       __logemax                  100275a4     LIBCMT:_87tran_.obj
 0003:000005ca       __OP_EXPjmptab             100275ca     LIBCMT:_87tran_.obj
 0003:000005fc       ??_R0?AVtype_info@@@8      100275fc     LIBCMT:typinfo.obj
 0003:00000618       ??_R0?AVbad_exception@std@@@8 10027618     LIBCMT:frame.obj
 0003:00000638       ___flsindex                10027638     LIBCMT:tidtable.obj
 0003:0000063c       ___getvalueindex           1002763c     LIBCMT:tidtable.obj
 0003:00000640       ___badioinfo               10027640     LIBCMT:ioinit.obj
 0003:00000680       __amblksiz                 10027680     LIBCMT:heapinit.obj
 0003:00000860       __OP_ATAN2jmptab           10027860     LIBCMT:_87triga_.obj
 0003:000008c0       __First_FPE_Indx           100278c0     LIBCMT:winxfltr.obj
 0003:000008c4       __Num_FPE                  100278c4     LIBCMT:winxfltr.obj
 0003:000008c8       __XcptActTabSize           100278c8     LIBCMT:winxfltr.obj
 0003:000008cc       __XcptActTabCount          100278cc     LIBCMT:winxfltr.obj
 0003:000008d0       ___initialmbcinfo          100278d0     LIBCMT:mbctype.obj
 0003:00000af0       __mbctype                  10027af0     LIBCMT:mbctype.obj
 0003:00000bf8       __mbcasemap                10027bf8     LIBCMT:mbctype.obj
 0003:00000cf8       ___ptmbcinfo               10027cf8     LIBCMT:mbctype.obj
 0003:00000df4       ___globallocalestatus      10027df4     LIBCMT:glstatus.obj
 0003:00000df8       ___clocalestr              10027df8     LIBCMT:nlsdata2.obj
 0003:00000e00       ___initiallocinfo          10027e00     LIBCMT:nlsdata2.obj
 0003:00000ed8       ___ptlocinfo               10027ed8     LIBCMT:nlsdata2.obj
 0003:00000edc       ___lc_clike                10027edc     LIBCMT:nlsdata2.obj
 0003:00000ee0       ___initiallocalestructinfo 10027ee0     LIBCMT:nlsdata2.obj
 0003:00001050       __matherr_flag             10028050     LIBCMT:_matherr_.obj
 0003:00001140       __d_inf                    10028140     LIBCMT:_util_.obj
 0003:00001148       __d_ind                    10028148     LIBCMT:_util_.obj
 0003:00001150       __d_max                    10028150     LIBCMT:_util_.obj
 0003:00001158       __d_min                    10028158     LIBCMT:_util_.obj
 0003:00001160       __d_mzero                  10028160     LIBCMT:_util_.obj
 0003:00001190       ___abort_behavior          10028190     LIBCMT:abort.obj
 0003:00001194       __NLG_Destination          10028194     LIBCMT:exsup.obj
 0003:000011b0       __pctype                   100281b0     LIBCMT:ctype.obj
 0003:000011b4       __pwctype                  100281b4     LIBCMT:ctype.obj
 0003:000011b8       ___lc_time_c               100281b8     LIBCMT:strftime.obj
 0003:00001270       ___lc_time_curr            10028270     LIBCMT:strftime.obj
 0003:00001274       ___lconv_static_decimal    10028274     LIBCMT:lconv.obj
 0003:00001278       ___lconv_c                 10028278     LIBCMT:lconv.obj
 0003:000012a8       ___lconv                   100282a8     LIBCMT:lconv.obj
 0003:000012ac       ___mb_cur_max              100282ac     LIBCMT:nlsdata1.obj
 0003:000012b0       ___decimal_point           100282b0     LIBCMT:nlsdata1.obj
 0003:000012b4       ___decimal_point_length    100282b4     LIBCMT:nlsdata1.obj
 0003:000012f8       __lookuptrailbytes         100282f8     LIBCMT:read.obj
 0003:00001400       __timezone                 10028400     LIBCMT:timeset.obj
 0003:00001404       __daylight                 10028404     LIBCMT:timeset.obj
 0003:00001408       __dstbias                  10028408     LIBCMT:timeset.obj
 0003:00001490       __tzname                   10028490     LIBCMT:timeset.obj
 0003:000014b0       __pow10pos                 100284b0     LIBCMT:_constpow_.obj
 0003:00001610       __pow10neg                 10028610     LIBCMT:_constpow_.obj
 0003:00001770       __coninpfh                 10028770     LIBCMT:initcon.obj
 0003:00001774       __confh                    10028774     LIBCMT:initcon.obj
 0003:00001780       __lpdays                   10028780     LIBCMT:days.obj
 0003:000017b4       __days                     100287b4     LIBCMT:days.obj
 0003:00001800       ?psopt@Pathfinder@@0PAVPathSegOpt@@A 10028800     pathfinder.obj
 0003:00001804       ?optpathinitialized@Pathfinder@@0_NA 10028804     pathfinder.obj
 0003:00001c44       ___fastflag                10028c44     LIBCMT:_fpinit_.obj
 0003:00001c48       __adjust_fdiv              10028c48     LIBCMT:_fpinit_.obj
 0003:00001c64       __aenvptr                  10028c64     LIBCMT:dllcrt0.obj
 0003:00001c68       __wenvptr                  10028c68     LIBCMT:dllcrt0.obj
 0003:00001c6c       ___error_mode              10028c6c     LIBCMT:dllcrt0.obj
 0003:00001c70       ___app_type                10028c70     LIBCMT:dllcrt0.obj
 0003:00001c74       __umaskval                 10028c74     LIBCMT:crt0dat.obj
 0003:00001c78       ___argc                    10028c78     LIBCMT:crt0dat.obj
 0003:00001c7c       ___argv                    10028c7c     LIBCMT:crt0dat.obj
 0003:00001c80       ___wargv                   10028c80     LIBCMT:crt0dat.obj
 0003:00001c84       __environ                  10028c84     LIBCMT:crt0dat.obj
 0003:00001c88       ___initenv                 10028c88     LIBCMT:crt0dat.obj
 0003:00001c8c       __wenviron                 10028c8c     LIBCMT:crt0dat.obj
 0003:00001c90       ___winitenv                10028c90     LIBCMT:crt0dat.obj
 0003:00001c94       __pgmptr                   10028c94     LIBCMT:crt0dat.obj
 0003:00001c98       __wpgmptr                  10028c98     LIBCMT:crt0dat.obj
 0003:00001c9c       __exitflag                 10028c9c     LIBCMT:crt0dat.obj
 0003:00001ca0       __C_Termination_Done       10028ca0     LIBCMT:crt0dat.obj
 0003:00001ca4       __C_Exit_Done              10028ca4     LIBCMT:crt0dat.obj
 0003:00001ca8       __cflush                   10028ca8     LIBCMT:_file.obj
 0003:00001cac       __stdbuf                   10028cac     LIBCMT:_sftbuf.obj
 0003:00001cb4       ___pInvalidArgHandler      10028cb4     LIBCMT:invarg.obj
 0003:00001cbc       ?_pnhHeap@@3P6AHI@ZA       10028cbc     LIBCMT:handler.obj
 0003:00001cc0       _gpFlsAlloc                10028cc0     LIBCMT:tidtable.obj
 0003:00001cc4       _gpFlsGetValue             10028cc4     LIBCMT:tidtable.obj
 0003:00001cc8       _gpFlsSetValue             10028cc8     LIBCMT:tidtable.obj
 0003:00001ccc       _gpFlsFree                 10028ccc     LIBCMT:tidtable.obj
 0003:00001cd0       ?__pInconsistency@@3P6AXXZA 10028cd0     LIBCMT:hooks.obj
 0003:00001cd4       __crtheap                  10028cd4     LIBCMT:heapinit.obj
 0003:00001e28       ___sbh_pHeaderDefer        10028e28     LIBCMT:sbheap.obj
 0003:00002144       __newmode                  10029144     LIBCMT:_newmode.obj
 0003:00002148       __maxwait                  10029148     LIBCMT:crtheap.obj
 0003:0000227c       ___pPurecall               1002927c     LIBCMT:inithelp.obj
 0003:00002288       ___mbulinfo                10029288     LIBCMT:mbctype.obj
 0003:00002294       ___mbcodepage              10029294     LIBCMT:mbctype.obj
 0003:00002298       ___ismbcodepage            10029298     LIBCMT:mbctype.obj
 0003:0000229c       ___mblcid                  1002929c     LIBCMT:mbctype.obj
 0003:000022a0       ___locale_changed          100292a0     LIBCMT:setlocal.obj
 0003:000022a4       ___lc_handle               100292a4     LIBCMT:nlsdata2.obj
 0003:000022bc       ___lc_codepage             100292bc     LIBCMT:nlsdata2.obj
 0003:000022c0       ___lc_collate_cp           100292c0     LIBCMT:nlsdata2.obj
 0003:000022c4       __outputformat             100292c4     LIBCMT:outputformat.obj
 0003:000025f4       __commode                  100295f4     LIBCMT:ncommode.obj
 0003:00002614       ___lconv_static_null       10029614     LIBCMT:lconv.obj
 0003:0000262c       ?pArgList@UnDecorator@@0PAVReplicator@@A 1002962c     LIBCMT:undname.obj
 0003:00002630       ?pZNameList@UnDecorator@@0PAVReplicator@@A 10029630     LIBCMT:undname.obj
 0003:00002634       ?pTemplateArgList@UnDecorator@@0PAVReplicator@@A 10029634     LIBCMT:undname.obj
 0003:00002638       ?gName@UnDecorator@@0PBDB  10029638     LIBCMT:undname.obj
 0003:0000263c       ?name@UnDecorator@@0PBDB   1002963c     LIBCMT:undname.obj
 0003:00002640       ?outputString@UnDecorator@@0PADA 10029640     LIBCMT:undname.obj
 0003:00002644       ?maxStringLength@UnDecorator@@0HA 10029644     LIBCMT:undname.obj
 0003:00002648       ?disableFlags@UnDecorator@@0KA 10029648     LIBCMT:undname.obj
 0003:0000264c       ?m_pGetParameter@UnDecorator@@0P6APADJ@ZA 1002964c     LIBCMT:undname.obj
 0003:00002650       ?fExplicitTemplateParams@UnDecorator@@0_NA 10029650     LIBCMT:undname.obj
 0003:00002651       ?fGetTemplateArgumentList@UnDecorator@@0_NA 10029651     LIBCMT:undname.obj
 0003:00002710       __fmode                    10029710     LIBCMT:txtmode.obj
 0003:00002714       __debugger_hook_dummy      10029714     <common>
 0003:00002718       ___sbh_cntHeaderList       10029718     <common>
 0003:0000271c       ___sbh_pHeaderList         1002971c     <common>
 0003:00002720       ___sbh_threshold           10029720     <common>
 0003:00002724       ___sbh_pHeaderScan         10029724     <common>
 0003:00002728       ___sbh_sizeHeaderList      10029728     <common>
 0003:0000272c       ___sbh_indGroupDefer       1002972c     <common>
 0003:00002730       ___active_heap             10029730     <common>
 0003:00002734       __nhandle                  10029734     <common>
 0003:00002740       ___pioinfo                 10029740     <common>
 0003:00002840       __pmatherr                 10029840     <common>
 0003:00002844       ___use_sse2_mathfcns       10029844     <common>
 0003:00002848       ___sse2_available          10029848     <common>
 0003:0000284c       ___piob                    1002984c     <common>
 0003:00002860       __bufin                    10029860     <common>
 0003:00003860       __nstream                  1002a860     <common>
 0003:00003864       ___env_initialized         1002a864     <common>
 0003:00003868       ___onexitend               1002a868     <common>
 0003:0000386c       ___onexitbegin             1002a86c     <common>
 0003:00003870       ___mbctype_initialized     1002a870     <common>
 0003:00003874       ___dyn_tls_init_callback   1002a874     <common>
 0003:00003878       __acmdln                   1002a878     <common>

 entry point at        0001:0000a615

 Static symbols

 0001:00006960       ?initTrack@@YAXHPAUtTrack@@PAXPAPAXPAUSituation@@@Z 10007960 f   tita.obj
 0001:00006b40       ?pitcmd@@YAHHPAUCarElt@@PAUSituation@@@Z 10007b40 f   tita.obj
 0001:00006dd0       ?shutdown@@YAXH@Z          10007dd0 f   tita.obj
 0001:00006e60       ?newRace@@YAXHPAUCarElt@@PAUSituation@@@Z 10007e60 f   tita.obj
 0001:00006fb0       ?drive@@YAXHPAUCarElt@@PAUSituation@@@Z 10007fb0 f   tita.obj
 0001:00008010       ?InitFuncPt@@YAHHPAX@Z     10009010 f   tita.obj
 0001:000080a0       ?round@@YAMM@Z             100090a0 f   trackdesc.obj
 0001:0000952d       ?CatchGuardHandler@@YA?AW4_EXCEPTION_DISPOSITION@@PAUEHExceptionRecord@@PAUCatchGuardRN@@PAX2@Z 1000a52d f   LIBCMT:_trnsctrl_.obj
 0001:00009637       ?TranslatorGuardHandler@@YA?AW4_EXCEPTION_DISPOSITION@@PAUEHExceptionRecord@@PAUTranslatorGuardRN@@PAX2@Z 1000a637 f   LIBCMT:_trnsctrl_.obj
 0001:0000a51f       ___DllMainCRTStartup       1000b51f f   LIBCMT:dllcrt0.obj
 0001:0000a6e6       __initterm                 1000b6e6 f   LIBCMT:crt0dat.obj
 0001:0000a7ac       _doexit                    1000b7ac f   LIBCMT:crt0dat.obj
 0001:0000acf4       __shift                    1000bcf4 f   LIBCMT:cvt.obj
 0001:0000ad39       __cftoe2_l                 1000bd39 f   LIBCMT:cvt.obj
 0001:0000b30b       __cftof2_l                 1000c30b f   LIBCMT:cvt.obj
 0001:0000bf38       _write_char                1000cf38 f   LIBCMT:output.obj
 0001:0000bf6b       _write_multi_char          1000cf6b f   LIBCMT:output.obj
 0001:0000bf91       _write_string              1000cf91 f   LIBCMT:output.obj
 0001:0000db87       __onexit_nolock            1000eb87 f   LIBCMT:onexit.obj
 0001:0000df21       ?ExFilterRethrow@@YAHPAU_EXCEPTION_POINTERS@@@Z 1000ef21 f   LIBCMT:frame.obj
 0001:0000dfe4       ?IsInExceptionSpec@@YAEPAUEHExceptionRecord@@PBU_s_ESTypeList@@@Z 1000efe4 f   LIBCMT:frame.obj
 0001:0000e05f       ?CallUnexpected@@YAXPBU_s_ESTypeList@@@Z 1000f05f f   LIBCMT:frame.obj
 0001:0000e090       __catch$?CallUnexpected@@YAXPBU_s_ESTypeList@@@Z$0 1000f090 f   LIBCMT:frame.obj
 0001:0000e0a8       ?CallCatchBlock@@YAPAXPAUEHExceptionRecord@@PAUEHRegistrationNode@@PAU_CONTEXT@@PBU_s_FuncInfo@@PAXHK@Z 1000f0a8 f   LIBCMT:frame.obj
 0001:0000e455       ?CatchIt@@YAXPAUEHExceptionRecord@@PAUEHRegistrationNode@@PAU_CONTEXT@@PAXPBU_s_FuncInfo@@PBU_s_HandlerType@@PBU_s_CatchableType@@PBU_s_TryBlockMapEntry@@H1E@Z 1000f455 f   LIBCMT:frame.obj
 0001:0000e4c3       ?FindHandlerForForeignException@@YAXPAUEHExceptionRecord@@PAUEHRegistrationNode@@PAU_CONTEXT@@PAXPBU_s_FuncInfo@@HH1@Z 1000f4c3 f   LIBCMT:frame.obj
 0001:0000e5b7       ?FindHandler@@YAXPAUEHExceptionRecord@@PAUEHRegistrationNode@@PAU_CONTEXT@@PAXPBU_s_FuncInfo@@EH1@Z 1000f5b7 f   LIBCMT:frame.obj
 0001:0000f8d0       _flsall                    100108d0 f   LIBCMT:fflush.obj
 0001:0000fce8       __unwind_handler4          10010ce8 f   LIBCMT:exsup4.obj
 0001:00011118       _fastzero_I                10012118 f   LIBCMT:p4_memset.obj
 0001:00011d09       _parse_cmdline             10012d09 f   LIBCMT:stdargv.obj
 0001:0001246b       _siglookup                 1001346b f   LIBCMT:winsig.obj
 0001:0001278b       ?CPtoLCID@@YAHH@Z          1001378b f   LIBCMT:mbctype.obj
 0001:000127ba       ?setSBCS@@YAXPAUthreadmbcinfostruct@@@Z 100137ba f   LIBCMT:mbctype.obj
 0001:0001281e       ?setSBUpLow@@YAXPAUthreadmbcinfostruct@@@Z 1001381e f   LIBCMT:mbctype.obj
 0001:00012a55       ?getSystemCP@@YAHH@Z       10013a55 f   LIBCMT:mbctype.obj
 0001:000130df       __updatetlocinfoEx_nolock  100140df f   LIBCMT:setlocal.obj
 0001:00013c94       _has_osfxsr_set            10014c94 f   LIBCMT:cpu_disp.obj
 0001:00015e40       __unwind_handler           10016e40 f   LIBCMT:exsup.obj
 0001:00017208       ?x_ismbbtype_l@@YAHPAUlocaleinfo_struct@@IHH@Z 10018208 f   LIBCMT:ismbbyte.obj
 0001:00017605       ?strtoxl@@YAKPAUlocaleinfo_struct@@PBDPAPBDHH@Z 10018605 f   LIBCMT:strtol.obj
 0001:0001785f       ?__crtLCMapStringA_stat@@YAHPAUlocaleinfo_struct@@KKPBDHPADHHH@Z 1001885f f   LIBCMT:a_map.obj
 0001:00017c49       ?__crtGetStringTypeA_stat@@YAHPAUlocaleinfo_struct@@KPBDHPAGHHH@Z 10018c49 f   LIBCMT:a_str.obj
 0001:00019378       _fastcopy_I                1001a378 f   LIBCMT:p4_memcpy.obj
 0001:00019e06       __hw_cw                    1001ae06 f   LIBCMT:_ieee87_.obj
 0001:00019e94       ___hw_cw_sse2              1001ae94 f   LIBCMT:_ieee87_.obj
 0001:0001aab0       __unwindfunclet$??0MyCar@@QAE@PAVTrackDesc@@PAUCarElt@@PAUSituation@@@Z$0 1001bab0 f   mycar.obj
 0001:0001aabe       __ehhandler$??0MyCar@@QAE@PAVTrackDesc@@PAUCarElt@@PAUSituation@@@Z 1001babe f   mycar.obj
 0001:0001aad0       __unwindfunclet$??0Pathfinder@@QAE@PAVTrackDesc@@PAUCarElt@@PAUSituation@@@Z$0 1001bad0 f   pathfinder.obj
 0001:0001aadb       __unwindfunclet$??0Pathfinder@@QAE@PAVTrackDesc@@PAUCarElt@@PAUSituation@@@Z$1 1001badb f   pathfinder.obj
 0001:0001aae6       __unwindfunclet$??0Pathfinder@@QAE@PAVTrackDesc@@PAUCarElt@@PAUSituation@@@Z$2 1001bae6 f   pathfinder.obj
 0001:0001aaf1       __ehhandler$??0Pathfinder@@QAE@PAVTrackDesc@@PAUCarElt@@PAUSituation@@@Z 1001baf1 f   pathfinder.obj
 0001:0001ab00       __unwindfunclet$?initTrack@@YAXHPAUtTrack@@PAXPAPAXPAUSituation@@@Z$0 1001bb00 f   tita.obj
 0001:0001ab0e       __ehhandler$?initTrack@@YAXHPAUtTrack@@PAXPAPAXPAUSituation@@@Z 1001bb0e f   tita.obj
 0001:0001ab20       __unwindfunclet$?newRace@@YAXHPAUCarElt@@PAUSituation@@@Z$0 1001bb20 f   tita.obj
 0001:0001ab2b       __unwindfunclet$?newRace@@YAXHPAUCarElt@@PAUSituation@@@Z$1 1001bb2b f   tita.obj
 0001:0001ab36       __ehhandler$?newRace@@YAXHPAUCarElt@@PAUSituation@@@Z 1001bb36 f   tita.obj
 0001:0001ab40       __unwindfunclet$??0TrackDesc@@QAE@PBUtTrack@@@Z$0 1001bb40 f   trackdesc.obj
 0001:0001ab4e       __unwindfunclet$??0TrackDesc@@QAE@PBUtTrack@@@Z$1 1001bb4e f   trackdesc.obj
 0001:0001ab5c       __ehhandler$??0TrackDesc@@QAE@PBUtTrack@@@Z 1001bb5c f   trackdesc.obj
 0001:0001ab66       __ehhandler$?CallUnexpected@@YAXPBU_s_ESTypeList@@@Z 1001bb66 f   LIBCMT:frame.obj
 0001:0001ab81       ??__Fnomem@?5???2@YAPAXI@Z@YAXXZ 1001bb81 f   LIBCMT:new.obj
